



==== 29/01/2026 10:58:26 - Error saving imageUnauthorizedAccess_IODenied_Path, /storage/emulated/0/Download/BMA/shared/share.png   at Interop.ThrowExceptionForIoErrno(ErrorInfo , String , Boolean )
   at Interop.CheckIo(Error , String , Boolean )
   at Microsoft.Win32.SafeHandles.SafeFileHandle.Open(String , OpenFlags , Int32 , Boolean , Boolean& , Func`4 )
   at Microsoft.Win32.SafeHandles.SafeFileHandle.Open(String , FileMode , FileAccess , FileShare , FileOptions , Int64 , UnixFileMode , Int64& , UnixFileMode& , Boolean , Boolean& , Func`4 )
   at Microsoft.Win32.SafeHandles.SafeFileHandle.Open(String , FileMode , FileAccess , FileShare , FileOptions , Int64 , Nullable`1 , Func`4 )
   at System.IO.Strategies.OSFileStreamStrategy..ctor(String , FileMode , FileAccess , FileShare , FileOptions , Int64 , Nullable`1 )
   at System.IO.Strategies.UnixFileStreamStrategy..ctor(String , FileMode , FileAccess , FileShare , FileOptions , Int64 , Nullable`1 )
   at System.IO.Strategies.FileStreamHelpers.ChooseStrategyCore(String , FileMode , FileAccess , FileShare , FileOptions , Int64 , Nullable`1 )
   at System.IO.Strategies.FileStreamHelpers.ChooseStrategy(FileStream , String , FileMode , FileAccess , FileShare , Int32 , FileOptions , Int64 , Nullable`1 )
   at System.IO.FileStream..ctor(String , FileMode , FileAccess , FileShare , Int32 , FileOptions , Int64 )
   at System.IO.FileStream..ctor(String , FileMode , FileAccess , FileShare , Int32 , FileOptions )
   at System.IO.FileStream..ctor(String , FileMode , FileAccess , FileShare , Int32 , Boolean )
   at System.IO.FileStream..ctor(String , FileMode , FileAccess )
   at bma.insuremax.activity_new_image.captureImage() ======

ERROR-GREETING



==== 29/01/2026 11:14:30 - Error saving imageUnauthorizedAccess_IODenied_Path, /storage/emulated/0/Download/BMA/shared/share.png   at Interop.ThrowExceptionForIoErrno(ErrorInfo , String , Boolean )
   at Interop.CheckIo(Error , String , Boolean )
   at Microsoft.Win32.SafeHandles.SafeFileHandle.Open(String , OpenFlags , Int32 , Boolean , Boolean& , Func`4 )
   at Microsoft.Win32.SafeHandles.SafeFileHandle.Open(String , FileMode , FileAccess , FileShare , FileOptions , Int64 , UnixFileMode , Int64& , UnixFileMode& , Boolean , Boolean& , Func`4 )
   at Microsoft.Win32.SafeHandles.SafeFileHandle.Open(String , FileMode , FileAccess , FileShare , FileOptions , Int64 , Nullable`1 , Func`4 )
   at System.IO.Strategies.OSFileStreamStrategy..ctor(String , FileMode , FileAccess , FileShare , FileOptions , Int64 , Nullable`1 )
   at System.IO.Strategies.UnixFileStreamStrategy..ctor(String , FileMode , FileAccess , FileShare , FileOptions , Int64 , Nullable`1 )
   at System.IO.Strategies.FileStreamHelpers.ChooseStrategyCore(String , FileMode , FileAccess , FileShare , FileOptions , Int64 , Nullable`1 )
   at System.IO.Strategies.FileStreamHelpers.ChooseStrategy(FileStream , String , FileMode , FileAccess , FileShare , Int32 , FileOptions , Int64 , Nullable`1 )
   at System.IO.FileStream..ctor(String , FileMode , FileAccess , FileShare , Int32 , FileOptions , Int64 )
   at System.IO.FileStream..ctor(String , FileMode , FileAccess , FileShare , Int32 , FileOptions )
   at System.IO.FileStream..ctor(String , FileMode , FileAccess , FileShare , Int32 , Boolean )
   at System.IO.FileStream..ctor(String , FileMode , FileAccess )
   at bma.insuremax.activity_new_image.captureImage() ======

ERROR-GREETING



==== 01/02/2026 18:02:34 - OSTATTUS-RESPONSE-TOKEN ======

YRIzJLJyB2ot9fNZMu4qtNA0ZfAPf7rBHm5On90TV2TqwOoNK79r01nfDFCFkpKl8KlVDeQQvn3Hd5cp2dMwyex07p7/c2mL25dWZC2bAwmD9F7s2fxOYxCXTrmJmZowUSVeE0ZhQ3qxaC6iAcsv9+42muHoHqp2m+kASjdwcQ4AWD2BDy0DQVGC6cU6qoJk32FDwy07DhqiaU3BLZle0240bhw+Awz/peXFeuqvBHVg2mXjNNNHNTr6f05EDodL4Agz7pZeevWapCkBnU/Mn1tkPg168xIHidTPDcMt9EfAqWHta/ihBMfGQMXQinCy1r5O0D2kOBAxmu4wy2TrH/vLHr2iNAe7DKN9I77oxPGH3lpS0dGwieDDGaY2xJLLm5yJg5oYeXhL5gYiVP3FGhMgC5N/k9aTgn4IGZo4qHQ3U1OnZ2tGxFUFWU7Km/0dFcJBvTiGK1MQapap0jE7QmC1HRZpG/KyaVHC4pHOcNopVmEOS99tJ9da4dzELYH6Eue0IHCom5SWt5C4mIsagwwWdX3gnl0WX5BMYgVPi2P4g1hc344W6v8i0MfrmpsSmNOeHia66tmq2KHAa2Up17A85TqxxkjjT6pGHt7rSjzFjfBgHOKQjZ/ChxL9hs4TWx0xBJYN6LqQlGAuvqIPi2E6l+O7XCwYmeBrSd7MJX7g0UJnvDAet9+HbnNDvplPRLUl/GconKWz1Rpg1Tn7V5rvtLsrmN4VqCC/KpSyB5/ijJWrTqaAGwx2aZQuvxjY1Oqc8AyTQO+GdRg6CbSxa2QFEucRFejpf3YPOwxK3UnvzDK+zKzx4/jPYBmp2UP7c906XBrI9WyGdNb671BPgYy2zAiN1g3YvDg+f77AFNJMYcRdCXIcBDfbu10pM5P3pQq2v58yAHbo16TkVCFzqASSunaVFxFvSKCVRSAnhSxIKy+dT00pWAx8mFhOjEJEFA74bK8OFhPDhAQOJw5LR3kOXEQ611KvmnXY6eoMOlyLC+Ce/81bOzbSRUCstTnpGUAyFur0cPIDtvtFinMVO9LHehA25xH4Imc8AwsSzyoavXwSkce9rbS4ZQw9/RJF+BgFNcIMBEGyig41YK/qkuDLCvoFB8ZeKT2uMdq97ZYUA8eil/e9HuD279PLjyCbeEWK+PmHktLR+WwGdZ/gBqVZJPwEUxAukv4xW9C5uDmp7BYPL5aXcHKpiHCrjU6q91HEFHVWY99rgeJcXgrcG8g5tR9DZ8DOmkHmjQo2fCfLZ7eX//0m5vViZ8IPdrZA7+jf+0mrbAqhssyuxnKnRaIKBh05EOdgwr2mIlKlM2R2dKmdUbK8Or+2tekmXEPa/ed8ecvMfZvx04QFMirs5neNm62RxWCzNzIx3r4T3zHPkueuW52E3gvNNN75t/yo74ei6nrzvyi/8Xg3mqWAn++54lQd8Yip0uyFaZHFv5SP7x1XnZ8K7Cc0aume2WZRg8N43hn5UVlwSsPvl0JOUEzdy8T6cLmsvKGU9bIDbzMrNA9zSM5Bq3zZMUtpkX/CmYxjzR/EIU3HvDCdpzzm4sHr4eb0Z3k+UDlUTdF/0fxpjWoJQ3q5kF9gzPRBthqyX/DIstuSk1wHVAbpbhg7b7jSX+AZUIRAu2G1uXmIepOz9U4TYnVicsojVWQN8/acHRPdacl26OII9GxlTWe9HzK7UOfwugRzuGDGdMt+RiEOGD2+/vAEzWimklMpPyJ16H2GKI3xP5TPwsJZW6djnFIZYvZfyYJ1tTA3DMPK7kBLPK2w1tF91S/9ejUPGInQffOIzyWd29fTC2vfPhrnnXBgkWFux1a8c5t8/9EZu8ta+H82wYBT42s0dsqNzIs1O7B0wHM7k9/2cw+9p1CHRfn6HSmQ4XjQV/57Ky//GuyyUpqC3TLF2T82dat9CJt0HWvoiAorvSkvDhSN3avAjmrPJ5vSrnWRk+G6udZo4oR//2SVf2IZgynsn0P0f5fAo/qUft26



==== 01/02/2026 18:02:34 - OSTATTUS-RESPONSE-TOKEN ======

eyJhbGciOiJIUzUxMiJ9.eyJzdWIiOiJJREFNMTkxMjIwMTkzNzc3MDAzIiwiYWdlbmN5X2NvZGUiOm51bGwsImNyZWF0ZWQiOjE3Njk5NDg5OTE5OTcsImFjY2Vzc19jb2RlIjoiZXlKaGJHY2lPaUpTVXpJMU5pSXNJblI1Y0NJNklrcFhWQ0o5LmV5SnpkV0lpT2lKSlJFRk5NVGt4TWpJd01Ua3pOemMzTURBeklpd2labTVoYldVaU9pSlRjbWt1UjI5c2JHRWdUMkoxYkdWemRTSXNJblZ6WlhKemRHRjBkWE1pT2lJeElpd2laVzUwYVhSNWJHbHpkQ0k2V3lKTVNVTmZRMVZUVkU5TlJWSmZVRTlTVkVGTUlsMHNJbkp2YkdWeklqcGJJa0ZIUlU1VUlsMHNJbWx6Y3lJNklrRlNXQ0lzSW0xdlltbHNaU0k2SWprNE5Ea3dNREUxT0RBaUxDSmhkV1FpT2lKa1pXWmhkV3gwSWl3aWJHNWhiV1VpT2lKVGNta3VSMjlzYkdFZ1QySjFiR1Z6ZFNJc0luVnpaWEpVZVhCbElqb2lNU0lzSW1WNGNDSTZNVGMyT1RrM056YzROeXdpYVdGMElqb3hOelk1T1RRNE9UZzNMQ0pxZEdraU9pSTRabVV4T1dZNU5pMHlaREJqTFRRMVpEa3RPREE1WmkxaFpqTTJPRFEwTnpJMVpHVWlMQ0psYm5ScGRIa2lPaUpNU1VOZlExVlRWRTlOUlZKZlVFOVNWRUZNSWl3aVpXMWhhV3dpT2lKdlluVnNaWE4xTVRjNE1FQm5iV0ZwYkM1amIyMGlmUS5LMkJYdW85cUNFSXpDcXhUcmVKN1dtNVAycGtja3I3RG1oUVFpc21MOWp6eEJpM0hYT0JxY2hRSkdRZXl6TFdrWUwtbTV4cXRmUlUySmRJaUhJU2VpSXNEZU5nRGtaUE9BVUdVZEt3TE1ZQWpaaFJIMDlWcGxUdEdBT1VkZGhBX1A3WXdnQ3R0WmVqNGdGdW04NnVoZEZmVm1odEpNQlEzVXNwak92SHBVMU9Ia0NlNE14VmFIWnhyQThnYkNTbGlSaTFUTnJERjREanVSR3hyU19HZEszYUtVTk1fSlhOXzZvTHpFbkxnQUdGeVNYQ2tfV29rQUJxRmVVTlFNLTdXUzk4b3N2S2ZHMzJTc0lKM1lRUzZPT3U4M3dnckNSLUdBNUtMVTdnaVlUTmt4WUR5TnFYRlN2anppY1Y3QjJEQjJlSHkyRzFLaHVoX0V5NEg5VmIyOEEiLCJyb2xlcyI6WyJBR0VOVCJdLCJjbGllbnRJcCI6IjIyMy4xODcuMzMuMTI4IiwiZW50aXRsZW1lbnQiOltdfQ.KKrVxZf9BFKnuG2O7jyBr9sqUTJG7bZZgXjUbSErVw68Td22E2kGXPInw2W3yOP0daT5rZZm1IUVfE5y36-1ag



==== 01/02/2026 18:02:34 - POST-URL ======

https://ebizapp01.licindia.in/BFFService/policy/policyInfo?_dc=1769949154839



==== 01/02/2026 18:02:37 - POST-URL ======

{"confirmationId":null,"status":"200","resultInfoList":null,"count":0,"policy":{"policyNumber":"702163505","relationType":"Self","planName":"Jeevan Anand","mode":"12","premium":"25173.00","commenceDate":"2005-10-28","nameOfAssured":"Manigandan J","agencyCode":"02475768 ","developmentOfficerCode":"9999999","plan":"149","policyTerm":"75","cdCharge":"0","serviceBranch":"76F ","sumAssured":"500000","policyStatus":"32","dob":"1981-02-17","ageAtEntry":25,"planDetails":{"plan":149,"planType":null,"planDesc":null,"premiumDueDuration":6,"premiumDueDurationType":"M","payPremiumAdvance":30,"payPremiumAdvanceType":"D","gracePeriod":1,"gracePeriodType":"M","serviceTaxRateFirstYr":4.5,"serviceTaxRateNextYrs":2.25,"serviceTaxRateEduCess":null,"topUpAllowed":null,"multiplyTopupAmt":null,"topupLimitCriteria":null,"topupNoPayBefMaturity":null,"planCategory":"ENP","freeCoverCond":null,"freeCoverFUP":null,"campaignStartDate":"2026-01-01","campaignEndDate":"2026-03-02","percentageofwaiver":30.0,"maxLimitofwaiver":3000.0,"waiversAllowedNum":1,"lateFeeWaiverInd":"Y","discountPercentFirstYr":3.0,"discountPercentSecondYr":2.0,"discountPercentThirdYr":1.0,"discountPercentSubYr":2.0,"discountFromDate":"2017-07-05","discountToDate":"2017-07-06","maxLimitWaiverFstYr":5.0,"maxLimitWaiverScndYr":4.0,"maxLimitWaiverThirdYr":3.0,"maxLimitWaiverSubYr":2.0,"discountParameter":null,"graceprdExtFlag":null,"graceprdExtFrmDate":null,"graceprdExtToDate":null,"graceprdPrcntWaiver":null,"maxWaiverLimitgraceprd":null,"gstCdCharge":0.0,"gstLateFeeRateFirstYr":18.0,"gstLateFeeRateNextYrs":18.0,"dateOfLaunch":"02/01/2002","beforeLaunch":"Y","centralGSTPercentage":50,"discountPeriod":null,"discountPeriodType":null},"eligible":false,"lateFeeRequired":false,"recordId":"O","premiumPayingTerm":21,"policyBenefits":"500000","taxExemption":false,"age":"45","eserviceEligible":false,"policyUlip":false,"dateOfLastPayment":"2025-10-28","dateOfMaturity":"2080-10-28","statusShortDesc":"Fully Paid-up","nav":"For NAV details please contact your Servicing Branch / Customer Zone","altChannelId":"00","riderPolicy":false,"minorChild":false,"accountingBookCode":1,"payedPolicy":false,"advancePayedPolicy":false,"lastAccountDate":"2025-10-22","noBonusYears":0,"bonusInfo":{"totalRevBonus":472000,"totalInterimBonus":0,"totalFAB":0,"totalGuaranty":0,"totalLoyalty":0,"totalOneTimeBonus":0.00,"messageCode":null,"calulationSheetHTML":"<table border=1><tr class=grey-bg><td>From</td><td>Upto</td><td>Year</td><td>Type</td><td>Factor</td><td>Rate</td><td>Bonus </td></tr><tr class=grey-bg><td>2005-10-28</td><td>2006-10-28</td><td>2006</td><td>V</td><td>1.0</td><td>44.00</td><td>22000.00</td></tr><tr class=grey-bg><td>2006-10-28</td><td>2007-10-28</td><td>2007</td><td>V</td><td>1.0</td><td>45.00</td><td>22500.00</td></tr><tr class=grey-bg><td>2007-10-28</td><td>2008-10-28</td><td>2008</td><td>V</td><td>1.0</td><td>45.00</td><td>22500.00</td></tr><tr class=grey-bg><td>2008-10-28</td><td>2009-10-28</td><td>2009</td><td>V</td><td>1.0</td><td>45.00</td><td>22500.00</td></tr><tr class=grey-bg><td>2009-10-28</td><td>2010-10-28</td><td>2010</td><td>V</td><td>1.0</td><td>45.00</td><td>22500.00</td></tr><tr class=grey-bg><td>2010-10-28</td><td>2011-10-28</td><td>2011</td><td>V</td><td>1.0</td><td>47.00</td><td>23500.00</td></tr><tr class=grey-bg><td>2011-10-28</td><td>2012-10-28</td><td>2012</td><td>V</td><td>1.0</td><td>47.00</td><td>23500.00</td></tr><tr class=grey-bg><td>2012-10-28</td><td>2013-10-28</td><td>2013</td><td>V</td><td>1.0</td><td>48.00</td><td>24000.00</td></tr><tr class=grey-bg><td>2013-10-28</td><td>2014-10-28</td><td>2014</td><td>V</td><td>1.0</td><td>48.00</td><td>24000.00</td></tr><tr class=grey-bg><td>2014-10-28</td><td>2015-10-28</td><td>2015</td><td>V</td><td>1.0</td><td>49.00</td><td>24500.00</td></tr><tr class=grey-bg><td>2015-10-28</td><td>2016-10-28</td><td>2016</td><td>V</td><td>1.0</td><td>64.00</td><td>24500.00</td></tr><tr class=grey-bg><td>2015-10-28</td><td>2016-10-28</td><td>2016</td><td>O</td><td>1.0</td><td>15.00</td><td>7500.00</td></tr><tr class=grey-bg><td>2016-10-28</td><td>2017-10-28</td><td>2017</td><td>V</td><td>1.0</td><td>49.00</td><td>24500.00</td></tr><tr class=grey-bg><td>2017-10-28</td><td>2018-10-28</td><td>2018</td><td>V</td><td>1.0</td><td>49.00</td><td>24500.00</td></tr><tr class=grey-bg><td>2018-10-28</td><td>2019-10-28</td><td>2019</td><td>V</td><td>1.0</td><td>49.00</td><td>24500.00</td></tr><tr class=grey-bg><td>2019-10-28</td><td>2020-10-28</td><td>2020</td><td>V</td><td>1.0</td><td>45.00</td><td>22500.00</td></tr><tr class=grey-bg><td>2020-10-28</td><td>2021-10-28</td><td>2021</td><td>V</td><td>1.0</td><td>45.00</td><td>22500.00</td></tr><tr class=grey-bg><td>2021-10-28</td><td>2022-10-28</td><td>2022</td><td>V</td><td>1.0</td><td>45.00</td><td>22500.00</td></tr><tr class=grey-bg><td>2022-10-28</td><td>2023-10-28</td><td>2023</td><td>V</td><td>1.0</td><td>45.00</td><td>22500.00</td></tr><tr class=grey-bg><td>2023-10-28</td><td>2024-10-28</td><td>2024</td><td>V</td><td>1.0</td><td>45.00</td><td>22500.00</td></tr><tr class=grey-bg><td>2024-10-28</td><td>2025-10-28</td><td>2025</td><td>V</td><td>1.0</td><td>45.00</td><td>22500.00</td></tr><tr class=grey-bg><td>2025-10-28</td><td>2026-10-28</td><td>2025</td><td>I</td><td>0.0</td><td>45.00</td><td>0.00</td></tr><tr class=grey-bg><td colspan=7>Total Rev Bonus : 472000.00   Total Interim Bonus : 0.00</td></tr></table> ","calulationSheetText":"From        Upto        Year Type Factor  Rate     Bonus \r\n2005-10-28  2006-10-28  2006  V     1.0   44.00    22000.00\r\n2006-10-28  2007-10-28  2007  V     1.0   45.00    22500.00\r\n2007-10-28  2008-10-28  2008  V     1.0   45.00    22500.00\r\n2008-10-28  2009-10-28  2009  V     1.0   45.00    22500.00\r\n2009-10-28  2010-10-28  2010  V     1.0   45.00    22500.00\r\n2010-10-28  2011-10-28  2011  V     1.0   47.00    23500.00\r\n2011-10-28  2012-10-28  2012  V     1.0   47.00    23500.00\r\n2012-10-28  2013-10-28  2013  V     1.0   48.00    24000.00\r\n2013-10-28  2014-10-28  2014  V     1.0   48.00    24000.00\r\n2014-10-28  2015-10-28  2015  V     1.0   49.00    24500.00\r\n2015-10-28  2016-10-28  2016  V     1.0   64.00    24500.00\r\n2015-10-28  2016-10-28  2016  O     1.0   15.00    7500.00\r\n2016-10-28  2017-10-28  2017  V     1.0   49.00    24500.00\r\n2017-10-28  2018-10-28  2018  V     1.0   49.00    24500.00\r\n2018-10-28  2019-10-28  2019  V     1.0   49.00    24500.00\r\n2019-10-28  2020-10-28  2020  V     1.0   45.00    22500.00\r\n2020-10-28  2021-10-28  2021  V     1.0   45.00    22500.00\r\n2021-10-28  2022-10-28  2022  V     1.0   45.00    22500.00\r\n2022-10-28  2023-10-28  2023  V     1.0   45.00    22500.00\r\n2023-10-28  2024-10-28  2024  V     1.0   45.00    22500.00\r\n2024-10-28  2025-10-28  2025  V     1.0   45.00    22500.00\r\n2025-10-28  2026-10-28  2025  I     0.0   45.00    0.00\r\n   Total Rev Bonus : 472000.00   Total Interim Bonus : 0.00\r\n "},"isSpotRevivalAllowed":false,"discountApplicable":false,"advancePaymetEligible":false,"maturitySumAssured":0,"gstInNumber":"null","lastTransactionDate":1761134987000,"transactionNumber":"26246216","transactionAllowed":true,"dateOfShowMaturity":"2080-10-28","panFlag":true,"neftFlag":false,"itPan":"AF******6C","neftStatus":"N","titleCode":"1","premiumGapFlag":false,"dghPolicyFlag":false,"policyExitStatus":false,"serviceRequestFlag":false,"nriGstFlag":false,"fyEndDate":"2026-03-31"},"person":{"policyNo":702163505,"birthDate":"1981-02-17","fullName":"Manigandan J","sex":"M","shortName":"Manigandan","age":"25","profileMobileNo":null,"profileEmail":null,"profileUnMaskMobileNo":null,"profileUnMaskEmail":null},"address":{"policyNo":702163505,"address1":"S/O Jeyaraman, Jei Ganesh Lorry Service","address2":"T.P.Kadu, Moolapallipatti Po","address3":"Namagiripet Via, Rasipuram Tk","addressId":1,"pin":637406},"branch":{"branchCode":"76F ","address1":"LIC OF INDIA - 76F","address2":"NAMAKKAL ROAD","address3":"RASIPURAM","branchIp":"10.128.42.194","branchName":"LIC of India, Rasipuram Br Office","city":null,"dcCode":"X070","divCode":70,"eaiIndication":"Y","emailId":"BO_76F@LICINDIA.COM","man":null,"odsIndication":"N","pin":null,"state":"null"},"agent":{"agencyCode":"02475768 ","address1":"S/O.Kuppusamy,","address2":"Veppampatti,V.Pudur Post,","address3":"Namakkal Dist.","agentName":"Sri K Natarajan","birthDate":"1963-04-21","category":1,"city":null,"disabilityCode":1,"enteredDate":1769909138000,"itaxPanNo":"ACOPN8484H","occupationCode":12,"pin":637018,"qualificationCode":4,"sex":"M"},"nominees":[{"policyNo":702163505,"nomineeAge":55,"nomineeDob":null,"nomineeId":1,"nomineeName":"JEYARAMAN","nomineeRegistrationDate":null,"nomineeRelation":"F","nomineeShare":100,"nomineeStatus":"B"}],"billingInfo":{"policyNumber":"702163505","nameOfAssured":"Manigandan J","planName":"Jeevan Anand","plan":149,"mode":"12","premium":25173,"sumAssured":500000,"status":null,"firstUnpaidPremiumDate":null,"nextFup":null,"dueAmount":null,"payedPolicy":false,"noOfDues":null,"eligible":false,"spotRevival":false},"policyContact":{"policyNo":702163505,"dataSource":"P","emailAddress":"jsmani81@gmail.com","enteredDate":1642968002186,"mobileNo":"919865143555","countryCode":null,"telephoneNo":"null","panNo":null},"policyExtra":{"accumTerm":0},"policyAnnuity":null,"userRegistered":"Y","assignmentDetails":[],"ulipExtra":{"giveCashAmount":null},"bonusErrorMessage":null,"qpayPolicy":{"policyNumber":"702163505","dob":"17/02/1981","emailId":"jsmani81@gmail.com","mobileNo":"9865143555","premium":"25173","key":"326079"}}



==== 01/02/2026 18:02:46 - GET-URL ======

https://mk-channel.licindia.in/Landing/



==== 01/02/2026 18:03:55 - Portal Data Download Background ======

startForegroundService() not allowed due to mAllowStartForeground false: service com.bliss.blissbma.pro/crc6479545b82ba044d57.CommissionService   at Java.Interop.JniEnvironment.InstanceMethods.CallNonvirtualObjectMethod(JniObjectReference , JniObjectReference , JniMethodInfo , JniArgumentValue* )
   at Java.Interop.JniPeerMembers.JniInstanceMethods.InvokeVirtualObjectMethod(String , IJavaPeerable , JniArgumentValue* )
   at Android.Content.ContextWrapper.StartForegroundService(Intent )
   at bma.commissionActivity.updateComm(Context c, String agcode, Boolean nodialog, String runsb)
  --- End of managed Java.Lang.IllegalStateException stack trace ---
android.app.ForegroundServiceStartNotAllowedException: startForegroundService() not allowed due to mAllowStartForeground false: service com.bliss.blissbma.pro/crc6479545b82ba044d57.CommissionService
	at android.app.ForegroundServiceStartNotAllowedException$1.createFromParcel(ForegroundServiceStartNotAllowedException.java:54)
	at android.app.ForegroundServiceStartNotAllowedException$1.createFromParcel(ForegroundServiceStartNotAllowedException.java:50)
	at android.os.Parcel.readParcelableInternal(Parcel.java:4809)
	at android.os.Parcel.readParcelable(Parcel.java:4777)
	at android.os.Parcel.createExceptionOrNull(Parcel.java:3040)
	at android.os.Parcel.createException(Parcel.java:3029)
	at android.os.Parcel.readException(Parcel.java:3012)
	at android.os.Parcel.readException(Parcel.java:2954)
	at android.app.IActivityManager$Stub$Proxy.startService(IActivityManager.java:6214)
	at android.app.ContextImpl.startServiceCommon(ContextImpl.java:1967)
	at android.app.ContextImpl.startForegroundService(ContextImpl.java:1933)
	at android.content.ContextWrapper.startForegroundService(ContextWrapper.java:839)
	at android.content.ContextWrapper.startForegroundService(ContextWrapper.java:839)
	at mono.java.lang.RunnableImplementor.n_run(Native Method)
	at mono.java.lang.RunnableImplementor.run(RunnableImplementor.java:29)
	at android.os.Handler.handleCallback(Handler.java:942)
	at android.os.Handler.dispatchMessage(Handler.java:99)
	at android.os.Looper.loopOnce(Looper.java:226)
	at android.os.Looper.loop(Looper.java:313)
	at android.app.ActivityThread.main(ActivityThread.java:8762)
	at java.lang.reflect.Method.invoke(Native Method)
	at com.android.internal.os.RuntimeInit$MethodAndArgsCaller.run(RuntimeInit.java:604)
	at com.android.internal.os.ZygoteInit.main(ZygoteInit.java:1067)




==== 02/02/2026 11:56:51 - Portal Data Download Background ======

startForegroundService() not allowed due to mAllowStartForeground false: service com.bliss.blissbma.pro/crc6479545b82ba044d57.CommissionService   at Java.Interop.JniEnvironment.InstanceMethods.CallNonvirtualObjectMethod(JniObjectReference , JniObjectReference , JniMethodInfo , JniArgumentValue* )
   at Java.Interop.JniPeerMembers.JniInstanceMethods.InvokeVirtualObjectMethod(String , IJavaPeerable , JniArgumentValue* )
   at Android.Content.ContextWrapper.StartForegroundService(Intent )
   at bma.commissionActivity.updateComm(Context c, String agcode, Boolean nodialog, String runsb)
  --- End of managed Java.Lang.IllegalStateException stack trace ---
android.app.ForegroundServiceStartNotAllowedException: startForegroundService() not allowed due to mAllowStartForeground false: service com.bliss.blissbma.pro/crc6479545b82ba044d57.CommissionService
	at android.app.ForegroundServiceStartNotAllowedException$1.createFromParcel(ForegroundServiceStartNotAllowedException.java:54)
	at android.app.ForegroundServiceStartNotAllowedException$1.createFromParcel(ForegroundServiceStartNotAllowedException.java:50)
	at android.os.Parcel.readParcelableInternal(Parcel.java:4809)
	at android.os.Parcel.readParcelable(Parcel.java:4777)
	at android.os.Parcel.createExceptionOrNull(Parcel.java:3040)
	at android.os.Parcel.createException(Parcel.java:3029)
	at android.os.Parcel.readException(Parcel.java:3012)
	at android.os.Parcel.readException(Parcel.java:2954)
	at android.app.IActivityManager$Stub$Proxy.startService(IActivityManager.java:6214)
	at android.app.ContextImpl.startServiceCommon(ContextImpl.java:1967)
	at android.app.ContextImpl.startForegroundService(ContextImpl.java:1933)
	at android.content.ContextWrapper.startForegroundService(ContextWrapper.java:839)
	at android.content.ContextWrapper.startForegroundService(ContextWrapper.java:839)
	at mono.java.lang.RunnableImplementor.n_run(Native Method)
	at mono.java.lang.RunnableImplementor.run(RunnableImplementor.java:29)
	at android.os.Handler.handleCallback(Handler.java:942)
	at android.os.Handler.dispatchMessage(Handler.java:99)
	at android.os.Looper.loopOnce(Looper.java:226)
	at android.os.Looper.loop(Looper.java:313)
	at android.app.ActivityThread.main(ActivityThread.java:8762)
	at java.lang.reflect.Method.invoke(Native Method)
	at com.android.internal.os.RuntimeInit$MethodAndArgsCaller.run(RuntimeInit.java:604)
	at com.android.internal.os.ZygoteInit.main(ZygoteInit.java:1067)




==== 03/02/2026 12:00:45 - Portal Data Download Background ======

startForegroundService() not allowed due to mAllowStartForeground false: service com.bliss.blissbma.pro/crc6479545b82ba044d57.CommissionService   at Java.Interop.JniEnvironment.InstanceMethods.CallNonvirtualObjectMethod(JniObjectReference , JniObjectReference , JniMethodInfo , JniArgumentValue* )
   at Java.Interop.JniPeerMembers.JniInstanceMethods.InvokeVirtualObjectMethod(String , IJavaPeerable , JniArgumentValue* )
   at Android.Content.ContextWrapper.StartForegroundService(Intent )
   at bma.commissionActivity.updateComm(Context c, String agcode, Boolean nodialog, String runsb)
  --- End of managed Java.Lang.IllegalStateException stack trace ---
android.app.ForegroundServiceStartNotAllowedException: startForegroundService() not allowed due to mAllowStartForeground false: service com.bliss.blissbma.pro/crc6479545b82ba044d57.CommissionService
	at android.app.ForegroundServiceStartNotAllowedException$1.createFromParcel(ForegroundServiceStartNotAllowedException.java:54)
	at android.app.ForegroundServiceStartNotAllowedException$1.createFromParcel(ForegroundServiceStartNotAllowedException.java:50)
	at android.os.Parcel.readParcelableInternal(Parcel.java:4809)
	at android.os.Parcel.readParcelable(Parcel.java:4777)
	at android.os.Parcel.createExceptionOrNull(Parcel.java:3040)
	at android.os.Parcel.createException(Parcel.java:3029)
	at android.os.Parcel.readException(Parcel.java:3012)
	at android.os.Parcel.readException(Parcel.java:2954)
	at android.app.IActivityManager$Stub$Proxy.startService(IActivityManager.java:6214)
	at android.app.ContextImpl.startServiceCommon(ContextImpl.java:1967)
	at android.app.ContextImpl.startForegroundService(ContextImpl.java:1933)
	at android.content.ContextWrapper.startForegroundService(ContextWrapper.java:839)
	at android.content.ContextWrapper.startForegroundService(ContextWrapper.java:839)
	at mono.java.lang.RunnableImplementor.n_run(Native Method)
	at mono.java.lang.RunnableImplementor.run(RunnableImplementor.java:29)
	at android.os.Handler.handleCallback(Handler.java:942)
	at android.os.Handler.dispatchMessage(Handler.java:99)
	at android.os.Looper.loopOnce(Looper.java:226)
	at android.os.Looper.loop(Looper.java:313)
	at android.app.ActivityThread.main(ActivityThread.java:8762)
	at java.lang.reflect.Method.invoke(Native Method)
	at com.android.internal.os.RuntimeInit$MethodAndArgsCaller.run(RuntimeInit.java:604)
	at com.android.internal.os.ZygoteInit.main(ZygoteInit.java:1067)




==== 07/02/2026 18:57:35 - Portal Data Download Background ======

startForegroundService() not allowed due to mAllowStartForeground false: service com.bliss.blissbma.pro/crc6479545b82ba044d57.CommissionService   at Java.Interop.JniEnvironment.InstanceMethods.CallNonvirtualObjectMethod(JniObjectReference , JniObjectReference , JniMethodInfo , JniArgumentValue* )
   at Java.Interop.JniPeerMembers.JniInstanceMethods.InvokeVirtualObjectMethod(String , IJavaPeerable , JniArgumentValue* )
   at Android.Content.ContextWrapper.StartForegroundService(Intent )
   at bma.commissionActivity.updateComm(Context c, String agcode, Boolean nodialog, String runsb)
  --- End of managed Java.Lang.IllegalStateException stack trace ---
android.app.ForegroundServiceStartNotAllowedException: startForegroundService() not allowed due to mAllowStartForeground false: service com.bliss.blissbma.pro/crc6479545b82ba044d57.CommissionService
	at android.app.ForegroundServiceStartNotAllowedException$1.createFromParcel(ForegroundServiceStartNotAllowedException.java:54)
	at android.app.ForegroundServiceStartNotAllowedException$1.createFromParcel(ForegroundServiceStartNotAllowedException.java:50)
	at android.os.Parcel.readParcelableInternal(Parcel.java:4809)
	at android.os.Parcel.readParcelable(Parcel.java:4777)
	at android.os.Parcel.createExceptionOrNull(Parcel.java:3040)
	at android.os.Parcel.createException(Parcel.java:3029)
	at android.os.Parcel.readException(Parcel.java:3012)
	at android.os.Parcel.readException(Parcel.java:2954)
	at android.app.IActivityManager$Stub$Proxy.startService(IActivityManager.java:6214)
	at android.app.ContextImpl.startServiceCommon(ContextImpl.java:1967)
	at android.app.ContextImpl.startForegroundService(ContextImpl.java:1933)
	at android.content.ContextWrapper.startForegroundService(ContextWrapper.java:839)
	at android.content.ContextWrapper.startForegroundService(ContextWrapper.java:839)
	at mono.java.lang.RunnableImplementor.n_run(Native Method)
	at mono.java.lang.RunnableImplementor.run(RunnableImplementor.java:29)
	at android.os.Handler.handleCallback(Handler.java:942)
	at android.os.Handler.dispatchMessage(Handler.java:99)
	at android.os.Looper.loopOnce(Looper.java:226)
	at android.os.Looper.loop(Looper.java:313)
	at android.app.ActivityThread.main(ActivityThread.java:8762)
	at java.lang.reflect.Method.invoke(Native Method)
	at com.android.internal.os.RuntimeInit$MethodAndArgsCaller.run(RuntimeInit.java:604)
	at com.android.internal.os.ZygoteInit.main(ZygoteInit.java:1067)




==== 11/02/2026 09:39:23 - Portal Data Download Background ======

startForegroundService() not allowed due to mAllowStartForeground false: service com.bliss.blissbma.pro/crc6479545b82ba044d57.CommissionService   at Java.Interop.JniEnvironment.InstanceMethods.CallNonvirtualObjectMethod(JniObjectReference , JniObjectReference , JniMethodInfo , JniArgumentValue* )
   at Java.Interop.JniPeerMembers.JniInstanceMethods.InvokeVirtualObjectMethod(String , IJavaPeerable , JniArgumentValue* )
   at Android.Content.ContextWrapper.StartForegroundService(Intent )
   at bma.commissionActivity.updateComm(Context c, String agcode, Boolean nodialog, String runsb)
  --- End of managed Java.Lang.IllegalStateException stack trace ---
android.app.ForegroundServiceStartNotAllowedException: startForegroundService() not allowed due to mAllowStartForeground false: service com.bliss.blissbma.pro/crc6479545b82ba044d57.CommissionService
	at android.app.ForegroundServiceStartNotAllowedException$1.createFromParcel(ForegroundServiceStartNotAllowedException.java:54)
	at android.app.ForegroundServiceStartNotAllowedException$1.createFromParcel(ForegroundServiceStartNotAllowedException.java:50)
	at android.os.Parcel.readParcelableInternal(Parcel.java:4809)
	at android.os.Parcel.readParcelable(Parcel.java:4777)
	at android.os.Parcel.createExceptionOrNull(Parcel.java:3040)
	at android.os.Parcel.createException(Parcel.java:3029)
	at android.os.Parcel.readException(Parcel.java:3012)
	at android.os.Parcel.readException(Parcel.java:2954)
	at android.app.IActivityManager$Stub$Proxy.startService(IActivityManager.java:6214)
	at android.app.ContextImpl.startServiceCommon(ContextImpl.java:1967)
	at android.app.ContextImpl.startForegroundService(ContextImpl.java:1933)
	at android.content.ContextWrapper.startForegroundService(ContextWrapper.java:839)
	at android.content.ContextWrapper.startForegroundService(ContextWrapper.java:839)
	at mono.java.lang.RunnableImplementor.n_run(Native Method)
	at mono.java.lang.RunnableImplementor.run(RunnableImplementor.java:29)
	at android.os.Handler.handleCallback(Handler.java:942)
	at android.os.Handler.dispatchMessage(Handler.java:99)
	at android.os.Looper.loopOnce(Looper.java:226)
	at android.os.Looper.loop(Looper.java:313)
	at android.app.ActivityThread.main(ActivityThread.java:8762)
	at java.lang.reflect.Method.invoke(Native Method)
	at com.android.internal.os.RuntimeInit$MethodAndArgsCaller.run(RuntimeInit.java:604)
	at com.android.internal.os.ZygoteInit.main(ZygoteInit.java:1067)




==== 13/02/2026 07:34:14 - Portal Data Download Background ======

startForegroundService() not allowed due to mAllowStartForeground false: service com.bliss.blissbma.pro/crc6479545b82ba044d57.CommissionService   at Java.Interop.JniEnvironment.InstanceMethods.CallNonvirtualObjectMethod(JniObjectReference , JniObjectReference , JniMethodInfo , JniArgumentValue* )
   at Java.Interop.JniPeerMembers.JniInstanceMethods.InvokeVirtualObjectMethod(String , IJavaPeerable , JniArgumentValue* )
   at Android.Content.ContextWrapper.StartForegroundService(Intent )
   at bma.commissionActivity.updateComm(Context c, String agcode, Boolean nodialog, String runsb)
  --- End of managed Java.Lang.IllegalStateException stack trace ---
android.app.ForegroundServiceStartNotAllowedException: startForegroundService() not allowed due to mAllowStartForeground false: service com.bliss.blissbma.pro/crc6479545b82ba044d57.CommissionService
	at android.app.ForegroundServiceStartNotAllowedException$1.createFromParcel(ForegroundServiceStartNotAllowedException.java:54)
	at android.app.ForegroundServiceStartNotAllowedException$1.createFromParcel(ForegroundServiceStartNotAllowedException.java:50)
	at android.os.Parcel.readParcelableInternal(Parcel.java:4809)
	at android.os.Parcel.readParcelable(Parcel.java:4777)
	at android.os.Parcel.createExceptionOrNull(Parcel.java:3040)
	at android.os.Parcel.createException(Parcel.java:3029)
	at android.os.Parcel.readException(Parcel.java:3012)
	at android.os.Parcel.readException(Parcel.java:2954)
	at android.app.IActivityManager$Stub$Proxy.startService(IActivityManager.java:6214)
	at android.app.ContextImpl.startServiceCommon(ContextImpl.java:1967)
	at android.app.ContextImpl.startForegroundService(ContextImpl.java:1933)
	at android.content.ContextWrapper.startForegroundService(ContextWrapper.java:839)
	at android.content.ContextWrapper.startForegroundService(ContextWrapper.java:839)
	at mono.java.lang.RunnableImplementor.n_run(Native Method)
	at mono.java.lang.RunnableImplementor.run(RunnableImplementor.java:29)
	at android.os.Handler.handleCallback(Handler.java:942)
	at android.os.Handler.dispatchMessage(Handler.java:99)
	at android.os.Looper.loopOnce(Looper.java:226)
	at android.os.Looper.loop(Looper.java:313)
	at android.app.ActivityThread.main(ActivityThread.java:8762)
	at java.lang.reflect.Method.invoke(Native Method)
	at com.android.internal.os.RuntimeInit$MethodAndArgsCaller.run(RuntimeInit.java:604)
	at com.android.internal.os.ZygoteInit.main(ZygoteInit.java:1067)




==== 18/02/2026 10:19:24 - Portal Data Download Background ======

startForegroundService() not allowed due to mAllowStartForeground false: service com.bliss.blissbma.pro/crc6479545b82ba044d57.CommissionService   at Java.Interop.JniEnvironment.InstanceMethods.CallNonvirtualObjectMethod(JniObjectReference , JniObjectReference , JniMethodInfo , JniArgumentValue* )
   at Java.Interop.JniPeerMembers.JniInstanceMethods.InvokeVirtualObjectMethod(String , IJavaPeerable , JniArgumentValue* )
   at Android.Content.ContextWrapper.StartForegroundService(Intent )
   at bma.commissionActivity.updateComm(Context c, String agcode, Boolean nodialog, String runsb)
  --- End of managed Java.Lang.IllegalStateException stack trace ---
android.app.ForegroundServiceStartNotAllowedException: startForegroundService() not allowed due to mAllowStartForeground false: service com.bliss.blissbma.pro/crc6479545b82ba044d57.CommissionService
	at android.app.ForegroundServiceStartNotAllowedException$1.createFromParcel(ForegroundServiceStartNotAllowedException.java:54)
	at android.app.ForegroundServiceStartNotAllowedException$1.createFromParcel(ForegroundServiceStartNotAllowedException.java:50)
	at android.os.Parcel.readParcelableInternal(Parcel.java:4809)
	at android.os.Parcel.readParcelable(Parcel.java:4777)
	at android.os.Parcel.createExceptionOrNull(Parcel.java:3040)
	at android.os.Parcel.createException(Parcel.java:3029)
	at android.os.Parcel.readException(Parcel.java:3012)
	at android.os.Parcel.readException(Parcel.java:2954)
	at android.app.IActivityManager$Stub$Proxy.startService(IActivityManager.java:6214)
	at android.app.ContextImpl.startServiceCommon(ContextImpl.java:1967)
	at android.app.ContextImpl.startForegroundService(ContextImpl.java:1933)
	at android.content.ContextWrapper.startForegroundService(ContextWrapper.java:839)
	at android.content.ContextWrapper.startForegroundService(ContextWrapper.java:839)
	at mono.java.lang.RunnableImplementor.n_run(Native Method)
	at mono.java.lang.RunnableImplementor.run(RunnableImplementor.java:29)
	at android.os.Handler.handleCallback(Handler.java:942)
	at android.os.Handler.dispatchMessage(Handler.java:99)
	at android.os.Looper.loopOnce(Looper.java:226)
	at android.os.Looper.loop(Looper.java:313)
	at android.app.ActivityThread.main(ActivityThread.java:8762)
	at java.lang.reflect.Method.invoke(Native Method)
	at com.android.internal.os.RuntimeInit$MethodAndArgsCaller.run(RuntimeInit.java:604)
	at com.android.internal.os.ZygoteInit.main(ZygoteInit.java:1067)




==== 22/02/2026 09:13:56 - Portal Data Download Background ======

startForegroundService() not allowed due to mAllowStartForeground false: service com.bliss.blissbma.pro/crc6479545b82ba044d57.CommissionService   at Java.Interop.JniEnvironment.InstanceMethods.CallNonvirtualObjectMethod(JniObjectReference , JniObjectReference , JniMethodInfo , JniArgumentValue* )
   at Java.Interop.JniPeerMembers.JniInstanceMethods.InvokeVirtualObjectMethod(String , IJavaPeerable , JniArgumentValue* )
   at Android.Content.ContextWrapper.StartForegroundService(Intent )
   at bma.commissionActivity.updateComm(Context c, String agcode, Boolean nodialog, String runsb)
  --- End of managed Java.Lang.IllegalStateException stack trace ---
android.app.ForegroundServiceStartNotAllowedException: startForegroundService() not allowed due to mAllowStartForeground false: service com.bliss.blissbma.pro/crc6479545b82ba044d57.CommissionService
	at android.app.ForegroundServiceStartNotAllowedException$1.createFromParcel(ForegroundServiceStartNotAllowedException.java:54)
	at android.app.ForegroundServiceStartNotAllowedException$1.createFromParcel(ForegroundServiceStartNotAllowedException.java:50)
	at android.os.Parcel.readParcelableInternal(Parcel.java:4809)
	at android.os.Parcel.readParcelable(Parcel.java:4777)
	at android.os.Parcel.createExceptionOrNull(Parcel.java:3040)
	at android.os.Parcel.createException(Parcel.java:3029)
	at android.os.Parcel.readException(Parcel.java:3012)
	at android.os.Parcel.readException(Parcel.java:2954)
	at android.app.IActivityManager$Stub$Proxy.startService(IActivityManager.java:6214)
	at android.app.ContextImpl.startServiceCommon(ContextImpl.java:1967)
	at android.app.ContextImpl.startForegroundService(ContextImpl.java:1933)
	at android.content.ContextWrapper.startForegroundService(ContextWrapper.java:839)
	at android.content.ContextWrapper.startForegroundService(ContextWrapper.java:839)
	at mono.java.lang.RunnableImplementor.n_run(Native Method)
	at mono.java.lang.RunnableImplementor.run(RunnableImplementor.java:29)
	at android.os.Handler.handleCallback(Handler.java:942)
	at android.os.Handler.dispatchMessage(Handler.java:99)
	at android.os.Looper.loopOnce(Looper.java:226)
	at android.os.Looper.loop(Looper.java:313)
	at android.app.ActivityThread.main(ActivityThread.java:8762)
	at java.lang.reflect.Method.invoke(Native Method)
	at com.android.internal.os.RuntimeInit$MethodAndArgsCaller.run(RuntimeInit.java:604)
	at com.android.internal.os.ZygoteInit.main(ZygoteInit.java:1067)




==== 22/02/2026 09:14:24 - Portal Data Download Background ======

startForegroundService() not allowed due to mAllowStartForeground false: service com.bliss.blissbma.pro/crc6479545b82ba044d57.CommissionService   at Java.Interop.JniEnvironment.InstanceMethods.CallNonvirtualObjectMethod(JniObjectReference , JniObjectReference , JniMethodInfo , JniArgumentValue* )
   at Java.Interop.JniPeerMembers.JniInstanceMethods.InvokeVirtualObjectMethod(String , IJavaPeerable , JniArgumentValue* )
   at Android.Content.ContextWrapper.StartForegroundService(Intent )
   at bma.commissionActivity.updateComm(Context c, String agcode, Boolean nodialog, String runsb)
  --- End of managed Java.Lang.IllegalStateException stack trace ---
android.app.ForegroundServiceStartNotAllowedException: startForegroundService() not allowed due to mAllowStartForeground false: service com.bliss.blissbma.pro/crc6479545b82ba044d57.CommissionService
	at android.app.ForegroundServiceStartNotAllowedException$1.createFromParcel(ForegroundServiceStartNotAllowedException.java:54)
	at android.app.ForegroundServiceStartNotAllowedException$1.createFromParcel(ForegroundServiceStartNotAllowedException.java:50)
	at android.os.Parcel.readParcelableInternal(Parcel.java:4809)
	at android.os.Parcel.readParcelable(Parcel.java:4777)
	at android.os.Parcel.createExceptionOrNull(Parcel.java:3040)
	at android.os.Parcel.createException(Parcel.java:3029)
	at android.os.Parcel.readException(Parcel.java:3012)
	at android.os.Parcel.readException(Parcel.java:2954)
	at android.app.IActivityManager$Stub$Proxy.startService(IActivityManager.java:6214)
	at android.app.ContextImpl.startServiceCommon(ContextImpl.java:1967)
	at android.app.ContextImpl.startForegroundService(ContextImpl.java:1933)
	at android.content.ContextWrapper.startForegroundService(ContextWrapper.java:839)
	at android.content.ContextWrapper.startForegroundService(ContextWrapper.java:839)
	at mono.java.lang.RunnableImplementor.n_run(Native Method)
	at mono.java.lang.RunnableImplementor.run(RunnableImplementor.java:29)
	at android.os.Handler.handleCallback(Handler.java:942)
	at android.os.Handler.dispatchMessage(Handler.java:99)
	at android.os.Looper.loopOnce(Looper.java:226)
	at android.os.Looper.loop(Looper.java:313)
	at android.app.ActivityThread.main(ActivityThread.java:8762)
	at java.lang.reflect.Method.invoke(Native Method)
	at com.android.internal.os.RuntimeInit$MethodAndArgsCaller.run(RuntimeInit.java:604)
	at com.android.internal.os.ZygoteInit.main(ZygoteInit.java:1067)




==== 24/02/2026 12:01:21 - Portal Data Download Background ======

startForegroundService() not allowed due to mAllowStartForeground false: service com.bliss.blissbma.pro/crc6479545b82ba044d57.CommissionService   at Java.Interop.JniEnvironment.InstanceMethods.CallNonvirtualObjectMethod(JniObjectReference , JniObjectReference , JniMethodInfo , JniArgumentValue* )
   at Java.Interop.JniPeerMembers.JniInstanceMethods.InvokeVirtualObjectMethod(String , IJavaPeerable , JniArgumentValue* )
   at Android.Content.ContextWrapper.StartForegroundService(Intent )
   at bma.commissionActivity.updateComm(Context c, String agcode, Boolean nodialog, String runsb)
  --- End of managed Java.Lang.IllegalStateException stack trace ---
android.app.ForegroundServiceStartNotAllowedException: startForegroundService() not allowed due to mAllowStartForeground false: service com.bliss.blissbma.pro/crc6479545b82ba044d57.CommissionService
	at android.app.ForegroundServiceStartNotAllowedException$1.createFromParcel(ForegroundServiceStartNotAllowedException.java:54)
	at android.app.ForegroundServiceStartNotAllowedException$1.createFromParcel(ForegroundServiceStartNotAllowedException.java:50)
	at android.os.Parcel.readParcelableInternal(Parcel.java:4809)
	at android.os.Parcel.readParcelable(Parcel.java:4777)
	at android.os.Parcel.createExceptionOrNull(Parcel.java:3040)
	at android.os.Parcel.createException(Parcel.java:3029)
	at android.os.Parcel.readException(Parcel.java:3012)
	at android.os.Parcel.readException(Parcel.java:2954)
	at android.app.IActivityManager$Stub$Proxy.startService(IActivityManager.java:6214)
	at android.app.ContextImpl.startServiceCommon(ContextImpl.java:1967)
	at android.app.ContextImpl.startForegroundService(ContextImpl.java:1933)
	at android.content.ContextWrapper.startForegroundService(ContextWrapper.java:839)
	at android.content.ContextWrapper.startForegroundService(ContextWrapper.java:839)
	at mono.java.lang.RunnableImplementor.n_run(Native Method)
	at mono.java.lang.RunnableImplementor.run(RunnableImplementor.java:29)
	at android.os.Handler.handleCallback(Handler.java:942)
	at android.os.Handler.dispatchMessage(Handler.java:99)
	at android.os.Looper.loopOnce(Looper.java:226)
	at android.os.Looper.loop(Looper.java:313)
	at android.app.ActivityThread.main(ActivityThread.java:8762)
	at java.lang.reflect.Method.invoke(Native Method)
	at com.android.internal.os.RuntimeInit$MethodAndArgsCaller.run(RuntimeInit.java:604)
	at com.android.internal.os.ZygoteInit.main(ZygoteInit.java:1067)




==== 24/02/2026 12:52:23 - OSTATTUS-RESPONSE-TOKEN ======

h9YOOUfcITM8a9Vc4J2Tv+qhXKh1ZM8vGWufG0IT5TK6fPkVq5ghpLlzIpP9+O6XVaoNRFWKqYUeh26pjH0oVkoiuhaQ3PpxtqaPIEtlRT+xuT1lprSt7vxU7i4oYPieapixlVX06yIEMK4fhl7p9spjo3nxWJzTlmpIqVxV7R1caSQEP6SsHfc6kKv7R5u4Gih0Gcqun2HBP/rQRBJYZJ+K95V2sflst40UdIq9Zs88GBrRMkcwLw6sC8dTGa9N16lOuMt2Khd+ddpL9mmXBIySX1WrsbemjoMejTtxOi139/r0EFGPGPsfcdf40m/kj88zCRtw1kl2lr+mihQ0PNN/PKjDuf99msE18LrXPw3e76996voBUx9YXK/aCiVtZ4cm4KM4HbYhLSz3+hLsR+cUFbD5iFhXSLRWllo0erqY2yTJnNX8bJn+hMqy82KkJFaEgZCJXvtmEW1P31SryzuGSvZdFKm3ktD46ew3GaWUCA/QEObSEhpxVWAmzKL4o2oNLpNI6ojjv6WnlFZWjbxlN4hcTArSDAsjVm9JlNEgfVFhIpseOJB9K3eGpJfpIrcCQqFbxErzolezDxQp8UmskgDCxDT9tTk9oN41r6rEldlvpGW7433TCPSJIKgvOSZbcTBPzhYEduFTWO7/PHSZhw9fdZk8JKoPuqb07PjV70+J6b33bxjkfnZukUmaBEFQRMN4sZi9dh5a1V6CGlW64TyCYnpn8NgmnODWFVMogpMPuv9zAVy//z7McEKSJcI/ol+WazOP+G9gfjupx8NQeTe3QUWtnHBDsAoCBk76r3d87FeO+8wKKbMkDvKmm5ZqKm+tYHPZwdrC4QfUOvnWLki6eDRpDmYpBFqcPSEfOz1Z0mypGkDbdSTX8Gn18qynWVom5sBj+jLmYmHhM5LrHX44zSZ3OGYu8pjK5CrKaHv6ja0bqm8ZaXAB366J82fWxrz1DznaMVffhzDrtlMXKwo+WtNeMqXId1QzZo/w9Ggc69GkiFL1Og2Bz+SAY6lwb6PhZbRZy4MK9VpVcSbBSf+vgbEQ6J+GNnsQCJmLvr0qxIy70sSEnrZMRu1DiA0XSSRDU43jOEsNaQAlAN2j/OeCsJCvjo7R84InlMVyHQ1BRM6floJeVjcr+IphAHfmezBlum0I42DO67sgFWbK1ZHmG39X7j8atJVA3Zv9qCClS8BtVPyAgWd/sueBDqc6LAOZdSd1VkZxBJUQEvUXWC4nfhj/rtjPE6/B55DFd4VzgCFG0iJDTcQMjuWEwVdAKSZwd76GmezZBHA1x6cqTAEI/OmzITS90XzrjfZBvF+ENs49gkYl6WN3JDDxqoVc8coN/2R+T58iPlHByQpxC8izd57xOBUBaVaAOJd3RzlK1BnDnXtNITPKPTBcXFoG2HHeTULrkVxIaU0GPTlN5Hg+3EhUrYLpGYzfm/wxP/G5UH3NGnsNioGADeXOsCN9aIP7maQ6IPKrBai6UOAxLjKShMG5r12yl6RVJjj6U3tDEzz5aWPGnCDEjqm97hFO8OPARu3Af7WdPi1dwM3EX8QUD0KVzyE68MzFPi1Qg+oarimPs8/JUMGylVFsLMiuUXxeyg4G4k7v/LqJbnE7ImlMkhXpdEFkDOefAdyqQpu876P8MkSqT4XmgG+x+YFRUeu863zhCRynJoxKKWJHzQFJiAHP+aJ2MAM1HbqZKPe3bVlydVNRGT/DlK/+cqOYR7/kZupjPyGUtsVMN3k9ZwjUdquZIOyGF+M+JWHy3rFT9o8ucxI8MTYv32Q9k2cmSUdA/SDQb6wQjE+SBVD2opeuxKOQaxbOVQOwOPx1QQPlkuoWf0g5dV1JWZ7xmxTrGA6cBdoUEmCpBPXkbJxKWQ7WOx9/ibyPJsBMiKqRfFrUc9vbXdwoiYNApofsBC0vf3ABuWOa1lXsfh6DSaYH



==== 24/02/2026 12:52:23 - OSTATTUS-RESPONSE-TOKEN ======

eyJhbGciOiJIUzUxMiJ9.eyJzdWIiOiJJREFNMjgwNzIwMjIzMTk3ODMzIiwiYWdlbmN5X2NvZGUiOm51bGwsImNyZWF0ZWQiOjE3NzE5MTY2MTM3MTUsImFjY2Vzc19jb2RlIjoiZXlKaGJHY2lPaUpTVXpJMU5pSXNJblI1Y0NJNklrcFhWQ0o5LmV5SnpkV0lpT2lKSlJFRk5Namd3TnpJd01qSXpNVGszT0RNeklpd2labTVoYldVaU9pSlRRVU5JU1U0Z1ZFbFhRVkpKSWl3aWRYTmxjbk4wWVhSMWN5STZJakVpTENKbGJuUnBkSGxzYVhOMElqcGJJa3hKUTE5RFZWTlVUMDFGVWw5UVQxSlVRVXdpWFN3aWNtOXNaWE1pT2xzaVJFOGlYU3dpYVhOeklqb2lRVkpZSWl3aWJXOWlhV3hsSWpvaU9EQTFNalkyTmpZMU15SXNJbUYxWkNJNkltUmxabUYxYkhRaUxDSnNibUZ0WlNJNklsTkJRMGhKVGlCVVNWZEJVa2tpTENKMWMyVnlWSGx3WlNJNklqRWlMQ0psZUhBaU9qRTNOekU1TkRVeE9EQXNJbWxoZENJNk1UYzNNVGt4TmpNNE1Dd2lhblJwSWpvaU9XUTRZVFJtTm1RdFlqTTNNQzAwTmpkbUxUa3dORFF0T0dJNU1HTTJabVF6TWpWaElpd2laVzUwYVhSNUlqb2lURWxEWDBOVlUxUlBUVVZTWDFCUFVsUkJUQ0lzSW1WdFlXbHNJam9pYzE5MGFYZGhjbWsyTWtCc2FXTnBibVJwWVM1amIyMGlmUS5jcVdoaWNQMzFMMGQxeGxpUDFMUW85akpvYjNnOG0xTy1QMkNfbmJ4YUx1Z2N4WDV4ZWhpV3hVYkF6bTBmcDdBNmxJaGJtcnhoY2pvclo0Vko2SmtOTUVGR0REX0l0RkdoRW5ENXJraGlfZURlM3NmQlJGUGpNczVKRk9zTG0wYmE5bUNBTXhmZGdyellhMlpucFJnUXdMa0dSdkJTbVY1YnFxcTVjc0tzZVhZV2s2ai14SC1OaklwX0tGVkRCQ1FId1djbmhPbjQ2RnhZTEtNbGJIZGp0R1VXcnhJMXVLTEpJa1JVR2VoUFo4dG5EM3VVOTk4dkhOSTBQcTdZZTZFTnNVOW1hVFowZjZyR0F1NGNnVDZQekNoTTgtRzZUSm5naWYzT3piQk13ajhOLXE3cEQ3MmlseHkwbTBQWHRaSzZRLThHLXNGaUlLZEtMdkdPSDRyREEiLCJyb2xlcyI6WyJETyJdLCJjbGllbnRJcCI6bnVsbCwiZW50aXRsZW1lbnQiOltdfQ.OMGZpGMfObX0vWqJLYcR92O34lyKkikFoMqXpVqM-8aGAH9N4vcHPzOF0H0XAVv_e5DLZjn8lPIGgf-5f4wlEQ



==== 24/02/2026 12:52:23 - POST-URL ======

https://ebizapp01.licindia.in/BFFService/policy/policyInfo?_dc=1771917743965



==== 24/02/2026 12:52:27 - POST-URL ======

{"confirmationId":null,"status":"200","resultInfoList":null,"count":0,"policy":{"policyNumber":"702163505","relationType":"Self","planName":"Jeevan Anand","mode":"12","premium":"25173.00","commenceDate":"2005-10-28","nameOfAssured":"Manigandan J","agencyCode":"02475768 ","developmentOfficerCode":"9999999","plan":"149","policyTerm":"75","cdCharge":"0","serviceBranch":"76F ","sumAssured":"500000","policyStatus":"32","dob":"1981-02-17","ageAtEntry":25,"planDetails":{"plan":149,"planType":null,"planDesc":null,"premiumDueDuration":6,"premiumDueDurationType":"M","payPremiumAdvance":30,"payPremiumAdvanceType":"D","gracePeriod":1,"gracePeriodType":"M","serviceTaxRateFirstYr":4.5,"serviceTaxRateNextYrs":2.25,"serviceTaxRateEduCess":null,"topUpAllowed":null,"multiplyTopupAmt":null,"topupLimitCriteria":null,"topupNoPayBefMaturity":null,"planCategory":"ENP","freeCoverCond":null,"freeCoverFUP":null,"campaignStartDate":"2026-01-01","campaignEndDate":"2026-03-02","percentageofwaiver":30.0,"maxLimitofwaiver":3000.0,"waiversAllowedNum":1,"lateFeeWaiverInd":"Y","discountPercentFirstYr":3.0,"discountPercentSecondYr":2.0,"discountPercentThirdYr":1.0,"discountPercentSubYr":2.0,"discountFromDate":"2017-07-05","discountToDate":"2017-07-06","maxLimitWaiverFstYr":5.0,"maxLimitWaiverScndYr":4.0,"maxLimitWaiverThirdYr":3.0,"maxLimitWaiverSubYr":2.0,"discountParameter":null,"graceprdExtFlag":null,"graceprdExtFrmDate":null,"graceprdExtToDate":null,"graceprdPrcntWaiver":null,"maxWaiverLimitgraceprd":null,"gstCdCharge":0.0,"gstLateFeeRateFirstYr":18.0,"gstLateFeeRateNextYrs":18.0,"dateOfLaunch":"02/01/2002","beforeLaunch":"Y","centralGSTPercentage":50,"discountPeriod":null,"discountPeriodType":null},"eligible":false,"lateFeeRequired":false,"recordId":"O","premiumPayingTerm":21,"policyBenefits":"500000","taxExemption":false,"age":"45","eserviceEligible":false,"policyUlip":false,"dateOfLastPayment":"2025-10-28","dateOfMaturity":"2080-10-28","statusShortDesc":"Fully Paid-up","nav":"For NAV details please contact your Servicing Branch / Customer Zone","altChannelId":"00","riderPolicy":false,"minorChild":false,"accountingBookCode":1,"payedPolicy":false,"advancePayedPolicy":false,"lastAccountDate":"2025-10-22","noBonusYears":0,"bonusInfo":{"totalRevBonus":472000,"totalInterimBonus":0,"totalFAB":0,"totalGuaranty":0,"totalLoyalty":0,"totalOneTimeBonus":0.00,"messageCode":null,"calulationSheetHTML":"<table border=1><tr class=grey-bg><td>From</td><td>Upto</td><td>Year</td><td>Type</td><td>Factor</td><td>Rate</td><td>Bonus </td></tr><tr class=grey-bg><td>2005-10-28</td><td>2006-10-28</td><td>2006</td><td>V</td><td>1.0</td><td>44.00</td><td>22000.00</td></tr><tr class=grey-bg><td>2006-10-28</td><td>2007-10-28</td><td>2007</td><td>V</td><td>1.0</td><td>45.00</td><td>22500.00</td></tr><tr class=grey-bg><td>2007-10-28</td><td>2008-10-28</td><td>2008</td><td>V</td><td>1.0</td><td>45.00</td><td>22500.00</td></tr><tr class=grey-bg><td>2008-10-28</td><td>2009-10-28</td><td>2009</td><td>V</td><td>1.0</td><td>45.00</td><td>22500.00</td></tr><tr class=grey-bg><td>2009-10-28</td><td>2010-10-28</td><td>2010</td><td>V</td><td>1.0</td><td>45.00</td><td>22500.00</td></tr><tr class=grey-bg><td>2010-10-28</td><td>2011-10-28</td><td>2011</td><td>V</td><td>1.0</td><td>47.00</td><td>23500.00</td></tr><tr class=grey-bg><td>2011-10-28</td><td>2012-10-28</td><td>2012</td><td>V</td><td>1.0</td><td>47.00</td><td>23500.00</td></tr><tr class=grey-bg><td>2012-10-28</td><td>2013-10-28</td><td>2013</td><td>V</td><td>1.0</td><td>48.00</td><td>24000.00</td></tr><tr class=grey-bg><td>2013-10-28</td><td>2014-10-28</td><td>2014</td><td>V</td><td>1.0</td><td>48.00</td><td>24000.00</td></tr><tr class=grey-bg><td>2014-10-28</td><td>2015-10-28</td><td>2015</td><td>V</td><td>1.0</td><td>49.00</td><td>24500.00</td></tr><tr class=grey-bg><td>2015-10-28</td><td>2016-10-28</td><td>2016</td><td>V</td><td>1.0</td><td>64.00</td><td>24500.00</td></tr><tr class=grey-bg><td>2015-10-28</td><td>2016-10-28</td><td>2016</td><td>O</td><td>1.0</td><td>15.00</td><td>7500.00</td></tr><tr class=grey-bg><td>2016-10-28</td><td>2017-10-28</td><td>2017</td><td>V</td><td>1.0</td><td>49.00</td><td>24500.00</td></tr><tr class=grey-bg><td>2017-10-28</td><td>2018-10-28</td><td>2018</td><td>V</td><td>1.0</td><td>49.00</td><td>24500.00</td></tr><tr class=grey-bg><td>2018-10-28</td><td>2019-10-28</td><td>2019</td><td>V</td><td>1.0</td><td>49.00</td><td>24500.00</td></tr><tr class=grey-bg><td>2019-10-28</td><td>2020-10-28</td><td>2020</td><td>V</td><td>1.0</td><td>45.00</td><td>22500.00</td></tr><tr class=grey-bg><td>2020-10-28</td><td>2021-10-28</td><td>2021</td><td>V</td><td>1.0</td><td>45.00</td><td>22500.00</td></tr><tr class=grey-bg><td>2021-10-28</td><td>2022-10-28</td><td>2022</td><td>V</td><td>1.0</td><td>45.00</td><td>22500.00</td></tr><tr class=grey-bg><td>2022-10-28</td><td>2023-10-28</td><td>2023</td><td>V</td><td>1.0</td><td>45.00</td><td>22500.00</td></tr><tr class=grey-bg><td>2023-10-28</td><td>2024-10-28</td><td>2024</td><td>V</td><td>1.0</td><td>45.00</td><td>22500.00</td></tr><tr class=grey-bg><td>2024-10-28</td><td>2025-10-28</td><td>2025</td><td>V</td><td>1.0</td><td>45.00</td><td>22500.00</td></tr><tr class=grey-bg><td>2025-10-28</td><td>2026-10-28</td><td>2025</td><td>I</td><td>0.0</td><td>45.00</td><td>0.00</td></tr><tr class=grey-bg><td colspan=7>Total Rev Bonus : 472000.00   Total Interim Bonus : 0.00</td></tr></table> ","calulationSheetText":"From        Upto        Year Type Factor  Rate     Bonus \r\n2005-10-28  2006-10-28  2006  V     1.0   44.00    22000.00\r\n2006-10-28  2007-10-28  2007  V     1.0   45.00    22500.00\r\n2007-10-28  2008-10-28  2008  V     1.0   45.00    22500.00\r\n2008-10-28  2009-10-28  2009  V     1.0   45.00    22500.00\r\n2009-10-28  2010-10-28  2010  V     1.0   45.00    22500.00\r\n2010-10-28  2011-10-28  2011  V     1.0   47.00    23500.00\r\n2011-10-28  2012-10-28  2012  V     1.0   47.00    23500.00\r\n2012-10-28  2013-10-28  2013  V     1.0   48.00    24000.00\r\n2013-10-28  2014-10-28  2014  V     1.0   48.00    24000.00\r\n2014-10-28  2015-10-28  2015  V     1.0   49.00    24500.00\r\n2015-10-28  2016-10-28  2016  V     1.0   64.00    24500.00\r\n2015-10-28  2016-10-28  2016  O     1.0   15.00    7500.00\r\n2016-10-28  2017-10-28  2017  V     1.0   49.00    24500.00\r\n2017-10-28  2018-10-28  2018  V     1.0   49.00    24500.00\r\n2018-10-28  2019-10-28  2019  V     1.0   49.00    24500.00\r\n2019-10-28  2020-10-28  2020  V     1.0   45.00    22500.00\r\n2020-10-28  2021-10-28  2021  V     1.0   45.00    22500.00\r\n2021-10-28  2022-10-28  2022  V     1.0   45.00    22500.00\r\n2022-10-28  2023-10-28  2023  V     1.0   45.00    22500.00\r\n2023-10-28  2024-10-28  2024  V     1.0   45.00    22500.00\r\n2024-10-28  2025-10-28  2025  V     1.0   45.00    22500.00\r\n2025-10-28  2026-10-28  2025  I     0.0   45.00    0.00\r\n   Total Rev Bonus : 472000.00   Total Interim Bonus : 0.00\r\n "},"isSpotRevivalAllowed":false,"discountApplicable":false,"advancePaymetEligible":false,"maturitySumAssured":0,"gstInNumber":"null","lastTransactionDate":1761134987000,"transactionNumber":"26246216","transactionAllowed":true,"dateOfShowMaturity":"2080-10-28","panFlag":true,"neftFlag":false,"itPan":"AF******6C","neftStatus":"N","titleCode":"1","premiumGapFlag":false,"dghPolicyFlag":false,"policyExitStatus":false,"serviceRequestFlag":false,"nriGstFlag":false,"fyEndDate":"2026-03-31"},"person":{"policyNo":702163505,"birthDate":"1981-02-17","fullName":"Manigandan J","sex":"M","shortName":"Manigandan","age":"25","profileMobileNo":null,"profileEmail":null,"profileUnMaskMobileNo":null,"profileUnMaskEmail":null},"address":{"policyNo":702163505,"address1":"S/O Jeyaraman, Jei Ganesh Lorry Service","address2":"T.P.Kadu, Moolapallipatti Po","address3":"Namagiripet Via, Rasipuram Tk","addressId":1,"pin":637406},"branch":{"branchCode":"76F ","address1":"LIC OF INDIA - 76F","address2":"NAMAKKAL ROAD","address3":"RASIPURAM","branchIp":"10.128.42.194","branchName":"LIC of India, Rasipuram Br Office","city":null,"dcCode":"X070","divCode":70,"eaiIndication":"Y","emailId":"BO_76F@LICINDIA.COM","man":null,"odsIndication":"N","pin":null,"state":"null"},"agent":{"agencyCode":"02475768 ","address1":"S/O.Kuppusamy,","address2":"Veppampatti,V.Pudur Post,","address3":"Namakkal Dist.","agentName":"Sri K Natarajan","birthDate":"1963-04-21","category":1,"city":null,"disabilityCode":1,"enteredDate":1771896022000,"itaxPanNo":"ACOPN8484H","occupationCode":12,"pin":637018,"qualificationCode":4,"sex":"M"},"nominees":[{"policyNo":702163505,"nomineeAge":55,"nomineeDob":null,"nomineeId":1,"nomineeName":"JEYARAMAN","nomineeRegistrationDate":null,"nomineeRelation":"F","nomineeShare":100,"nomineeStatus":"B"}],"billingInfo":{"policyNumber":"702163505","nameOfAssured":"Manigandan J","planName":"Jeevan Anand","plan":149,"mode":"12","premium":25173,"sumAssured":500000,"status":null,"firstUnpaidPremiumDate":null,"nextFup":null,"dueAmount":null,"payedPolicy":false,"noOfDues":null,"eligible":false,"spotRevival":false},"policyContact":{"policyNo":702163505,"dataSource":"P","emailAddress":"jsmani81@gmail.com","enteredDate":1642968002186,"mobileNo":"919865143555","countryCode":null,"telephoneNo":"null","panNo":null},"policyExtra":{"accumTerm":0},"policyAnnuity":null,"userRegistered":"Y","assignmentDetails":[],"ulipExtra":{"giveCashAmount":null},"bonusErrorMessage":null,"qpayPolicy":{"policyNumber":"702163505","dob":"17/02/1981","emailId":"jsmani81@gmail.com","mobileNo":"9865143555","premium":"25173","key":"326079"}}



==== 24/02/2026 12:52:37 - GET-URL ======

https://mk-channel.licindia.in/Landing/



==== 25/02/2026 19:53:36 - OSTATTUS-RESPONSE-TOKEN ======

OkJta0fSkyLJHzNdJsXVGGWe/c8+oOi5j+JuTSPlrmtBTuYz4Mojb2erCMPGLdhinwQcyvFj787V0PnDjZyh3s+gMNlgTL9cZXb6UjamFEg+04ZQTi3lDZ+YxQD5aiJ+Ft+yARTxomnzHrfFjeGHPEbWZzLZynwJNf1819VoomPE3hurtyvFdq26QbjWRK7ESi3RKxk3uWTSxzSK2yT9dtOWviyrYjrfxcYD64to7YgKdWhM+OMbeYYamxAYakTYasOsr4ZnoeaaMNT5IRA1K3HrbwfByjuNRRFTVwHFVcPROchm/xzqCmQkPnYQmbdJKU6S4CQiGLxg40qHu5MX5SI0uzdpW+9mZXXBWSObdNe/uy7rUuaQ47jHTUvhjiPpi62Qu9YZ8ocuIcbqVw3FsoV3EZOV1WPz8YCa99Q7I2sxTq/xT7onP2OVoCL/XHsP663+oPGlk9qG3rf8ebIB68xp8uYhzSuDM6dsRoeWpQUc5AJutV56yKMN5E5oW3mAOJCI+K1d9E/imC5NMvBGqY/nbgsLZxhTpgIEwChfEhfJ3rn/F/tzeUiHD63HYNDwp1wDi+MpXvio8QLiHWYknXnp/FSc315a4/q7f4nnSlGfWNzPhrpzpgamvdXQ2ANBREQ0aW/IgKMYP9dtilODx9zgquW9rt9v4CqXJssS84T/D01c0etAGmXZoyXjobIMKYY+9NMh5RxRiNoImGF5kbRwXk84whzTPgGgul6e7S5D2PaG//PhGUkBWligvXR7D3lHzN3ADM0S9ni1boU3DG2t3Q6BTevCtlPEZLN71tDesTnar2ymM4VQCm+I+GK2HsJIeOYUrESZpuyXqc+xOlqSvtI0KGDkfB5s3fSAgwbyciXUMtfLWDEL3NvthGAqg5M8dRNXqQ42G3yRkN/P23+WzbkmJNtikkBhvAJqc6Cck7+vGvoEx4DLSp+RZKYsjzhjgl38OlZh95yuivLSw89BzhVd6aNV+KhfZCvDotgHyzgIJqvZ2e/KclhpWYCFrz5pKTtqFzQSYbD3cW1a2eChtSMTsoz018SdCivDnOgdxbXazrWc+JmJJfxNF0dfv1iTvgk16xpOTO/mWllOO548sP6g+NDKTiY5Tt4HKgakU+BHaKF0kniYD9VGt8IEhz35ZONsXdEk0hHGQL3kswMIGmwbRI37FY/j3zALnQ1MBp8bgkdIsNxL/hla+iqYDj4NIvpAjYPCIoMIolRvXyrS4abpoNejtIjQp3Q8OFZPPnyT3M+36L39ITWuscECl7t+oCjSw5edWTLsXkj+9ivnp52Hn0+lFz2gyomvaueGDgH1JAkDYW6BjmFD1Emn6Gz5t5pEHPEJfExSd4QS0SJM7350KS1VjQl+eJAR+IN/jShI/DvZGsvC1agsIAr2uoTXSgwyzpQzwGP6+l44CSvTz5hJmE7QUffZFG7Rlpy+Oek+a6tnd162VlzEAD25yPt5YnaG6L7G84zWLKNJ3MOOxenSIMpAWEdXtsdTTpQznG0R/Hk1W9HRKLEPUzvnEJAe7gLNJtgTh0w4FeIatIWtzPzp561in7jvT5mAUympvOjQHe0j2zfqwhCfvtqwFCqSIAFjdYqxzuRQ25LHaGrqBexVDgw0R3gHg9g6ueVii0UBlVxbyLWxcd2qwioJYQ6mtXYjQpB5vGEw7gnN4/Bz5gxnSj3+LBYJA7ViHIB2n6y5PwQxMBuk3GwJs4qrZ6XBSDKgqoU4a8I/Q9YXUCNj8YBBOt9kzYpYE+MhABRSxL6Fqa6tYbLq3j8sPSPwZuU3TrNlDVTduBOjKBJhsZoVa2ZxliZ4Xto3pBTyMDhkg5zhOAU72oneKHKiR2pCMk5i/o3Sq1MJTAh42Vc1NwP38EOzbHx55DLtSOJwLPykPIWywRoKjN7XJZEOANtOdEpe0sygs6vBCBDvKSjEst/OKYS7G6Iuo0U=



==== 25/02/2026 19:53:37 - OSTATTUS-RESPONSE-TOKEN ======

eyJhbGciOiJIUzUxMiJ9.eyJzdWIiOiJJREFNMjYwNzIwMjIzMTgwODk1IiwiYWdlbmN5X2NvZGUiOm51bGwsImNyZWF0ZWQiOjE3NzIwMjkyMDA5MDksImFjY2Vzc19jb2RlIjoiZXlKaGJHY2lPaUpTVXpJMU5pSXNJblI1Y0NJNklrcFhWQ0o5LmV5SnpkV0lpT2lKSlJFRk5Nall3TnpJd01qSXpNVGd3T0RrMUlpd2labTVoYldVaU9pSklSVVZTUVNCTVFVd2dWRUZKVEU5U0lpd2lkWE5sY25OMFlYUjFjeUk2SWpFaUxDSmxiblJwZEhsc2FYTjBJanBiSWt4SlExOURWVk5VVDAxRlVsOVFUMUpVUVV3aVhTd2ljbTlzWlhNaU9sc2lSRThpWFN3aWFYTnpJam9pUVZKWUlpd2liVzlpYVd4bElqb2lPVGsxTURBME1URTBOU0lzSW1GMVpDSTZJbVJsWm1GMWJIUWlMQ0pzYm1GdFpTSTZJa2hGUlZKQklFeEJUQ0JVUVVsTVQxSWlMQ0oxYzJWeVZIbHdaU0k2SWpFaUxDSmxlSEFpT2pFM056SXdOVGMzTmpZc0ltbGhkQ0k2TVRjM01qQXlPRGsyTml3aWFuUnBJam9pTnprNFl6TmlaVFV0TWpkbFlTMDBPVEU0TFRnNFl6RXROMlEzWXpKaE5EY3paV1ZpSWl3aVpXNTBhWFI1SWpvaVRFbERYME5WVTFSUFRVVlNYMUJQVWxSQlRDSXNJbVZ0WVdsc0lqb2lhR3d1ZEdGcGJHOXlRR3hwWTJsdVpHbGhMbU52YlNKOS5YSEpRSGhzdVBTa1Z1RWVIYWszbmM2M2pGY1pjQ0I3VEVkZUtpRUxHdmVyR1oyMHVnRm5uM2FVVy1fdFM5empZWUt2Q1VabjdRTG96aHpzdEJERkh2VWVtVkNrMThKYUxFV3NLV0pvRm1ZOXdZSHlhRmlRTGFyaGh0VXNFSWJ4M0puYkdhYVVHV2p2NG9IRTRpMU5uYUROemdibUdZSFgyd0U3RjI0SU5HUnNwMHRGVVdBdXozVDA5MktiMlNYVkFKUF9YRklqV3YtS3E3M3pJZ0VQWTBQRTRuSmh2LUplYmpZUU84MmIzejNhMmY0dnRlQ0hHdlRqZGRsaDFPdmxUZ1EyN2JQQ1Q1cTNmemhNWVNJaUJ5dTRYTDRHWnlTQ2ZZSlpYRjU2T3pUc0xJYUFhS000TlFjZmNUOFQwMGpOQ2tCNzgxdFdHSWpKb195RzJ6aEtKYmciLCJyb2xlcyI6WyJETyJdLCJjbGllbnRJcCI6bnVsbCwiZW50aXRsZW1lbnQiOltdfQ.US-gu2F7izo4HOGdTWGpT3p4nuQr43TWuHPuKu6mgORWWjJLqILvEAaVQaTtm3ZVWVKNZhXzu3m2Cw62dbbwAQ



==== 25/02/2026 19:53:37 - POST-URL ======

https://ebizapp01.licindia.in/BFFService/policy/policyInfo?_dc=1772029417165



==== 25/02/2026 19:53:42 - POST-URL ======

<!DOCTYPE html>
<!--[if lt IE 7]> <html class="no-js ie6 oldie" lang="en-US"> <![endif]-->
<!--[if IE 7]>    <html class="no-js ie7 oldie" lang="en-US"> <![endif]-->
<!--[if IE 8]>    <html class="no-js ie8 oldie" lang="en-US"> <![endif]-->
<!--[if gt IE 8]><!--> <html class="no-js" lang="en-US"> <!--<![endif]-->
<head>
<title>Attention Required! | Cloudflare</title>
<meta charset="UTF-8" />
<meta http-equiv="Content-Type" content="text/html; charset=UTF-8" />
<meta http-equiv="X-UA-Compatible" content="IE=Edge" />
<meta name="robots" content="noindex, nofollow" />
<meta name="viewport" content="width=device-width,initial-scale=1" />
<link rel="stylesheet" id="cf_styles-css" href="/cdn-cgi/styles/cf.errors.css" />
<!--[if lt IE 9]><link rel="stylesheet" id='cf_styles-ie-css' href="/cdn-cgi/styles/cf.errors.ie.css" /><![endif]-->
<style>body{margin:0;padding:0}</style>


<!--[if gte IE 10]><!-->
<script>
  if (!navigator.cookieEnabled) {
    window.addEventListener('DOMContentLoaded', function () {
      var cookieEl = document.getElementById('cookie-alert');
      cookieEl.style.display = 'block';
    })
  }
</script>
<!--<![endif]-->


</head>
<body>
  <div id="cf-wrapper">
    <div class="cf-alert cf-alert-error cf-cookie-error" id="cookie-alert" data-translate="enable_cookies">Please enable cookies.</div>
    <div id="cf-error-details" class="cf-error-details-wrapper">
      <div class="cf-wrapper cf-header cf-error-overview">
        <h1 data-translate="block_headline">Sorry, you have been blocked</h1>
        <h2 class="cf-subheadline"><span data-translate="unable_to_access">You are unable to access</span> licindia.in</h2>
      </div><!-- /.header -->

      <div class="cf-section cf-highlight">
        <div class="cf-wrapper">
          <div class="cf-screenshot-container cf-screenshot-full">
            
              <span class="cf-no-screenshot error"></span>
            
          </div>
        </div>
      </div><!-- /.captcha-container -->

      <div class="cf-section cf-wrapper">
        <div class="cf-columns two">
          <div class="cf-column">
            <h2 data-translate="blocked_why_headline">Why have I been blocked?</h2>

            <p data-translate="blocked_why_detail">This website is using a security service to protect itself from online attacks. The action you just performed triggered the security solution. There are several actions that could trigger this block including submitting a certain word or phrase, a SQL command or malformed data.</p>
          </div>

          <div class="cf-column">
            <h2 data-translate="blocked_resolve_headline">What can I do to resolve this?</h2>

            <p data-translate="blocked_resolve_detail">You can email the site owner to let them know you were blocked. Please include what you were doing when this page came up and the Cloudflare Ray ID found at the bottom of this page.</p>
          </div>
        </div>
      </div><!-- /.section -->

      <div class="cf-error-footer cf-wrapper w-240 lg:w-full py-10 sm:py-4 sm:px-8 mx-auto text-center sm:text-left border-solid border-0 border-t border-gray-300">
  <p class="text-13">
    <span class="cf-footer-item sm:block sm:mb-1">Cloudflare Ray ID: <strong class="font-semibold">9d37dcb1fa3d380b</strong></span>
    <span class="cf-footer-separator sm:hidden">&bull;</span>
    <span id="cf-footer-item-ip" class="cf-footer-item hidden sm:block sm:mb-1">
      Your IP:
      <button type="button" id="cf-footer-ip-reveal" class="cf-footer-ip-reveal-btn">Click to reveal</button>
      <span class="hidden" id="cf-footer-ip">157.51.110.17</span>
      <span class="cf-footer-separator sm:hidden">&bull;</span>
    </span>
    <span class="cf-footer-item sm:block sm:mb-1"><span>Performance &amp; security by</span> <a rel="noopener noreferrer" href="https://www.cloudflare.com/5xx-error-landing" id="brand_link" target="_blank">Cloudflare</a></span>
    
  </p>
  <script>(function(){function d(){var b=a.getElementById("cf-footer-item-ip"),c=a.getElementById("cf-footer-ip-reveal");b&&"classList"in b&&(b.classList.remove("hidden"),c.addEventListener("click",function(){c.classList.add("hidden");a.getElementById("cf-footer-ip").classList.remove("hidden")}))}var a=document;document.addEventListener&&a.addEventListener("DOMContentLoaded",d)})();</script>
</div><!-- /.error-footer -->


    </div><!-- /#cf-error-details -->
  </div><!-- /#cf-wrapper -->

  <script>
  window._cf_translation = {};
  
  
</script>

</body>
</html>




==== 25/02/2026 19:54:11 - OSTATUS-DATA ======

<!DOCTYPE html>
<!--[if lt IE 7]> <html class="no-js ie6 oldie" lang="en-US"> <![endif]-->
<!--[if IE 7]>    <html class="no-js ie7 oldie" lang="en-US"> <![endif]-->
<!--[if IE 8]>    <html class="no-js ie8 oldie" lang="en-US"> <![endif]-->
<!--[if gt IE 8]><!--> <html class="no-js" lang="en-US"> <!--<![endif]-->
<head>
<title>Attention Required! | Cloudflare</title>
<meta charset="UTF-8" />
<meta http-equiv="Content-Type" content="text/html; charset=UTF-8" />
<meta http-equiv="X-UA-Compatible" content="IE=Edge" />
<meta name="robots" content="noindex, nofollow" />
<meta name="viewport" content="width=device-width,initial-scale=1" />
<link rel="stylesheet" id="cf_styles-css" href="/cdn-cgi/styles/cf.errors.css" />
<!--[if lt IE 9]><link rel="stylesheet" id='cf_styles-ie-css' href="/cdn-cgi/styles/cf.errors.ie.css" /><![endif]-->
<style>body{margin:0;padding:0}</style>


<!--[if gte IE 10]><!-->
<script>
  if (!navigator.cookieEnabled) {
    window.addEventListener('DOMContentLoaded', function () {
      var cookieEl = document.getElementById('cookie-alert');
      cookieEl.style.display = 'block';
    })
  }
</script>
<!--<![endif]-->


</head>
<body>
  <div id="cf-wrapper">
    <div class="cf-alert cf-alert-error cf-cookie-error" id="cookie-alert" data-translate="enable_cookies">Please enable cookies.</div>
    <div id="cf-error-details" class="cf-error-details-wrapper">
      <div class="cf-wrapper cf-header cf-error-overview">
        <h1 data-translate="block_headline">Sorry, you have been blocked</h1>
        <h2 class="cf-subheadline"><span data-translate="unable_to_access">You are unable to access</span> licindia.in</h2>
      </div><!-- /.header -->

      <div class="cf-section cf-highlight">
        <div class="cf-wrapper">
          <div class="cf-screenshot-container cf-screenshot-full">
            
              <span class="cf-no-screenshot error"></span>
            
          </div>
        </div>
      </div><!-- /.captcha-container -->

      <div class="cf-section cf-wrapper">
        <div class="cf-columns two">
          <div class="cf-column">
            <h2 data-translate="blocked_why_headline">Why have I been blocked?</h2>

            <p data-translate="blocked_why_detail">This website is using a security service to protect itself from online attacks. The action you just performed triggered the security solution. There are several actions that could trigger this block including submitting a certain word or phrase, a SQL command or malformed data.</p>
          </div>

          <div class="cf-column">
            <h2 data-translate="blocked_resolve_headline">What can I do to resolve this?</h2>

            <p data-translate="blocked_resolve_detail">You can email the site owner to let them know you were blocked. Please include what you were doing when this page came up and the Cloudflare Ray ID found at the bottom of this page.</p>
          </div>
        </div>
      </div><!-- /.section -->

      <div class="cf-error-footer cf-wrapper w-240 lg:w-full py-10 sm:py-4 sm:px-8 mx-auto text-center sm:text-left border-solid border-0 border-t border-gray-300">
  <p class="text-13">
    <span class="cf-footer-item sm:block sm:mb-1">Cloudflare Ray ID: <strong class="font-semibold">9d37dcb1fa3d380b</strong></span>
    <span class="cf-footer-separator sm:hidden">&bull;</span>
    <span id="cf-footer-item-ip" class="cf-footer-item hidden sm:block sm:mb-1">
      Your IP:
      <button type="button" id="cf-footer-ip-reveal" class="cf-footer-ip-reveal-btn">Click to reveal</button>
      <span class="hidden" id="cf-footer-ip">157.51.110.17</span>
      <span class="cf-footer-separator sm:hidden">&bull;</span>
    </span>
    <span class="cf-footer-item sm:block sm:mb-1"><span>Performance &amp; security by</span> <a rel="noopener noreferrer" href="https://www.cloudflare.com/5xx-error-landing" id="brand_link" target="_blank">Cloudflare</a></span>
    
  </p>
  <script>(function(){function d(){var b=a.getElementById("cf-footer-item-ip"),c=a.getElementById("cf-footer-ip-reveal");b&&"classList"in b&&(b.classList.remove("hidden"),c.addEventListener("click",function(){c.classList.add("hidden");a.getElementById("cf-footer-ip").classList.remove("hidden")}))}var a=document;document.addEventListener&&a.addEventListener("DOMContentLoaded",d)})();</script>
</div><!-- /.error-footer -->


    </div><!-- /#cf-error-details -->
  </div><!-- /#cf-wrapper -->

  <script>
  window._cf_translation = {};
  
  
</script>

</body>
</html>




==== 25/02/2026 19:54:20 - POST-URL ======

https://ebizapp01.licindia.in/BFFService/policy/policyInfo?_dc=1772029460331



==== 25/02/2026 19:54:20 - POST-URL_TRYCATCH ======

Unable to resolve host "ebizapp01.licindia.in": No address associated with hostname   at Java.Interop.JniEnvironment.InstanceMethods.CallObjectMethod(JniObjectReference , JniMethodInfo )
   at Android.Runtime.JNIEnv.CallObjectMethod(IntPtr , IntPtr )
   at Square.OkHttp3.ICallInvoker.Execute()
   at bma.pt.NewClass.<>c__DisplayClass24_0.<postURL>b__0()
  --- End of managed Java.IO.IOException stack trace ---
java.net.UnknownHostException: Unable to resolve host "ebizapp01.licindia.in": No address associated with hostname
	at java.net.Inet6AddressImpl.lookupHostByName(Inet6AddressImpl.java:156)
	at java.net.Inet6AddressImpl.lookupAllHostAddr(Inet6AddressImpl.java:103)
	at java.net.InetAddress.getAllByName(InetAddress.java:1152)
	at okhttp3.Dns$Companion$DnsSystem.lookup(Dns.kt:50)
	at okhttp3.internal.connection.RouteSelector.resetNextInetSocketAddress(RouteSelector.kt:170)
	at okhttp3.internal.connection.RouteSelector.nextProxy(RouteSelector.kt:132)
	at okhttp3.internal.connection.RouteSelector.next(RouteSelector.kt:70)
	at okhttp3.internal.connection.RealRoutePlanner.planConnect$okhttp(RealRoutePlanner.kt:164)
	at okhttp3.internal.connection.RealRoutePlanner.plan(RealRoutePlanner.kt:75)
	at okhttp3.internal.connection.FastFallbackExchangeFinder.launchTcpConnect(FastFallbackExchangeFinder.kt:119)
	at okhttp3.internal.connection.FastFallbackExchangeFinder.find(FastFallbackExchangeFinder.kt:62)
	at okhttp3.internal.connection.RealCall.initExchange$okhttp(RealCall.kt:298)
	at okhttp3.internal.connection.ConnectInterceptor.intercept(ConnectInterceptor.kt:32)
	at okhttp3.internal.http.RealInterceptorChain.proceed(RealInterceptorChain.kt:126)
	at okhttp3.internal.cache.CacheInterceptor.intercept(CacheInterceptor.kt:101)
	at okhttp3.internal.http.RealInterceptorChain.proceed(RealInterceptorChain.kt:126)
	at okhttp3.internal.http.BridgeInterceptor.intercept(BridgeInterceptor.kt:85)
	at okhttp3.internal.http.RealInterceptorChain.proceed(RealInterceptorChain.kt:126)
	at okhttp3.internal.http.RetryAndFollowUpInterceptor.intercept(RetryAndFollowUpInterceptor.kt:74)
	at okhttp3.internal.http.RealInterceptorChain.proceed(RealInterceptorChain.kt:126)
	at okhttp3.logging.HttpLoggingInterceptor.intercept(HttpLoggingInterceptor.kt:152)
	at okhttp3.internal.http.RealInterceptorChain.proceed(RealInterceptorChain.kt:126)
	at okhttp3.internal.connection.RealCall.getResponseWithInterceptorChain$okhttp(RealCall.kt:226)
	at okhttp3.internal.connection.RealCall.execute(RealCall.kt:178)
Caused by: android.system.GaiException: android_getaddrinfo failed: EAI_NODATA (No address associated with hostname)
	at libcore.io.Linux.android_getaddrinfo(Native Method)
	at libcore.io.ForwardingOs.android_getaddrinfo(ForwardingOs.java:134)
	at libcore.io.BlockGuardOs.android_getaddrinfo(BlockGuardOs.java:222)
	at libcore.io.ForwardingOs.android_getaddrinfo(ForwardingOs.java:134)
	at java.net.Inet6AddressImpl.lookupHostByName(Inet6AddressImpl.java:135)
	... 23 more




==== 25/02/2026 19:54:20 - OSTATUS-DATA ======





==== 25/02/2026 19:54:26 - POST-URL ======

https://ebizapp01.licindia.in/BFFService/policy/policyInfo?_dc=1772029466891



==== 25/02/2026 19:54:26 - POST-URL_TRYCATCH ======

Unable to resolve host "ebizapp01.licindia.in": No address associated with hostname   at Java.Interop.JniEnvironment.InstanceMethods.CallObjectMethod(JniObjectReference , JniMethodInfo )
   at Android.Runtime.JNIEnv.CallObjectMethod(IntPtr , IntPtr )
   at Square.OkHttp3.ICallInvoker.Execute()
   at bma.pt.NewClass.<>c__DisplayClass24_0.<postURL>b__0()
  --- End of managed Java.IO.IOException stack trace ---
java.net.UnknownHostException: Unable to resolve host "ebizapp01.licindia.in": No address associated with hostname
	at java.net.Inet6AddressImpl.lookupHostByName(Inet6AddressImpl.java:156)
	at java.net.Inet6AddressImpl.lookupAllHostAddr(Inet6AddressImpl.java:103)
	at java.net.InetAddress.getAllByName(InetAddress.java:1152)
	at okhttp3.Dns$Companion$DnsSystem.lookup(Dns.kt:50)
	at okhttp3.internal.connection.RouteSelector.resetNextInetSocketAddress(RouteSelector.kt:170)
	at okhttp3.internal.connection.RouteSelector.nextProxy(RouteSelector.kt:132)
	at okhttp3.internal.connection.RouteSelector.next(RouteSelector.kt:70)
	at okhttp3.internal.connection.RealRoutePlanner.planConnect$okhttp(RealRoutePlanner.kt:164)
	at okhttp3.internal.connection.RealRoutePlanner.plan(RealRoutePlanner.kt:75)
	at okhttp3.internal.connection.FastFallbackExchangeFinder.launchTcpConnect(FastFallbackExchangeFinder.kt:119)
	at okhttp3.internal.connection.FastFallbackExchangeFinder.find(FastFallbackExchangeFinder.kt:62)
	at okhttp3.internal.connection.RealCall.initExchange$okhttp(RealCall.kt:298)
	at okhttp3.internal.connection.ConnectInterceptor.intercept(ConnectInterceptor.kt:32)
	at okhttp3.internal.http.RealInterceptorChain.proceed(RealInterceptorChain.kt:126)
	at okhttp3.internal.cache.CacheInterceptor.intercept(CacheInterceptor.kt:101)
	at okhttp3.internal.http.RealInterceptorChain.proceed(RealInterceptorChain.kt:126)
	at okhttp3.internal.http.BridgeInterceptor.intercept(BridgeInterceptor.kt:85)
	at okhttp3.internal.http.RealInterceptorChain.proceed(RealInterceptorChain.kt:126)
	at okhttp3.internal.http.RetryAndFollowUpInterceptor.intercept(RetryAndFollowUpInterceptor.kt:74)
	at okhttp3.internal.http.RealInterceptorChain.proceed(RealInterceptorChain.kt:126)
	at okhttp3.logging.HttpLoggingInterceptor.intercept(HttpLoggingInterceptor.kt:152)
	at okhttp3.internal.http.RealInterceptorChain.proceed(RealInterceptorChain.kt:126)
	at okhttp3.internal.connection.RealCall.getResponseWithInterceptorChain$okhttp(RealCall.kt:226)
	at okhttp3.internal.connection.RealCall.execute(RealCall.kt:178)
Caused by: android.system.GaiException: android_getaddrinfo failed: EAI_NODATA (No address associated with hostname)
	at libcore.io.Linux.android_getaddrinfo(Native Method)
	at libcore.io.ForwardingOs.android_getaddrinfo(ForwardingOs.java:134)
	at libcore.io.BlockGuardOs.android_getaddrinfo(BlockGuardOs.java:222)
	at libcore.io.ForwardingOs.android_getaddrinfo(ForwardingOs.java:134)
	at java.net.Inet6AddressImpl.lookupHostByName(Inet6AddressImpl.java:135)
	... 23 more




==== 25/02/2026 19:54:27 - OSTATUS-DATA ======





==== 25/02/2026 19:54:39 - POST-URL ======

https://ebizapp01.licindia.in/BFFService/policy/policyInfo?_dc=1772029479045



==== 25/02/2026 19:54:39 - POST-URL_TRYCATCH ======

Unable to resolve host "ebizapp01.licindia.in": No address associated with hostname   at Java.Interop.JniEnvironment.InstanceMethods.CallObjectMethod(JniObjectReference , JniMethodInfo )
   at Android.Runtime.JNIEnv.CallObjectMethod(IntPtr , IntPtr )
   at Square.OkHttp3.ICallInvoker.Execute()
   at bma.pt.NewClass.<>c__DisplayClass24_0.<postURL>b__0()
  --- End of managed Java.IO.IOException stack trace ---
java.net.UnknownHostException: Unable to resolve host "ebizapp01.licindia.in": No address associated with hostname
	at java.net.Inet6AddressImpl.lookupHostByName(Inet6AddressImpl.java:156)
	at java.net.Inet6AddressImpl.lookupAllHostAddr(Inet6AddressImpl.java:103)
	at java.net.InetAddress.getAllByName(InetAddress.java:1152)
	at okhttp3.Dns$Companion$DnsSystem.lookup(Dns.kt:50)
	at okhttp3.internal.connection.RouteSelector.resetNextInetSocketAddress(RouteSelector.kt:170)
	at okhttp3.internal.connection.RouteSelector.nextProxy(RouteSelector.kt:132)
	at okhttp3.internal.connection.RouteSelector.next(RouteSelector.kt:70)
	at okhttp3.internal.connection.RealRoutePlanner.planConnect$okhttp(RealRoutePlanner.kt:164)
	at okhttp3.internal.connection.RealRoutePlanner.plan(RealRoutePlanner.kt:75)
	at okhttp3.internal.connection.FastFallbackExchangeFinder.launchTcpConnect(FastFallbackExchangeFinder.kt:119)
	at okhttp3.internal.connection.FastFallbackExchangeFinder.find(FastFallbackExchangeFinder.kt:62)
	at okhttp3.internal.connection.RealCall.initExchange$okhttp(RealCall.kt:298)
	at okhttp3.internal.connection.ConnectInterceptor.intercept(ConnectInterceptor.kt:32)
	at okhttp3.internal.http.RealInterceptorChain.proceed(RealInterceptorChain.kt:126)
	at okhttp3.internal.cache.CacheInterceptor.intercept(CacheInterceptor.kt:101)
	at okhttp3.internal.http.RealInterceptorChain.proceed(RealInterceptorChain.kt:126)
	at okhttp3.internal.http.BridgeInterceptor.intercept(BridgeInterceptor.kt:85)
	at okhttp3.internal.http.RealInterceptorChain.proceed(RealInterceptorChain.kt:126)
	at okhttp3.internal.http.RetryAndFollowUpInterceptor.intercept(RetryAndFollowUpInterceptor.kt:74)
	at okhttp3.internal.http.RealInterceptorChain.proceed(RealInterceptorChain.kt:126)
	at okhttp3.logging.HttpLoggingInterceptor.intercept(HttpLoggingInterceptor.kt:152)
	at okhttp3.internal.http.RealInterceptorChain.proceed(RealInterceptorChain.kt:126)
	at okhttp3.internal.connection.RealCall.getResponseWithInterceptorChain$okhttp(RealCall.kt:226)
	at okhttp3.internal.connection.RealCall.execute(RealCall.kt:178)
Caused by: android.system.GaiException: android_getaddrinfo failed: EAI_NODATA (No address associated with hostname)
	at libcore.io.Linux.android_getaddrinfo(Native Method)
	at libcore.io.ForwardingOs.android_getaddrinfo(ForwardingOs.java:134)
	at libcore.io.BlockGuardOs.android_getaddrinfo(BlockGuardOs.java:222)
	at libcore.io.ForwardingOs.android_getaddrinfo(ForwardingOs.java:134)
	at java.net.Inet6AddressImpl.lookupHostByName(Inet6AddressImpl.java:135)
	... 23 more




==== 25/02/2026 19:54:39 - OSTATUS-DATA ======





==== 25/02/2026 19:54:39 - POST-URL ======

https://ebizapp01.licindia.in/BFFService/policy/policyPremiumInfo?_dc=1772029479105



==== 25/02/2026 19:54:39 - POST-URL_TRYCATCH ======

Unable to resolve host "ebizapp01.licindia.in": No address associated with hostname   at Java.Interop.JniEnvironment.InstanceMethods.CallObjectMethod(JniObjectReference , JniMethodInfo )
   at Android.Runtime.JNIEnv.CallObjectMethod(IntPtr , IntPtr )
   at Square.OkHttp3.ICallInvoker.Execute()
   at bma.pt.NewClass.<>c__DisplayClass24_0.<postURL>b__0()
  --- End of managed Java.IO.IOException stack trace ---
java.net.UnknownHostException: Unable to resolve host "ebizapp01.licindia.in": No address associated with hostname
	at java.net.Inet6AddressImpl.lookupHostByName(Inet6AddressImpl.java:124)
	at java.net.Inet6AddressImpl.lookupAllHostAddr(Inet6AddressImpl.java:103)
	at java.net.InetAddress.getAllByName(InetAddress.java:1152)
	at okhttp3.Dns$Companion$DnsSystem.lookup(Dns.kt:50)
	at okhttp3.internal.connection.RouteSelector.resetNextInetSocketAddress(RouteSelector.kt:170)
	at okhttp3.internal.connection.RouteSelector.nextProxy(RouteSelector.kt:132)
	at okhttp3.internal.connection.RouteSelector.next(RouteSelector.kt:70)
	at okhttp3.internal.connection.RealRoutePlanner.planConnect$okhttp(RealRoutePlanner.kt:164)
	at okhttp3.internal.connection.RealRoutePlanner.plan(RealRoutePlanner.kt:75)
	at okhttp3.internal.connection.FastFallbackExchangeFinder.launchTcpConnect(FastFallbackExchangeFinder.kt:119)
	at okhttp3.internal.connection.FastFallbackExchangeFinder.find(FastFallbackExchangeFinder.kt:62)
	at okhttp3.internal.connection.RealCall.initExchange$okhttp(RealCall.kt:298)
	at okhttp3.internal.connection.ConnectInterceptor.intercept(ConnectInterceptor.kt:32)
	at okhttp3.internal.http.RealInterceptorChain.proceed(RealInterceptorChain.kt:126)
	at okhttp3.internal.cache.CacheInterceptor.intercept(CacheInterceptor.kt:101)
	at okhttp3.internal.http.RealInterceptorChain.proceed(RealInterceptorChain.kt:126)
	at okhttp3.internal.http.BridgeInterceptor.intercept(BridgeInterceptor.kt:85)
	at okhttp3.internal.http.RealInterceptorChain.proceed(RealInterceptorChain.kt:126)
	at okhttp3.internal.http.RetryAndFollowUpInterceptor.intercept(RetryAndFollowUpInterceptor.kt:74)
	at okhttp3.internal.http.RealInterceptorChain.proceed(RealInterceptorChain.kt:126)
	at okhttp3.logging.HttpLoggingInterceptor.intercept(HttpLoggingInterceptor.kt:152)
	at okhttp3.internal.http.RealInterceptorChain.proceed(RealInterceptorChain.kt:126)
	at okhttp3.internal.connection.RealCall.getResponseWithInterceptorChain$okhttp(RealCall.kt:226)
	at okhttp3.internal.connection.RealCall.execute(RealCall.kt:178)




==== 25/02/2026 19:54:49 - POST-URL ======

https://ebizapp01.licindia.in/BFFService/policy/billingInfo?policyNumber=709806917&_dc=1772029489754



==== 25/02/2026 19:54:49 - POST-URL_TRYCATCH ======

Unable to resolve host "ebizapp01.licindia.in": No address associated with hostname   at Java.Interop.JniEnvironment.InstanceMethods.CallObjectMethod(JniObjectReference , JniMethodInfo )
   at Android.Runtime.JNIEnv.CallObjectMethod(IntPtr , IntPtr )
   at Square.OkHttp3.ICallInvoker.Execute()
   at bma.pt.NewClass.<>c__DisplayClass24_0.<postURL>b__0()
  --- End of managed Java.IO.IOException stack trace ---
java.net.UnknownHostException: Unable to resolve host "ebizapp01.licindia.in": No address associated with hostname
	at java.net.Inet6AddressImpl.lookupHostByName(Inet6AddressImpl.java:156)
	at java.net.Inet6AddressImpl.lookupAllHostAddr(Inet6AddressImpl.java:103)
	at java.net.InetAddress.getAllByName(InetAddress.java:1152)
	at okhttp3.Dns$Companion$DnsSystem.lookup(Dns.kt:50)
	at okhttp3.internal.connection.RouteSelector.resetNextInetSocketAddress(RouteSelector.kt:170)
	at okhttp3.internal.connection.RouteSelector.nextProxy(RouteSelector.kt:132)
	at okhttp3.internal.connection.RouteSelector.next(RouteSelector.kt:70)
	at okhttp3.internal.connection.RealRoutePlanner.planConnect$okhttp(RealRoutePlanner.kt:164)
	at okhttp3.internal.connection.RealRoutePlanner.plan(RealRoutePlanner.kt:75)
	at okhttp3.internal.connection.FastFallbackExchangeFinder.launchTcpConnect(FastFallbackExchangeFinder.kt:119)
	at okhttp3.internal.connection.FastFallbackExchangeFinder.find(FastFallbackExchangeFinder.kt:62)
	at okhttp3.internal.connection.RealCall.initExchange$okhttp(RealCall.kt:298)
	at okhttp3.internal.connection.ConnectInterceptor.intercept(ConnectInterceptor.kt:32)
	at okhttp3.internal.http.RealInterceptorChain.proceed(RealInterceptorChain.kt:126)
	at okhttp3.internal.cache.CacheInterceptor.intercept(CacheInterceptor.kt:101)
	at okhttp3.internal.http.RealInterceptorChain.proceed(RealInterceptorChain.kt:126)
	at okhttp3.internal.http.BridgeInterceptor.intercept(BridgeInterceptor.kt:85)
	at okhttp3.internal.http.RealInterceptorChain.proceed(RealInterceptorChain.kt:126)
	at okhttp3.internal.http.RetryAndFollowUpInterceptor.intercept(RetryAndFollowUpInterceptor.kt:74)
	at okhttp3.internal.http.RealInterceptorChain.proceed(RealInterceptorChain.kt:126)
	at okhttp3.logging.HttpLoggingInterceptor.intercept(HttpLoggingInterceptor.kt:152)
	at okhttp3.internal.http.RealInterceptorChain.proceed(RealInterceptorChain.kt:126)
	at okhttp3.internal.connection.RealCall.getResponseWithInterceptorChain$okhttp(RealCall.kt:226)
	at okhttp3.internal.connection.RealCall.execute(RealCall.kt:178)
Caused by: android.system.GaiException: android_getaddrinfo failed: EAI_NODATA (No address associated with hostname)
	at libcore.io.Linux.android_getaddrinfo(Native Method)
	at libcore.io.ForwardingOs.android_getaddrinfo(ForwardingOs.java:134)
	at libcore.io.BlockGuardOs.android_getaddrinfo(BlockGuardOs.java:222)
	at libcore.io.ForwardingOs.android_getaddrinfo(ForwardingOs.java:134)
	at java.net.Inet6AddressImpl.lookupHostByName(Inet6AddressImpl.java:135)
	... 23 more




==== 26/02/2026 17:25:46 - S3 Cloud Backup Upload Error (2) ======

Connection failure   at Xamarin.Android.Net.AndroidMessageHandler.<>c__DisplayClass137_0.<ConnectAsync>b__0()
   at System.Threading.Tasks.Task.InnerInvoke()
   at System.Threading.Tasks.Task.<>c.<.cctor>b__292_0(Object obj)
   at System.Threading.ExecutionContext.RunFromThreadPoolDispatchLoop(Thread , ExecutionContext , ContextCallback , Object )
--- End of stack trace from previous location ---
   at System.Threading.ExecutionContext.RunFromThreadPoolDispatchLoop(Thread , ExecutionContext , ContextCallback , Object )
   at System.Threading.Tasks.Task.ExecuteWithThreadLocal(Task& , Thread )
--- End of stack trace from previous location ---
   at Xamarin.Android.Net.AndroidMessageHandler.DoProcessRequest(HttpRequestMessage , URL , HttpURLConnection , CancellationToken , RequestRedirectionState )
   at Xamarin.Android.Net.AndroidMessageHandler.DoSendAsync(HttpRequestMessage , CancellationToken )
   at System.Net.Http.HttpClient.<SendAsync>g__Core|83_0(HttpRequestMessage , HttpCompletionOption , CancellationTokenSource , Boolean , CancellationTokenSource , CancellationToken )
   at Amazon.Runtime.HttpWebRequestMessage.GetResponseAsync(CancellationToken cancellationToken)
   at Amazon.Runtime.Internal.HttpHandler`1.<InvokeAsync>d__9`1[[System.Net.Http.HttpContent, System.Net.Http, Version=9.0.0.0, Culture=neutral, PublicKeyToken=b03f5f7f11d50a3a],[Amazon.S3.Model.PutObjectResponse, AWSSDK.S3, Version=3.3.0.0, Culture=neutral, PublicKeyToken=885c28607f98e604]].MoveNext()
   at Amazon.Runtime.Internal.RedirectHandler.<InvokeAsync>d__1`1[[Amazon.S3.Model.PutObjectResponse, AWSSDK.S3, Version=3.3.0.0, Culture=neutral, PublicKeyToken=885c28607f98e604]].MoveNext()
   at Amazon.Runtime.Internal.Unmarshaller.<InvokeAsync>d__3`1[[Amazon.S3.Model.PutObjectResponse, AWSSDK.S3, Version=3.3.0.0, Culture=neutral, PublicKeyToken=885c28607f98e604]].MoveNext()
   at Amazon.S3.Internal.AmazonS3ResponseHandler.<InvokeAsync>d__1`1[[Amazon.S3.Model.PutObjectResponse, AWSSDK.S3, Version=3.3.0.0, Culture=neutral, PublicKeyToken=885c28607f98e604]].MoveNext()
   at Amazon.Runtime.Internal.ErrorHandler.<InvokeAsync>d__5`1[[Amazon.S3.Model.PutObjectResponse, AWSSDK.S3, Version=3.3.0.0, Culture=neutral, PublicKeyToken=885c28607f98e604]].MoveNext()
   at Amazon.Runtime.Internal.ErrorHandler.<InvokeAsync>d__5`1[[Amazon.S3.Model.PutObjectResponse, AWSSDK.S3, Version=3.3.0.0, Culture=neutral, PublicKeyToken=885c28607f98e604]].MoveNext()
   at Amazon.Runtime.Internal.CallbackHandler.<InvokeAsync>d__9`1[[Amazon.S3.Model.PutObjectResponse, AWSSDK.S3, Version=3.3.0.0, Culture=neutral, PublicKeyToken=885c28607f98e604]].MoveNext()
   at Amazon.Runtime.Internal.Signer.<InvokeAsync>d__1`1[[Amazon.S3.Model.PutObjectResponse, AWSSDK.S3, Version=3.3.0.0, Culture=neutral, PublicKeyToken=885c28607f98e604]].MoveNext()
   at Amazon.S3.Internal.S3Express.S3ExpressPreSigner.<InvokeAsync>d__5`1[[Amazon.S3.Model.PutObjectResponse, AWSSDK.S3, Version=3.3.0.0, Culture=neutral, PublicKeyToken=885c28607f98e604]].MoveNext()
   at Amazon.Runtime.Internal.EndpointDiscoveryHandler.<InvokeAsync>d__2`1[[Amazon.S3.Model.PutObjectResponse, AWSSDK.S3, Version=3.3.0.0, Culture=neutral, PublicKeyToken=885c28607f98e604]].MoveNext()
   at Amazon.Runtime.Internal.EndpointDiscoveryHandler.<InvokeAsync>d__2`1[[Amazon.S3.Model.PutObjectResponse, AWSSDK.S3, Version=3.3.0.0, Culture=neutral, PublicKeyToken=885c28607f98e604]].MoveNext()
   at Amazon.Runtime.Internal.CredentialsRetriever.<InvokeAsync>d__7`1[[Amazon.S3.Model.PutObjectResponse, AWSSDK.S3, Version=3.3.0.0, Culture=neutral, PublicKeyToken=885c28607f98e604]].MoveNext()
   at Amazon.Runtime.Internal.RetryHandler.<InvokeAsync>d__10`1[[Amazon.S3.Model.PutObjectResponse, AWSSDK.S3, Version=3.3.0.0, Culture=neutral, PublicKeyToken=885c28607f98e604]].MoveNext()
   at Amazon.Runtime.Internal.RetryHandler.<InvokeAsync>d__10`1[[Amazon.S3.Model.PutObjectResponse, AWSSDK.S3, Version=3.3.0.0, Culture=neutral, PublicKeyToken=885c28607f98e604]].MoveNext()
   at Amazon.Runtime.Internal.CallbackHandler.<InvokeAsync>d__9`1[[Amazon.S3.Model.PutObjectResponse, AWSSDK.S3, Version=3.3.0.0, Culture=neutral, PublicKeyToken=885c28607f98e604]].MoveNext()
   at Amazon.Runtime.Internal.CallbackHandler.<InvokeAsync>d__9`1[[Amazon.S3.Model.PutObjectResponse, AWSSDK.S3, Version=3.3.0.0, Culture=neutral, PublicKeyToken=885c28607f98e604]].MoveNext()
   at Amazon.S3.Internal.AmazonS3ExceptionHandler.<InvokeAsync>d__1`1[[Amazon.S3.Model.PutObjectResponse, AWSSDK.S3, Version=3.3.0.0, Culture=neutral, PublicKeyToken=885c28607f98e604]].MoveNext()
   at Amazon.Runtime.Internal.ErrorCallbackHandler.<InvokeAsync>d__5`1[[Amazon.S3.Model.PutObjectResponse, AWSSDK.S3, Version=3.3.0.0, Culture=neutral, PublicKeyToken=885c28607f98e604]].MoveNext()
   at Amazon.Runtime.Internal.MetricsHandler.<InvokeAsync>d__1`1[[Amazon.S3.Model.PutObjectResponse, AWSSDK.S3, Version=3.3.0.0, Culture=neutral, PublicKeyToken=885c28607f98e604]].MoveNext()
   at bma.BackupClass.takeCloudBackup(Context c, Boolean auto, String _mobile)



==== 27/02/2026 18:56:07 - Portal Data Download Background ======

startForegroundService() not allowed due to mAllowStartForeground false: service com.bliss.blissbma.pro/crc6479545b82ba044d57.CommissionService   at Java.Interop.JniEnvironment.InstanceMethods.CallNonvirtualObjectMethod(JniObjectReference , JniObjectReference , JniMethodInfo , JniArgumentValue* )
   at Java.Interop.JniPeerMembers.JniInstanceMethods.InvokeVirtualObjectMethod(String , IJavaPeerable , JniArgumentValue* )
   at Android.Content.ContextWrapper.StartForegroundService(Intent )
   at bma.commissionActivity.updateComm(Context c, String agcode, Boolean nodialog, String runsb)
  --- End of managed Java.Lang.IllegalStateException stack trace ---
android.app.ForegroundServiceStartNotAllowedException: startForegroundService() not allowed due to mAllowStartForeground false: service com.bliss.blissbma.pro/crc6479545b82ba044d57.CommissionService
	at android.app.ForegroundServiceStartNotAllowedException$1.createFromParcel(ForegroundServiceStartNotAllowedException.java:54)
	at android.app.ForegroundServiceStartNotAllowedException$1.createFromParcel(ForegroundServiceStartNotAllowedException.java:50)
	at android.os.Parcel.readParcelableInternal(Parcel.java:4809)
	at android.os.Parcel.readParcelable(Parcel.java:4777)
	at android.os.Parcel.createExceptionOrNull(Parcel.java:3040)
	at android.os.Parcel.createException(Parcel.java:3029)
	at android.os.Parcel.readException(Parcel.java:3012)
	at android.os.Parcel.readException(Parcel.java:2954)
	at android.app.IActivityManager$Stub$Proxy.startService(IActivityManager.java:6214)
	at android.app.ContextImpl.startServiceCommon(ContextImpl.java:1967)
	at android.app.ContextImpl.startForegroundService(ContextImpl.java:1933)
	at android.content.ContextWrapper.startForegroundService(ContextWrapper.java:839)
	at android.content.ContextWrapper.startForegroundService(ContextWrapper.java:839)
	at mono.java.lang.RunnableImplementor.n_run(Native Method)
	at mono.java.lang.RunnableImplementor.run(RunnableImplementor.java:29)
	at android.os.Handler.handleCallback(Handler.java:942)
	at android.os.Handler.dispatchMessage(Handler.java:99)
	at android.os.Looper.loopOnce(Looper.java:226)
	at android.os.Looper.loop(Looper.java:313)
	at android.app.ActivityThread.main(ActivityThread.java:8762)
	at java.lang.reflect.Method.invoke(Native Method)
	at com.android.internal.os.RuntimeInit$MethodAndArgsCaller.run(RuntimeInit.java:604)
	at com.android.internal.os.ZygoteInit.main(ZygoteInit.java:1067)




==== 27/02/2026 19:07:15 - OSTATTUS-RESPONSE-TOKEN ======

fC32kGpu6xWR+rEZP7kJIV8pOhZafRseUM9tL/M2YVTrCJCOrdzHQa5fWMatkBAv8p4f50e/ffk5fOgGhkA8ONR3xI0q9tKhfcaRAkqoh+vKycPn7Cc/yX3SJ2IkYyPpOyu6+ReVd3CB6v8jICoANm5axAYdsYc4gtBP+coyXEU6HVVk2toHr2TS6zS/uuVV3HR4gkNmzxBr5j9QfgQqt5liflRDyPo3bjEzFAxbMh86yeHy5PI0UeRetPycu+1x0099kqpDetvuK4K4LGaw0BAcpaOpyd7xtX5Ix8+x7hDpS4kYHrbFHbStESaJXClsev/IqsyCZuUSLW7ObdgBoXSPh3PAalJuSIdLIl1bf9M3J3+8W+2B+NDlw9mv4141BHx+76y/QicOUB9VOplGtYaA6CFihrNEJUUL8ae8LdLpaigXkn0+2a8qoALrcRuTXTdR+eTJ8p1De+nEQErXOM1MZNDObGKgj9W2C+aYuO7E1qgcY2ytOHGfYJ55NgGqyeUy7qBdn/Xez+I0UiomPUa1BybjPXDPXTKLv0g2VwvS2GstYG5XAXOZUNuMmuvjushywmEecro68s99hl8M7do/u/Nj5fEev7HNdGLGWxLLtutMm7jhhkQStzOqQGtjYCUIQLle7Zn3INzEej2u2VHptZ1Of+8FqbxspDC9q7N46VPiJw9UC2hwNeIkcXUxSmKtwWrRyrK7oxlMFCToLz2ikNHfpnb4+LTFar9nVuxzZbdQGRlqCm/1a2z1owmah7NAioRQsyBDFXK7Xq4LwXKCEKrWq6E+FfO5JmdpF0wCV8rdPR4gx8y36gB0BU8Ca2jeWWPR5bfU2HQsTWWxaB+hTFHvWRhS4o6/8IIEzGSknVEUauvQtdtutOk+UdRK3PaCeSN5msIOTkIWageQOIPNHXYq/4NmN9J++diqUdzXtA38UN8lYIw5gy4ANuWPdwSZYcQ5dbVDAVf3Egrko4US/+z7zImOkDvM5o4EUb0NPKQjJH6cU5ytGy7vtyXqqF3WMFr2XpeI0RVkkxWEC3c2TDuUo/e8dW0pxU9j03TVScslxpNngUwBV/Zmr1zKy9inyRpIaWEi7NFZaqxtpe8Ab2H4nPL9swONysRouQzoDv3GP0ijmX9cnq381fALfDYhbJV3ydnTMgbcraRH31/qIzM6gt/CZuxMA/k9NPG9iFBk2TncXgLzI1qPibUBp59Tb3naERmdAAbyUZmcDM9f1n/vt+eMwzeii/TPbMxhk93UY05+hr1SivExRLKXPlzi1BuaVEdY3aylcRzWth2Vt0cTFbabN9px0QxzVGqicSEuoJGH2D5Zv1+OOtOhxmb0vG/KXREGPbx9Q6rWLiPxvwAaJGjJOMNJZKmMo88iz/e1FiMW/FqVmWKJedfvpzwXOeUvrpT8nsVNEMQh0jfO/9aZXXmtiCQtC3iCUsYOTrMEVoeRlzUhRZMgoYnZpZUgYbnDEKY+cYoKZH6NJnDKD5coLxy7jE4eUEFXjIZrKI48Q2uoQu/0P88sjYX4CuQmhmxlcuaXNrJhccVh9/wT9SZcMd+nuuCrqz0VC5QF3ZkywcbxQ0/mi++QFzNq7ND7BqFgyypdoR1veUJDM8D84WQX6jTxIJbpIHEsw5kIyiwOKy2JWY5JkiXLC5L+X39ANYHlxkX52WyDg6mBI846pQ5C1V3CLpCSwvAym/QqXUU2mYuvfN1rjWMP7doUVN4+OevrDDIImNqVKPV03hSjs7i1Np0u6lwIeO2hk4KpDP5OTM7MV2s8gP2n2hDy96Iyfs5zw7sdkXFvONnzPAx1772hYUforWotcln5OCyOghrs3n7dV/wuDwDpX+etmcEFvF0qnIlow+NjFIz4Dzr+yHiIEKpSdQzJB5rhLpoQdO5WPwHi0j3E8He+gT9ua0X+Ezs+zeA46JiP



==== 27/02/2026 19:07:15 - OSTATTUS-RESPONSE-TOKEN ======

eyJhbGciOiJIUzUxMiJ9.eyJzdWIiOiJJREFNMTIxMTIwMjIzODU4MTE4IiwiYWdlbmN5X2NvZGUiOm51bGwsImNyZWF0ZWQiOjE3NzIxOTkyMjc3MzksImFjY2Vzc19jb2RlIjoiZXlKaGJHY2lPaUpTVXpJMU5pSXNJblI1Y0NJNklrcFhWQ0o5LmV5SnpkV0lpT2lKSlJFRk5NVEl4TVRJd01qSXpPRFU0TVRFNElpd2labTVoYldVaU9pSk9SVkJCVENCTlFVaFVUeUlzSW5WelpYSnpkR0YwZFhNaU9pSXhJaXdpWlc1MGFYUjViR2x6ZENJNld5Sk1TVU5mUTFWVFZFOU5SVkpmVUU5U1ZFRk1JbDBzSW5KdmJHVnpJanBiSWtSUElsMHNJbWx6Y3lJNklrRlNXQ0lzSW0xdlltbHNaU0k2SWprNU16UXpPRFUxT1RVaUxDSmhkV1FpT2lKa1pXWmhkV3gwSWl3aWJHNWhiV1VpT2lKT1JWQkJUQ0JOUVVoVVR5SXNJblZ6WlhKVWVYQmxJam9pTVNJc0ltVjRjQ0k2TVRjM01qSXlOemcxTVN3aWFXRjBJam94TnpjeU1UazVNRFV4TENKcWRHa2lPaUl6WlRNNU5qZ3haUzFqTTJGbUxUUmxaRFV0T1RJNFpTMHdPR00xTmpjeE9XUmxPR01pTENKbGJuUnBkSGtpT2lKTVNVTmZRMVZUVkU5TlJWSmZVRTlTVkVGTUlpd2laVzFoYVd3aU9pSnVaWEJoYkM1dFlXaDBiMEJzYVdOcGJtUnBZUzVqYjIwaWZRLmlHa3BrQ2U5bUUyUlRrN1VMemtqUEFwM1lZXzlwVE1EaDFEYzMyem9UcXJBNWZKa3RvWEQ0aFZOZkZVYjRIWHhjUTc4dWk3MUJoMUhXbkVaVnJGcGh5SU9iTG5ZRm96U095ZmoxX2hleFNFNXZBSGF6azBvUDI5bzZfMzBVRmtmQWtkTGRUdUxZY0h2SmxVWFFoZGpTMWJoOWpReHRSRFN1VFhOOTdjRjdPUlNES295WFhpNHc3WW9kbVo2eG9Fc2hWYnltM3BGMElTN3RCaXluQTJmQk1QeGZWbjFhelhnSEtPd2NfdDVwTTctZ0s0M1kwQTBXdENEcGdHbXRWRFE3V1YxT3hneGk4VTB3MGRhc2RyZ2ZSaXdPeDRDVkhEWFRjODFISDRwRWxlNl9HQUJXNTJHQVAzMldKYzhGdDZ2N1ltdjQ3LWxjaGttSWVjbnR6ZGF6dyIsInJvbGVzIjpbIkRPIl0sImNsaWVudElwIjpudWxsLCJlbnRpdGxlbWVudCI6W119.5euKMf3y3XK4VDL5JfakI9nEya9rnhCLU3yRGglsn4akNrvGeI_IqJuTGYS-lHdNKyzZTMW2DBHHLIhMkVsN8w



==== 27/02/2026 19:07:15 - POST-URL ======

https://ebizapp01.licindia.in/BFFService/policy/policyInfo?_dc=1772199435373



==== 27/02/2026 19:07:17 - POST-URL ======

{"confirmationId":null,"status":"200","resultInfoList":null,"count":0,"policy":{"policyNumber":"702163505","relationType":"Self","planName":"Jeevan Anand","mode":"12","premium":"25173.00","commenceDate":"2005-10-28","nameOfAssured":"Manigandan J","agencyCode":"02475768 ","developmentOfficerCode":"9999999","plan":"149","policyTerm":"75","cdCharge":"0","serviceBranch":"76F ","sumAssured":"500000","policyStatus":"32","dob":"1981-02-17","ageAtEntry":25,"planDetails":{"plan":149,"planType":null,"planDesc":null,"premiumDueDuration":6,"premiumDueDurationType":"M","payPremiumAdvance":30,"payPremiumAdvanceType":"D","gracePeriod":1,"gracePeriodType":"M","serviceTaxRateFirstYr":4.5,"serviceTaxRateNextYrs":2.25,"serviceTaxRateEduCess":null,"topUpAllowed":null,"multiplyTopupAmt":null,"topupLimitCriteria":null,"topupNoPayBefMaturity":null,"planCategory":"ENP","freeCoverCond":null,"freeCoverFUP":null,"campaignStartDate":"2026-01-01","campaignEndDate":"2026-03-02","percentageofwaiver":30.0,"maxLimitofwaiver":3000.0,"waiversAllowedNum":1,"lateFeeWaiverInd":"Y","discountPercentFirstYr":3.0,"discountPercentSecondYr":2.0,"discountPercentThirdYr":1.0,"discountPercentSubYr":2.0,"discountFromDate":"2017-07-05","discountToDate":"2017-07-06","maxLimitWaiverFstYr":5.0,"maxLimitWaiverScndYr":4.0,"maxLimitWaiverThirdYr":3.0,"maxLimitWaiverSubYr":2.0,"discountParameter":null,"graceprdExtFlag":null,"graceprdExtFrmDate":null,"graceprdExtToDate":null,"graceprdPrcntWaiver":null,"maxWaiverLimitgraceprd":null,"gstCdCharge":0.0,"gstLateFeeRateFirstYr":18.0,"gstLateFeeRateNextYrs":18.0,"dateOfLaunch":"02/01/2002","beforeLaunch":"Y","centralGSTPercentage":50,"discountPeriod":null,"discountPeriodType":null},"eligible":false,"lateFeeRequired":false,"recordId":"O","premiumPayingTerm":21,"policyBenefits":"500000","taxExemption":false,"age":"45","eserviceEligible":false,"policyUlip":false,"dateOfLastPayment":"2025-10-28","dateOfMaturity":"2080-10-28","statusShortDesc":"Fully Paid-up","nav":"For NAV details please contact your Servicing Branch / Customer Zone","altChannelId":"00","riderPolicy":false,"minorChild":false,"accountingBookCode":1,"payedPolicy":false,"advancePayedPolicy":false,"lastAccountDate":"2025-10-22","noBonusYears":0,"bonusInfo":{"totalRevBonus":472000,"totalInterimBonus":0,"totalFAB":0,"totalGuaranty":0,"totalLoyalty":0,"totalOneTimeBonus":0.00,"messageCode":null,"calulationSheetHTML":"<table border=1><tr class=grey-bg><td>From</td><td>Upto</td><td>Year</td><td>Type</td><td>Factor</td><td>Rate</td><td>Bonus </td></tr><tr class=grey-bg><td>2005-10-28</td><td>2006-10-28</td><td>2006</td><td>V</td><td>1.0</td><td>44.00</td><td>22000.00</td></tr><tr class=grey-bg><td>2006-10-28</td><td>2007-10-28</td><td>2007</td><td>V</td><td>1.0</td><td>45.00</td><td>22500.00</td></tr><tr class=grey-bg><td>2007-10-28</td><td>2008-10-28</td><td>2008</td><td>V</td><td>1.0</td><td>45.00</td><td>22500.00</td></tr><tr class=grey-bg><td>2008-10-28</td><td>2009-10-28</td><td>2009</td><td>V</td><td>1.0</td><td>45.00</td><td>22500.00</td></tr><tr class=grey-bg><td>2009-10-28</td><td>2010-10-28</td><td>2010</td><td>V</td><td>1.0</td><td>45.00</td><td>22500.00</td></tr><tr class=grey-bg><td>2010-10-28</td><td>2011-10-28</td><td>2011</td><td>V</td><td>1.0</td><td>47.00</td><td>23500.00</td></tr><tr class=grey-bg><td>2011-10-28</td><td>2012-10-28</td><td>2012</td><td>V</td><td>1.0</td><td>47.00</td><td>23500.00</td></tr><tr class=grey-bg><td>2012-10-28</td><td>2013-10-28</td><td>2013</td><td>V</td><td>1.0</td><td>48.00</td><td>24000.00</td></tr><tr class=grey-bg><td>2013-10-28</td><td>2014-10-28</td><td>2014</td><td>V</td><td>1.0</td><td>48.00</td><td>24000.00</td></tr><tr class=grey-bg><td>2014-10-28</td><td>2015-10-28</td><td>2015</td><td>V</td><td>1.0</td><td>49.00</td><td>24500.00</td></tr><tr class=grey-bg><td>2015-10-28</td><td>2016-10-28</td><td>2016</td><td>V</td><td>1.0</td><td>64.00</td><td>24500.00</td></tr><tr class=grey-bg><td>2015-10-28</td><td>2016-10-28</td><td>2016</td><td>O</td><td>1.0</td><td>15.00</td><td>7500.00</td></tr><tr class=grey-bg><td>2016-10-28</td><td>2017-10-28</td><td>2017</td><td>V</td><td>1.0</td><td>49.00</td><td>24500.00</td></tr><tr class=grey-bg><td>2017-10-28</td><td>2018-10-28</td><td>2018</td><td>V</td><td>1.0</td><td>49.00</td><td>24500.00</td></tr><tr class=grey-bg><td>2018-10-28</td><td>2019-10-28</td><td>2019</td><td>V</td><td>1.0</td><td>49.00</td><td>24500.00</td></tr><tr class=grey-bg><td>2019-10-28</td><td>2020-10-28</td><td>2020</td><td>V</td><td>1.0</td><td>45.00</td><td>22500.00</td></tr><tr class=grey-bg><td>2020-10-28</td><td>2021-10-28</td><td>2021</td><td>V</td><td>1.0</td><td>45.00</td><td>22500.00</td></tr><tr class=grey-bg><td>2021-10-28</td><td>2022-10-28</td><td>2022</td><td>V</td><td>1.0</td><td>45.00</td><td>22500.00</td></tr><tr class=grey-bg><td>2022-10-28</td><td>2023-10-28</td><td>2023</td><td>V</td><td>1.0</td><td>45.00</td><td>22500.00</td></tr><tr class=grey-bg><td>2023-10-28</td><td>2024-10-28</td><td>2024</td><td>V</td><td>1.0</td><td>45.00</td><td>22500.00</td></tr><tr class=grey-bg><td>2024-10-28</td><td>2025-10-28</td><td>2025</td><td>V</td><td>1.0</td><td>45.00</td><td>22500.00</td></tr><tr class=grey-bg><td>2025-10-28</td><td>2026-10-28</td><td>2025</td><td>I</td><td>0.0</td><td>45.00</td><td>0.00</td></tr><tr class=grey-bg><td colspan=7>Total Rev Bonus : 472000.00   Total Interim Bonus : 0.00</td></tr></table> ","calulationSheetText":"From        Upto        Year Type Factor  Rate     Bonus \r\n2005-10-28  2006-10-28  2006  V     1.0   44.00    22000.00\r\n2006-10-28  2007-10-28  2007  V     1.0   45.00    22500.00\r\n2007-10-28  2008-10-28  2008  V     1.0   45.00    22500.00\r\n2008-10-28  2009-10-28  2009  V     1.0   45.00    22500.00\r\n2009-10-28  2010-10-28  2010  V     1.0   45.00    22500.00\r\n2010-10-28  2011-10-28  2011  V     1.0   47.00    23500.00\r\n2011-10-28  2012-10-28  2012  V     1.0   47.00    23500.00\r\n2012-10-28  2013-10-28  2013  V     1.0   48.00    24000.00\r\n2013-10-28  2014-10-28  2014  V     1.0   48.00    24000.00\r\n2014-10-28  2015-10-28  2015  V     1.0   49.00    24500.00\r\n2015-10-28  2016-10-28  2016  V     1.0   64.00    24500.00\r\n2015-10-28  2016-10-28  2016  O     1.0   15.00    7500.00\r\n2016-10-28  2017-10-28  2017  V     1.0   49.00    24500.00\r\n2017-10-28  2018-10-28  2018  V     1.0   49.00    24500.00\r\n2018-10-28  2019-10-28  2019  V     1.0   49.00    24500.00\r\n2019-10-28  2020-10-28  2020  V     1.0   45.00    22500.00\r\n2020-10-28  2021-10-28  2021  V     1.0   45.00    22500.00\r\n2021-10-28  2022-10-28  2022  V     1.0   45.00    22500.00\r\n2022-10-28  2023-10-28  2023  V     1.0   45.00    22500.00\r\n2023-10-28  2024-10-28  2024  V     1.0   45.00    22500.00\r\n2024-10-28  2025-10-28  2025  V     1.0   45.00    22500.00\r\n2025-10-28  2026-10-28  2025  I     0.0   45.00    0.00\r\n   Total Rev Bonus : 472000.00   Total Interim Bonus : 0.00\r\n "},"isSpotRevivalAllowed":false,"discountApplicable":false,"advancePaymetEligible":false,"maturitySumAssured":0,"gstInNumber":"null","lastTransactionDate":"2025-10-22T12:09:47.000+00:00","transactionNumber":"26246216","transactionAllowed":true,"dateOfShowMaturity":"2080-10-28","panFlag":true,"neftFlag":false,"itPan":"AF******6C","neftStatus":"N","titleCode":"1","premiumGapFlag":false,"dghPolicyFlag":false,"policyExitStatus":false,"serviceRequestFlag":false,"nriGstFlag":false,"fyEndDate":"2026-03-31"},"person":{"policyNo":702163505,"birthDate":"1981-02-17","fullName":"Manigandan J","sex":"M","shortName":"Manigandan","age":"25","profileMobileNo":null,"profileEmail":null,"profileUnMaskMobileNo":null,"profileUnMaskEmail":null},"address":{"policyNo":702163505,"address1":"S/O Jeyaraman, Jei Ganesh Lorry Service","address2":"T.P.Kadu, Moolapallipatti Po","address3":"Namagiripet Via, Rasipuram Tk","addressId":1,"pin":637406},"branch":{"branchCode":"76F ","address1":"LIC OF INDIA - 76F","address2":"NAMAKKAL ROAD","address3":"RASIPURAM","branchIp":"10.128.42.194","branchName":"LIC of India, Rasipuram Br Office","city":null,"dcCode":"X070","divCode":70,"eaiIndication":"Y","emailId":"BO_76F@LICINDIA.COM","man":null,"odsIndication":"N","pin":null,"state":"null"},"agent":{"agencyCode":"02475768 ","address1":"S/O.Kuppusamy,","address2":"Veppampatti,V.Pudur Post,","address3":"Namakkal Dist.","agentName":"Sri K Natarajan","birthDate":"1963-04-21","category":1,"city":null,"disabilityCode":1,"enteredDate":"2026-02-27T01:36:05.000+00:00","itaxPanNo":"ACOPN8484H","occupationCode":12,"pin":637018,"qualificationCode":4,"sex":"M"},"nominees":[{"policyNo":702163505,"nomineeAge":55,"nomineeDob":null,"nomineeId":1,"nomineeName":"JEYARAMAN","nomineeRegistrationDate":null,"nomineeRelation":"F","nomineeShare":100,"nomineeStatus":"B"}],"billingInfo":{"policyNumber":"702163505","nameOfAssured":"Manigandan J","planName":"Jeevan Anand","plan":149,"mode":"12","premium":25173,"sumAssured":500000,"status":null,"firstUnpaidPremiumDate":null,"nextFup":null,"dueAmount":null,"payedPolicy":false,"noOfDues":null,"eligible":false,"spotRevival":false},"policyContact":{"policyNo":702163505,"dataSource":"P","emailAddress":"jsmani81@gmail.com","enteredDate":"2022-01-23T20:00:02.186+00:00","mobileNo":"919865143555","countryCode":null,"telephoneNo":"null","panNo":null},"policyExtra":{"accumTerm":0},"policyAnnuity":null,"userRegistered":"Y","assignmentDetails":[],"ulipExtra":{"giveCashAmount":null},"bonusErrorMessage":null,"qpayPolicy":{"policyNumber":"702163505","dob":"17/02/1981","emailId":"jsmani81@gmail.com","mobileNo":"9865143555","premium":"25173","key":"326079"}}



==== 27/02/2026 19:07:29 - GET-URL ======

https://mk-channel.licindia.in/Landing/



==== 27/02/2026 19:08:03 - PHONE DETAILS ======

Brand: samsung, Manufacturer: samsung, Model: SM-E426B, Android Version: 13, SDK: Tiramisu



==== 02/03/2026 09:46:36 - S3 Cloud Backup Upload Error (2) ======

Connection failure   at Xamarin.Android.Net.AndroidMessageHandler.<>c__DisplayClass137_0.<ConnectAsync>b__0()
   at System.Threading.Tasks.Task.InnerInvoke()
   at System.Threading.Tasks.Task.<>c.<.cctor>b__292_0(Object obj)
   at System.Threading.ExecutionContext.RunFromThreadPoolDispatchLoop(Thread , ExecutionContext , ContextCallback , Object )
--- End of stack trace from previous location ---
   at System.Threading.ExecutionContext.RunFromThreadPoolDispatchLoop(Thread , ExecutionContext , ContextCallback , Object )
   at System.Threading.Tasks.Task.ExecuteWithThreadLocal(Task& , Thread )
--- End of stack trace from previous location ---
   at Xamarin.Android.Net.AndroidMessageHandler.DoProcessRequest(HttpRequestMessage , URL , HttpURLConnection , CancellationToken , RequestRedirectionState )
   at Xamarin.Android.Net.AndroidMessageHandler.DoSendAsync(HttpRequestMessage , CancellationToken )
   at System.Net.Http.HttpClient.<SendAsync>g__Core|83_0(HttpRequestMessage , HttpCompletionOption , CancellationTokenSource , Boolean , CancellationTokenSource , CancellationToken )
   at Amazon.Runtime.HttpWebRequestMessage.GetResponseAsync(CancellationToken cancellationToken)
   at Amazon.Runtime.Internal.HttpHandler`1.<InvokeAsync>d__9`1[[System.Net.Http.HttpContent, System.Net.Http, Version=9.0.0.0, Culture=neutral, PublicKeyToken=b03f5f7f11d50a3a],[Amazon.S3.Model.PutObjectResponse, AWSSDK.S3, Version=3.3.0.0, Culture=neutral, PublicKeyToken=885c28607f98e604]].MoveNext()
   at Amazon.Runtime.Internal.RedirectHandler.<InvokeAsync>d__1`1[[Amazon.S3.Model.PutObjectResponse, AWSSDK.S3, Version=3.3.0.0, Culture=neutral, PublicKeyToken=885c28607f98e604]].MoveNext()
   at Amazon.Runtime.Internal.Unmarshaller.<InvokeAsync>d__3`1[[Amazon.S3.Model.PutObjectResponse, AWSSDK.S3, Version=3.3.0.0, Culture=neutral, PublicKeyToken=885c28607f98e604]].MoveNext()
   at Amazon.S3.Internal.AmazonS3ResponseHandler.<InvokeAsync>d__1`1[[Amazon.S3.Model.PutObjectResponse, AWSSDK.S3, Version=3.3.0.0, Culture=neutral, PublicKeyToken=885c28607f98e604]].MoveNext()
   at Amazon.Runtime.Internal.ErrorHandler.<InvokeAsync>d__5`1[[Amazon.S3.Model.PutObjectResponse, AWSSDK.S3, Version=3.3.0.0, Culture=neutral, PublicKeyToken=885c28607f98e604]].MoveNext()
   at Amazon.Runtime.Internal.ErrorHandler.<InvokeAsync>d__5`1[[Amazon.S3.Model.PutObjectResponse, AWSSDK.S3, Version=3.3.0.0, Culture=neutral, PublicKeyToken=885c28607f98e604]].MoveNext()
   at Amazon.Runtime.Internal.CallbackHandler.<InvokeAsync>d__9`1[[Amazon.S3.Model.PutObjectResponse, AWSSDK.S3, Version=3.3.0.0, Culture=neutral, PublicKeyToken=885c28607f98e604]].MoveNext()
   at Amazon.Runtime.Internal.Signer.<InvokeAsync>d__1`1[[Amazon.S3.Model.PutObjectResponse, AWSSDK.S3, Version=3.3.0.0, Culture=neutral, PublicKeyToken=885c28607f98e604]].MoveNext()
   at Amazon.S3.Internal.S3Express.S3ExpressPreSigner.<InvokeAsync>d__5`1[[Amazon.S3.Model.PutObjectResponse, AWSSDK.S3, Version=3.3.0.0, Culture=neutral, PublicKeyToken=885c28607f98e604]].MoveNext()
   at Amazon.Runtime.Internal.EndpointDiscoveryHandler.<InvokeAsync>d__2`1[[Amazon.S3.Model.PutObjectResponse, AWSSDK.S3, Version=3.3.0.0, Culture=neutral, PublicKeyToken=885c28607f98e604]].MoveNext()
   at Amazon.Runtime.Internal.EndpointDiscoveryHandler.<InvokeAsync>d__2`1[[Amazon.S3.Model.PutObjectResponse, AWSSDK.S3, Version=3.3.0.0, Culture=neutral, PublicKeyToken=885c28607f98e604]].MoveNext()
   at Amazon.Runtime.Internal.CredentialsRetriever.<InvokeAsync>d__7`1[[Amazon.S3.Model.PutObjectResponse, AWSSDK.S3, Version=3.3.0.0, Culture=neutral, PublicKeyToken=885c28607f98e604]].MoveNext()
   at Amazon.Runtime.Internal.RetryHandler.<InvokeAsync>d__10`1[[Amazon.S3.Model.PutObjectResponse, AWSSDK.S3, Version=3.3.0.0, Culture=neutral, PublicKeyToken=885c28607f98e604]].MoveNext()
   at Amazon.Runtime.Internal.RetryHandler.<InvokeAsync>d__10`1[[Amazon.S3.Model.PutObjectResponse, AWSSDK.S3, Version=3.3.0.0, Culture=neutral, PublicKeyToken=885c28607f98e604]].MoveNext()
   at Amazon.Runtime.Internal.CallbackHandler.<InvokeAsync>d__9`1[[Amazon.S3.Model.PutObjectResponse, AWSSDK.S3, Version=3.3.0.0, Culture=neutral, PublicKeyToken=885c28607f98e604]].MoveNext()
   at Amazon.Runtime.Internal.CallbackHandler.<InvokeAsync>d__9`1[[Amazon.S3.Model.PutObjectResponse, AWSSDK.S3, Version=3.3.0.0, Culture=neutral, PublicKeyToken=885c28607f98e604]].MoveNext()
   at Amazon.S3.Internal.AmazonS3ExceptionHandler.<InvokeAsync>d__1`1[[Amazon.S3.Model.PutObjectResponse, AWSSDK.S3, Version=3.3.0.0, Culture=neutral, PublicKeyToken=885c28607f98e604]].MoveNext()
   at Amazon.Runtime.Internal.ErrorCallbackHandler.<InvokeAsync>d__5`1[[Amazon.S3.Model.PutObjectResponse, AWSSDK.S3, Version=3.3.0.0, Culture=neutral, PublicKeyToken=885c28607f98e604]].MoveNext()
   at Amazon.Runtime.Internal.MetricsHandler.<InvokeAsync>d__1`1[[Amazon.S3.Model.PutObjectResponse, AWSSDK.S3, Version=3.3.0.0, Culture=neutral, PublicKeyToken=885c28607f98e604]].MoveNext()
   at bma.BackupClass.takeCloudBackup(Context c, Boolean auto, String _mobile)



==== 02/03/2026 15:13:00 - Skipped 1 policy at offset 0 ======





==== 02/03/2026 15:13:05 - Skipped 1 policy at offset 1 ======





==== 02/03/2026 15:13:11 - Skipped 1 policy at offset 3 ======





==== 02/03/2026 15:13:16 - Skipped 1 policy at offset 4 ======





==== 02/03/2026 15:13:21 - Skipped 1 policy at offset 6 ======





==== 02/03/2026 15:13:26 - Skipped 1 policy at offset 7 ======





==== 02/03/2026 15:13:31 - Skipped 1 policy at offset 9 ======





==== 02/03/2026 15:13:36 - Skipped 1 policy at offset 10 ======





==== 02/03/2026 15:13:41 - Skipped 1 policy at offset 12 ======





==== 02/03/2026 15:13:46 - Skipped 1 policy at offset 13 ======





==== 02/03/2026 15:14:06 - Skipped 1 policy at offset 18 ======





==== 02/03/2026 15:14:11 - Skipped 1 policy at offset 19 ======





==== 02/03/2026 15:14:16 - Skipped 1 policy at offset 21 ======





==== 02/03/2026 15:14:21 - Skipped 1 policy at offset 22 ======





==== 02/03/2026 15:14:26 - Skipped 1 policy at offset 25 ======





==== 02/03/2026 15:14:31 - Skipped 1 policy at offset 26 ======





==== 02/03/2026 15:14:36 - Skipped 1 policy at offset 28 ======





==== 02/03/2026 15:14:41 - Skipped 1 policy at offset 29 ======





==== 02/03/2026 15:14:46 - Skipped 1 policy at offset 31 ======





==== 02/03/2026 15:14:51 - Skipped 1 policy at offset 32 ======





==== 02/03/2026 15:14:56 - Skipped 1 policy at offset 34 ======





==== 02/03/2026 15:15:01 - Skipped 1 policy at offset 35 ======





==== 02/03/2026 15:15:06 - Skipped 1 policy at offset 37 ======





==== 02/03/2026 15:15:11 - Skipped 1 policy at offset 38 ======





==== 02/03/2026 15:15:16 - Skipped 1 policy at offset 40 ======





==== 02/03/2026 15:15:21 - Skipped 1 policy at offset 41 ======





==== 02/03/2026 15:15:26 - Skipped 1 policy at offset 43 ======





==== 02/03/2026 15:15:31 - Skipped 1 policy at offset 44 ======





==== 02/03/2026 15:15:36 - Skipped 1 policy at offset 46 ======





==== 02/03/2026 15:15:42 - Skipped 1 policy at offset 47 ======





==== 02/03/2026 15:15:47 - Skipped 1 policy at offset 50 ======





==== 02/03/2026 15:15:52 - Skipped 1 policy at offset 51 ======





==== 02/03/2026 15:15:57 - Skipped 1 policy at offset 53 ======





==== 02/03/2026 15:16:02 - Skipped 1 policy at offset 54 ======





==== 02/03/2026 15:16:07 - Skipped 1 policy at offset 56 ======





==== 02/03/2026 15:16:12 - Skipped 1 policy at offset 57 ======





==== 02/03/2026 15:16:17 - Skipped 1 policy at offset 59 ======





==== 02/03/2026 15:16:22 - Skipped 1 policy at offset 60 ======





==== 02/03/2026 15:16:27 - Skipped 1 policy at offset 62 ======





==== 02/03/2026 15:16:32 - Skipped 1 policy at offset 63 ======





==== 02/03/2026 15:16:37 - Skipped 1 policy at offset 65 ======





==== 02/03/2026 15:16:42 - Skipped 1 policy at offset 66 ======





==== 02/03/2026 15:16:47 - Skipped 1 policy at offset 68 ======





==== 02/03/2026 15:16:52 - Skipped 1 policy at offset 69 ======





==== 02/03/2026 15:16:57 - Skipped 1 policy at offset 71 ======





==== 02/03/2026 15:17:02 - Skipped 1 policy at offset 72 ======





==== 02/03/2026 15:17:07 - Skipped 1 policy at offset 75 ======





==== 02/03/2026 15:17:12 - Skipped 1 policy at offset 76 ======





==== 02/03/2026 15:17:17 - Skipped 1 policy at offset 78 ======





==== 02/03/2026 15:17:22 - Skipped 1 policy at offset 79 ======





==== 02/03/2026 15:17:27 - Skipped 1 policy at offset 81 ======





==== 02/03/2026 15:17:32 - Skipped 1 policy at offset 82 ======





==== 02/03/2026 15:17:37 - Skipped 1 policy at offset 84 ======





==== 02/03/2026 15:17:43 - Skipped 1 policy at offset 85 ======





==== 02/03/2026 15:17:56 - Skipped 1 policy at offset 88 ======





==== 02/03/2026 15:18:01 - Skipped 1 policy at offset 90 ======





==== 02/03/2026 15:18:06 - Skipped 1 policy at offset 91 ======





==== 02/03/2026 15:18:11 - Skipped 1 policy at offset 93 ======





==== 02/03/2026 15:18:16 - Skipped 1 policy at offset 94 ======





==== 02/03/2026 15:18:21 - Skipped 1 policy at offset 96 ======





==== 02/03/2026 15:18:26 - Skipped 1 policy at offset 97 ======





==== 02/03/2026 15:40:25 - Skipped 1 policy at offset 100 ======





==== 02/03/2026 15:40:30 - Skipped 1 policy at offset 101 ======





==== 02/03/2026 15:40:35 - Skipped 1 policy at offset 103 ======





==== 02/03/2026 15:40:40 - Skipped 1 policy at offset 104 ======





==== 02/03/2026 15:40:45 - Skipped 1 policy at offset 106 ======





==== 02/03/2026 15:40:50 - Skipped 1 policy at offset 107 ======





==== 02/03/2026 15:40:55 - Skipped 1 policy at offset 109 ======





==== 02/03/2026 15:41:00 - Skipped 1 policy at offset 110 ======





==== 02/03/2026 15:41:05 - Skipped 1 policy at offset 112 ======





==== 02/03/2026 15:41:10 - Skipped 1 policy at offset 113 ======





==== 02/03/2026 15:41:15 - Skipped 1 policy at offset 115 ======





==== 02/03/2026 15:41:20 - Skipped 1 policy at offset 116 ======





==== 02/03/2026 15:41:25 - Skipped 1 policy at offset 118 ======





==== 02/03/2026 15:41:31 - Skipped 1 policy at offset 119 ======





==== 02/03/2026 15:41:36 - Skipped 1 policy at offset 121 ======





==== 02/03/2026 15:41:41 - Skipped 1 policy at offset 122 ======





==== 02/03/2026 15:41:46 - Skipped 1 policy at offset 125 ======





==== 02/03/2026 15:41:51 - Skipped 1 policy at offset 126 ======





==== 02/03/2026 15:41:56 - Skipped 1 policy at offset 128 ======





==== 02/03/2026 15:42:01 - Skipped 1 policy at offset 129 ======





==== 02/03/2026 15:42:07 - Skipped 1 policy at offset 131 ======





==== 02/03/2026 15:42:42 - Skipped 1 policy at offset 132 ======





==== 02/03/2026 15:43:09 - Skipped 1 policy at offset 134 ======





==== 02/03/2026 15:43:38 - Skipped 1 policy at offset 135 ======





==== 02/03/2026 15:43:55 - Skipped 1 policy at offset 137 ======





==== 02/03/2026 15:44:28 - Skipped 1 policy at offset 138 ======





==== 02/03/2026 15:44:58 - Skipped 1 policy at offset 140 ======





==== 02/03/2026 15:45:33 - Skipped 1 policy at offset 141 ======





==== 02/03/2026 15:45:55 - Skipped 1 policy at offset 143 ======





==== 02/03/2026 15:46:00 - Skipped 1 policy at offset 144 ======





==== 02/03/2026 15:46:05 - Skipped 1 policy at offset 146 ======





==== 02/03/2026 15:46:10 - Skipped 1 policy at offset 147 ======





==== 02/03/2026 15:46:15 - Skipped 1 policy at offset 150 ======





==== 02/03/2026 15:46:21 - Skipped 1 policy at offset 151 ======





==== 02/03/2026 15:46:26 - Skipped 1 policy at offset 153 ======





==== 02/03/2026 15:46:31 - Skipped 1 policy at offset 154 ======





==== 02/03/2026 15:46:36 - Skipped 1 policy at offset 156 ======





==== 02/03/2026 15:46:41 - Skipped 1 policy at offset 157 ======





==== 02/03/2026 15:46:46 - Skipped 1 policy at offset 159 ======





==== 02/03/2026 15:46:51 - Skipped 1 policy at offset 160 ======





==== 02/03/2026 15:46:56 - Skipped 1 policy at offset 162 ======





==== 02/03/2026 15:47:01 - Skipped 1 policy at offset 163 ======





==== 02/03/2026 15:47:06 - Skipped 1 policy at offset 165 ======





==== 02/03/2026 15:47:11 - Skipped 1 policy at offset 166 ======





==== 02/03/2026 15:47:16 - Skipped 1 policy at offset 168 ======





==== 02/03/2026 15:47:21 - Skipped 1 policy at offset 169 ======





==== 02/03/2026 15:47:26 - Skipped 1 policy at offset 171 ======





==== 02/03/2026 15:47:31 - Skipped 1 policy at offset 172 ======





==== 02/03/2026 15:47:36 - Skipped 1 policy at offset 175 ======





==== 02/03/2026 15:47:41 - Skipped 1 policy at offset 176 ======





==== 02/03/2026 15:47:46 - Skipped 1 policy at offset 178 ======





==== 02/03/2026 15:47:51 - Skipped 1 policy at offset 179 ======





==== 02/03/2026 15:47:56 - Skipped 1 policy at offset 181 ======





==== 02/03/2026 15:48:02 - Skipped 1 policy at offset 182 ======





==== 02/03/2026 15:48:07 - Skipped 1 policy at offset 184 ======





==== 02/03/2026 15:48:12 - Skipped 1 policy at offset 185 ======





==== 02/03/2026 15:48:17 - Skipped 1 policy at offset 187 ======





==== 02/03/2026 15:48:22 - Skipped 1 policy at offset 188 ======





==== 02/03/2026 15:48:27 - Skipped 1 policy at offset 190 ======





==== 02/03/2026 15:48:32 - Skipped 1 policy at offset 191 ======





==== 02/03/2026 15:48:37 - Skipped 1 policy at offset 193 ======





==== 02/03/2026 15:48:42 - Skipped 1 policy at offset 194 ======





==== 02/03/2026 15:48:47 - Skipped 1 policy at offset 196 ======





==== 02/03/2026 15:48:52 - Skipped 1 policy at offset 197 ======





==== 02/03/2026 15:48:57 - Skipped 1 policy at offset 200 ======





==== 02/03/2026 15:49:02 - Skipped 1 policy at offset 201 ======





==== 02/03/2026 15:49:07 - Skipped 1 policy at offset 203 ======





==== 02/03/2026 15:49:12 - Skipped 1 policy at offset 204 ======





==== 02/03/2026 15:49:17 - Skipped 1 policy at offset 206 ======





==== 02/03/2026 15:49:22 - Skipped 1 policy at offset 207 ======





==== 02/03/2026 15:49:27 - Skipped 1 policy at offset 209 ======





==== 02/03/2026 15:49:32 - Skipped 1 policy at offset 210 ======





==== 02/03/2026 15:49:38 - Skipped 1 policy at offset 212 ======





==== 02/03/2026 15:49:43 - Skipped 1 policy at offset 213 ======





==== 02/03/2026 15:49:48 - Skipped 1 policy at offset 215 ======





==== 02/03/2026 15:49:53 - Skipped 1 policy at offset 216 ======





==== 02/03/2026 15:49:58 - Skipped 1 policy at offset 218 ======





==== 02/03/2026 15:50:03 - Skipped 1 policy at offset 219 ======





==== 02/03/2026 15:50:08 - Skipped 1 policy at offset 221 ======





==== 02/03/2026 15:50:13 - Skipped 1 policy at offset 222 ======





==== 02/03/2026 15:50:18 - Skipped 1 policy at offset 225 ======





==== 02/03/2026 15:50:23 - Skipped 1 policy at offset 226 ======





==== 02/03/2026 15:50:28 - Skipped 1 policy at offset 228 ======





==== 02/03/2026 15:50:33 - Skipped 1 policy at offset 229 ======





==== 02/03/2026 15:50:38 - Skipped 1 policy at offset 231 ======





==== 02/03/2026 15:50:43 - Skipped 1 policy at offset 232 ======





==== 02/03/2026 15:50:48 - Skipped 1 policy at offset 234 ======





==== 02/03/2026 15:50:53 - Skipped 1 policy at offset 235 ======





==== 02/03/2026 15:50:58 - Skipped 1 policy at offset 237 ======





==== 02/03/2026 15:51:03 - Skipped 1 policy at offset 238 ======





==== 02/03/2026 15:51:08 - Skipped 1 policy at offset 240 ======





==== 02/03/2026 15:51:13 - Skipped 1 policy at offset 241 ======





==== 02/03/2026 15:51:19 - Skipped 1 policy at offset 243 ======





==== 02/03/2026 15:51:24 - Skipped 1 policy at offset 244 ======





==== 02/03/2026 15:51:29 - Skipped 1 policy at offset 246 ======





==== 02/03/2026 15:51:34 - Skipped 1 policy at offset 247 ======





==== 02/03/2026 15:51:39 - Skipped 1 policy at offset 250 ======





==== 02/03/2026 15:51:44 - Skipped 1 policy at offset 251 ======





==== 02/03/2026 15:51:49 - Skipped 1 policy at offset 253 ======





==== 02/03/2026 15:51:54 - Skipped 1 policy at offset 254 ======





==== 02/03/2026 15:51:59 - Skipped 1 policy at offset 256 ======





==== 02/03/2026 15:52:04 - Skipped 1 policy at offset 257 ======





==== 02/03/2026 15:52:09 - Skipped 1 policy at offset 259 ======





==== 02/03/2026 15:52:14 - Skipped 1 policy at offset 260 ======





==== 02/03/2026 15:52:19 - Skipped 1 policy at offset 262 ======





==== 02/03/2026 15:52:24 - Skipped 1 policy at offset 263 ======





==== 02/03/2026 15:52:29 - Skipped 1 policy at offset 265 ======





==== 02/03/2026 15:52:34 - Skipped 1 policy at offset 266 ======





==== 02/03/2026 15:52:40 - Skipped 1 policy at offset 268 ======





==== 02/03/2026 15:52:45 - Skipped 1 policy at offset 269 ======





==== 02/03/2026 15:52:50 - Skipped 1 policy at offset 271 ======





==== 02/03/2026 15:52:55 - Skipped 1 policy at offset 272 ======





==== 02/03/2026 15:53:00 - Skipped 1 policy at offset 275 ======





==== 02/03/2026 15:53:05 - Skipped 1 policy at offset 276 ======





==== 02/03/2026 15:53:10 - Skipped 1 policy at offset 278 ======





==== 02/03/2026 15:53:15 - Skipped 1 policy at offset 279 ======





==== 02/03/2026 15:53:20 - Skipped 1 policy at offset 281 ======





==== 02/03/2026 15:53:25 - Skipped 1 policy at offset 282 ======





==== 02/03/2026 15:53:30 - Skipped 1 policy at offset 284 ======





==== 02/03/2026 15:53:35 - Skipped 1 policy at offset 285 ======





==== 02/03/2026 15:53:40 - Skipped 1 policy at offset 287 ======





==== 02/03/2026 15:53:45 - Skipped 1 policy at offset 288 ======





==== 02/03/2026 15:53:50 - Skipped 1 policy at offset 290 ======





==== 02/03/2026 15:53:55 - Skipped 1 policy at offset 291 ======





==== 02/03/2026 15:54:00 - Skipped 1 policy at offset 293 ======





==== 02/03/2026 15:54:06 - Skipped 1 policy at offset 294 ======





==== 02/03/2026 15:54:11 - Skipped 1 policy at offset 296 ======





==== 02/03/2026 15:54:16 - Skipped 1 policy at offset 297 ======





==== 02/03/2026 15:54:21 - Skipped 1 policy at offset 300 ======





==== 02/03/2026 15:54:26 - Skipped 1 policy at offset 301 ======





==== 02/03/2026 15:54:31 - Skipped 1 policy at offset 303 ======





==== 02/03/2026 15:54:36 - Skipped 1 policy at offset 304 ======





==== 02/03/2026 15:54:41 - Skipped 1 policy at offset 306 ======





==== 02/03/2026 15:54:46 - Skipped 1 policy at offset 307 ======





==== 02/03/2026 15:54:51 - Skipped 1 policy at offset 309 ======





==== 02/03/2026 15:54:56 - Skipped 1 policy at offset 310 ======





==== 02/03/2026 15:55:01 - Skipped 1 policy at offset 312 ======





==== 02/03/2026 15:55:06 - Skipped 1 policy at offset 313 ======





==== 02/03/2026 15:55:11 - Skipped 1 policy at offset 315 ======





==== 02/03/2026 15:55:16 - Skipped 1 policy at offset 316 ======





==== 02/03/2026 15:55:21 - Skipped 1 policy at offset 318 ======





==== 02/03/2026 15:55:26 - Skipped 1 policy at offset 319 ======





==== 02/03/2026 15:55:31 - Skipped 1 policy at offset 321 ======





==== 02/03/2026 15:55:36 - Skipped 1 policy at offset 322 ======





==== 02/03/2026 15:55:42 - Skipped 1 policy at offset 325 ======





==== 02/03/2026 15:55:47 - Skipped 1 policy at offset 326 ======





==== 02/03/2026 15:55:52 - Skipped 1 policy at offset 328 ======





==== 02/03/2026 15:55:57 - Skipped 1 policy at offset 329 ======





==== 02/03/2026 15:56:02 - Skipped 1 policy at offset 331 ======





==== 02/03/2026 15:56:07 - Skipped 1 policy at offset 332 ======





==== 02/03/2026 15:56:12 - Skipped 1 policy at offset 334 ======





==== 02/03/2026 15:56:17 - Skipped 1 policy at offset 335 ======





==== 02/03/2026 15:56:22 - Skipped 1 policy at offset 337 ======





==== 02/03/2026 15:56:27 - Skipped 1 policy at offset 338 ======





==== 02/03/2026 15:56:32 - Skipped 1 policy at offset 340 ======





==== 02/03/2026 15:56:37 - Skipped 1 policy at offset 341 ======





==== 02/03/2026 15:56:42 - Skipped 1 policy at offset 343 ======





==== 02/03/2026 15:56:47 - Skipped 1 policy at offset 344 ======





==== 02/03/2026 15:56:52 - Skipped 1 policy at offset 346 ======





==== 02/03/2026 15:56:59 - Skipped 1 policy at offset 347 ======

{"error":"Session Expired"}



==== 02/03/2026 15:57:35 - Skipped 1 policy at offset 350 ======

{"error":"Session Expired"}



==== 02/03/2026 15:57:48 - Skipped 1 policy at offset 351 ======





==== 02/03/2026 15:57:53 - Skipped 1 policy at offset 353 ======





==== 02/03/2026 15:57:58 - Skipped 1 policy at offset 354 ======





==== 02/03/2026 15:58:03 - Skipped 1 policy at offset 356 ======





==== 02/03/2026 15:58:08 - Skipped 1 policy at offset 357 ======





==== 02/03/2026 15:58:13 - Skipped 1 policy at offset 359 ======





==== 02/03/2026 15:58:18 - Skipped 1 policy at offset 360 ======





==== 02/03/2026 15:58:23 - Skipped 1 policy at offset 362 ======





==== 02/03/2026 15:58:28 - Skipped 1 policy at offset 363 ======





==== 02/03/2026 15:58:33 - Skipped 1 policy at offset 365 ======





==== 02/03/2026 15:58:38 - Skipped 1 policy at offset 366 ======





==== 02/03/2026 15:58:43 - Skipped 1 policy at offset 368 ======





==== 02/03/2026 15:58:48 - Skipped 1 policy at offset 369 ======





==== 02/03/2026 15:58:54 - Skipped 1 policy at offset 371 ======





==== 02/03/2026 15:58:59 - Skipped 1 policy at offset 372 ======





==== 02/03/2026 15:59:04 - Skipped 1 policy at offset 375 ======





==== 02/03/2026 15:59:09 - Skipped 1 policy at offset 376 ======





==== 02/03/2026 15:59:14 - Skipped 1 policy at offset 378 ======





==== 02/03/2026 15:59:19 - Skipped 1 policy at offset 379 ======





==== 02/03/2026 15:59:24 - Skipped 1 policy at offset 381 ======





==== 02/03/2026 15:59:29 - Skipped 1 policy at offset 382 ======





==== 02/03/2026 15:59:34 - Skipped 1 policy at offset 384 ======





==== 02/03/2026 15:59:39 - Skipped 1 policy at offset 385 ======





==== 02/03/2026 15:59:44 - Skipped 1 policy at offset 387 ======





==== 02/03/2026 15:59:50 - Skipped 1 policy at offset 388 ======





==== 02/03/2026 16:00:30 - Skipped 1 policy at offset 390 ======





==== 02/03/2026 16:00:56 - Skipped 1 policy at offset 391 ======





==== 02/03/2026 16:01:10 - Skipped 1 policy at offset 393 ======





==== 02/03/2026 16:01:23 - Skipped 1 policy at offset 394 ======





==== 02/03/2026 16:01:28 - Skipped 1 policy at offset 396 ======





==== 02/03/2026 16:01:35 - Skipped 1 policy at offset 397 ======





==== 02/03/2026 16:01:49 - Portal Data Download Background ======

startForegroundService() not allowed due to mAllowStartForeground false: service com.bliss.blissbma.pro/crc6479545b82ba044d57.CommissionService   at Java.Interop.JniEnvironment.InstanceMethods.CallNonvirtualObjectMethod(JniObjectReference , JniObjectReference , JniMethodInfo , JniArgumentValue* )
   at Java.Interop.JniPeerMembers.JniInstanceMethods.InvokeVirtualObjectMethod(String , IJavaPeerable , JniArgumentValue* )
   at Android.Content.ContextWrapper.StartForegroundService(Intent )
   at bma.commissionActivity.updateComm(Context c, String agcode, Boolean nodialog, String runsb)
  --- End of managed Java.Lang.IllegalStateException stack trace ---
android.app.ForegroundServiceStartNotAllowedException: startForegroundService() not allowed due to mAllowStartForeground false: service com.bliss.blissbma.pro/crc6479545b82ba044d57.CommissionService
	at android.app.ForegroundServiceStartNotAllowedException$1.createFromParcel(ForegroundServiceStartNotAllowedException.java:54)
	at android.app.ForegroundServiceStartNotAllowedException$1.createFromParcel(ForegroundServiceStartNotAllowedException.java:50)
	at android.os.Parcel.readParcelableInternal(Parcel.java:4809)
	at android.os.Parcel.readParcelable(Parcel.java:4777)
	at android.os.Parcel.createExceptionOrNull(Parcel.java:3040)
	at android.os.Parcel.createException(Parcel.java:3029)
	at android.os.Parcel.readException(Parcel.java:3012)
	at android.os.Parcel.readException(Parcel.java:2954)
	at android.app.IActivityManager$Stub$Proxy.startService(IActivityManager.java:6214)
	at android.app.ContextImpl.startServiceCommon(ContextImpl.java:1967)
	at android.app.ContextImpl.startForegroundService(ContextImpl.java:1933)
	at android.content.ContextWrapper.startForegroundService(ContextWrapper.java:839)
	at android.content.ContextWrapper.startForegroundService(ContextWrapper.java:839)
	at mono.java.lang.RunnableImplementor.n_run(Native Method)
	at mono.java.lang.RunnableImplementor.run(RunnableImplementor.java:29)
	at android.os.Handler.handleCallback(Handler.java:942)
	at android.os.Handler.dispatchMessage(Handler.java:99)
	at android.os.Looper.loopOnce(Looper.java:226)
	at android.os.Looper.loop(Looper.java:313)
	at android.app.ActivityThread.main(ActivityThread.java:8762)
	at java.lang.reflect.Method.invoke(Native Method)
	at com.android.internal.os.RuntimeInit$MethodAndArgsCaller.run(RuntimeInit.java:604)
	at com.android.internal.os.ZygoteInit.main(ZygoteInit.java:1067)




==== 03/03/2026 12:04:05 - Skipped 1 policy at offset 284 ======





==== 03/03/2026 12:04:10 - Skipped 1 policy at offset 285 ======





==== 03/03/2026 12:04:15 - Skipped 1 policy at offset 287 ======





==== 03/03/2026 12:04:21 - Skipped 1 policy at offset 288 ======





==== 03/03/2026 12:04:26 - Skipped 1 policy at offset 290 ======





==== 03/03/2026 12:04:31 - Skipped 1 policy at offset 291 ======





==== 03/03/2026 12:04:36 - Skipped 1 policy at offset 293 ======





==== 03/03/2026 12:04:50 - Skipped 1 policy at offset 294 ======





==== 03/03/2026 12:05:00 - DATA-ADD_IMPORT1 ======

OperationCanceled   at System.Threading.CancellationToken.ThrowOperationCanceledException()
   at System.Threading.CancellationToken.ThrowIfCancellationRequested()
   at bma.Database.<>c__DisplayClass145_0.<NewAppPortalRecords>b__0()



==== 03/03/2026 12:05:03 - DATA-ADD_IMPORT1 ======

OperationCanceled   at System.Threading.CancellationToken.ThrowOperationCanceledException()
   at System.Threading.CancellationToken.ThrowIfCancellationRequested()
   at bma.Database.<>c__DisplayClass145_0.<NewAppPortalRecords>b__0()



==== 03/03/2026 12:22:04 - Skipped 1 policy at offset 0 ======





==== 03/03/2026 12:22:09 - Skipped 1 policy at offset 1 ======





==== 03/03/2026 12:22:14 - Skipped 1 policy at offset 3 ======





==== 03/03/2026 12:22:19 - Skipped 1 policy at offset 4 ======





==== 03/03/2026 12:22:24 - Skipped 1 policy at offset 6 ======





==== 03/03/2026 12:22:29 - Skipped 1 policy at offset 7 ======





==== 03/03/2026 12:22:34 - Skipped 1 policy at offset 9 ======





==== 03/03/2026 12:22:39 - Skipped 1 policy at offset 10 ======





==== 03/03/2026 12:22:44 - Skipped 1 policy at offset 12 ======





==== 03/03/2026 12:22:49 - Skipped 1 policy at offset 13 ======





==== 03/03/2026 12:22:54 - Skipped 1 policy at offset 15 ======





==== 03/03/2026 12:22:59 - Skipped 1 policy at offset 16 ======





==== 03/03/2026 12:23:04 - Skipped 1 policy at offset 18 ======





==== 03/03/2026 12:23:09 - Skipped 1 policy at offset 19 ======





==== 03/03/2026 12:23:15 - Skipped 1 policy at offset 21 ======





==== 03/03/2026 12:23:20 - Skipped 1 policy at offset 22 ======





==== 03/03/2026 12:23:25 - Skipped 1 policy at offset 25 ======





==== 03/03/2026 12:23:30 - Skipped 1 policy at offset 26 ======





==== 03/03/2026 12:23:35 - Skipped 1 policy at offset 28 ======





==== 03/03/2026 12:23:40 - Skipped 1 policy at offset 29 ======





==== 03/03/2026 12:23:45 - Skipped 1 policy at offset 31 ======





==== 03/03/2026 12:23:50 - Skipped 1 policy at offset 32 ======





==== 03/03/2026 12:23:55 - Skipped 1 policy at offset 34 ======





==== 03/03/2026 12:24:00 - Skipped 1 policy at offset 35 ======





==== 03/03/2026 12:24:05 - Skipped 1 policy at offset 37 ======





==== 03/03/2026 12:24:23 - Skipped 1 policy at offset 38 ======





==== 03/03/2026 12:24:51 - Skipped 1 policy at offset 40 ======





==== 03/03/2026 12:25:08 - Skipped 1 policy at offset 41 ======





==== 03/03/2026 12:25:25 - Skipped 1 policy at offset 43 ======





==== 03/03/2026 12:25:40 - Skipped 1 policy at offset 44 ======





==== 03/03/2026 12:26:04 - Skipped 1 policy at offset 46 ======





==== 03/03/2026 12:26:18 - Skipped 1 policy at offset 47 ======





==== 03/03/2026 12:27:04 - Skipped 1 policy at offset 50 ======





==== 03/03/2026 12:27:40 - Skipped 1 policy at offset 51 ======





==== 03/03/2026 12:28:29 - Skipped 1 policy at offset 53 ======





==== 03/03/2026 12:29:00 - Skipped 1 policy at offset 54 ======





==== 03/03/2026 12:29:23 - Skipped 1 policy at offset 56 ======





==== 03/03/2026 12:30:11 - Skipped 1 policy at offset 57 ======





==== 03/03/2026 12:30:46 - Skipped 1 policy at offset 59 ======





==== 03/03/2026 12:31:29 - Skipped 1 policy at offset 60 ======





==== 03/03/2026 12:32:19 - Skipped 1 policy at offset 62 ======





==== 03/03/2026 12:32:38 - Skipped 1 policy at offset 63 ======





==== 03/03/2026 12:33:05 - Skipped 1 policy at offset 65 ======





==== 03/03/2026 12:33:16 - Skipped 1 policy at offset 66 ======





==== 03/03/2026 12:33:21 - Skipped 1 policy at offset 68 ======





==== 03/03/2026 12:33:26 - Skipped 1 policy at offset 69 ======





==== 03/03/2026 12:33:31 - Skipped 1 policy at offset 71 ======





==== 03/03/2026 12:33:36 - Skipped 1 policy at offset 72 ======





==== 03/03/2026 12:33:41 - Skipped 1 policy at offset 75 ======





==== 03/03/2026 12:33:55 - Skipped 1 policy at offset 76 ======





==== 03/03/2026 12:34:23 - Skipped 1 policy at offset 78 ======





==== 03/03/2026 12:34:44 - Skipped 1 policy at offset 79 ======





==== 03/03/2026 12:34:50 - Skipped 1 policy at offset 81 ======





==== 03/03/2026 12:34:55 - Skipped 1 policy at offset 82 ======





==== 03/03/2026 12:35:00 - Skipped 1 policy at offset 84 ======





==== 03/03/2026 12:35:05 - Skipped 1 policy at offset 85 ======





==== 03/03/2026 12:35:10 - Skipped 1 policy at offset 87 ======





==== 03/03/2026 12:35:15 - Skipped 1 policy at offset 88 ======





==== 03/03/2026 12:35:20 - Skipped 1 policy at offset 90 ======





==== 03/03/2026 12:35:25 - Skipped 1 policy at offset 91 ======





==== 03/03/2026 12:35:30 - Skipped 1 policy at offset 93 ======





==== 03/03/2026 12:35:35 - Skipped 1 policy at offset 94 ======





==== 03/03/2026 12:35:40 - Skipped 1 policy at offset 96 ======





==== 03/03/2026 12:35:45 - Skipped 1 policy at offset 97 ======





==== 03/03/2026 12:36:26 - Portal Data Download Background ======

startForegroundService() not allowed due to mAllowStartForeground false: service com.bliss.blissbma.pro/crc6479545b82ba044d57.CommissionService   at Java.Interop.JniEnvironment.InstanceMethods.CallNonvirtualObjectMethod(JniObjectReference , JniObjectReference , JniMethodInfo , JniArgumentValue* )
   at Java.Interop.JniPeerMembers.JniInstanceMethods.InvokeVirtualObjectMethod(String , IJavaPeerable , JniArgumentValue* )
   at Android.Content.ContextWrapper.StartForegroundService(Intent )
   at bma.commissionActivity.updateComm(Context c, String agcode, Boolean nodialog, String runsb)
  --- End of managed Java.Lang.IllegalStateException stack trace ---
android.app.ForegroundServiceStartNotAllowedException: startForegroundService() not allowed due to mAllowStartForeground false: service com.bliss.blissbma.pro/crc6479545b82ba044d57.CommissionService
	at android.app.ForegroundServiceStartNotAllowedException$1.createFromParcel(ForegroundServiceStartNotAllowedException.java:54)
	at android.app.ForegroundServiceStartNotAllowedException$1.createFromParcel(ForegroundServiceStartNotAllowedException.java:50)
	at android.os.Parcel.readParcelableInternal(Parcel.java:4809)
	at android.os.Parcel.readParcelable(Parcel.java:4777)
	at android.os.Parcel.createExceptionOrNull(Parcel.java:3040)
	at android.os.Parcel.createException(Parcel.java:3029)
	at android.os.Parcel.readException(Parcel.java:3012)
	at android.os.Parcel.readException(Parcel.java:2954)
	at android.app.IActivityManager$Stub$Proxy.startService(IActivityManager.java:6214)
	at android.app.ContextImpl.startServiceCommon(ContextImpl.java:1967)
	at android.app.ContextImpl.startForegroundService(ContextImpl.java:1933)
	at android.content.ContextWrapper.startForegroundService(ContextWrapper.java:839)
	at android.content.ContextWrapper.startForegroundService(ContextWrapper.java:839)
	at mono.java.lang.RunnableImplementor.n_run(Native Method)
	at mono.java.lang.RunnableImplementor.run(RunnableImplementor.java:29)
	at android.os.Handler.handleCallback(Handler.java:942)
	at android.os.Handler.dispatchMessage(Handler.java:99)
	at android.os.Looper.loopOnce(Looper.java:226)
	at android.os.Looper.loop(Looper.java:313)
	at android.app.ActivityThread.main(ActivityThread.java:8762)
	at java.lang.reflect.Method.invoke(Native Method)
	at com.android.internal.os.RuntimeInit$MethodAndArgsCaller.run(RuntimeInit.java:604)
	at com.android.internal.os.ZygoteInit.main(ZygoteInit.java:1067)




==== 04/03/2026 14:57:42 - Skipped 1 policy at offset 100 ======





==== 04/03/2026 14:57:47 - Skipped 1 policy at offset 101 ======





==== 04/03/2026 14:57:52 - Skipped 1 policy at offset 103 ======





==== 04/03/2026 14:57:57 - Skipped 1 policy at offset 104 ======





==== 04/03/2026 14:58:02 - Skipped 1 policy at offset 106 ======





==== 04/03/2026 14:58:07 - Skipped 1 policy at offset 107 ======





==== 04/03/2026 14:58:12 - Skipped 1 policy at offset 109 ======





==== 04/03/2026 14:58:17 - Skipped 1 policy at offset 110 ======





==== 04/03/2026 14:58:22 - Skipped 1 policy at offset 112 ======





==== 04/03/2026 14:58:28 - Skipped 1 policy at offset 113 ======





==== 04/03/2026 14:58:33 - Skipped 1 policy at offset 115 ======





==== 04/03/2026 14:58:38 - Skipped 1 policy at offset 116 ======





==== 04/03/2026 14:58:43 - Skipped 1 policy at offset 118 ======





==== 04/03/2026 14:58:48 - Skipped 1 policy at offset 119 ======





==== 04/03/2026 14:58:53 - Skipped 1 policy at offset 121 ======





==== 04/03/2026 14:58:58 - Skipped 1 policy at offset 122 ======





==== 04/03/2026 14:59:03 - Skipped 1 policy at offset 125 ======





==== 04/03/2026 14:59:08 - Skipped 1 policy at offset 126 ======





==== 04/03/2026 14:59:13 - Skipped 1 policy at offset 128 ======





==== 04/03/2026 14:59:18 - Skipped 1 policy at offset 129 ======





==== 04/03/2026 14:59:23 - Skipped 1 policy at offset 131 ======





==== 04/03/2026 14:59:28 - Skipped 1 policy at offset 132 ======





==== 04/03/2026 14:59:33 - Skipped 1 policy at offset 134 ======





==== 04/03/2026 14:59:38 - Skipped 1 policy at offset 135 ======





==== 04/03/2026 14:59:43 - Skipped 1 policy at offset 137 ======





==== 04/03/2026 14:59:48 - Skipped 1 policy at offset 138 ======





==== 04/03/2026 14:59:53 - Skipped 1 policy at offset 140 ======





==== 04/03/2026 14:59:58 - Skipped 1 policy at offset 141 ======





==== 04/03/2026 15:00:03 - Skipped 1 policy at offset 143 ======





==== 04/03/2026 15:00:08 - Skipped 1 policy at offset 144 ======





==== 04/03/2026 15:00:13 - Skipped 1 policy at offset 146 ======





==== 04/03/2026 15:00:18 - Skipped 1 policy at offset 147 ======





==== 04/03/2026 15:00:23 - Skipped 1 policy at offset 150 ======





==== 04/03/2026 15:00:28 - Skipped 1 policy at offset 151 ======





==== 04/03/2026 15:00:34 - Skipped 1 policy at offset 153 ======





==== 04/03/2026 15:00:39 - Skipped 1 policy at offset 154 ======





==== 04/03/2026 15:00:44 - Skipped 1 policy at offset 156 ======





==== 04/03/2026 15:00:49 - Skipped 1 policy at offset 157 ======





==== 04/03/2026 15:00:54 - Skipped 1 policy at offset 159 ======





==== 04/03/2026 15:00:59 - Skipped 1 policy at offset 160 ======





==== 04/03/2026 15:01:04 - Skipped 1 policy at offset 162 ======





==== 04/03/2026 15:01:09 - Skipped 1 policy at offset 163 ======





==== 04/03/2026 15:01:14 - Skipped 1 policy at offset 165 ======





==== 04/03/2026 15:01:19 - Skipped 1 policy at offset 166 ======





==== 04/03/2026 15:01:24 - Skipped 1 policy at offset 168 ======





==== 04/03/2026 15:01:29 - Skipped 1 policy at offset 169 ======





==== 04/03/2026 15:01:34 - Skipped 1 policy at offset 171 ======





==== 04/03/2026 15:01:39 - Skipped 1 policy at offset 172 ======





==== 04/03/2026 15:01:44 - Skipped 1 policy at offset 175 ======





==== 04/03/2026 15:01:49 - Skipped 1 policy at offset 176 ======





==== 04/03/2026 15:01:54 - Skipped 1 policy at offset 178 ======





==== 04/03/2026 15:01:59 - Skipped 1 policy at offset 179 ======





==== 04/03/2026 15:02:04 - Skipped 1 policy at offset 181 ======





==== 04/03/2026 15:02:09 - Skipped 1 policy at offset 182 ======





==== 04/03/2026 15:02:14 - Skipped 1 policy at offset 184 ======





==== 04/03/2026 15:02:19 - Skipped 1 policy at offset 185 ======





==== 04/03/2026 15:02:25 - Skipped 1 policy at offset 187 ======





==== 04/03/2026 15:02:30 - Skipped 1 policy at offset 188 ======





==== 04/03/2026 15:02:35 - Skipped 1 policy at offset 190 ======





==== 04/03/2026 15:02:40 - Skipped 1 policy at offset 191 ======





==== 04/03/2026 15:02:45 - Skipped 1 policy at offset 193 ======





==== 04/03/2026 15:02:50 - Skipped 1 policy at offset 194 ======





==== 04/03/2026 15:02:55 - Skipped 1 policy at offset 196 ======





==== 04/03/2026 15:03:00 - Skipped 1 policy at offset 197 ======





==== 04/03/2026 15:03:05 - Skipped 1 policy at offset 200 ======





==== 04/03/2026 15:03:10 - Skipped 1 policy at offset 201 ======





==== 04/03/2026 15:03:15 - Skipped 1 policy at offset 203 ======





==== 04/03/2026 15:03:20 - Skipped 1 policy at offset 204 ======





==== 04/03/2026 15:03:25 - Skipped 1 policy at offset 206 ======





==== 04/03/2026 15:03:30 - Skipped 1 policy at offset 207 ======





==== 04/03/2026 15:03:35 - Skipped 1 policy at offset 209 ======





==== 04/03/2026 15:03:40 - Skipped 1 policy at offset 210 ======





==== 04/03/2026 15:03:45 - Skipped 1 policy at offset 212 ======





==== 04/03/2026 15:03:50 - Skipped 1 policy at offset 213 ======





==== 04/03/2026 15:03:55 - Skipped 1 policy at offset 215 ======





==== 04/03/2026 15:04:01 - Skipped 1 policy at offset 216 ======





==== 04/03/2026 15:04:06 - Skipped 1 policy at offset 218 ======





==== 04/03/2026 15:04:11 - Skipped 1 policy at offset 219 ======





==== 04/03/2026 15:04:16 - Skipped 1 policy at offset 221 ======





==== 04/03/2026 15:04:21 - Skipped 1 policy at offset 222 ======





==== 04/03/2026 15:04:26 - Skipped 1 policy at offset 225 ======





==== 04/03/2026 15:04:31 - Skipped 1 policy at offset 226 ======





==== 04/03/2026 15:04:36 - Skipped 1 policy at offset 228 ======





==== 04/03/2026 15:04:41 - Skipped 1 policy at offset 229 ======





==== 04/03/2026 15:04:46 - Skipped 1 policy at offset 231 ======





==== 04/03/2026 15:04:51 - Skipped 1 policy at offset 232 ======





==== 04/03/2026 15:04:56 - Skipped 1 policy at offset 234 ======





==== 04/03/2026 15:05:01 - Skipped 1 policy at offset 235 ======





==== 04/03/2026 15:05:06 - Skipped 1 policy at offset 237 ======





==== 04/03/2026 15:05:11 - Skipped 1 policy at offset 238 ======





==== 04/03/2026 15:05:16 - Skipped 1 policy at offset 240 ======





==== 04/03/2026 15:05:21 - Skipped 1 policy at offset 241 ======





==== 04/03/2026 15:05:26 - Skipped 1 policy at offset 243 ======





==== 04/03/2026 15:05:31 - Skipped 1 policy at offset 244 ======





==== 04/03/2026 15:05:36 - Skipped 1 policy at offset 246 ======





==== 04/03/2026 15:05:41 - Skipped 1 policy at offset 247 ======





==== 04/03/2026 15:05:47 - Skipped 1 policy at offset 250 ======





==== 04/03/2026 15:05:52 - Skipped 1 policy at offset 251 ======





==== 04/03/2026 15:05:57 - Skipped 1 policy at offset 253 ======





==== 04/03/2026 15:06:02 - Skipped 1 policy at offset 254 ======





==== 04/03/2026 15:06:07 - Skipped 1 policy at offset 256 ======





==== 04/03/2026 15:06:12 - Skipped 1 policy at offset 257 ======





==== 04/03/2026 15:06:17 - Skipped 1 policy at offset 259 ======





==== 04/03/2026 15:06:22 - Skipped 1 policy at offset 260 ======





==== 04/03/2026 15:06:27 - Skipped 1 policy at offset 262 ======





==== 04/03/2026 15:06:32 - Skipped 1 policy at offset 263 ======





==== 04/03/2026 15:06:37 - Skipped 1 policy at offset 265 ======





==== 04/03/2026 15:06:42 - Skipped 1 policy at offset 266 ======





==== 04/03/2026 15:06:47 - Skipped 1 policy at offset 268 ======





==== 04/03/2026 15:06:52 - Skipped 1 policy at offset 269 ======





==== 04/03/2026 15:06:57 - Skipped 1 policy at offset 271 ======





==== 04/03/2026 15:07:02 - Skipped 1 policy at offset 272 ======





==== 04/03/2026 15:07:07 - Skipped 1 policy at offset 275 ======





==== 04/03/2026 15:07:12 - Skipped 1 policy at offset 276 ======





==== 04/03/2026 15:07:17 - Skipped 1 policy at offset 278 ======





==== 04/03/2026 15:07:22 - Skipped 1 policy at offset 279 ======





==== 04/03/2026 15:07:27 - Skipped 1 policy at offset 281 ======





==== 04/03/2026 15:07:32 - Skipped 1 policy at offset 282 ======





==== 04/03/2026 15:07:37 - Skipped 1 policy at offset 284 ======





==== 04/03/2026 15:07:43 - Skipped 1 policy at offset 285 ======





==== 04/03/2026 15:07:48 - Skipped 1 policy at offset 287 ======





==== 04/03/2026 15:07:53 - Skipped 1 policy at offset 288 ======





==== 04/03/2026 15:07:58 - Skipped 1 policy at offset 290 ======





==== 04/03/2026 15:08:03 - Skipped 1 policy at offset 291 ======





==== 04/03/2026 15:08:08 - Skipped 1 policy at offset 293 ======





==== 04/03/2026 15:08:13 - Skipped 1 policy at offset 294 ======





==== 04/03/2026 15:08:18 - Skipped 1 policy at offset 296 ======





==== 04/03/2026 15:08:23 - Skipped 1 policy at offset 297 ======





==== 04/03/2026 15:08:28 - Skipped 1 policy at offset 300 ======





==== 04/03/2026 15:08:33 - Skipped 1 policy at offset 301 ======





==== 04/03/2026 15:08:38 - Skipped 1 policy at offset 303 ======





==== 04/03/2026 15:08:43 - Skipped 1 policy at offset 304 ======





==== 04/03/2026 15:08:48 - Skipped 1 policy at offset 306 ======





==== 04/03/2026 15:08:53 - Skipped 1 policy at offset 307 ======





==== 04/03/2026 15:08:58 - Skipped 1 policy at offset 309 ======





==== 04/03/2026 15:09:03 - Skipped 1 policy at offset 310 ======





==== 04/03/2026 15:09:08 - Skipped 1 policy at offset 312 ======





==== 04/03/2026 15:09:13 - Skipped 1 policy at offset 313 ======





==== 04/03/2026 15:09:19 - Skipped 1 policy at offset 315 ======





==== 04/03/2026 15:09:24 - Skipped 1 policy at offset 316 ======





==== 04/03/2026 15:09:29 - Skipped 1 policy at offset 318 ======





==== 04/03/2026 15:09:34 - Skipped 1 policy at offset 319 ======





==== 04/03/2026 15:09:39 - Skipped 1 policy at offset 321 ======





==== 04/03/2026 15:09:44 - Skipped 1 policy at offset 322 ======





==== 04/03/2026 15:09:49 - Skipped 1 policy at offset 325 ======





==== 04/03/2026 15:09:54 - Skipped 1 policy at offset 326 ======





==== 04/03/2026 15:09:59 - Skipped 1 policy at offset 328 ======





==== 04/03/2026 15:10:04 - Skipped 1 policy at offset 329 ======





==== 04/03/2026 15:10:09 - Skipped 1 policy at offset 331 ======





==== 04/03/2026 15:10:14 - Skipped 1 policy at offset 332 ======





==== 04/03/2026 15:10:19 - Skipped 1 policy at offset 334 ======





==== 04/03/2026 15:10:24 - Skipped 1 policy at offset 335 ======





==== 04/03/2026 15:10:29 - Skipped 1 policy at offset 337 ======





==== 04/03/2026 15:10:34 - Skipped 1 policy at offset 338 ======





==== 04/03/2026 15:10:39 - Skipped 1 policy at offset 340 ======





==== 04/03/2026 15:10:44 - Skipped 1 policy at offset 341 ======





==== 04/03/2026 15:10:49 - Skipped 1 policy at offset 343 ======





==== 04/03/2026 15:10:54 - Skipped 1 policy at offset 344 ======





==== 04/03/2026 15:11:00 - Skipped 1 policy at offset 346 ======





==== 04/03/2026 15:11:05 - Skipped 1 policy at offset 347 ======





==== 09/03/2026 12:19:36 - OSTATTUS-RESPONSE-TOKEN ======

LjlWez+MGdyUYt3lgmPreUw1I4eSgOfM7Lmwi3MaJgnCuJhVtxmOsKRTvaed2h4tkbOJh99pBIRkOFJpHKzxIYI8N7NmZDZAAeo9mtWwsgyWfuTTUEqVk4knDmUwV8kQJL+BMwQePEzFtoJ+eq1Jo7xxYH1InZ9adDN0+uuVNSZOVkGJCSe4rqDbK7d/05IP/y+N6NiwCP6RVVVQfXM0Bzws4HbDnVZBVNGru9QyVc7AdHXqI1/ap7ccLcIGMgtAAblEgTGYas2HwK62yTlyuhA6sYckpfdCjfDjZpqYK6dwha9H0GO+lRE2FCabg7G/eH/q4iUvKvRGNpfzIGeQkW0PgJPINqsZCkNz7VjhBpj3oSrH31xU0GbAXuGdpEsKFzls2TbyXPzgxTwoO0ZdZZWLDHAZsa6tYjLZSIgXTe95Z+L3MGsJalvsUkEM86It7pQ2udw348/K4EIlYCKmf4HOIxwIBdZWGcVc/f3U+o7KxSQAFkJxTNntKfhA3RFFxaezgNxRczkyHia/3z7gaWVwib6Ui7gzQ0uL0dQdAMHq3NBJ/55LNmjgADxnrKNpSQSvlo/dFdQjrqFMh+gkbq9OuEgLktPkNDd7s3iozKThQa01F1PJ3Rqjln+O6F3V10VS/90ZtwtBRcymusLny0pw6WaRa9R2oCOVZFLgshgxKyT0uT97Br2t8YO3mQq8a3MHSgIkm3+ivLFOuRUXUx/7+8ZpX9VBXQtm0hZ8gPgfmoUI49NQZs2idOMKdg4iY3vCYlHDvwkH0GiKrC66C4tbDz0Ol7rq9P3hB7nM+wpoPg08F1xgk0GFmcAjUtFGdqETgY6fv2bCAif68tp6IKaN7rxYwAVKzV8LOj8WByIY0dYrNpnWDClj67sBj8+k70deanUgdpM4oPyXw43zTGWzB2omvju2lBIaglzQfoIbgaKFmguFRZ/ZBSNa+zbMjxI7/tq6fZv+OJGJJ+HGGp9sd4dY2B8JuYns3rZWhv+JiVf9iV9HfYmNTW1I5lNhVKtcGst8FG5DdVCbjHDWv/Z6ffCsBYZ/9Y/0rs18BccXGLKVjOEMsb6zVa+VIb3l5kRs8VPXJ0b24ljw6NysIxDg19v7kMJCRj7QjqhG7m9XCgm7ca58bsNxEKav7MG7oRnTCxE3/nCXS/BXnwetsGEKTLGlOWaZHwwAELzibt7buWpOjGn+kDu2E7uapTTD2TTEwkvEsGDBJR9neY0jHl21HmdJvTBZhdHP0iXwEmRJU058OW1ExyqE6skN6r3dPoA7kGXqb3Qk7Xgvw/qmWZ72QWycqOreJ4+w31ZoPxma95lJ58MfATm+3PS8xSYkcRir+e1QjC5n/Kk537G65rJqNXAdXbC7AObmF9KR44LjEuqjSJhJXwoQm31k9lLun1SMavicNPngQVWFCcpwTEH4Y0TrglJ4Ycc2iIZawlUq5UM+3ELG1j/WrBRSw7HqpC0cnM9YUTagJtD7w1xu+477yiNQWxGfg5WI1+IGmph0sa0tukdmJ5bOVU109txiVbxW5fEtJtHViYWQe22QBkOQkhU/jPEQCsKrS0/5qj1F599PSkTKSB/bkKccVudu7jsMINBNfzvQT4ljS0mRkJW5228JGzGokZnFUkHl9z+XalcM2L1gO5bHFQBqrG7uTu6Qeh4MlbM7dlKC9B/JqqBHOHPvFCpTu02pNLw5gdwPUz3Che5QL9MwDhyF7QBFpi2HVpiSRvumHma+zTC4x/2T3AcEcQBFSvE73dmlQmkIgRaLRZLunBgFhRNXNOK+lcjUZYdmnHdW9oPFfPqjHBQoaWxoY6y1tkNz9601e96g4U/jSmJZPveXEaS6K2dm4qDRW8uSEmiz+jU0uW0gOhzp7Gt7GrxVWIMs41KG8s2WXy5ssUj4exlcng+Mb+Gss7+ARCoXOCTTET3HunUedZjS



==== 09/03/2026 12:19:36 - OSTATTUS-RESPONSE-TOKEN ======

eyJhbGciOiJIUzUxMiJ9.eyJzdWIiOiJJREFNMjYwNzIwMjIzMTgzODU5IiwiYWdlbmN5X2NvZGUiOm51bGwsImNyZWF0ZWQiOjE3NzMwMzc4MDQzMDUsImFjY2Vzc19jb2RlIjoiZXlKaGJHY2lPaUpTVXpJMU5pSXNJblI1Y0NJNklrcFhWQ0o5LmV5SnpkV0lpT2lKSlJFRk5Nall3TnpJd01qSXpNVGd6T0RVNUlpd2labTVoYldVaU9pSlRMa2RKVWtsRVNFRlNRVTRpTENKMWMyVnljM1JoZEhWeklqb2lNU0lzSW1WdWRHbDBlV3hwYzNRaU9sc2lURWxEWDBOVlUxUlBUVVZTWDFCUFVsUkJUQ0pkTENKeWIyeGxjeUk2V3lKRVR5SmRMQ0pwYzNNaU9pSkJVbGdpTENKdGIySnBiR1VpT2lJNU5EUXpPREkyTlRRNElpd2lZWFZrSWpvaVpHVm1ZWFZzZENJc0lteHVZVzFsSWpvaVV5NUhTVkpKUkVoQlVrRk9JaXdpZFhObGNsUjVjR1VpT2lJeElpd2laWGh3SWpveE56Y3pNRFkyTlRjd0xDSnBZWFFpT2pFM056TXdNemMzTnpBc0ltcDBhU0k2SW1ReU1UQTNZbVV5TFRkbVpXTXRORGt6WkMwNE1tVTNMVEExTVRJeU9XRmxPRFppT0NJc0ltVnVkR2wwZVNJNklreEpRMTlEVlZOVVQwMUZVbDlRVDFKVVFVd2lMQ0psYldGcGJDSTZJbk11WjJseWFXUm9ZWEpoYmtCc2FXTnBibVJwWVM1amIyMGlmUS5hMDN1RGd1TFAwQVNlS3MwNTVhYlJPdTNURXRSNTZHUGlndnZ4VXlrSEY0QU9KM2pPdlNScEhjWk1hMUs5Q3hIVnp2cG9QWmtocTJJUDhpUFNqTUZEME1mS1dkNUh6TmJrOUJBY2VGRjNxR0JHaDJuc1ZhZEpTb1RwMnFQUExDMHkxS25YOVZ0UGVEUzk3Wk5QSFZFbUVEUnUybXh5RmY5aWNMZGVmVF9yRExwRjRRWEdMeXRvVVdqM2s4YndHQ0MtWm90SmozSXd0QTZyQjYxVWpBRU4yNzBVX1FTZmwwYUFuMmdCM19xWGNyVVBCdU11T1NLV1BoY0NxOC1zTzROc0FPVUZvaENxZy04RkFHcjFkSDFVY3VmVmt3aVc1Z1dqQnRIQkdQVmw4ZFNZWkluX2lxV2cyamhiOHR6YXNFdy1zaUhhaWJTWC1lQ3pydFFwT3pONFEiLCJyb2xlcyI6WyJETyJdLCJjbGllbnRJcCI6bnVsbCwiZW50aXRsZW1lbnQiOltdfQ.z8-0Gqk4xGSZTv_Nq_ICg2PbbGxROGJ3ZhhI0ZdKS332MkUhHhvVgaJTjLY3haFtByTwqi6sGugsqucoGg-hOw



==== 09/03/2026 12:19:36 - POST-URL ======

https://ebizapp01.licindia.in/BFFService/policy/policyInfo?_dc=1773038976887



==== 09/03/2026 12:19:39 - POST-URL ======

{"confirmationId":null,"status":"200","resultInfoList":null,"count":0,"policy":{"policyNumber":"327421914","relationType":"Self","planName":"LIC's New Jeevan Labh Plan","mode":"1","noOfDues":1,"premium":"1012.00","commenceDate":"2025-03-07","nameOfAssured":"M Madhuvandhy","agencyCode":"0090976F ","developmentOfficerCode":"87070","plan":"736","policyTerm":"21","firstUnpaidPremiumDate":"2026-04-07","cdCharge":"0","serviceBranch":"76F ","sumAssured":"200000","policyStatus":"21","dob":"1998-07-26","ageAtEntry":27,"planDetails":{"plan":736,"planType":null,"planDesc":null,"premiumDueDuration":6,"premiumDueDurationType":"M","payPremiumAdvance":30,"payPremiumAdvanceType":"D","gracePeriod":15,"gracePeriodType":"D","serviceTaxRateFirstYr":4.5,"serviceTaxRateNextYrs":2.25,"serviceTaxRateEduCess":0.0,"topUpAllowed":null,"multiplyTopupAmt":null,"topupLimitCriteria":null,"topupNoPayBefMaturity":null,"planCategory":"NORM","freeCoverCond":null,"freeCoverFUP":null,"campaignStartDate":"2026-01-01","campaignEndDate":"2026-03-02","percentageofwaiver":30.0,"maxLimitofwaiver":3000.0,"waiversAllowedNum":1,"lateFeeWaiverInd":"Y","discountPercentFirstYr":null,"discountPercentSecondYr":null,"discountPercentThirdYr":null,"discountPercentSubYr":null,"discountFromDate":null,"discountToDate":null,"maxLimitWaiverFstYr":null,"maxLimitWaiverScndYr":null,"maxLimitWaiverThirdYr":null,"maxLimitWaiverSubYr":null,"discountParameter":null,"graceprdExtFlag":null,"graceprdExtFrmDate":null,"graceprdExtToDate":null,"graceprdPrcntWaiver":null,"maxWaiverLimitgraceprd":null,"gstCdCharge":0.0,"gstLateFeeRateFirstYr":18.0,"gstLateFeeRateNextYrs":18.0,"dateOfLaunch":"2/1/2020","beforeLaunch":"N","centralGSTPercentage":50,"discountPeriod":null,"discountPeriodType":null},"eligible":false,"lateFeeRequired":false,"recordId":"O","premiumPayingTerm":15,"policyBenefits":"200000","dueAmount":"1012.00","taxExemption":false,"age":"28","eserviceEligible":false,"policyUlip":false,"dateOfLastPayment":"2040-02-07","dateOfMaturity":"2046-03-07","statusShortDesc":"In Force","nav":"For NAV details please contact your Servicing Branch / Customer Zone","altChannelId":"02","riderPolicy":false,"minorChild":false,"accountingBookCode":1,"payedPolicy":false,"advancePayedPolicy":false,"lastAccountDate":"2026-03-04","noBonusYears":99,"bonusInfo":{"totalRevBonus":0,"totalInterimBonus":0,"totalFAB":0,"totalGuaranty":0,"totalLoyalty":0,"totalOneTimeBonus":0.00,"messageCode":null,"calulationSheetHTML":"<table width=100% ><tr class=grey-bg><td>Please Check Data As After Conversion Bonus Year Cannot Be Zero</td></tr></table>","calulationSheetText":"Please Check Data As After Conversion Bonus Year Cannot Be Zero  "},"isSpotRevivalAllowed":false,"discountApplicable":false,"advancePaymetEligible":false,"maturitySumAssured":0,"gstInNumber":"null","transactionAllowed":true,"dateOfShowMaturity":"2046-03-07","panFlag":true,"neftFlag":true,"itPan":"DE******2N","neftStatus":"Y","titleCode":"1","premiumGapFlag":false,"dghPolicyFlag":false,"policyExitStatus":false,"serviceRequestFlag":false,"nriGstFlag":false,"fyEndDate":"2026-03-31"},"person":{"policyNo":327421914,"birthDate":"1998-07-26","fullName":"M Madhuvandhy","sex":"F","shortName":"Madhuvandhy M","age":"27","profileMobileNo":null,"profileEmail":null,"profileUnMaskMobileNo":null,"profileUnMaskEmail":null},"address":{"policyNo":327421914,"address1":"D/O N Murali,","address2":"3/914, Extension No 1 Koneripatti","address3":"Rasipuram Po And Tk, Namakkal Dt","addressId":1,"pin":637408},"branch":{"branchCode":"76F ","address1":"LIC OF INDIA - 76F","address2":"NAMAKKAL ROAD","address3":"RASIPURAM","branchIp":"10.128.42.194","branchName":"LIC of India, Rasipuram Br Office","city":null,"dcCode":"X070","divCode":70,"eaiIndication":"Y","emailId":"BO_76F@LICINDIA.COM","man":null,"odsIndication":"N","pin":null,"state":"null"},"agent":{"agencyCode":"0090976F ","address1":"D/O.K.Jayaraman,Jai Ganesh Lorry","address2":"Service,T.P.Kadu,Moolapallipatty.Po","address3":"Rasipuram.Tk & Namakkal .Dt.","agentName":"J.Renukadevi","birthDate":"1976-03-10","category":2,"city":null,"disabilityCode":1,"enteredDate":"2026-03-09T01:10:26.000+00:00","itaxPanNo":"ANZPR4228B","occupationCode":12,"pin":637406,"qualificationCode":3,"sex":"F"},"nominees":[{"policyNo":327421914,"nomineeAge":50,"nomineeDob":null,"nomineeId":1,"nomineeName":"N MURALI","nomineeRegistrationDate":null,"nomineeRelation":"F","nomineeShare":100,"nomineeStatus":"B"}],"billingInfo":{"policyNumber":"327421914","nameOfAssured":"M Madhuvandhy","planName":"LIC's New Jeevan Labh Plan","plan":736,"mode":"1","premium":1012,"sumAssured":200000,"status":null,"firstUnpaidPremiumDate":"2026-04-07","nextFup":null,"dueAmount":"1012.00","payedPolicy":false,"noOfDues":1,"eligible":false,"spotRevival":false},"policyContact":{"policyNo":327421914,"dataSource":"B","emailAddress":"madhuvandhy.murali@gmail.com            ","enteredDate":"2026-03-05T20:00:09.180+00:00","mobileNo":"917010786064","countryCode":null,"telephoneNo":"null","panNo":null},"policyExtra":{"accumTerm":0},"policyAnnuity":null,"userRegistered":"Y","assignmentDetails":[],"ulipExtra":{"giveCashAmount":0},"bonusErrorMessage":null,"qpayPolicy":{"policyNumber":"327421914","dob":"26/07/1998","emailId":"madhuvandhy.murali@gmail.com","mobileNo":"7010786064","premium":"1012","key":"819263"}}



==== 09/03/2026 12:19:48 - GET-URL ======

https://mk-channel.licindia.in/Landing/



==== 09/03/2026 12:21:49 - OSTATTUS-RESPONSE-TOKEN ======

xfnJiJAQAg4E5bjdfwawCx//iwoWadc4l/yogd/BmEDSrgAjC+g86wXByQe+rY+oKWbjxkL4vsYGEUwjEj1gu/ZwDp5VALnjPN0l36iU1ERCaUFF/ekaTyl9ZNrnTwwvYeRTX5rNZPaAuq6ku0rkHlL92okLMD70Tf8P+eEYYssJbaJcffBknmwF9VQiUedwvH2AV7LIjqj/l8u5nxb6bXJERJfBAA0Q29s9Oq4GWucy4BaAjTihdXa0MUW2xTDY6K7x77f3JmE9H5BzGHArPvPqWY0dy0qxPFvnUMWAJNy3zRDD6SIcmHReKcn8ahIgpUg9kYGQhGrsTbx9C/jd54h3VcYmqTbF088SpFjX8OkDEAqdeAHKDY38ZBX2PfQbE2hskn0r7pAXlNOKvtbI/Y7cOBCLWaVy6fJH0plcfaggieU7ONcXttoX1avlMBNn/UCiHgHGxMq06alwuE4DUGmorXo38J9sqrb+3Jv/PF3FX4N6PQcxcPwESNMGYslXBwifVhnwPIooOm5/dGAabL4TpL/wHN8HhYUyGYN0y12Q+Tf0OuixcwAW8uAiqhP7fr73qob5LvOTFFBrtcTCuGRDbjFy8pZqvSmGl9KcDpX9l4cx1idK8yaE1MTCLAyPMJe+x1pLXnvq+kDEmAbbOAaQnhCWAdEC5exWH6Ip4ivNwjox7aR1FPsqqfH/V7tewdNpwbUKJzXjhzB6CHmtcaJlvqoa34+QxBTffDkQrcu5StCeXrF5oxVrODwhF1IKhyiydD8HpFZ4MpLO+FJf0j0OOrNrwehBhXJvgC65Cf4HgI9JVn/IAzGOrmcxprWfzkYZ/u8Gpar0tCk+WWm0X1stzi+fIgvirldDf5F3dIa2bheZixNDaEvTNA8y9sDgFfyDbsZtaFFfbV0jc8VIJDyDYE/MNQoE4r2S0gqnVQaf86+gtQVWWRJbpyOkAcZF/zJigQ3u/ycezhK4lLDHPkoSEGh4vBhT9OV+i2boNMujQuPbbgHikYFh1rjhnBzkXGCZLSmKMkax2saEVyAgyfpsVkKtZxb75DbgWupHs/RE0jVQMpkYzYGNgS71YLlHB94gfdtPe82y96gAK0uR6QB/T95oWI2gihyNlEnCBlwqdSAs+BlTQ/G6xvi+8Yuafw7dEfa3aHTPINaTPQ14LCTVxnJFUItYZ/r3GlYqat3CnBaH37MXqXzUN4Z68BzFtVUHXv1hkxEc2UnqT7sZksMoXcuYEWKVmvJ7rDZXz4qv/qy+qF3BX0xmN+0+F99iyHi2w+zJro4bW/5nNduZX3rlItESxSn+C+TtFMBjIKOg4iw0x9GGfj8SCRir8yrzHKqBJ9ObjvufM+KUWx8JZDp4XO6ktxNZKdFdKaee9yB/HiSLbYvSRBfCIG/MTn76KKecTs4MkAHDP4OEJweOSfy2bciGpCrm587kOYOqjyN2Nqk/BQLT8OgdVd5HNhrlX/IUuLAWoNYJEy+JGRAKT88SIeoLmdKpqnPxpTwgMcUZySox10N2IzoFWb6H81YdkTYnqqkhLuFGUfzLlew5n9W7Rmn7MX8BpCAJH+f/CwtDe8GN8JeSB2xcrf+jnCgmC3VzKsWD1iYJvNpN+SDDfMC/znk1Tsb9rh+WzpX/8QE0NCtzyIl2xuUjkZ1UCu7EWkKrJ20XXj2pc4JaDwWaAQ9vQiuZw195NaYznuRWP+CUdClnO8diaRSU3iDm0DFgiWD5RKmtVvTH9B50Wqtf+wSDVKOyluToJR2AoHQpBwMOZwPAVPfAzK+spZbgQcfmXca7s14rfS2i8/V2Qn46EXj5Q/XfA01IGjT+GnSKDU97NZXg0QvXzS+2QyIm4IG/W3i/uQB7rSABkoCm/TzEuglhX3o7zTF5Fxyh+iYvE7PCvqkyuf/bOH9iztyowISdoI0tL5zg0gCVWN1NWS7sewwl



==== 09/03/2026 12:21:49 - OSTATTUS-RESPONSE-TOKEN ======

eyJhbGciOiJIUzUxMiJ9.eyJzdWIiOiJJREFNMjYwNzIwMjIzMTgzODU5IiwiYWdlbmN5X2NvZGUiOm51bGwsImNyZWF0ZWQiOjE3NzMwMzc4MDQzMDUsImFjY2Vzc19jb2RlIjoiZXlKaGJHY2lPaUpTVXpJMU5pSXNJblI1Y0NJNklrcFhWQ0o5LmV5SnpkV0lpT2lKSlJFRk5Nall3TnpJd01qSXpNVGd6T0RVNUlpd2labTVoYldVaU9pSlRMa2RKVWtsRVNFRlNRVTRpTENKMWMyVnljM1JoZEhWeklqb2lNU0lzSW1WdWRHbDBlV3hwYzNRaU9sc2lURWxEWDBOVlUxUlBUVVZTWDFCUFVsUkJUQ0pkTENKeWIyeGxjeUk2V3lKRVR5SmRMQ0pwYzNNaU9pSkJVbGdpTENKdGIySnBiR1VpT2lJNU5EUXpPREkyTlRRNElpd2lZWFZrSWpvaVpHVm1ZWFZzZENJc0lteHVZVzFsSWpvaVV5NUhTVkpKUkVoQlVrRk9JaXdpZFhObGNsUjVjR1VpT2lJeElpd2laWGh3SWpveE56Y3pNRFkyTlRjd0xDSnBZWFFpT2pFM056TXdNemMzTnpBc0ltcDBhU0k2SW1ReU1UQTNZbVV5TFRkbVpXTXRORGt6WkMwNE1tVTNMVEExTVRJeU9XRmxPRFppT0NJc0ltVnVkR2wwZVNJNklreEpRMTlEVlZOVVQwMUZVbDlRVDFKVVFVd2lMQ0psYldGcGJDSTZJbk11WjJseWFXUm9ZWEpoYmtCc2FXTnBibVJwWVM1amIyMGlmUS5hMDN1RGd1TFAwQVNlS3MwNTVhYlJPdTNURXRSNTZHUGlndnZ4VXlrSEY0QU9KM2pPdlNScEhjWk1hMUs5Q3hIVnp2cG9QWmtocTJJUDhpUFNqTUZEME1mS1dkNUh6TmJrOUJBY2VGRjNxR0JHaDJuc1ZhZEpTb1RwMnFQUExDMHkxS25YOVZ0UGVEUzk3Wk5QSFZFbUVEUnUybXh5RmY5aWNMZGVmVF9yRExwRjRRWEdMeXRvVVdqM2s4YndHQ0MtWm90SmozSXd0QTZyQjYxVWpBRU4yNzBVX1FTZmwwYUFuMmdCM19xWGNyVVBCdU11T1NLV1BoY0NxOC1zTzROc0FPVUZvaENxZy04RkFHcjFkSDFVY3VmVmt3aVc1Z1dqQnRIQkdQVmw4ZFNZWkluX2lxV2cyamhiOHR6YXNFdy1zaUhhaWJTWC1lQ3pydFFwT3pONFEiLCJyb2xlcyI6WyJETyJdLCJjbGllbnRJcCI6bnVsbCwiZW50aXRsZW1lbnQiOltdfQ.z8-0Gqk4xGSZTv_Nq_ICg2PbbGxROGJ3ZhhI0ZdKS332MkUhHhvVgaJTjLY3haFtByTwqi6sGugsqucoGg-hOw



==== 09/03/2026 12:21:49 - POST-URL ======

https://ebizapp01.licindia.in/BFFService/policy/policyInfo?_dc=1773039109758



==== 09/03/2026 12:21:51 - POST-URL ======

{"confirmationId":null,"status":"200","resultInfoList":null,"count":0,"policy":{"policyNumber":"327420166","planName":"LIC's New Jeevan Labh Plan","mode":"1","noOfDues":1,"premium":"1416.00","commenceDate":"2024-10-14","nameOfAssured":"N . Murali","agencyCode":"0090976F ","developmentOfficerCode":"87070","plan":"736","policyTerm":"21","firstUnpaidPremiumDate":"2026-03-14","cdCharge":"0","serviceBranch":"76F ","sumAssured":"250000","policyStatus":"21","dob":"1974-06-10","ageAtEntry":50,"planDetails":{"plan":736,"planType":null,"planDesc":null,"premiumDueDuration":6,"premiumDueDurationType":"M","payPremiumAdvance":30,"payPremiumAdvanceType":"D","gracePeriod":15,"gracePeriodType":"D","serviceTaxRateFirstYr":4.5,"serviceTaxRateNextYrs":2.25,"serviceTaxRateEduCess":0.0,"topUpAllowed":null,"multiplyTopupAmt":null,"topupLimitCriteria":null,"topupNoPayBefMaturity":null,"planCategory":"NORM","freeCoverCond":null,"freeCoverFUP":null,"campaignStartDate":"2026-01-01","campaignEndDate":"2026-03-02","percentageofwaiver":30.0,"maxLimitofwaiver":3000.0,"waiversAllowedNum":1,"lateFeeWaiverInd":"Y","discountPercentFirstYr":null,"discountPercentSecondYr":null,"discountPercentThirdYr":null,"discountPercentSubYr":null,"discountFromDate":null,"discountToDate":null,"maxLimitWaiverFstYr":null,"maxLimitWaiverScndYr":null,"maxLimitWaiverThirdYr":null,"maxLimitWaiverSubYr":null,"discountParameter":null,"graceprdExtFlag":null,"graceprdExtFrmDate":null,"graceprdExtToDate":null,"graceprdPrcntWaiver":null,"maxWaiverLimitgraceprd":null,"gstCdCharge":0.0,"gstLateFeeRateFirstYr":18.0,"gstLateFeeRateNextYrs":18.0,"dateOfLaunch":"2/1/2020","beforeLaunch":"N","centralGSTPercentage":50,"discountPeriod":null,"discountPeriodType":null},"eligible":true,"lateFeeRequired":false,"recordId":"O","premiumPayingTerm":15,"policyBenefits":"250000","dueAmount":"1416.00","taxExemption":false,"age":"52","eserviceEligible":false,"policyUlip":false,"dateOfLastPayment":"2039-09-14","dateOfMaturity":"2045-10-14","statusShortDesc":"In Force","nav":"For NAV details please contact your Servicing Branch / Customer Zone","altChannelId":"R4","riderPolicy":false,"minorChild":false,"accountingBookCode":1,"payedPolicy":false,"advancePayedPolicy":false,"lastAccountDate":"2026-03-04","noBonusYears":99,"bonusInfo":{"totalRevBonus":0,"totalInterimBonus":0,"totalFAB":0,"totalGuaranty":0,"totalLoyalty":0,"totalOneTimeBonus":0.00,"messageCode":null,"calulationSheetHTML":"<table width=100% ><tr class=grey-bg><td>Please Check Data As After Conversion Bonus Year Cannot Be Zero</td></tr></table>","calulationSheetText":"Please Check Data As After Conversion Bonus Year Cannot Be Zero  "},"isSpotRevivalAllowed":false,"discountApplicable":false,"advancePaymetEligible":false,"maturitySumAssured":0,"gstInNumber":"null","transactionAllowed":true,"dateOfShowMaturity":"2045-10-14","panFlag":true,"neftFlag":true,"itPan":"BU******8D","neftStatus":"Y","titleCode":"1","premiumGapFlag":false,"dghPolicyFlag":false,"policyExitStatus":false,"serviceRequestFlag":false,"nriGstFlag":false,"fyEndDate":"2026-03-31"},"person":{"policyNo":327420166,"birthDate":"1974-06-10","fullName":"N . Murali","sex":"M","shortName":"Murali N ","age":"50","profileMobileNo":null,"profileEmail":null,"profileUnMaskMobileNo":null,"profileUnMaskEmail":null},"address":{"policyNo":327420166,"address1":"D.No 3/914 Koneripatti Extension-I,","address2":"Rasipuram Po Tk,","address3":"Namakkal Dt.","addressId":1,"pin":637408},"branch":{"branchCode":"76F ","address1":"LIC OF INDIA - 76F","address2":"NAMAKKAL ROAD","address3":"RASIPURAM","branchIp":"10.128.42.194","branchName":"LIC of India, Rasipuram Br Office","city":null,"dcCode":"X070","divCode":70,"eaiIndication":"Y","emailId":"BO_76F@LICINDIA.COM","man":null,"odsIndication":"N","pin":null,"state":"null"},"agent":{"agencyCode":"0090976F ","address1":"D/O.K.Jayaraman,Jai Ganesh Lorry","address2":"Service,T.P.Kadu,Moolapallipatty.Po","address3":"Rasipuram.Tk & Namakkal .Dt.","agentName":"J.Renukadevi","birthDate":"1976-03-10","category":2,"city":null,"disabilityCode":1,"enteredDate":"2026-03-09T01:10:26.000+00:00","itaxPanNo":"ANZPR4228B","occupationCode":12,"pin":637406,"qualificationCode":3,"sex":"F"},"nominees":[{"policyNo":327420166,"nomineeAge":47,"nomineeDob":null,"nomineeId":1,"nomineeName":"J RENUKADEVI","nomineeRegistrationDate":null,"nomineeRelation":"W","nomineeShare":100,"nomineeStatus":"B"}],"billingInfo":{"policyNumber":"327420166","nameOfAssured":"N . Murali","planName":"LIC's New Jeevan Labh Plan","plan":736,"mode":"1","premium":1416,"sumAssured":250000,"status":null,"firstUnpaidPremiumDate":"2026-03-14","nextFup":null,"dueAmount":"1416.00","payedPolicy":false,"noOfDues":1,"eligible":true,"spotRevival":false},"policyContact":{"policyNo":327420166,"dataSource":"B","emailAddress":"muralinatesan4@gmail.com                ","enteredDate":"2026-03-05T20:00:09.180+00:00","mobileNo":"919944269673","countryCode":null,"telephoneNo":"null","panNo":null},"policyExtra":{"accumTerm":0},"policyAnnuity":null,"userRegistered":"N","assignmentDetails":[],"ulipExtra":{"giveCashAmount":0},"bonusErrorMessage":null,"qpayPolicy":{"policyNumber":"327420166","dob":"10/06/1974","emailId":"muralinatesan4@gmail.com","mobileNo":"9944269673","premium":"1416","key":"907519"}}



==== 09/03/2026 12:21:59 - GET-URL ======

https://mk-channel.licindia.in/Landing/



==== 09/03/2026 16:43:50 - Skipped 1 policy at offset 0 ======





==== 09/03/2026 16:43:55 - Skipped 1 policy at offset 1 ======





==== 09/03/2026 16:44:00 - Skipped 1 policy at offset 3 ======





==== 09/03/2026 16:44:05 - Skipped 1 policy at offset 4 ======





==== 09/03/2026 16:44:10 - Skipped 1 policy at offset 6 ======





==== 09/03/2026 16:44:20 - Skipped 1 policy at offset 9 ======





==== 09/03/2026 16:44:25 - Skipped 1 policy at offset 10 ======





==== 09/03/2026 16:44:30 - Skipped 1 policy at offset 12 ======





==== 09/03/2026 16:44:36 - Skipped 1 policy at offset 13 ======





==== 09/03/2026 16:44:41 - Skipped 1 policy at offset 15 ======





==== 09/03/2026 16:44:46 - Skipped 1 policy at offset 16 ======





==== 09/03/2026 16:44:51 - Skipped 1 policy at offset 18 ======





==== 09/03/2026 16:44:56 - Skipped 1 policy at offset 19 ======





==== 09/03/2026 16:45:01 - Skipped 1 policy at offset 21 ======





==== 09/03/2026 16:45:06 - Skipped 1 policy at offset 22 ======





==== 09/03/2026 16:45:12 - Skipped 1 policy at offset 25 ======





==== 09/03/2026 16:45:18 - Skipped 1 policy at offset 26 ======





==== 09/03/2026 16:45:24 - Skipped 1 policy at offset 28 ======





==== 09/03/2026 16:45:32 - Skipped 1 policy at offset 29 ======





==== 09/03/2026 16:45:38 - Skipped 1 policy at offset 31 ======





==== 09/03/2026 16:45:44 - Skipped 1 policy at offset 32 ======





==== 09/03/2026 16:45:49 - Skipped 1 policy at offset 34 ======





==== 09/03/2026 16:45:55 - Skipped 1 policy at offset 35 ======





==== 09/03/2026 16:46:00 - Skipped 1 policy at offset 37 ======





==== 09/03/2026 16:46:05 - Skipped 1 policy at offset 38 ======





==== 09/03/2026 16:46:10 - Skipped 1 policy at offset 40 ======





==== 09/03/2026 16:46:15 - Skipped 1 policy at offset 41 ======





==== 09/03/2026 16:46:20 - Skipped 1 policy at offset 43 ======





==== 09/03/2026 16:46:25 - Skipped 1 policy at offset 44 ======





==== 09/03/2026 16:46:30 - Skipped 1 policy at offset 46 ======





==== 09/03/2026 16:46:35 - Skipped 1 policy at offset 47 ======





==== 09/03/2026 16:46:40 - Skipped 1 policy at offset 50 ======





==== 09/03/2026 16:46:45 - Skipped 1 policy at offset 51 ======





==== 09/03/2026 16:46:50 - Skipped 1 policy at offset 53 ======





==== 09/03/2026 16:47:02 - Skipped 1 policy at offset 56 ======





==== 09/03/2026 16:47:07 - Skipped 1 policy at offset 57 ======





==== 09/03/2026 16:47:12 - Skipped 1 policy at offset 59 ======





==== 09/03/2026 16:47:17 - Skipped 1 policy at offset 60 ======





==== 09/03/2026 16:47:22 - Skipped 1 policy at offset 62 ======





==== 09/03/2026 16:47:27 - Skipped 1 policy at offset 63 ======





==== 09/03/2026 16:47:32 - Skipped 1 policy at offset 65 ======





==== 09/03/2026 16:47:37 - Skipped 1 policy at offset 66 ======





==== 09/03/2026 16:47:42 - Skipped 1 policy at offset 68 ======





==== 09/03/2026 16:47:47 - Skipped 1 policy at offset 69 ======





==== 09/03/2026 16:47:52 - Skipped 1 policy at offset 71 ======





==== 09/03/2026 16:47:57 - Skipped 1 policy at offset 72 ======





==== 09/03/2026 16:48:02 - Skipped 1 policy at offset 75 ======





==== 09/03/2026 16:48:07 - Skipped 1 policy at offset 76 ======





==== 09/03/2026 16:48:12 - Skipped 1 policy at offset 78 ======





==== 09/03/2026 16:48:17 - Skipped 1 policy at offset 79 ======





==== 09/03/2026 16:48:22 - Skipped 1 policy at offset 81 ======





==== 09/03/2026 16:48:27 - Skipped 1 policy at offset 82 ======





==== 09/03/2026 16:48:32 - Skipped 1 policy at offset 84 ======





==== 09/03/2026 16:48:37 - Skipped 1 policy at offset 85 ======





==== 09/03/2026 16:48:42 - Skipped 1 policy at offset 87 ======





==== 09/03/2026 16:52:45 - OSTATTUS-RESPONSE-TOKEN ======

A1E9whlP/2o9fmn/HGMO2ibJ2OHsYJc2JMph7rCuLgonYZFmV+FtwPIyqhh6b14LhGGSEjY/1XG6MN0jH35OjAgo7/4KIAxUZqvFULu2UDA7viiFbUmfYx6kEIo7Yc4af4U8ECuLADrEUe3wB5v88HilVp6evB/cUeuFhftiETMo8iEKkIRRl6i7opPT3zz4aboWSm8jobfCvxuJ1Oyodpp+5xktU4Gsse5X+jslOHjsiI428qTmJv9gzEhkBParCMz/50Ze98sCyTpijikYiJHYOZjeRzcfBStSoNMHqjmHtGz2Bve0GVNZI/nHAk+gXoS0wD8f1LbyPq01UkvELgEVRhR6zmN6wAcxqhOYEu/igvDdHwOa1jPnGD1NeDPJivGInbtJqfADty+M8GEZAcb/zmHhLxtAk8mI1CGMHBRBBhMQ45fjsP4dLWzr+vnrtViKlptYaEVOonzHUxR/8y1z0BnvaYXkZLeK5RK9SZAs42Ap1YzNPqL39xTg91hnqVIJRjyT+Ave5uM8cK6/Mj+18GwELI8Zh+ENj0eLPQQGluANFl61WpsUeK+bQMsU77k+qMD3Ozj1U7l3F2JjxI9ADwwNvtu55nsNuSc0Njrpg6Q0ea2gaGzNtQPbugnpkPTsaMEuoC1gBavGe1VAw4XC0Ir7OcoHyPGWjnGHsBeIFeZ9Gdj1X6rKABtvhbWmBNAeZc0/lPd1meoFXAZtsQNx7KVzC1+MveOxk9hQ0RQ1j1JmbasYk4lgEDlj5MVdw72KJJcCgyPdr/EaijVZl9iSHDJlcbEPaeYX5qJbWaFWPeSnYrSyH9HKdHvYfHKCJfm55SejQKLmo4nOkOUQp+eHO6iYIWsTGUdO+vSWiGHLlMrbrF+XchfmV/9AX5jheY3i3WPHcJk89HGYGoaVPjIGQNE7rJ/atolHRhLyMUtHUg8GJ2at8giuTErVzzKB1TRmSNg7iGQyqr/zKdZXEJMsaW2znVHv+V3gX+GBimWpinMWPGH3pEBQUrP70z0Mb//g3p4RQy6vEhFgQDZ2Daj7kuE2fJXdKPskWQRqkvldjyUgQHiFhngM2JRJjdSj2GXtg2kU/RpOI5IqQRAGuWi/UqsNVa8caxvnYu8cjA2Jt+HXz+O5xj/mYD65gSb19F7FjQdJum7AqpOJnHB6jtbe8eeubvtCqkHLzuKpz9nvA1KUD73tTy/b+5zfEJhEWO5XRZksyod4lFmTbTyXKPiilBPRQpOFE8yHDEmqnjS3cjjrJgPOwIs8lauvgTnzurr/4E0ZN/QzSHdqLiGZBYHPPEZwaKIoIvls9h0gOz2DqmuGM5vcNdzOdw2XlI3gdESx+NfvDrjYJaKObgL2JPJomGF21dSIIyHDPTSxJBbA/vzo2GDIhNr24aqkit+p95GsEssYTcK0CX92ahyxgNaU2h6ch1cdg6NEmQ2esPbQzqEIZ1t5xl3dkJASiuMqhG7NE3z93jvzhxQng7ZXf8ojrSSsSNZzt6l4ZTSDKcFNCpGP/MWXGuF2ZYgFdQUT664rWSkodLLk2Tzt5c1SXU+QtXSpuXyBUKy4EJkleCdRSLBg0dbRo5a8vgCVlcr7ENCmsvmYs7RMHApspQaLrc9qo46WtFwUFK1Gv7ta8KbwWm4KIPc98Z34DKjuwycvRm0l6TQYWbc2WkjoBb3jF9nObbI0Vo9PVhGqTT604DI39VXYWpZqRMPKnwJ/PAZcphrLIwJu2o8pPM7eZQWe7zB5aeHUwLvQfgB+UMcYhnow/q8Z0TggZiBnRzYjt+yPMNVEnlDtNv15SOkwzVVgmtQ7KlFMsKqdFjPWjcxUE0Q8TC449OCQNMm9zWkoz0cg8IZ3OY0BmO44FtCrrpiTJoBEaPXkTqhFMw2N/xD+QC8+UAjR2C/u4UKnAbmoMdiMv/FtTfIEaH38c4y5K8/+wlQxePQJWQtg/JLforP35sP36VaoUcbESfK3vNmNEQ==



==== 09/03/2026 16:52:45 - OSTATTUS-RESPONSE-TOKEN ======

eyJhbGciOiJIUzUxMiJ9.eyJzdWIiOiJJREFNMjcwNzIwMjIzMTk0OTM1IiwiYWdlbmN5X2NvZGUiOm51bGwsImNyZWF0ZWQiOjE3NzMwNTUzMjM0MjIsImFjY2Vzc19jb2RlIjoiZXlKaGJHY2lPaUpTVXpJMU5pSXNJblI1Y0NJNklrcFhWQ0o5LmV5SnpkV0lpT2lKSlJFRk5NamN3TnpJd01qSXpNVGswT1RNMUlpd2labTVoYldVaU9pSlNRVW9nVGtGU1FWbEJUaUJVVWtsUVFWUklTU0lzSW5WelpYSnpkR0YwZFhNaU9pSXhJaXdpWlc1MGFYUjViR2x6ZENJNld5Sk1TVU5mUTFWVFZFOU5SVkpmVUU5U1ZFRk1JbDBzSW5KdmJHVnpJanBiSWtSUElsMHNJbWx6Y3lJNklrRlNXQ0lzSW0xdlltbHNaU0k2SWprM09USXlOVEEzTVRnaUxDSmhkV1FpT2lKa1pXWmhkV3gwSWl3aWJHNWhiV1VpT2lKU1FVb2dUa0ZTUVZsQlRpQlVVa2xRUVZSSVNTSXNJblZ6WlhKVWVYQmxJam9pTVNJc0ltVjRjQ0k2TVRjM016QTRNemcxTkN3aWFXRjBJam94Tnpjek1EVTFNRFUwTENKcWRHa2lPaUk0T0dNd01EWTBZeTFoTm1RMExUUmxOamN0WWpVM1lpMWhNR1l3T0RFMU9USm1ZekFpTENKbGJuUnBkSGtpT2lKTVNVTmZRMVZUVkU5TlJWSmZVRTlTVkVGTUlpd2laVzFoYVd3aU9pSnliaTUwY21sd1lYUm9hVGxBYkdsamFXNWthV0V1WTI5dEluMC5ETERSc29fbjZiNXFNc18ybktGMGZyVzFvZ2piTnpCWUhGeFN6cG9heTF6Skl4M3ktWE01Uzl5SHVIYnpCNTljY3pFUnBVaVpXLUlid0I3VUw2WjBfM0d5SGZTUlFHUUpPNkE4TkRLVE1oU2V1d25tZW1odkxRUGt6UW9qQmdyTFdqNjY0dy1SRUZISWVhdTBaNHFPUXcxaUtUcDMtcVA3Q0pHM1puYk5Hc2lNN0hJZHRoUElEdmlIRXVzaVRpaXdWeFEzelJwd1F1YURsMEtaQkFTMlBWYUlTUVpQYU05RURNMGEwNEJWLW5UNFd6M2xWaFpaRmpacTlYZHM2VTZJc0s2T0h0X3I4bENDSUlfMThyZVN4RHVKXzNyNU1hcTIyQUpLNUZQUU5OSlNUMVJESmRnNFlnSjRPTmxqdjM2UkhTNXlyY3lfY1BLaW1haklyajVvMmciLCJyb2xlcyI6WyJETyJdLCJjbGllbnRJcCI6bnVsbCwiZW50aXRsZW1lbnQiOltdfQ.eFU7Ao0ZgGs23pzSMg37CfUIo-j0hNxWPplHqi81OGFdXPEMF8kmBcS2wTXgH07qBq1ajp6siW2omVHvy9RT0g



==== 09/03/2026 16:52:45 - POST-URL ======

https://ebizapp01.licindia.in/BFFService/policy/policyInfo?_dc=1773055365146



==== 09/03/2026 16:52:46 - POST-URL ======

{"confirmationId":null,"status":"200","resultInfoList":null,"count":0,"policy":{"policyNumber":"706224029","relationType":"Self","planName":"Jeevan Anand","mode":"6","noOfDues":1,"premium":"5358.00","commenceDate":"2013-12-18","nameOfAssured":"A . Mohanraj","agencyCode":"0090976F ","developmentOfficerCode":"315076","plan":"149","policyTerm":"72","firstUnpaidPremiumDate":"2025-12-18","cdCharge":"0","serviceBranch":"76F ","sumAssured":"200000","policyStatus":"21","dob":"1986-02-25","ageAtEntry":28,"planDetails":{"plan":149,"planType":null,"planDesc":null,"premiumDueDuration":6,"premiumDueDurationType":"M","payPremiumAdvance":30,"payPremiumAdvanceType":"D","gracePeriod":1,"gracePeriodType":"M","serviceTaxRateFirstYr":4.5,"serviceTaxRateNextYrs":2.25,"serviceTaxRateEduCess":null,"topUpAllowed":null,"multiplyTopupAmt":null,"topupLimitCriteria":null,"topupNoPayBefMaturity":null,"planCategory":"ENP","freeCoverCond":null,"freeCoverFUP":null,"campaignStartDate":"2026-01-01","campaignEndDate":"2026-03-02","percentageofwaiver":30.0,"maxLimitofwaiver":3000.0,"waiversAllowedNum":1,"lateFeeWaiverInd":"Y","discountPercentFirstYr":3.0,"discountPercentSecondYr":2.0,"discountPercentThirdYr":1.0,"discountPercentSubYr":2.0,"discountFromDate":"2017-07-05","discountToDate":"2017-07-06","maxLimitWaiverFstYr":5.0,"maxLimitWaiverScndYr":4.0,"maxLimitWaiverThirdYr":3.0,"maxLimitWaiverSubYr":2.0,"discountParameter":null,"graceprdExtFlag":null,"graceprdExtFrmDate":null,"graceprdExtToDate":null,"graceprdPrcntWaiver":null,"maxWaiverLimitgraceprd":null,"gstCdCharge":0.0,"gstLateFeeRateFirstYr":18.0,"gstLateFeeRateNextYrs":18.0,"dateOfLaunch":"02/01/2002","beforeLaunch":"Y","centralGSTPercentage":50,"discountPeriod":null,"discountPeriodType":null},"eligible":true,"lateFeeRequired":false,"recordId":"O","premiumPayingTerm":21,"policyBenefits":"200000","dueAmount":"5358.00","taxExemption":false,"age":"40","eserviceEligible":false,"policyUlip":false,"dateOfLastPayment":"2034-06-18","dateOfMaturity":"2085-12-18","statusShortDesc":"In Force","nav":"For NAV details please contact your Servicing Branch / Customer Zone","altChannelId":"0 ","riderPolicy":false,"minorChild":false,"accountingBookCode":1,"payedPolicy":false,"advancePayedPolicy":false,"lastAccountDate":"2025-08-04","noBonusYears":0,"bonusInfo":{"totalRevBonus":113600,"totalInterimBonus":0,"totalFAB":0,"totalGuaranty":0,"totalLoyalty":0,"totalOneTimeBonus":0.00,"messageCode":null,"calulationSheetHTML":"<table border=1><tr class=grey-bg><td>From</td><td>Upto</td><td>Year</td><td>Type</td><td>Factor</td><td>Rate</td><td>Bonus </td></tr><tr class=grey-bg><td>2013-12-18</td><td>2014-12-18</td><td>2014</td><td>V</td><td>1.0</td><td>48.00</td><td>9600.00</td></tr><tr class=grey-bg><td>2014-12-18</td><td>2015-12-18</td><td>2015</td><td>V</td><td>1.0</td><td>49.00</td><td>9800.00</td></tr><tr class=grey-bg><td>2015-12-18</td><td>2016-12-18</td><td>2016</td><td>V</td><td>1.0</td><td>54.00</td><td>9800.00</td></tr><tr class=grey-bg><td>2015-12-18</td><td>2016-12-18</td><td>2016</td><td>O</td><td>1.0</td><td>5.00</td><td>1000.00</td></tr><tr class=grey-bg><td>2016-12-18</td><td>2017-12-18</td><td>2017</td><td>V</td><td>1.0</td><td>49.00</td><td>9800.00</td></tr><tr class=grey-bg><td>2017-12-18</td><td>2018-12-18</td><td>2018</td><td>V</td><td>1.0</td><td>49.00</td><td>9800.00</td></tr><tr class=grey-bg><td>2018-12-18</td><td>2019-12-18</td><td>2019</td><td>V</td><td>1.0</td><td>49.00</td><td>9800.00</td></tr><tr class=grey-bg><td>2019-12-18</td><td>2020-12-18</td><td>2020</td><td>V</td><td>1.0</td><td>45.00</td><td>9000.00</td></tr><tr class=grey-bg><td>2020-12-18</td><td>2021-12-18</td><td>2021</td><td>V</td><td>1.0</td><td>45.00</td><td>9000.00</td></tr><tr class=grey-bg><td>2021-12-18</td><td>2022-12-18</td><td>2022</td><td>V</td><td>1.0</td><td>45.00</td><td>9000.00</td></tr><tr class=grey-bg><td>2022-12-18</td><td>2023-12-18</td><td>2023</td><td>V</td><td>1.0</td><td>45.00</td><td>9000.00</td></tr><tr class=grey-bg><td>2023-12-18</td><td>2024-12-18</td><td>2024</td><td>V</td><td>1.0</td><td>45.00</td><td>9000.00</td></tr><tr class=grey-bg><td>2024-12-18</td><td>2025-12-18</td><td>2025</td><td>V</td><td>1.0</td><td>45.00</td><td>9000.00</td></tr><tr class=grey-bg><td colspan=7>Total Rev Bonus : 113600.00   Total Interim Bonus : 0.00</td></tr></table> ","calulationSheetText":"From        Upto        Year Type Factor  Rate     Bonus \r\n2013-12-18  2014-12-18  2014  V     1.0   48.00    9600.00\r\n2014-12-18  2015-12-18  2015  V     1.0   49.00    9800.00\r\n2015-12-18  2016-12-18  2016  V     1.0   54.00    9800.00\r\n2015-12-18  2016-12-18  2016  O     1.0   5.00    1000.00\r\n2016-12-18  2017-12-18  2017  V     1.0   49.00    9800.00\r\n2017-12-18  2018-12-18  2018  V     1.0   49.00    9800.00\r\n2018-12-18  2019-12-18  2019  V     1.0   49.00    9800.00\r\n2019-12-18  2020-12-18  2020  V     1.0   45.00    9000.00\r\n2020-12-18  2021-12-18  2021  V     1.0   45.00    9000.00\r\n2021-12-18  2022-12-18  2022  V     1.0   45.00    9000.00\r\n2022-12-18  2023-12-18  2023  V     1.0   45.00    9000.00\r\n2023-12-18  2024-12-18  2024  V     1.0   45.00    9000.00\r\n2024-12-18  2025-12-18  2025  V     1.0   45.00    9000.00\r\n   Total Rev Bonus : 113600.00   Total Interim Bonus : 0.00\r\n "},"isSpotRevivalAllowed":false,"discountApplicable":false,"advancePaymetEligible":false,"maturitySumAssured":0,"gstInNumber":"null","lastTransactionDate":"2024-06-12T12:46:14.000+00:00","transactionNumber":"9058397","transactionAllowed":true,"dateOfShowMaturity":"2085-12-18","panFlag":true,"neftFlag":false,"itPan":"BH******8H","neftStatus":"N","titleCode":"1","premiumGapFlag":false,"dghPolicyFlag":false,"policyExitStatus":false,"serviceRequestFlag":false,"nriGstFlag":false,"fyEndDate":"2026-03-31"},"person":{"policyNo":706224029,"birthDate":"1986-02-25","fullName":"A . Mohanraj","sex":"M","shortName":"Mohanraj A","age":"28","profileMobileNo":null,"profileEmail":null,"profileUnMaskMobileNo":null,"profileUnMaskEmail":null},"address":{"policyNo":706224029,"address1":"S/O Arumugam","address2":"2/139, Parakadu, Servampatti Po","address3":"Chinnamanali, Namakkal Dt","addressId":1,"pin":637410},"branch":{"branchCode":"76F ","address1":"LIC OF INDIA - 76F","address2":"NAMAKKAL ROAD","address3":"RASIPURAM","branchIp":"10.128.42.194","branchName":"LIC of India, Rasipuram Br Office","city":null,"dcCode":"X070","divCode":70,"eaiIndication":"Y","emailId":"BO_76F@LICINDIA.COM","man":null,"odsIndication":"N","pin":null,"state":"null"},"agent":{"agencyCode":"0090976F ","address1":"D/O.K.Jayaraman,Jai Ganesh Lorry","address2":"Service,T.P.Kadu,Moolapallipatty.Po","address3":"Rasipuram.Tk & Namakkal .Dt.","agentName":"J.Renukadevi","birthDate":"1976-03-10","category":2,"city":null,"disabilityCode":1,"enteredDate":"2026-03-09T01:10:26.000+00:00","itaxPanNo":"ANZPR4228B","occupationCode":12,"pin":637406,"qualificationCode":3,"sex":"F"},"nominees":[{"policyNo":706224029,"nomineeAge":48,"nomineeDob":null,"nomineeId":1,"nomineeName":"A KUPPURATHINAM","nomineeRegistrationDate":null,"nomineeRelation":"M","nomineeShare":100,"nomineeStatus":"B"}],"billingInfo":{"policyNumber":"706224029","nameOfAssured":"A . Mohanraj","planName":"Jeevan Anand","plan":149,"mode":"6","premium":5358,"sumAssured":200000,"status":null,"firstUnpaidPremiumDate":"2025-12-18","nextFup":null,"dueAmount":"5358.00","payedPolicy":false,"noOfDues":1,"eligible":true,"spotRevival":false},"policyContact":{"policyNo":706224029,"dataSource":"P","emailAddress":"mohanraajmca@gmail.com","enteredDate":"2021-06-02T20:00:02.861+00:00","mobileNo":"919710010684","countryCode":null,"telephoneNo":"null","panNo":null},"policyExtra":{"accumTerm":0},"policyAnnuity":null,"userRegistered":"Y","assignmentDetails":[],"ulipExtra":{"giveCashAmount":null},"bonusErrorMessage":null,"qpayPolicy":{"policyNumber":"706224029","dob":"25/02/1986","emailId":"mohanraajmca@gmail.com","mobileNo":"9710010684","premium":"5358","key":"298175"}}



==== 09/03/2026 16:52:57 - GET-URL ======

https://mk-channel.licindia.in/Landing/



==== 09/03/2026 16:53:59 - OSTATTUS-RESPONSE-TOKEN ======

JCOy2J3VyeEpLXGVaU4avJGG6b6RQWXBUAx9F+RmriCwBOo2ANJjbGO6sE6DEoDD6uUVKG/CM2+clTD4TJsvo/F+L42iYpQuS+vQJXqt1+dER/RGNc/yOeDZFVkOdVhu4hBO4cE8P2QTJcdUyXrLEKms0gdleDYfqMIxF7tJ4Zi+aPeBvDenLdK2eQtePeMqmKeVuVyA56X170vKgaVnRYClZWSPqZvNxdSyMEx7OUgvww6BpoKNPeM7PBkWDjPtRAKqAPIeslg1mBCslmd1D1YWHf55atFQyQMitvHmZsaZ54gP7EggnMUiY9xXqkqWLSCZuQm5XhD0IEF4C/24e824pdu4bv3Lwwwd996FxsYLnTTwlhrB7RF2KoLzNCzShuRkqCg4my6asQ5fV3ErPq7wWb4Z72pEoNJHaM0PJLkwPFajjo70GDNqv416AlbF9D+EfJrW6KMpMKIaRw8ZZ6vgEweBMZ9pDnEJCui85uIP2CMM0d4Qljk/HpsZCIsAaREHMP2Rh4hjUh/5/zi6huWbIfqg7TmPTjvBXzynVvRsO3+EPvEV6tlyepgEjK2xmxyMcTPa/hkT4SbPXBkNSRmPPPgxUaByK3Ct985YeDcnPGYqAcazmtL233X7tkV8Mu/uK0raLqDt5Gs0GFvSYFn1HLEhE7e85IHQPEeyrhGg8J82eze8PM0RppIWK0AbFeZ41WcoA5wPlMMDFjUnh3FVtRNyd32TMUhMFb/J29tCHRgRO9YCLp8NY1KqdkcL1lm390HFRcGUjmFEShvGMqKafngPW5hC16qAZbvy2nefmns3XE1hxWWpkYqMHMIDIZMjhokXZnfb16XB64/H3XdZ0NrlSGOybualjfAqrD0NPMIMhb3xseQnPGB31jiCPWNtC1wrc0nIqZnNklPtro7u4IAEXm+ZS17Xs+8v7avgIMXNO8XIvxUOhXOwjGb/x8+5UF5oBAViULBVcBMzVY08NOTZOlBVJ0TZQp2SsROmEv/kf1Gt7cpf+maG6VpLtSK+7jB2JuCq0xw3zG7oo/rftIHudV2941XxLsebRh7OZObQ0DlQ3Gl6/jyhF2ANXC4fE+03SKkJfxf0wWaUzUhpITmJbs4/IZdxFOVIwTbFJE3EPq59yUutk6+BD4qIUuELpS+4811fW8vWb1+sHf6uc0qXEFJlAeCK9pMEmOsTVLDuPiZwq/znrC5R5m+6MojlWpL0IJaKsJoP3lxz66b9q/NoIMyFV4JgcMz6ZIkbdrny3HHvtRL5G77/G1zifP9mdX7ngONYUqWgkr75U4MGgo24VsKcrzDipjsWblfjWC3PciVoAIMjuU3xjxODII0HdMIbgyc0mfJ9i5hNcnjoLnTm0sCan3+l9/xQNYZ0DCrvW1MLfywh3jwEVzmGNM3mIFoCBTRU16A50JYpwQ8kIKxRBFTDVtN9AI0J1I+jVUuTms3AGuOKw6NE64kzXYGVL63VQKUteKacL8zsLZuu1WzOQ7rruD3KDOjLdji33Pkv+zCZaAeY3LOOd+PhKbGrN1MEXXi3TrFbCPF35qePULdg4qSPVPZYUJpIxhI1bUFBk/260bxBzWs3JLxWq80LsHpJg8VpPrX1adM2u+dTE3ajCehSxeuurJYK08rO1QpXwD/TWeZSsS4vzqZKcSsF7ioyJ71+3p/1Q9NgFXOs6RRUSa9giEggKXep11TE1TFgLo6UMe7JebzzT2CQkUOIyX2yeBN3weu8pAQsIQf1grY3AzI5xYm7nmqWSTEBS0uaNBygepHsBjnKHTeq/fqHHwwos0QOl71KzWgWR0T55RzWDcv5e0X2MqUXq4BR6qDGEgWTDDSWmk1RC755XakqGeajEt3BHWgmYhBac+NGtCAsIgolA6+GUoGoBZ//UjhT1nrbwIx/nYCUoqVC4COfAiswGrka6cnXOzs=



==== 09/03/2026 16:53:59 - OSTATTUS-RESPONSE-TOKEN ======

eyJhbGciOiJIUzUxMiJ9.eyJzdWIiOiJJREFNMjYwNzIwMjIzMTgzODg1IiwiYWdlbmN5X2NvZGUiOm51bGwsImNyZWF0ZWQiOjE3NzMwNTQ1NTk4MjAsImFjY2Vzc19jb2RlIjoiZXlKaGJHY2lPaUpTVXpJMU5pSXNJblI1Y0NJNklrcFhWQ0o5LmV5SnpkV0lpT2lKSlJFRk5Nall3TnpJd01qSXpNVGd6T0RnMUlpd2labTVoYldVaU9pSkJUa0ZPUkNCTFZVMUJVaUlzSW5WelpYSnpkR0YwZFhNaU9pSXhJaXdpWlc1MGFYUjViR2x6ZENJNld5Sk1TVU5mUTFWVFZFOU5SVkpmVUU5U1ZFRk1JbDBzSW5KdmJHVnpJanBiSWtSUElsMHNJbWx6Y3lJNklrRlNXQ0lzSW0xdlltbHNaU0k2SWpneU1UQXlORGd6T0RVaUxDSmhkV1FpT2lKa1pXWmhkV3gwSWl3aWJHNWhiV1VpT2lKQlRrRk9SQ0JMVlUxQlVpSXNJblZ6WlhKVWVYQmxJam9pTVNJc0ltVjRjQ0k2TVRjM016QTRNekUzTVN3aWFXRjBJam94Tnpjek1EVTBNemN4TENKcWRHa2lPaUptWWpabVlXRTBaaTFqTVRVekxUUTNORFV0T0RnNVl5MDVOek15WldJM056ZzVaV1lpTENKbGJuUnBkSGtpT2lKTVNVTmZRMVZUVkU5TlJWSmZVRTlTVkVGTUlpd2laVzFoYVd3aU9pSmhibUZ1WkM1cmRXMWhjalZBYkdsamFXNWthV0V1WTI5dEluMC5pMzdzbGdjY0xKMVVtR0FRZUtNdlpmX3RDUXVzYnk1Z29wZTdBZUJWSEoxaHo5MVE1ZG8tU1JwVHdyUkFPT3ZRR1gyUTZiUGp0ckFmRG1Bdk1UN2RGZFU3RzRJQlUxUXhMYm50SDFIbmVHNTdBQzhmWkdhcFdSUVVtY2JDRC1CMG5pZTA4M21zbnJPeDNmWmhOajFjSHBVQ1JkNHM0czBrNk1SQ3NYQjMwdGxNY0JBclV2bTJ3eFo0YTZORWNoWUwwbW96TzlxaFJDQU5Hb3NwcHR3a01OeG9yTXR1aDRES2tDMHF3djdPZUhJUlBIMnVoMEdGX3JFUk5vb0c2YnNiX3ZjZmp3TnF5OW9YalVpWjJPb2ZNMHg3SkJYa2Q3Vk5PS0lFN21rRzRVNy1RVF83eU1scHhocGJXbTZWdWs1dFVQQXRFNzEySXBraV9OLU04a2trcHciLCJyb2xlcyI6WyJETyJdLCJjbGllbnRJcCI6bnVsbCwiZW50aXRsZW1lbnQiOltdfQ.p9iMXEMJyKIyE9q8kK6YI5F3RWdH29Y_m1ccLM-DB5v7DQL1DB21lsHDPghm4ctV3knuCAvtWMoHYBE6sSEwsg



==== 09/03/2026 16:53:59 - POST-URL ======

https://ebizapp01.licindia.in/BFFService/policy/policyInfo?_dc=1773055439951



==== 09/03/2026 16:54:01 - POST-URL ======

{"confirmationId":null,"status":"200","resultInfoList":null,"count":0,"policy":{"policyNumber":"747832446","planName":"New Jeevan Anand","mode":"12","noOfDues":1,"premium":"19799.00","commenceDate":"2015-02-06","nameOfAssured":"S Veni","agencyCode":"0090976F ","developmentOfficerCode":"0","plan":"815","policyTerm":"16","firstUnpaidPremiumDate":"2026-02-06","cdCharge":"0","serviceBranch":"74D ","sumAssured":"230000","policyStatus":"21","dob":"1968-05-01","ageAtEntry":47,"planDetails":{"plan":815,"planType":null,"planDesc":null,"premiumDueDuration":6,"premiumDueDurationType":"M","payPremiumAdvance":30,"payPremiumAdvanceType":"D","gracePeriod":1,"gracePeriodType":"M","serviceTaxRateFirstYr":4.5,"serviceTaxRateNextYrs":2.25,"serviceTaxRateEduCess":0.0,"topUpAllowed":null,"multiplyTopupAmt":null,"topupLimitCriteria":null,"topupNoPayBefMaturity":null,"planCategory":"EN","freeCoverCond":null,"freeCoverFUP":null,"campaignStartDate":"2026-01-01","campaignEndDate":"2026-03-02","percentageofwaiver":30.0,"maxLimitofwaiver":3000.0,"waiversAllowedNum":1,"lateFeeWaiverInd":"Y","discountPercentFirstYr":null,"discountPercentSecondYr":null,"discountPercentThirdYr":null,"discountPercentSubYr":null,"discountFromDate":null,"discountToDate":null,"maxLimitWaiverFstYr":null,"maxLimitWaiverScndYr":null,"maxLimitWaiverThirdYr":null,"maxLimitWaiverSubYr":null,"discountParameter":null,"graceprdExtFlag":null,"graceprdExtFrmDate":null,"graceprdExtToDate":null,"graceprdPrcntWaiver":null,"maxWaiverLimitgraceprd":null,"gstCdCharge":0.0,"gstLateFeeRateFirstYr":18.0,"gstLateFeeRateNextYrs":18.0,"dateOfLaunch":"01/08/2014","beforeLaunch":"N","centralGSTPercentage":50,"discountPeriod":null,"discountPeriodType":null},"eligible":true,"lateFeeRequired":false,"recordId":"O","premiumPayingTerm":16,"policyBenefits":"230000","dueAmount":"19799.00","taxExemption":false,"age":"58","eserviceEligible":false,"policyUlip":false,"dateOfLastPayment":"2030-02-06","dateOfMaturity":"2031-02-06","statusShortDesc":"In Force","nav":"For NAV details please contact your Servicing Branch / Customer Zone","altChannelId":"0 ","riderPolicy":false,"minorChild":false,"accountingBookCode":1,"payedPolicy":false,"advancePayedPolicy":false,"lastAccountDate":"2025-09-16","noBonusYears":0,"bonusInfo":{"totalRevBonus":110860,"totalInterimBonus":0,"totalFAB":0,"totalGuaranty":0,"totalLoyalty":0,"totalOneTimeBonus":0.00,"messageCode":null,"calulationSheetHTML":"<table border=1><tr class=grey-bg><td>From</td><td>Upto</td><td>Year</td><td>Type</td><td>Factor</td><td>Rate</td><td>Bonus </td></tr><tr class=grey-bg><td>2015-02-06</td><td>2016-02-06</td><td>2015</td><td>V</td><td>1.0</td><td>45.00</td><td>10350.00</td></tr><tr class=grey-bg><td>2016-02-06</td><td>2017-02-06</td><td>2016</td><td>V</td><td>1.0</td><td>50.00</td><td>10350.00</td></tr><tr class=grey-bg><td>2016-02-06</td><td>2017-02-06</td><td>2016</td><td>O</td><td>1.0</td><td>5.00</td><td>1150.00</td></tr><tr class=grey-bg><td>2017-02-06</td><td>2018-02-06</td><td>2017</td><td>V</td><td>1.0</td><td>45.00</td><td>10350.00</td></tr><tr class=grey-bg><td>2018-02-06</td><td>2019-02-06</td><td>2018</td><td>V</td><td>1.0</td><td>45.00</td><td>10350.00</td></tr><tr class=grey-bg><td>2019-02-06</td><td>2020-02-06</td><td>2019</td><td>V</td><td>1.0</td><td>45.00</td><td>10350.00</td></tr><tr class=grey-bg><td>2020-02-06</td><td>2021-02-06</td><td>2020</td><td>V</td><td>1.0</td><td>42.00</td><td>9660.00</td></tr><tr class=grey-bg><td>2021-02-06</td><td>2022-02-06</td><td>2021</td><td>V</td><td>1.0</td><td>42.00</td><td>9660.00</td></tr><tr class=grey-bg><td>2022-02-06</td><td>2023-02-06</td><td>2022</td><td>V</td><td>1.0</td><td>42.00</td><td>9660.00</td></tr><tr class=grey-bg><td>2023-02-06</td><td>2024-02-06</td><td>2023</td><td>V</td><td>1.0</td><td>42.00</td><td>9660.00</td></tr><tr class=grey-bg><td>2024-02-06</td><td>2025-02-06</td><td>2024</td><td>V</td><td>1.0</td><td>42.00</td><td>9660.00</td></tr><tr class=grey-bg><td>2025-02-06</td><td>2026-02-06</td><td>2025</td><td>V</td><td>1.0</td><td>42.00</td><td>9660.00</td></tr><tr class=grey-bg><td colspan=7>Total Rev Bonus : 110860.00   Total Interim Bonus : 0.00</td></tr></table> ","calulationSheetText":"From        Upto        Year Type Factor  Rate     Bonus \r\n2015-02-06  2016-02-06  2015  V     1.0   45.00    10350.00\r\n2016-02-06  2017-02-06  2016  V     1.0   50.00    10350.00\r\n2016-02-06  2017-02-06  2016  O     1.0   5.00    1150.00\r\n2017-02-06  2018-02-06  2017  V     1.0   45.00    10350.00\r\n2018-02-06  2019-02-06  2018  V     1.0   45.00    10350.00\r\n2019-02-06  2020-02-06  2019  V     1.0   45.00    10350.00\r\n2020-02-06  2021-02-06  2020  V     1.0   42.00    9660.00\r\n2021-02-06  2022-02-06  2021  V     1.0   42.00    9660.00\r\n2022-02-06  2023-02-06  2022  V     1.0   42.00    9660.00\r\n2023-02-06  2024-02-06  2023  V     1.0   42.00    9660.00\r\n2024-02-06  2025-02-06  2024  V     1.0   42.00    9660.00\r\n2025-02-06  2026-02-06  2025  V     1.0   42.00    9660.00\r\n   Total Rev Bonus : 110860.00   Total Interim Bonus : 0.00\r\n "},"isSpotRevivalAllowed":false,"discountApplicable":false,"advancePaymetEligible":false,"maturitySumAssured":0,"gstInNumber":"null","transactionAllowed":true,"dateOfShowMaturity":"2031-02-06","panFlag":false,"neftFlag":false,"itPan":"","neftStatus":"N","titleCode":"1","premiumGapFlag":false,"dghPolicyFlag":false,"policyExitStatus":false,"serviceRequestFlag":false,"nriGstFlag":false,"fyEndDate":"2026-03-31"},"person":{"policyNo":747832446,"birthDate":"1968-05-01","fullName":"S Veni","sex":"F","shortName":"Veni S","age":"47","profileMobileNo":null,"profileEmail":null,"profileUnMaskMobileNo":null,"profileUnMaskEmail":null},"address":{"policyNo":747832446,"address1":"W/O.Sri.R.Ragunathan,","address2":"5 / 650, Mandukkal Street,","address3":"Kottur Post, Theni Dist.","addressId":1,"pin":625534},"branch":{"branchCode":"74D ","address1":"LIC OF INDIA-74D","address2":"3-3/23,CUTCHERY ROAD","address3":"UTHAMAPALAYAM","branchIp":"10.128.42.194","branchName":"LIC of India, Uthamapalayam Branch","city":null,"dcCode":"X074","divCode":74,"eaiIndication":"Y","emailId":"BO_74D@LICINDIA.COM","man":null,"odsIndication":"N","pin":null,"state":"null"},"agent":{"agencyCode":"0090976F ","address1":"D/O.K.Jayaraman,Jai Ganesh Lorry","address2":"Service,T.P.Kadu,Moolapallipatty.Po","address3":"Rasipuram.Tk & Namakkal .Dt.","agentName":"J.Renukadevi","birthDate":"1976-03-10","category":2,"city":null,"disabilityCode":1,"enteredDate":"2026-03-09T01:10:26.000+00:00","itaxPanNo":"ANZPR4228B","occupationCode":12,"pin":637406,"qualificationCode":3,"sex":"F"},"nominees":[{"policyNo":747832446,"nomineeAge":50,"nomineeDob":null,"nomineeId":1,"nomineeName":"R RAGUNATHAN","nomineeRegistrationDate":null,"nomineeRelation":"H","nomineeShare":100,"nomineeStatus":"B"}],"billingInfo":{"policyNumber":"747832446","nameOfAssured":"S Veni","planName":"New Jeevan Anand","plan":815,"mode":"12","premium":19799,"sumAssured":230000,"status":null,"firstUnpaidPremiumDate":"2026-02-06","nextFup":null,"dueAmount":"19799.00","payedPolicy":false,"noOfDues":1,"eligible":true,"spotRevival":false},"policyContact":{"policyNo":747832446,"dataSource":"B","emailAddress":"null","enteredDate":"2025-09-17T20:00:13.803+00:00","mobileNo":"919894092058","countryCode":null,"telephoneNo":"null","panNo":null},"policyExtra":{"accumTerm":0},"policyAnnuity":null,"userRegistered":"N","assignmentDetails":[],"ulipExtra":{"giveCashAmount":null},"bonusErrorMessage":null,"qpayPolicy":{"policyNumber":"747832446","dob":"01/05/1968","emailId":null,"mobileNo":"9894092058","premium":"19799","key":"762751"}}



==== 09/03/2026 16:54:13 - GET-URL ======

https://mk-channel.licindia.in/Landing/



==== 09/03/2026 16:55:33 - OSTATTUS-RESPONSE-TOKEN ======

EpTW8PKduD1WmgOZVIbiRqQTbhvrKwRJ2H5HJYex68z39G14hhg2yTKp7AjvjPAJl24oGylLs3PP8WE0F7inwYX3r9rQUpNXiyG7DGxAH+hpL5Cy4YN9aO1kbuFnPhG/qwTOb8Vs8PpDFOPOo1fVAw+m+UpshEsMaXswEIfZCKMBYOo6JkrxOLP6+WP5l2nm7hz2v+/e+6QAgAYPytJ/VXxzgKR+cbx+kTYZXVvCkL/mGkS54LWMRrVLy3yN2yxqS0kVgcHFXm9O7M7VpuUl6fR/jFg1kKuUJfdtVMGwVSZVXCvJaYSnT5wCfZZxTvLq01DQU/vTnPrgiFWquMU/FEt4kDtSwqT7uyC8PkPXSxEvCfqHM1/GVIy7rQfq0z2EsHnTK8XHEyqxtrlMuGqUdJc0wxJ+vMiBsQkKR+AhgAmR+nszWnIuhSSsufjtVCuf3rLucZwigCDpmGZa2ISxf3gQ2evZAlFVGudn0pZAGhcehICieIpw2Mf4CCBY263MFY+IU857ROLaWtPpi2j7TgWqoZIuDY7yD6izKo8KE4YTqEvE8op2YGRCiHYwtgajYHbbCJvGQFNabxkpva3HmOhWGNb6AInPMF9p+MxzssP1L5UH405OFClUfKXYGHptnJ+FuA0OrLZvlcEP/VsqZrbIGAavYvQ2MWA/VXl/rbxq39pPkjowjXsIxWoOTYwdAaQ6hrDi9Pyce6JKLn4KCRKiu1FJHajO/ERir6CsXqM5IMPytm9q/39Du8zMGxDmuU+yieBgGFv4w7jrnaWGSpTB4gQzG4PnpE1Q52Y8CXga00iGOMHTt3YFQwYSoH/1yRXLT5seR4PlFIfC7lqvUAbmApAxaZ3HnHFaLv/xyY7vN35c4N3FBvZYzssMaiSoeGZJqEG5HVIueq74DWuntuPSJOqJ3AIrV18WkSez1gJmTszrTaSdXUV2b/STxf5Ff05/kY/hYVOFgd28QCmMn7lr1XTV71zoo8GjWXuQ3jrzPytR2QWWNCS3in//P/4AC9bS2QCqG7lJcfQDdiOntLCCKjAR9WRSU9ceR04GSfzUPpWthcOkgmbpgJUqKoK7AuH+R0wZndnlpeaO1SUyl7mP+FlekhR/xDD2XzCHDj+1y9qSZg7GNLZs+UNICJnKhPc985PYX+NRpT73JNarReAyWLlYAk/5FyfndC5kh78SodZkqwQ8xy+nVTIvAiIjEcCUx1odh0nK70mQ2OKTB7XPauF+XvW+13RkhJLjkW447UhGO5l4NQMtRZRbK922T30jaVqu9R3TTMgnIpsCKgLjoqwRUNS8+hxizG1PZZiNJ+qL/P5W2VJBRTPrjb86qAdInfZXmKk/mETqqpyoIgYa+KdjwWGntHVBVwRjqPSP1DNnuJgd8rPEqgxJsJoO+sCbTHxvxR21K4Yyjwmu7CY2axG8cfFpSL0wDKJf3lB8+HnLwMaSLEeEKLyZuPv3wYJ3b0zoaYAYVJl5yNUFkMhjX/sy/HClGQgv5+McPsLHHB2Vcu86spZiEORvE15OSi8adyPCiML4egtdGjJFS2cKP8bagDNiwdnFozqmRvBDnSABDcG3/yGfDBokQY1oT9E9OwPXlB1UzlzmwbmadD42EjOXvPvh6HjHBbdwaGZ3wx/rwqUBUS0/w4168k1DLRzARU1aC7TsJijd+K2b0ew5FfJigODQIjSxPBn2K3eMu1JoR+n/6mCWqZgIQkaMezTllu7P5uxHljVAA/AVkkEUgtW1EUIEe1NOFvSWXQ9TfaMrg/d2lKPhXQy8EkyKH8PLtE8ozkctA5piP/wFUe10AjKmOYAJPuBLLAI5yNPUb9iv/5LzxySGNZ24VNGJPS9EhiE46Ok22GYpABgvejBEM495pFGNTfuD1PL6N7c84R+K4NESTqfJ35qUKdt3on25Qw4+gN/Ln7/EwAf6s9zrOZm5XKPj



==== 09/03/2026 16:55:33 - OSTATTUS-RESPONSE-TOKEN ======

eyJhbGciOiJIUzUxMiJ9.eyJzdWIiOiJJREFNMDIwMTIwMjQxMDkzNDU5MiIsImFnZW5jeV9jb2RlIjpudWxsLCJjcmVhdGVkIjoxNzczMDU1NTE2NDcwLCJhY2Nlc3NfY29kZSI6ImV5SmhiR2NpT2lKU1V6STFOaUlzSW5SNWNDSTZJa3BYVkNKOS5leUp6ZFdJaU9pSkpSRUZOTURJd01USXdNalF4TURrek5EVTVNaUlzSW1adVlXMWxJam9pVFZWTFJWTklJRXRWVFVGU0lpd2lkWE5sY25OMFlYUjFjeUk2SWpFaUxDSmxiblJwZEhsc2FYTjBJanBiSWt4SlExOURWVk5VVDAxRlVsOVFUMUpVUVV3aVhTd2ljbTlzWlhNaU9sc2lSRThpWFN3aWFYTnpJam9pUVZKWUlpd2liVzlpYVd4bElqb2lPVGsyT0Rnd05EWXlNU0lzSW1GMVpDSTZJbVJsWm1GMWJIUWlMQ0pzYm1GdFpTSTZJazFWUzBWVFNDQkxWVTFCVWlJc0luVnpaWEpVZVhCbElqb2lNU0lzSW1WNGNDSTZNVGMzTXpBNE5EQTBOaXdpYVdGMElqb3hOemN6TURVMU1qUTJMQ0pxZEdraU9pSTBNRFUyWTJFMU5TMHhNR1ZsTFRSak9HRXRPV0U1TkMwMFpEa3dNbVE1TnpVNU9HVWlMQ0psYm5ScGRIa2lPaUpNU1VOZlExVlRWRTlOUlZKZlVFOVNWRUZNSWl3aVpXMWhhV3dpT2lKdGRXdGxjMmhyZFcxaGNqTTFNa0JzYVdOcGJtUnBZUzVqYjIwaWZRLm1yRVhlcTF0a01neDdIY0NfOVk1MGlaeEpwUVJ0Tld3Y0Z3OVZCeDg4eEMzUUdUYmdNWmx0Q0xHZFNBek12T1VHZlJteFg1NURETXRTaVZmcUo2MnNPN0xnLV90SERhWDRXMkdqRVZ5di1RdDUySGE5dmE5VzlVU0FCNlNzTkVRd1RmazZBeDZWUHB4blNLQko4cko0RTAyYkYzbU9uNGtaLUJKY09US0FTMll6SjJMZ28ydFA2LVl6OWZRejNiWE5ERjZpOFNxem5DTHlyeVVpdmxPVExXRjhxUVdJMEFPSDFibUt5eFFjemxTV3FYU1ZtY3ZPSW84S0w5enE0NVE0cFVFS2FtMXdHWGI4cC01anV6U3Joc1pFbW53a3NNaW5GUEdrSlVuQ2dxMzV2UUltdTduOHdJZGZJM0w3R1loN205QzBMZmxERnc1bGhMQWtqZWhUdyIsInJvbGVzIjpbIkRPIl0sImNsaWVudElwIjpudWxsLCJlbnRpdGxlbWVudCI6W119.PMkZ6STsAjCXBfLkwkPKfNJ5xp_QXz492KOtiNsWsqqALtJ-udrNJYg2wj9LSzXctWXqcAii73UtYKrwXQmznA



==== 09/03/2026 16:55:33 - POST-URL ======

https://ebizapp01.licindia.in/BFFService/policy/policyInfo?_dc=1773055533803



==== 09/03/2026 16:55:35 - POST-URL ======

{"confirmationId":null,"status":"200","resultInfoList":null,"count":0,"policy":{"policyNumber":"702742824","planName":"Jeevan Anand","mode":"6","noOfDues":35,"premium":"2746.00","commenceDate":"2007-03-17","nameOfAssured":"M . Raja","agencyCode":"0090976F ","developmentOfficerCode":"312076","plan":"149","policyTerm":"78","firstUnpaidPremiumDate":"2008-09-17","cdCharge":"0","serviceBranch":"76F ","sumAssured":"100000","policyStatus":"41","dob":"1985-06-25","ageAtEntry":22,"planDetails":{"plan":149,"planType":null,"planDesc":null,"premiumDueDuration":6,"premiumDueDurationType":"M","payPremiumAdvance":30,"payPremiumAdvanceType":"D","gracePeriod":1,"gracePeriodType":"M","serviceTaxRateFirstYr":4.5,"serviceTaxRateNextYrs":2.25,"serviceTaxRateEduCess":null,"topUpAllowed":null,"multiplyTopupAmt":null,"topupLimitCriteria":null,"topupNoPayBefMaturity":null,"planCategory":"ENP","freeCoverCond":null,"freeCoverFUP":null,"campaignStartDate":"2026-01-01","campaignEndDate":"2026-03-02","percentageofwaiver":30.0,"maxLimitofwaiver":3000.0,"waiversAllowedNum":1,"lateFeeWaiverInd":"Y","discountPercentFirstYr":3.0,"discountPercentSecondYr":2.0,"discountPercentThirdYr":1.0,"discountPercentSubYr":2.0,"discountFromDate":"2017-07-05","discountToDate":"2017-07-06","maxLimitWaiverFstYr":5.0,"maxLimitWaiverScndYr":4.0,"maxLimitWaiverThirdYr":3.0,"maxLimitWaiverSubYr":2.0,"discountParameter":null,"graceprdExtFlag":null,"graceprdExtFrmDate":null,"graceprdExtToDate":null,"graceprdPrcntWaiver":null,"maxWaiverLimitgraceprd":null,"gstCdCharge":0.0,"gstLateFeeRateFirstYr":18.0,"gstLateFeeRateNextYrs":18.0,"dateOfLaunch":"02/01/2002","beforeLaunch":"Y","centralGSTPercentage":50,"discountPeriod":null,"discountPeriodType":null},"eligible":false,"lateFeeRequired":false,"recordId":"O","premiumPayingTerm":20,"policyBenefits":"100000","dueAmount":"96110.00","taxExemption":false,"age":"41","eserviceEligible":false,"policyUlip":false,"dateOfLastPayment":"2026-09-17","dateOfMaturity":"2085-03-17","statusShortDesc":"Lapsed without Surrender Value","nav":"For NAV details please contact your Servicing Branch / Customer Zone","altChannelId":"00","riderPolicy":false,"minorChild":false,"accountingBookCode":1,"payedPolicy":false,"advancePayedPolicy":false,"lastAccountDate":"2008-03-22","noBonusYears":0,"bonusInfo":{"totalRevBonus":0,"totalInterimBonus":0,"totalFAB":0,"totalGuaranty":0,"totalLoyalty":0,"totalOneTimeBonus":0.00,"messageCode":null,"calulationSheetHTML":"<table border=1><tr class=grey-bg><td>From</td><td>Upto</td><td>Year</td><td>Type</td><td>Factor</td><td>Rate</td><td>Bonus </td></tr><tr class=grey-bg><td colspan=7>Total Rev Bonus : 0.00   Total Interim Bonus : 0.00</td></tr></table> ","calulationSheetText":"From        Upto        Year Type Factor  Rate     Bonus \r\n   Total Rev Bonus : 0.00   Total Interim Bonus : 0.00\r\n "},"isSpotRevivalAllowed":false,"discountApplicable":false,"advancePaymetEligible":false,"maturitySumAssured":0,"gstInNumber":"null","transactionAllowed":true,"dateOfShowMaturity":"2085-03-17","panFlag":false,"neftFlag":false,"itPan":"","neftStatus":"N","titleCode":"1","premiumGapFlag":false,"dghPolicyFlag":false,"policyExitStatus":false,"serviceRequestFlag":false,"nriGstFlag":false,"fyEndDate":"2026-03-31"},"person":{"policyNo":702742824,"birthDate":"1985-06-25","fullName":"M . Raja","sex":"M","shortName":"Raja M","age":"22","profileMobileNo":null,"profileEmail":null,"profileUnMaskMobileNo":null,"profileUnMaskEmail":null},"address":{"policyNo":702742824,"address1":"S/O.R.Manickam,","address2":"5/8,Mariamman Koil St","address3":"Anaipalayam-Po, Rasipuram-Tk,","addressId":1,"pin":637401},"branch":{"branchCode":"76F ","address1":"LIC OF INDIA - 76F","address2":"NAMAKKAL ROAD","address3":"RASIPURAM","branchIp":"10.128.42.194","branchName":"LIC of India, Rasipuram Br Office","city":null,"dcCode":"X070","divCode":70,"eaiIndication":"Y","emailId":"BO_76F@LICINDIA.COM","man":null,"odsIndication":"N","pin":null,"state":"null"},"agent":{"agencyCode":"0090976F ","address1":"D/O.K.Jayaraman,Jai Ganesh Lorry","address2":"Service,T.P.Kadu,Moolapallipatty.Po","address3":"Rasipuram.Tk & Namakkal .Dt.","agentName":"J.Renukadevi","birthDate":"1976-03-10","category":2,"city":null,"disabilityCode":1,"enteredDate":"2026-03-09T01:10:26.000+00:00","itaxPanNo":"ANZPR4228B","occupationCode":12,"pin":637406,"qualificationCode":3,"sex":"F"},"nominees":[{"policyNo":702742824,"nomineeAge":45,"nomineeDob":null,"nomineeId":1,"nomineeName":"R  MANICKAM","nomineeRegistrationDate":null,"nomineeRelation":"F","nomineeShare":100,"nomineeStatus":"B"}],"billingInfo":{"policyNumber":"702742824","nameOfAssured":"M . Raja","planName":"Jeevan Anand","plan":149,"mode":"6","premium":2746,"sumAssured":100000,"status":null,"firstUnpaidPremiumDate":"2008-09-17","nextFup":null,"dueAmount":"96110.00","payedPolicy":false,"noOfDues":35,"eligible":false,"spotRevival":false},"policyContact":{"policyNo":702742824,"dataSource":"P","emailAddress":"knlic@yahoo.co.in","enteredDate":"2014-09-18T20:11:31.279+00:00","mobileNo":"null","countryCode":null,"telephoneNo":"null","panNo":null},"policyExtra":{"accumTerm":0},"policyAnnuity":null,"userRegistered":"N","assignmentDetails":[],"ulipExtra":{"giveCashAmount":null},"bonusErrorMessage":null,"qpayPolicy":{"policyNumber":"702742824","dob":"25/06/1985","emailId":"knlic@yahoo.co.in","mobileNo":"0","premium":"2746","key":"093887"}}



==== 09/03/2026 16:55:41 - GET-URL ======

https://mk-channel.licindia.in/Landing/



==== 09/03/2026 17:08:58 - POST-URL ======

https://ebizapp01.licindia.in/BFFService/biometric/biometricLogin



==== 09/03/2026 17:08:59 - POST-URL ======

https://ebizapp01.licindia.in/login/agent/userauthenticate



==== 09/03/2026 17:09:00 - POST-URL ======

https://mk-channel.licindia.in/BFFService/login/generateotp



==== 09/03/2026 17:09:11 - POST-URL ======

https://ebizapp01.licindia.in/BFFService/biometric/biometricLogin



==== 09/03/2026 17:09:11 - POST-URL ======

https://ebizapp01.licindia.in/login/agent/userauthenticate



==== 09/03/2026 17:09:12 - POST-URL ======

https://mk-channel.licindia.in/BFFService/login/generateotp



==== 09/03/2026 19:26:44 - OSTATTUS-RESPONSE-TOKEN ======

eF/lGfEAW0ZMbk4uFyt4fNZxXLkbQ6AuR529HilqbftZLfwAvk02zE6fB5MXDBODm3Chn5tC1/ON9RhmJ3pMiKdbfuMei/xQsvdDdlxb4uSlm/GztFyQzaCsRbakWxtzOU0Y8P3VbpR0QkyqziJqUd3PLMdEgnApUoF6ok5uXEvyU8WIeogbDrdKr9Ce17MjM1DlptnjKCshWv4SjXCzcASMp5iamL8VKSQmUTihEh9GSAqMfeqOJZEKVzWijzNNzVfxFYb89cnEvrvnXs2Y8oFhTjOG2OIMRsYUlHDphBvSoKXeSwkbDjDGdmH7N1LeMu2G0k/nm3fDamUwiFOzTGd0YQqCPluIwbGlLfrSz56uiNf5OuhEzt2T7uFHL2HMQGbKD74AL1dxd4hVZcRBPzsPQ3bPYsRvrJZtDWliKTmK1TuicK9HGuk95cMVsbTDR+FF7J/R/az0UasAcqO8K0Sh5+dxlEy7VUrC/Ru6W0KMPpLV+1i9c1FWKgYC6Mp3vMAilEbfhGRKc7LAd0AGQo9lABxaL8m9Ip2KXCZdAjfkv4Qk+9I/zcqAwUPtRQ0sPha70Ic9a6zbfFyZ76BOxxCsIvuSKs/hLiqfW/FWwGGXSzfWwu9ZXnyoFI5r5oVszpAxD+zAgignS1OcbeHW4Km8ShobwwY35h8ByoW0x5B0gitUF7v9ZZguOhYX7Yn04/sdS6MG75PzrrZskfPcd+IO5N0EzB0VDB4i0KViZVP61bZjhD+MKvl6wDMBW347FGj7+UMcZjzzou7IFs1AHVEnthbmElUpqWQPKRhIi2G+V0/EjtkKFXWJmvww++aWHnrbiVWwnSMJthsWhDx/od+bs2SoBuoPAQXLBTEWU64Gp6+VOjJ0GTFz9VIu2mVjxz0JGCGo1/fZ7I9DHXEM+mGqZ+P9kEwEHk1h2GcE+U61z2Cn6CBunv3Fk3jb8TzZ7xjPZmY8DEMTKGXGIS9FdebFZJbDRAOrJ0QESC3cbciduiI5ccA2jgoIo6wuO8Vc4zaf/6HbAgZ1nxY2iTeek4bwnc27NDL5dXfZqIdM/VTPxnvR1qYb6FgEbfsTXJP4i/7hWDyR6A5y/vaxSS1CqcQCHigt71V17ECflYY4hPVF8mKw8LQ4yTBWVzbOE8r5v54QFQZb6fYk2+gPLUXg8wPor1PiOMGdYSqKdkLGWPGLd8xnTBqySw9Ox611tdSy/F6GSKKVAtRnCcCpR9YDMA2hUPHalsiu+3azkepGSD1iJjcwCi33/mZMQ7/czWjXVla/bkl38cXfpl3LyWByn2KZqvErIf9f1g/6O2lisVHCFyKjFSQfKCLuXRKxS4zLThSfkxdaJne7HivACgia22JH+Skfa8Rn7L+IfmUPCvYOBQGZ/KXV5K7C/tyBWWssUljhh0991jbRLc/ZYkU3fIMKPbjA3haEpjn6VJdDSzfC0OjXtG5GkojOrgmvhVwEn8Qs9VVcoaPb3a/SPqNYBD40T3U+2Kya8ViMTPTbB/+RNvidmGhuNnGo/ikvL20XVF2UW6fQhES8N+Tw0KBR4sytPvH+MA2Zr5KFUCETJqwp5GKuh48mSVEBFe5tNL0XAC3IOsI0an0vrb0sXDX5AACxRdX6LabhBxtiG2HWQBS/jZ3nDlxssTlfczCXIxY1nyylIuWO+rFLrWKxNo3of/RISbO9rCHSsnpvZsn78wtIDgtZHtGluv78RBqJb4w00NiyiJriAZayD4Pec8OKQXhBDMDRj8cvcPBb0Y63Y332vHTGReS1wb/IJxFgULhf6XlNAhmBHi7TTfC+vnBbTydCZaHjTkZLNx2R0vd6YDaYTWiB6BCKYvwpJYPAy9AIfOAqdZ/MGBpTppFPneoIljZkx0jyzAGEid6T6aDQusdVuFNGMppriVGANdHih+mHWEzcwHdReZvRzA==



==== 09/03/2026 19:26:44 - OSTATTUS-RESPONSE-TOKEN ======

eyJhbGciOiJIUzUxMiJ9.eyJzdWIiOiJJREFNMjYwNzIwMjIzMTgzNjcwIiwiYWdlbmN5X2NvZGUiOm51bGwsImNyZWF0ZWQiOjE3NzMwNjQxMTg5NzcsImFjY2Vzc19jb2RlIjoiZXlKaGJHY2lPaUpTVXpJMU5pSXNJblI1Y0NJNklrcFhWQ0o5LmV5SnpkV0lpT2lKSlJFRk5Nall3TnpJd01qSXpNVGd6Tmpjd0lpd2labTVoYldVaU9pSkJUa2xNSUV0VlRVRlNJaXdpZFhObGNuTjBZWFIxY3lJNklqRWlMQ0psYm5ScGRIbHNhWE4wSWpwYklreEpRMTlEVlZOVVQwMUZVbDlRVDFKVVFVd2lYU3dpY205c1pYTWlPbHNpUkU4aVhTd2lhWE56SWpvaVFWSllJaXdpYlc5aWFXeGxJam9pT1RnNU5qY3pOelEzTlNJc0ltRjFaQ0k2SW1SbFptRjFiSFFpTENKc2JtRnRaU0k2SWtGT1NVd2dTMVZOUVZJaUxDSjFjMlZ5Vkhsd1pTSTZJakVpTENKbGVIQWlPakUzTnpNd09USTVNVGNzSW1saGRDSTZNVGMzTXpBMk5ERXhOeXdpYW5ScElqb2lZMkZpTkRRd00yTXRNelJpTmkwME16WmlMVGszTmpZdFpHSXlPR1ZsTURFeE5HVmpJaXdpWlc1MGFYUjVJam9pVEVsRFgwTlZVMVJQVFVWU1gxQlBVbFJCVENJc0ltVnRZV2xzSWpvaVlXNXBiQzVrWVdKeVlURTJRR3hwWTJsdVpHbGhMbU52YlNKOS5PdGFpeHJqOUluNlJZdi1NX2M5Ukt4ajV4YWdJaHRSNnJPV1BMcWNJMXJGcWN1WEF2R1BWOXlLbUxfalRqeEJXaE9LNktSb3ctRmhVRWgwN0U3RXRrczFKWTBSVjJxUHo1OERzLWhibnZQdUVkUDI5dV9VMG1GUFFxeW91WXdIQ3hzMWdNWGY5X3pTNVZyRHczLVI5OU9sQU5zUUh3enMyc0Iya05fdWFsVWdIeW03TFpZeGNNR2J3QWExVGMwN2hHOHF3OU1zTW5wWC16Z0lsTWRKa2tZNWdqUHFKWVF5ODJTTnE3eDJFVG9aTHZQQWE2ZHlOelBsMUc2dWg0Z0o4YkRFMUhrUjZjUk5SRHZqTGpueUtPVnkzWW4zbzVVcllPSlY1LVYtM1QxUWV1X1dMOWVPSGdnTTV6NWRxb3NFaG11cHYyVklHWGNCTFJ5UVpsa1FiNlEiLCJyb2xlcyI6WyJETyJdLCJjbGllbnRJcCI6bnVsbCwiZW50aXRsZW1lbnQiOltdfQ.9sdTPMP9eB2-Ypl0RxbcEVHyuXVZqEoQaFFbOjd5NVkBVsPja2CIcfug0eajJxZsThT7-SXrj3mYNJOvVXU1oQ



==== 09/03/2026 19:26:44 - POST-URL ======

https://ebizapp01.licindia.in/BFFService/policy/policyInfo?_dc=1773064604925



==== 09/03/2026 19:26:46 - POST-URL ======

{"confirmationId":null,"status":"200","resultInfoList":null,"count":0,"policy":{"policyNumber":"309244942","planName":"LIC's Jeevan Labh","mode":"12","noOfDues":1,"premium":"16660.00","commenceDate":"2019-12-15","nameOfAssured":"A.Hema La","agencyCode":"0090976F ","developmentOfficerCode":"0","plan":"836","policyTerm":"16","firstUnpaidPremiumDate":"2026-12-15","cdCharge":"0","serviceBranch":"760 ","sumAssured":"200000","policyStatus":"21","dob":"2005-12-18","ageAtEntry":14,"planDetails":{"plan":836,"planType":null,"planDesc":null,"premiumDueDuration":6,"premiumDueDurationType":"M","payPremiumAdvance":30,"payPremiumAdvanceType":"D","gracePeriod":1,"gracePeriodType":"M","serviceTaxRateFirstYr":4.5,"serviceTaxRateNextYrs":2.25,"serviceTaxRateEduCess":0.0,"topUpAllowed":null,"multiplyTopupAmt":null,"topupLimitCriteria":null,"topupNoPayBefMaturity":null,"planCategory":"NORM","freeCoverCond":null,"freeCoverFUP":null,"campaignStartDate":"2026-01-01","campaignEndDate":"2026-03-02","percentageofwaiver":30.0,"maxLimitofwaiver":3000.0,"waiversAllowedNum":1,"lateFeeWaiverInd":"Y","discountPercentFirstYr":null,"discountPercentSecondYr":null,"discountPercentThirdYr":null,"discountPercentSubYr":null,"discountFromDate":null,"discountToDate":null,"maxLimitWaiverFstYr":null,"maxLimitWaiverScndYr":null,"maxLimitWaiverThirdYr":null,"maxLimitWaiverSubYr":null,"discountParameter":null,"graceprdExtFlag":null,"graceprdExtFrmDate":null,"graceprdExtToDate":null,"graceprdPrcntWaiver":null,"maxWaiverLimitgraceprd":null,"gstCdCharge":0.0,"gstLateFeeRateFirstYr":18.0,"gstLateFeeRateNextYrs":18.0,"dateOfLaunch":"01/04/2016","beforeLaunch":"N","centralGSTPercentage":50,"discountPeriod":null,"discountPeriodType":null},"eligible":false,"lateFeeRequired":false,"recordId":"O","premiumPayingTerm":10,"policyBenefits":"200000","dueAmount":"16660.00","taxExemption":false,"age":"21","eserviceEligible":false,"policyUlip":false,"dateOfLastPayment":"2028-12-15","dateOfMaturity":"2035-12-15","statusShortDesc":"In Force","nav":"For NAV details please contact your Servicing Branch / Customer Zone","altChannelId":"0 ","riderPolicy":false,"minorChild":false,"accountingBookCode":1,"payedPolicy":false,"advancePayedPolicy":false,"lastAccountDate":"2025-12-02","noBonusYears":0,"bonusInfo":{"totalRevBonus":48000,"totalInterimBonus":0,"totalFAB":0,"totalGuaranty":0,"totalLoyalty":0,"totalOneTimeBonus":0.00,"messageCode":null,"calulationSheetHTML":"<table border=1><tr class=grey-bg><td>From</td><td>Upto</td><td>Year</td><td>Type</td><td>Factor</td><td>Rate</td><td>Bonus </td></tr><tr class=grey-bg><td>2019-12-15</td><td>2020-12-15</td><td>2020</td><td>V</td><td>1.0</td><td>40.00</td><td>8000.00</td></tr><tr class=grey-bg><td>2020-12-15</td><td>2021-12-15</td><td>2021</td><td>V</td><td>1.0</td><td>40.00</td><td>8000.00</td></tr><tr class=grey-bg><td>2021-12-15</td><td>2022-12-15</td><td>2022</td><td>V</td><td>1.0</td><td>40.00</td><td>8000.00</td></tr><tr class=grey-bg><td>2022-12-15</td><td>2023-12-15</td><td>2023</td><td>V</td><td>1.0</td><td>40.00</td><td>8000.00</td></tr><tr class=grey-bg><td>2023-12-15</td><td>2024-12-15</td><td>2024</td><td>V</td><td>1.0</td><td>40.00</td><td>8000.00</td></tr><tr class=grey-bg><td>2024-12-15</td><td>2025-12-15</td><td>2025</td><td>V</td><td>1.0</td><td>40.00</td><td>8000.00</td></tr><tr class=grey-bg><td>2025-12-15</td><td>2026-12-15</td><td>2025</td><td>I</td><td>0.0</td><td>40.00</td><td>0.00</td></tr><tr class=grey-bg><td colspan=7>Total Rev Bonus : 48000.00   Total Interim Bonus : 0.00</td></tr></table> ","calulationSheetText":"From        Upto        Year Type Factor  Rate     Bonus \r\n2019-12-15  2020-12-15  2020  V     1.0   40.00    8000.00\r\n2020-12-15  2021-12-15  2021  V     1.0   40.00    8000.00\r\n2021-12-15  2022-12-15  2022  V     1.0   40.00    8000.00\r\n2022-12-15  2023-12-15  2023  V     1.0   40.00    8000.00\r\n2023-12-15  2024-12-15  2024  V     1.0   40.00    8000.00\r\n2024-12-15  2025-12-15  2025  V     1.0   40.00    8000.00\r\n2025-12-15  2026-12-15  2025  I     0.0   40.00    0.00\r\n   Total Rev Bonus : 48000.00   Total Interim Bonus : 0.00\r\n "},"isSpotRevivalAllowed":false,"discountApplicable":false,"advancePaymetEligible":false,"maturitySumAssured":0,"gstInNumber":"null","transactionAllowed":true,"dateOfShowMaturity":"2035-12-15","panFlag":false,"neftFlag":false,"itPan":"","neftStatus":"N","titleCode":"null","premiumGapFlag":false,"dghPolicyFlag":false,"policyExitStatus":false,"serviceRequestFlag":false,"nriGstFlag":false,"fyEndDate":"2026-06-07"},"person":{"policyNo":309244942,"birthDate":"2005-12-18","fullName":"A.Hema La","sex":"F","shortName":"Gopika A","age":"14","profileMobileNo":null,"profileEmail":null,"profileUnMaskMobileNo":null,"profileUnMaskEmail":null},"address":{"policyNo":309244942,"address1":"D/O P.K,Appu","address2":"3/1 East Street Mallapuram Po","address3":"Peraiyur Tk Madurai","addressId":1,"pin":625535},"branch":{"branchCode":"760 ","address1":"224-B 100 FEET ROAD","address2":"P B NO 2993 TATABAD","address3":"COIMBATORE","branchIp":"10.128.42.194","branchName":"LIC of India, Tatabad CBO/Dab Office","city":null,"dcCode":"X076","divCode":76,"eaiIndication":"Y","emailId":"BO_760@LICINDIA.COM","man":null,"odsIndication":"N","pin":null,"state":"null"},"agent":{"agencyCode":"0090976F ","address1":"D/O.K.Jayaraman,Jai Ganesh Lorry","address2":"Service,T.P.Kadu,Moolapallipatty.Po","address3":"Rasipuram.Tk & Namakkal .Dt.","agentName":"J.Renukadevi","birthDate":"1976-03-10","category":2,"city":null,"disabilityCode":1,"enteredDate":"2026-03-09T01:10:26.000+00:00","itaxPanNo":"ANZPR4228B","occupationCode":12,"pin":637406,"qualificationCode":3,"sex":"F"},"nominees":[],"billingInfo":{"policyNumber":"309244942","nameOfAssured":"A.Hema La","planName":"LIC's Jeevan Labh","plan":836,"mode":"12","premium":16660,"sumAssured":200000,"status":null,"firstUnpaidPremiumDate":"2026-12-15","nextFup":null,"dueAmount":"16660.00","payedPolicy":false,"noOfDues":1,"eligible":false,"spotRevival":false},"policyContact":{"policyNo":309244942,"dataSource":"B","emailAddress":"null","enteredDate":"2025-12-03T20:00:09.845+00:00","mobileNo":"919943551132","countryCode":null,"telephoneNo":"null","panNo":null},"policyExtra":{"accumTerm":0},"policyAnnuity":null,"userRegistered":"N","assignmentDetails":[],"ulipExtra":{"giveCashAmount":null},"bonusErrorMessage":null,"qpayPolicy":{"policyNumber":"309244942","dob":"18/12/2005","emailId":null,"mobileNo":"9943551132","premium":"16660","key":"627391"}}



==== 09/03/2026 19:26:56 - GET-URL ======

https://mk-channel.licindia.in/Landing/



==== 10/03/2026 15:17:12 - S3 Cloud Backup Upload Error (2) ======

Connection failure   at Xamarin.Android.Net.AndroidMessageHandler.<>c__DisplayClass137_0.<ConnectAsync>b__0()
   at System.Threading.Tasks.Task.InnerInvoke()
   at System.Threading.Tasks.Task.<>c.<.cctor>b__292_0(Object obj)
   at System.Threading.ExecutionContext.RunFromThreadPoolDispatchLoop(Thread , ExecutionContext , ContextCallback , Object )
--- End of stack trace from previous location ---
   at System.Threading.ExecutionContext.RunFromThreadPoolDispatchLoop(Thread , ExecutionContext , ContextCallback , Object )
   at System.Threading.Tasks.Task.ExecuteWithThreadLocal(Task& , Thread )
--- End of stack trace from previous location ---
   at Xamarin.Android.Net.AndroidMessageHandler.DoProcessRequest(HttpRequestMessage , URL , HttpURLConnection , CancellationToken , RequestRedirectionState )
   at Xamarin.Android.Net.AndroidMessageHandler.DoSendAsync(HttpRequestMessage , CancellationToken )
   at System.Net.Http.HttpClient.<SendAsync>g__Core|83_0(HttpRequestMessage , HttpCompletionOption , CancellationTokenSource , Boolean , CancellationTokenSource , CancellationToken )
   at Amazon.Runtime.HttpWebRequestMessage.GetResponseAsync(CancellationToken cancellationToken)
   at Amazon.Runtime.Internal.HttpHandler`1.<InvokeAsync>d__9`1[[System.Net.Http.HttpContent, System.Net.Http, Version=9.0.0.0, Culture=neutral, PublicKeyToken=b03f5f7f11d50a3a],[Amazon.S3.Model.PutObjectResponse, AWSSDK.S3, Version=3.3.0.0, Culture=neutral, PublicKeyToken=885c28607f98e604]].MoveNext()
   at Amazon.Runtime.Internal.RedirectHandler.<InvokeAsync>d__1`1[[Amazon.S3.Model.PutObjectResponse, AWSSDK.S3, Version=3.3.0.0, Culture=neutral, PublicKeyToken=885c28607f98e604]].MoveNext()
   at Amazon.Runtime.Internal.Unmarshaller.<InvokeAsync>d__3`1[[Amazon.S3.Model.PutObjectResponse, AWSSDK.S3, Version=3.3.0.0, Culture=neutral, PublicKeyToken=885c28607f98e604]].MoveNext()
   at Amazon.S3.Internal.AmazonS3ResponseHandler.<InvokeAsync>d__1`1[[Amazon.S3.Model.PutObjectResponse, AWSSDK.S3, Version=3.3.0.0, Culture=neutral, PublicKeyToken=885c28607f98e604]].MoveNext()
   at Amazon.Runtime.Internal.ErrorHandler.<InvokeAsync>d__5`1[[Amazon.S3.Model.PutObjectResponse, AWSSDK.S3, Version=3.3.0.0, Culture=neutral, PublicKeyToken=885c28607f98e604]].MoveNext()
   at Amazon.Runtime.Internal.ErrorHandler.<InvokeAsync>d__5`1[[Amazon.S3.Model.PutObjectResponse, AWSSDK.S3, Version=3.3.0.0, Culture=neutral, PublicKeyToken=885c28607f98e604]].MoveNext()
   at Amazon.Runtime.Internal.CallbackHandler.<InvokeAsync>d__9`1[[Amazon.S3.Model.PutObjectResponse, AWSSDK.S3, Version=3.3.0.0, Culture=neutral, PublicKeyToken=885c28607f98e604]].MoveNext()
   at Amazon.Runtime.Internal.Signer.<InvokeAsync>d__1`1[[Amazon.S3.Model.PutObjectResponse, AWSSDK.S3, Version=3.3.0.0, Culture=neutral, PublicKeyToken=885c28607f98e604]].MoveNext()
   at Amazon.S3.Internal.S3Express.S3ExpressPreSigner.<InvokeAsync>d__5`1[[Amazon.S3.Model.PutObjectResponse, AWSSDK.S3, Version=3.3.0.0, Culture=neutral, PublicKeyToken=885c28607f98e604]].MoveNext()
   at Amazon.Runtime.Internal.EndpointDiscoveryHandler.<InvokeAsync>d__2`1[[Amazon.S3.Model.PutObjectResponse, AWSSDK.S3, Version=3.3.0.0, Culture=neutral, PublicKeyToken=885c28607f98e604]].MoveNext()
   at Amazon.Runtime.Internal.EndpointDiscoveryHandler.<InvokeAsync>d__2`1[[Amazon.S3.Model.PutObjectResponse, AWSSDK.S3, Version=3.3.0.0, Culture=neutral, PublicKeyToken=885c28607f98e604]].MoveNext()
   at Amazon.Runtime.Internal.CredentialsRetriever.<InvokeAsync>d__7`1[[Amazon.S3.Model.PutObjectResponse, AWSSDK.S3, Version=3.3.0.0, Culture=neutral, PublicKeyToken=885c28607f98e604]].MoveNext()
   at Amazon.Runtime.Internal.RetryHandler.<InvokeAsync>d__10`1[[Amazon.S3.Model.PutObjectResponse, AWSSDK.S3, Version=3.3.0.0, Culture=neutral, PublicKeyToken=885c28607f98e604]].MoveNext()
   at Amazon.Runtime.Internal.RetryHandler.<InvokeAsync>d__10`1[[Amazon.S3.Model.PutObjectResponse, AWSSDK.S3, Version=3.3.0.0, Culture=neutral, PublicKeyToken=885c28607f98e604]].MoveNext()
   at Amazon.Runtime.Internal.CallbackHandler.<InvokeAsync>d__9`1[[Amazon.S3.Model.PutObjectResponse, AWSSDK.S3, Version=3.3.0.0, Culture=neutral, PublicKeyToken=885c28607f98e604]].MoveNext()
   at Amazon.Runtime.Internal.CallbackHandler.<InvokeAsync>d__9`1[[Amazon.S3.Model.PutObjectResponse, AWSSDK.S3, Version=3.3.0.0, Culture=neutral, PublicKeyToken=885c28607f98e604]].MoveNext()
   at Amazon.S3.Internal.AmazonS3ExceptionHandler.<InvokeAsync>d__1`1[[Amazon.S3.Model.PutObjectResponse, AWSSDK.S3, Version=3.3.0.0, Culture=neutral, PublicKeyToken=885c28607f98e604]].MoveNext()
   at Amazon.Runtime.Internal.ErrorCallbackHandler.<InvokeAsync>d__5`1[[Amazon.S3.Model.PutObjectResponse, AWSSDK.S3, Version=3.3.0.0, Culture=neutral, PublicKeyToken=885c28607f98e604]].MoveNext()
   at Amazon.Runtime.Internal.MetricsHandler.<InvokeAsync>d__1`1[[Amazon.S3.Model.PutObjectResponse, AWSSDK.S3, Version=3.3.0.0, Culture=neutral, PublicKeyToken=885c28607f98e604]].MoveNext()
   at bma.BackupClass.takeCloudBackup(Context c, Boolean auto, String _mobile)



==== 11/03/2026 15:11:01 - OSTATTUS-RESPONSE-TOKEN ======

AKlClRFqGNZ2NAZCl8qiRTzflFJnqPvoGvk5VkSiSgSFH+kuMF+lpYq2bbVlBKijBe1Iho3urqkXeZYKivxclfWrr7S9mLbiidWbnHc4CbygE5RSZiSLGbInt/+o8x8QvKje1b8bJWICAcjUDAhEOrrrfgHX2Tscn6HhYFxJcQ/mb6eTdgJskveCUXONDbFI471upkwIQR7LmHFpGm7aldgbiL4NDBptcu/WupsfbPEW8A3l+zoXm/uJwKmrRy3wNTsgkVLlnAAdjK9eck2Sdf/Hyv219uwU10u+7IfbxhtGqwMovU7A5FwrFYSWe111hXjPU8jgXYixjeyA91dUIGu3SLIbIx9E4Jdhzu+fZIdd04LLnWRQIW+5w/tgIrZIfguT3I7NAEbV1N8B8IPGaV8G5sS27uKub8QhbEYXI+hFQdDIATf06UNub51JrJGUXAEUDFWgHHsiRQLwZUnabuKE9I4ZLYGgc1rLYHUsKRk7cDAN+bzY98kqGqXItbjp9vnGYkzKztf/EaRs73mUijY6XmzteUUaoQ8jSfSr9dzLeC1SIu6CVAl0/0a70rRiWv9PBdZNKkgepSxvCacjQs7RrR0sSACh+jlEmr2vUkOGVvH54vzSpisbAOBib5KtlrOmQ3DZzrkcUoipvgd06Jg2dPxDI2/5n2kBOJRdibVNkfGS3VPgeCL/DVG5Iz0JWGkVx0CfTEPrCu/InczhoHO0KpWERlqeWYY+FZWH+DDVGS14oAEKMrBuUPBYE8i0YoE9gcuimbfEpk4kJIlX9qjof9rZKr+IxDrvZ9DexEyVT0GeuB6mpwfQT8sVKnLknV4VSlG1z07nj9U7uKWnCWAo/NFIAuRnnqEQz+dBjpQ0lPGWxVRhY/t1+/gGAYYD3jxxky7tj67jjDr/xGYlzt3s3GU94gLzCn/jfCXyLiwoTNOkTzzqXLPF7WNcsE1gscHShys4pt0prqmUCvp8+pi/oHKsaTqOowjqrymvZduRaTeYEtYtIg62bjFJgdIUoqu4AzQrxFA0+ml5p3ZoiWAxOw+1G7MlbnU94ueqzw6D9KQqzYoZcRWQGJF1f0bufr2Yy3qGfi4X238sFR/XNpC3Zj0YG6hqFlQ3/YmrKh29Vyg8dHRXip1hAJUdFLeOqUiHUiBmKU1+MJBaHFUwgrzWfCP5YItITi9Vt++6fwIlj8Nkeo6fFJS1UyZRzf81rt8QYTaHHoARvbBFfLTzipcDOkFCopn+4+Q/XmpA/AmTg5NgG0yrf7D8H3aZLU3j23zpN5Z+JnCpH+eEGQoVEphLBY6IJhwP8EF68LbpVn0Sw7dsIAJRYfDpFbateczF4yDMmRtO0chKivo/Ry904rjlZFjZy/cs9oyvsmiy92OsQ7LY2zGZC8WRPzwJfnoG13FZLoHC7SqUmEoTNwkIWk9obInWdkS34IH50y86AR8BUVq/fk1h8E+CT4xCzwleeqBmZEnYd5DP5Q4dFft8Sz1haj2pXLx/FWW30E3xE4nHDcnyx5B+SYcvdDfCrlboRgAYFMuFxvHRNbIt8pRlHjfSohpft+fQHGWlmnXgS7HdoFd2vx00GNG2gIC8IqEMZK6HR5M/7GgZ491f46KdQXdxtz4fwAQiUSUOL61YVSlwHDn1o4hPGNgLD56NueiUwbeI1sTZ6G2QbMFKu38r00DPM2Kt+aVP1Shxz5u/vtZAeo7H56VpGFylqfjsyjpBStqdZXMFJPM6gi9ZdEOhFd/xEqegtlwWBrdghOEWUp/WaZnPnbwgViG6riljJ29oH4n/v+EuELDXnjZ53lYNYb03S6vJZDV7rCy0nK1750R+788EEy9EbefeyRkOUgqpE6lWYTKSz1nerKTJg5JQ+Re2xdry2b6CQ8vtY035P5o0v8W4REL1rm65D5sboUnetZSlGm0Pug+3C/z9yyPGrbUoGFqhlvD3Wnd4RUjh4kgGGtU=



==== 11/03/2026 15:11:01 - OSTATTUS-RESPONSE-TOKEN ======

eyJhbGciOiJIUzUxMiJ9.eyJzdWIiOiJJREFNMjkwNzIwMjIzMjEzMzIxIiwiYWdlbmN5X2NvZGUiOm51bGwsImNyZWF0ZWQiOjE3NzMyMjE5NDg0NzgsImFjY2Vzc19jb2RlIjoiZXlKaGJHY2lPaUpTVXpJMU5pSXNJblI1Y0NJNklrcFhWQ0o5LmV5SnpkV0lpT2lKSlJFRk5Namt3TnpJd01qSXpNakV6TXpJeElpd2labTVoYldVaU9pSkNTVk5YUVVwSlZDQk5UMDVFUVV3aUxDSjFjMlZ5YzNSaGRIVnpJam9pTVNJc0ltVnVkR2wwZVd4cGMzUWlPbHNpVEVsRFgwTlZVMVJQVFVWU1gxQlBVbFJCVENKZExDSnliMnhsY3lJNld5SkVUeUpkTENKcGMzTWlPaUpCVWxnaUxDSnRiMkpwYkdVaU9pSTVPRE13TlRBNE16STBJaXdpWVhWa0lqb2laR1ZtWVhWc2RDSXNJbXh1WVcxbElqb2lRa2xUVjBGS1NWUWdUVTlPUkVGTUlpd2lkWE5sY2xSNWNHVWlPaUl4SWl3aVpYaHdJam94Tnpjek1qVXdOelExTENKcFlYUWlPakUzTnpNeU1qRTVORFVzSW1wMGFTSTZJbU5qTmprMk1qVmhMVGhrTWpndE5EUTBNQzFoTkRKaUxUUmxPRFptWTJZNFl6WTBPQ0lzSW1WdWRHbDBlU0k2SWt4SlExOURWVk5VVDAxRlVsOVFUMUpVUVV3aUxDSmxiV0ZwYkNJNkltSnBjM2RoYW1sME9TNXRiMjVrWVd4QWJHbGphVzVrYVdFdVkyOXRJbjAuSjFkWmptcDJSWnQ2UVA0ZzEtRW52ZHRNVXB6NThraTV3MGlWLVVEMlNobnVZeElTRlhhZ2REOVZkN1RtSkRqd0lYcFQ0V2RUbEp1V2JBUXJSUWdZQTVlRk1tTlVvQ2ZpNF9IX0dRdlZfcXVXV1k4M0ZSZ05iOEVJTTBFTnRmN0gtN1RVOVR2dUxvZlhnTjVXMENONkZmakxMXzdMZUxPeEp4aE9WT3lSY2J6bjlxejRWamxaNnFXY0NqekpGV2w1VmZYRWRLWVBVa3Ria0lmRHBDZ3dKMFRPS2NKNjdQOWZZZDNPQ3pBRHVHQXJkV3FYUnFLQ2k5VW5aZWt2VWs2VVlZRHREWU5CbW5INHg3TWlEbjFkUDNHUE1nVG1rSWU3c2VOeUxadVlaUWxkXzF5MElsV3hhT3NaNnExcDhIT2h6V0ZQQXd3aXJNUjNwMHdES3FXU3lBIiwicm9sZXMiOlsiRE8iXSwiY2xpZW50SXAiOm51bGwsImVudGl0bGVtZW50IjpbXX0.dIN7LlUHqp9NcnOJZ6z4hFONbKpayJ0IxcK4XXj69GT7jYX05P9y_MoHAZ_e7Fl5GcF3Fkx0V4chKlowShYygg



==== 11/03/2026 15:11:01 - POST-URL ======

https://ebizapp01.licindia.in/BFFService/policy/policyInfo?_dc=1773222061412



==== 11/03/2026 15:11:02 - POST-URL ======

{"confirmationId":null,"status":"200","resultInfoList":null,"count":0,"policy":{"policyNumber":"327421672","planName":"LIC's New Jeevan Labh Plan","mode":"6","noOfDues":1,"premium":"10348.00","commenceDate":"2025-03-29","nameOfAssured":"Ranganathan M","agencyCode":"0090976F ","developmentOfficerCode":"87070","plan":"736","policyTerm":"25","firstUnpaidPremiumDate":"2026-03-29","cdCharge":"0","serviceBranch":"76F ","sumAssured":"400000","policyStatus":"21","dob":"1997-07-23","ageAtEntry":28,"planDetails":{"plan":736,"planType":null,"planDesc":null,"premiumDueDuration":6,"premiumDueDurationType":"M","payPremiumAdvance":30,"payPremiumAdvanceType":"D","gracePeriod":30,"gracePeriodType":"D","serviceTaxRateFirstYr":4.5,"serviceTaxRateNextYrs":2.25,"serviceTaxRateEduCess":0.0,"topUpAllowed":null,"multiplyTopupAmt":null,"topupLimitCriteria":null,"topupNoPayBefMaturity":null,"planCategory":"NORM","freeCoverCond":null,"freeCoverFUP":null,"campaignStartDate":"2026-01-01","campaignEndDate":"2026-03-02","percentageofwaiver":30.0,"maxLimitofwaiver":3000.0,"waiversAllowedNum":1,"lateFeeWaiverInd":"Y","discountPercentFirstYr":null,"discountPercentSecondYr":null,"discountPercentThirdYr":null,"discountPercentSubYr":null,"discountFromDate":null,"discountToDate":null,"maxLimitWaiverFstYr":null,"maxLimitWaiverScndYr":null,"maxLimitWaiverThirdYr":null,"maxLimitWaiverSubYr":null,"discountParameter":null,"graceprdExtFlag":null,"graceprdExtFrmDate":null,"graceprdExtToDate":null,"graceprdPrcntWaiver":null,"maxWaiverLimitgraceprd":null,"gstCdCharge":0.0,"gstLateFeeRateFirstYr":18.0,"gstLateFeeRateNextYrs":18.0,"dateOfLaunch":"2/1/2020","beforeLaunch":"N","centralGSTPercentage":50,"discountPeriod":null,"discountPeriodType":null},"eligible":true,"lateFeeRequired":false,"recordId":"O","premiumPayingTerm":16,"policyBenefits":"400000","dueAmount":"10348.00","taxExemption":false,"age":"29","eserviceEligible":false,"policyUlip":false,"dateOfLastPayment":"2040-09-29","dateOfMaturity":"2050-03-29","statusShortDesc":"In Force","nav":"For NAV details please contact your Servicing Branch / Customer Zone","altChannelId":"0 ","riderPolicy":false,"minorChild":false,"accountingBookCode":1,"payedPolicy":false,"advancePayedPolicy":false,"lastAccountDate":"2026-03-11","noBonusYears":99,"bonusInfo":{"totalRevBonus":0,"totalInterimBonus":0,"totalFAB":0,"totalGuaranty":0,"totalLoyalty":0,"totalOneTimeBonus":0.00,"messageCode":null,"calulationSheetHTML":"<table width=100% ><tr class=grey-bg><td>Please Check Data As After Conversion Bonus Year Cannot Be Zero</td></tr></table>","calulationSheetText":"Please Check Data As After Conversion Bonus Year Cannot Be Zero  "},"isSpotRevivalAllowed":false,"discountApplicable":false,"advancePaymetEligible":false,"maturitySumAssured":0,"gstInNumber":"null","transactionAllowed":true,"dateOfShowMaturity":"2050-03-29","panFlag":true,"neftFlag":false,"itPan":"CV******4L","neftStatus":"N","titleCode":"1","premiumGapFlag":false,"dghPolicyFlag":false,"policyExitStatus":false,"serviceRequestFlag":false,"nriGstFlag":false,"fyEndDate":"2026-03-31"},"person":{"policyNo":327421672,"birthDate":"1997-07-23","fullName":"Ranganathan M","sex":"M","shortName":"Ranganathan M","age":"28","profileMobileNo":null,"profileEmail":null,"profileUnMaskMobileNo":null,"profileUnMaskEmail":null},"address":{"policyNo":327421672,"address1":"S O Matheshwaran, O No 9 5a, N No 9 32,","address2":"Pachalipudhur, Kakkaveri, , Kakkaveri,","address3":"Namakkal, Tamil Nadu","addressId":1,"pin":637408},"branch":{"branchCode":"76F ","address1":"LIC OF INDIA - 76F","address2":"NAMAKKAL ROAD","address3":"RASIPURAM","branchIp":"10.128.42.194","branchName":"LIC of India, Rasipuram Br Office","city":null,"dcCode":"X070","divCode":70,"eaiIndication":"Y","emailId":"BO_76F@LICINDIA.COM","man":null,"odsIndication":"N","pin":null,"state":"null"},"agent":{"agencyCode":"0090976F ","address1":"D/O.K.Jayaraman,Jai Ganesh Lorry","address2":"Service,T.P.Kadu,Moolapallipatty.Po","address3":"Rasipuram.Tk & Namakkal .Dt.","agentName":"J.Renukadevi","birthDate":"1976-03-10","category":2,"city":null,"disabilityCode":1,"enteredDate":"2026-03-11T01:26:24.000+00:00","itaxPanNo":"ANZPR4228B","occupationCode":12,"pin":637406,"qualificationCode":3,"sex":"F"},"nominees":[{"policyNo":327421672,"nomineeAge":0,"nomineeDob":null,"nomineeId":1,"nomineeName":"RASVANTHIKA","nomineeRegistrationDate":null,"nomineeRelation":"D","nomineeShare":100,"nomineeStatus":"B"}],"billingInfo":{"policyNumber":"327421672","nameOfAssured":"Ranganathan M","planName":"LIC's New Jeevan Labh Plan","plan":736,"mode":"6","premium":10348,"sumAssured":400000,"status":null,"firstUnpaidPremiumDate":"2026-03-29","nextFup":null,"dueAmount":"10348.00","payedPolicy":false,"noOfDues":1,"eligible":true,"spotRevival":false},"policyContact":{"policyNo":327421672,"dataSource":"B","emailAddress":"vjmanikandan237@gmail.com               ","enteredDate":"2025-04-02T20:00:09.777+00:00","mobileNo":"918015471198","countryCode":null,"telephoneNo":"null","panNo":null},"policyExtra":{"accumTerm":0},"policyAnnuity":null,"userRegistered":"N","assignmentDetails":[],"ulipExtra":{"giveCashAmount":0},"bonusErrorMessage":null,"qpayPolicy":{"policyNumber":"327421672","dob":"23/07/1997","emailId":"vjmanikandan237@gmail.com","mobileNo":"8015471198","premium":"10348","key":"952575"}}



==== 11/03/2026 15:11:10 - GET-URL ======

https://mk-channel.licindia.in/Landing/



==== 11/03/2026 15:12:25 - OSTATTUS-RESPONSE-TOKEN ======

1OiXhVe/ec7deNYXR6IFcAnvMvM/vjQrEuyLZ5V8B3yY60e0wBFx93JilsTKYDpUSS22WXSTvA62jHTTXmDBQp53Bm/GehSDA7RjYJLxwrQxr1QQng0DbcpSuv3sXYHRS8+6fGiZ59StOvi2yxA0yAZoAUnnLgihOED5klNx1p1oyeQwv15TVuAHtQg5XbDrWZBOlUlkT/lZbJqCQstdYd3ug9M7sVBVXKOMPDvk1ur4DSRsxAlZ/Y0+LdMjTiJLYI/IzDsY2PDB1jtaaJ/Izd8EkPOiqRIQvpMbOnkiu7PwvrDSczQVpcopNWaThaOnLScZZ1usAR8Yurm0Ik6y/8T1h3RNpXDKddPJ21OaB+ZlYzKX2IXVBULBWEguGxtu4r19liBbCto1jOqCeVv25NNTHFUDa+t9OtxfX81H34X7nbbInkse7JqdRIizJJ5CdhiihTawWWkxEci4dnAdNZI10a0Qa41YKhDzlhXeeYC/R9/B6EUWRcTt9O8GR5HUt5PqvenAoED4Ikb/x5+OiTYgb+A6yFmQ6epC5C3RXf2Apcm4ym7T/vP1kF/HgkJ8cgc11Rfg51ZNGTMGAiyilMk05Pmgxqysj1nVFGhm0K+YqdvJAtlH0zZw01o+lz785Dz5qGIh0rlB04oXERwXixCkX6n2/h7kGqBKwEkQ7GwbHistKRjH0H7v0zSpI06zXmLPH/O0LLPB8ENfHYXQkB//DC2UecI2DDJvaGpgF4OPNVvWMfIj5CCo/KT/+mq4IQj9TAVL2heFbUGcTAUezrP2OiwwiO/ojti9YBrXVHMUtoDXxISvBMHvP25dtu4fjVrF6g8+TTs2HszPmV2iKIWPR9IfRwGhJAFVyp4AcScWQgYdULQ2UyXEZnb9q7Ab9x/QS24mTm8oam7ZZTULYZZHQcEGftnD/ZBasicEE7UAaN/tMWUs/tE8zAzz9IJofr08EmYnYgD2HcVwvwEnOEExZJlJK0P/qIreN9GjEL1KyqIsD+rgv1/sIDAz1hI4a9WMX99uajj5tpuMWrpheRFgb/KlFeuCz0N/EnBigRm9PRFUI6UyU6GgU3K3/7nobl7LBEDIeSzJBqdonNY+JJ14jdleI0LJxrujVVS0fW29aOHHrLDSivPKjKh0XDyyt/ntXG065/AR4NVA9ekD651ntZvhArfUjaALwJNYLiJSdP5JholSyHUN6Fo15FrDU5NcM9xX/mAqKMcbYXbENfFsW4o0IT6AUz/ZuLKSEB88DyBZXlAu0ZtyCrf+L0xYRJXJf+cGFy1w086gkOFcsi1Dh1NbPN98UHEsfExzNgoyv2lEKM84fa6xU1sDHFMK0OkpVQQi7IUps81XJ2yQ4GKWB3h2/8QvYlI6M2Ua3l7cs/wLiXwwvFBxYXkvBb6t46m1GIWYYSgsbYn89PW9nilu/sMpVkqB6YCPFFwubVPBS7hfj16urzqBBkT+lAuae8bcKTVpsyH1GaF/vkq95G9eLwqV27Vg8IZmjYE9qJq64ijzTmKWoGzJ5vQVZ0Fxvv9QkWQEqVyx+bMri0ib9ADO7A+tzDQjCegYuTV5YiU79Fke2NScgzgHjIt5iI/4tImHdDC2830Jjwa4BMNnnPloeoQZ5T3EB61AdwE0RZBvThPU/sA/RexjrnhGM7V6Joimfi81UDvFlbPQyjk0m0Kd/d2XJTibY1q1HeKvHdhI88ZF8PXoEqZwRe34E+bMAu2a//D2mWiPgKYD5FYvxkvM7yCxWzB6oQy3SlSBaxsofOs9igb45TGc7XXxYhd0C8hD9pKsAfKegRk2LlFCRfYE3oCByGcCXo1ett4m+Q6R4Trm7OYOguJ7WuIdlYQs11FLX1jvwMq4T6IPbVO/kSXbf+BcCFkQZln+Lpr5A06i7dJo9Od62vPbX/x4TnrdGIdMz64c2VeCyZJI3D7CwIKg+4ENy2eISwI+hGx6gD549XI=



==== 11/03/2026 15:12:25 - OSTATTUS-RESPONSE-TOKEN ======

eyJhbGciOiJIUzUxMiJ9.eyJzdWIiOiJJREFNMjkwNzIwMjIzMjEzMzIxIiwiYWdlbmN5X2NvZGUiOm51bGwsImNyZWF0ZWQiOjE3NzMyMjE5NDg0NzgsImFjY2Vzc19jb2RlIjoiZXlKaGJHY2lPaUpTVXpJMU5pSXNJblI1Y0NJNklrcFhWQ0o5LmV5SnpkV0lpT2lKSlJFRk5Namt3TnpJd01qSXpNakV6TXpJeElpd2labTVoYldVaU9pSkNTVk5YUVVwSlZDQk5UMDVFUVV3aUxDSjFjMlZ5YzNSaGRIVnpJam9pTVNJc0ltVnVkR2wwZVd4cGMzUWlPbHNpVEVsRFgwTlZVMVJQVFVWU1gxQlBVbFJCVENKZExDSnliMnhsY3lJNld5SkVUeUpkTENKcGMzTWlPaUpCVWxnaUxDSnRiMkpwYkdVaU9pSTVPRE13TlRBNE16STBJaXdpWVhWa0lqb2laR1ZtWVhWc2RDSXNJbXh1WVcxbElqb2lRa2xUVjBGS1NWUWdUVTlPUkVGTUlpd2lkWE5sY2xSNWNHVWlPaUl4SWl3aVpYaHdJam94Tnpjek1qVXdOelExTENKcFlYUWlPakUzTnpNeU1qRTVORFVzSW1wMGFTSTZJbU5qTmprMk1qVmhMVGhrTWpndE5EUTBNQzFoTkRKaUxUUmxPRFptWTJZNFl6WTBPQ0lzSW1WdWRHbDBlU0k2SWt4SlExOURWVk5VVDAxRlVsOVFUMUpVUVV3aUxDSmxiV0ZwYkNJNkltSnBjM2RoYW1sME9TNXRiMjVrWVd4QWJHbGphVzVrYVdFdVkyOXRJbjAuSjFkWmptcDJSWnQ2UVA0ZzEtRW52ZHRNVXB6NThraTV3MGlWLVVEMlNobnVZeElTRlhhZ2REOVZkN1RtSkRqd0lYcFQ0V2RUbEp1V2JBUXJSUWdZQTVlRk1tTlVvQ2ZpNF9IX0dRdlZfcXVXV1k4M0ZSZ05iOEVJTTBFTnRmN0gtN1RVOVR2dUxvZlhnTjVXMENONkZmakxMXzdMZUxPeEp4aE9WT3lSY2J6bjlxejRWamxaNnFXY0NqekpGV2w1VmZYRWRLWVBVa3Ria0lmRHBDZ3dKMFRPS2NKNjdQOWZZZDNPQ3pBRHVHQXJkV3FYUnFLQ2k5VW5aZWt2VWs2VVlZRHREWU5CbW5INHg3TWlEbjFkUDNHUE1nVG1rSWU3c2VOeUxadVlaUWxkXzF5MElsV3hhT3NaNnExcDhIT2h6V0ZQQXd3aXJNUjNwMHdES3FXU3lBIiwicm9sZXMiOlsiRE8iXSwiY2xpZW50SXAiOm51bGwsImVudGl0bGVtZW50IjpbXX0.dIN7LlUHqp9NcnOJZ6z4hFONbKpayJ0IxcK4XXj69GT7jYX05P9y_MoHAZ_e7Fl5GcF3Fkx0V4chKlowShYygg



==== 11/03/2026 15:12:25 - POST-URL ======

https://ebizapp01.licindia.in/BFFService/policy/policyInfo?_dc=1773222145940



==== 11/03/2026 15:12:27 - POST-URL ======

{"confirmationId":null,"status":"200","resultInfoList":null,"count":0,"policy":{"policyNumber":"703333371","planName":"LIC's New Jeevan Labh Plan","mode":"1","noOfDues":1,"premium":"999.00","commenceDate":"2025-03-28","nameOfAssured":"J . Renukadevi","agencyCode":"0090976F ","developmentOfficerCode":"87070","plan":"736","policyTerm":"25","firstUnpaidPremiumDate":"2026-02-28","cdCharge":"0","serviceBranch":"76F ","sumAssured":"200000","policyStatus":"21","dob":"1976-03-10","ageAtEntry":49,"planDetails":{"plan":736,"planType":null,"planDesc":null,"premiumDueDuration":6,"premiumDueDurationType":"M","payPremiumAdvance":30,"payPremiumAdvanceType":"D","gracePeriod":15,"gracePeriodType":"D","serviceTaxRateFirstYr":4.5,"serviceTaxRateNextYrs":2.25,"serviceTaxRateEduCess":0.0,"topUpAllowed":null,"multiplyTopupAmt":null,"topupLimitCriteria":null,"topupNoPayBefMaturity":null,"planCategory":"NORM","freeCoverCond":null,"freeCoverFUP":null,"campaignStartDate":"2026-01-01","campaignEndDate":"2026-03-02","percentageofwaiver":30.0,"maxLimitofwaiver":3000.0,"waiversAllowedNum":1,"lateFeeWaiverInd":"Y","discountPercentFirstYr":null,"discountPercentSecondYr":null,"discountPercentThirdYr":null,"discountPercentSubYr":null,"discountFromDate":null,"discountToDate":null,"maxLimitWaiverFstYr":null,"maxLimitWaiverScndYr":null,"maxLimitWaiverThirdYr":null,"maxLimitWaiverSubYr":null,"discountParameter":null,"graceprdExtFlag":null,"graceprdExtFrmDate":null,"graceprdExtToDate":null,"graceprdPrcntWaiver":null,"maxWaiverLimitgraceprd":null,"gstCdCharge":0.0,"gstLateFeeRateFirstYr":18.0,"gstLateFeeRateNextYrs":18.0,"dateOfLaunch":"2/1/2020","beforeLaunch":"N","centralGSTPercentage":50,"discountPeriod":null,"discountPeriodType":null},"eligible":false,"lateFeeRequired":false,"recordId":"S","premiumPayingTerm":16,"policyBenefits":"200000","dueAmount":"999.00","taxExemption":false,"age":"50","eserviceEligible":false,"policyUlip":false,"dateOfLastPayment":"2041-02-28","dateOfMaturity":"2050-03-28","statusShortDesc":"In Force","nav":"For NAV details please contact your Servicing Branch / Customer Zone","altChannelId":"0 ","riderPolicy":false,"minorChild":false,"accountingBookCode":8,"payedPolicy":false,"advancePayedPolicy":false,"lastAccountDate":"2026-02-06","noBonusYears":99,"bonusInfo":{"totalRevBonus":0,"totalInterimBonus":0,"totalFAB":0,"totalGuaranty":0,"totalLoyalty":0,"totalOneTimeBonus":0.00,"messageCode":null,"calulationSheetHTML":"<table width=100% ><tr class=grey-bg><td>Please Check Data As After Conversion Bonus Year Cannot Be Zero</td></tr></table>","calulationSheetText":"Please Check Data As After Conversion Bonus Year Cannot Be Zero  "},"isSpotRevivalAllowed":false,"discountApplicable":false,"advancePaymetEligible":false,"maturitySumAssured":0,"gstInNumber":"null","transactionAllowed":true,"dateOfShowMaturity":"2050-03-28","panFlag":true,"neftFlag":true,"itPan":"AN******8B","neftStatus":"Y","titleCode":"1","premiumGapFlag":false,"dghPolicyFlag":false,"policyExitStatus":false,"serviceRequestFlag":false,"nriGstFlag":false,"fyEndDate":"2026-03-31"},"person":{"policyNo":703333371,"birthDate":"1976-03-10","fullName":"J . Renukadevi","sex":"F","shortName":"Renukadevi J","age":"49","profileMobileNo":null,"profileEmail":null,"profileUnMaskMobileNo":null,"profileUnMaskEmail":null},"address":{"policyNo":703333371,"address1":"W/O N Murali","address2":"3/914, Extension No 1 Koneripatti","address3":"Rasipuram Po And Tk, Namakkal Dt","addressId":1,"pin":637408},"branch":{"branchCode":"76F ","address1":"LIC OF INDIA - 76F","address2":"NAMAKKAL ROAD","address3":"RASIPURAM","branchIp":"10.128.42.194","branchName":"LIC of India, Rasipuram Br Office","city":null,"dcCode":"X070","divCode":70,"eaiIndication":"Y","emailId":"BO_76F@LICINDIA.COM","man":null,"odsIndication":"N","pin":null,"state":"null"},"agent":{"agencyCode":"0090976F ","address1":"D/O.K.Jayaraman,Jai Ganesh Lorry","address2":"Service,T.P.Kadu,Moolapallipatty.Po","address3":"Rasipuram.Tk & Namakkal .Dt.","agentName":"J.Renukadevi","birthDate":"1976-03-10","category":2,"city":null,"disabilityCode":1,"enteredDate":"2026-03-11T01:26:24.000+00:00","itaxPanNo":"ANZPR4228B","occupationCode":12,"pin":637406,"qualificationCode":3,"sex":"F"},"nominees":[{"policyNo":703333371,"nomineeAge":50,"nomineeDob":null,"nomineeId":1,"nomineeName":"N MURALI","nomineeRegistrationDate":null,"nomineeRelation":"H","nomineeShare":100,"nomineeStatus":"B"}],"billingInfo":{"policyNumber":"703333371","nameOfAssured":"J . Renukadevi","planName":"LIC's New Jeevan Labh Plan","plan":736,"mode":"1","premium":999,"sumAssured":200000,"status":null,"firstUnpaidPremiumDate":"2026-02-28","nextFup":null,"dueAmount":"999.00","payedPolicy":false,"noOfDues":1,"eligible":false,"spotRevival":false},"policyContact":{"policyNo":703333371,"dataSource":"B","emailAddress":"priyahithesh@gmail.com                  ","enteredDate":"2026-03-04T20:00:10.445+00:00","mobileNo":"919865143555","countryCode":null,"telephoneNo":"null","panNo":null},"policyExtra":{"accumTerm":0},"policyAnnuity":null,"userRegistered":"N","assignmentDetails":[],"ulipExtra":{"giveCashAmount":0},"bonusErrorMessage":null,"qpayPolicy":{"policyNumber":"703333371","dob":"10/03/1976","emailId":"priyahithesh@gmail.com","mobileNo":"9865143555","premium":"999","key":"614271"}}



==== 11/03/2026 15:12:36 - GET-URL ======

https://mk-channel.licindia.in/Landing/



==== 13/03/2026 11:00:39 - OSTATTUS-RESPONSE-TOKEN ======

ieDT0EN5NIsiNIs3jbXf8PNjKaOGUKiTmgF+vU4Yud9VLlVCBIwt/aTOti/13oqVAQXx+qTtkAnkP7WP5ydvTtKxeOVS1C+v0WHPdHY+yyIOmhr2SYpwDPVgsDEHVgeH+plxh/XH4rxaWqHYdaXrEzjf2sA0w4vwR+tlUzYENLXcEjtowsO+zl2n+dTaSAwVKav6HVMpNsJj1vT1DlTXs0Im4meVUShg90GGlwTDfRVQwRVSjtIBPbVDs4yIEDXzLXqyB+H4zChYQXQZ1/2ZQgeUe2pDWqJPFHCjKCrWWkvy4ibaAdnvaVjl5fnak8rqAEASqmf8UJlKQBy6GKacYjK0EZemYUdHyLQ+M7ai1l1ZKZXnPGptghNWahlIQqeKNh75vUrONgSDdlxHA68TaKww64su/NWDkXJZi2nxNd4r+bKBhKBA8s2yBCfPFwK2FGn6kiPmR9JKdvS2PUCRO8lF2WSvPUjf8xfmOlglhdKalx9Ger3qZoVgkVK+4SyRqqBtgLP8b+cOOo2T2XKFrh497/XaA85//oThGERwtfH0jlvzvW5zu1P5q8WMcIzKhg0aRr4fR/7C9tLj0Skuvu2heF+DQqbyLXO3T4/Q+62N8qedjkzBRr7bE+zW/ngICR1T84yt1Nm6Yx0kHG86JDBd16rH1Uazkp0p2WO1C4fAZK8cIgy4hP9JL0SXKCgOnuvYA7WAw8p8aCznx/64dxSO8l8YnGyK5xovitHZkz+pviU27R9j2PUEyaz3Dc6MQbExW+tq8gOzgZDiaQjk/qHTGmyyFJ4BImD7weIyyKyDcaJWjzgjdWJYYwgosv5Kcr2fNfx+7j6KWuq87MA7h582PeFi+PETWutZk0Rs5jRPGYvL0uXZ0pLWhZYyOwk/qPeRkvcPI+etnzNlk5LuLBKqSN5hpK7tooBqsJJcNi5EcLCvOEbgSs6/zy13tNu1P4Yt7jU4YAUzHwKbm+iZfFYShAbIhhdepV7OeCSWSW3X1YGlQ6pErWGLy8JBPoKQ9aoUf6uSDKYA4vU0kEgr+d6FqinomLTVvwH0pdeVMW63aBns4Y4s+Crwwyq0s9dXIvVlOZNhtRHwz8GXF741koTbr8BMfj55dDLtHZvXCStQ/tanCAhvu+5DhfwNgS2ihFAzpl872j2O1uJbxG5jnZfagFg4qAaygEMTiOd/ipCHI9EpdmMMN+TN98fb9T2MMuvAfwHHZ7oKiAn89iaa1HFOvTCgY9+EQgqyQjdeThVHHI1R4543nXT9JbIKpMC2ZUnOHVn01Q2J1yalfMTJTP/cgPIKUQJi/xbQFPXmBWaj0HJ5zRW9MuZ/kHwVskvb4d5Ig5DZ/6kJW+LLhmg9dLVrosyOFtqa4USiYGYdgm1GrDfyIyDEHkcIAcmDHvo6dQbY8Dg/uetG8+CXxo0wxtmkM1co7mN+AlbUI6mksFG8vkkLXdMPGBwWiC7zrgq+0QZUZPAO//rtozLif5HxwboLfOVfJ6cPkcAZGJXQJ6FdrwxT6YS4MqpIvPy039rdKxNIu2+m+/MPP4+xBJ2lmKjpg4nqJERQlLMeeg77qer1z+bdS/WvGY9X13AdS1BjT1sbiTT6NjAJ9PcHf6agecDyWuxShVM3iNocoYoRSTm8AGCQJIkde7reWI+FF0gWCugJNbDug4uCktpOQVXeQYJC8Dyoca+fcIvaza8zVy6eXgKHPaykAaghZTiLCCQC/iVXGy7jik4JQEm/7rKxKTpUzZE0uy9WZRz8TzPVXRWI0uQn1ULO/JKksO4oy0gXQiqWrAgxJUDWjGKyH53I6awwkP8+h/MM4GG8l5b6AyCNyalb+p53e+9tPcV8Sme+Rtkegv2AFALwcVdlY1UX3tUOP1Ly5C+6ms1f019gpwAMUCrdnSeuOBJ/VMpdc9HBR6mL1bW+0O1p1y4SILc3Rs0CfgQ9vc6dhMxEnYujmAGdX03PsgHlSysaJDc5UmPw0x8=



==== 13/03/2026 11:00:39 - OSTATTUS-RESPONSE-TOKEN ======

eyJhbGciOiJIUzUxMiJ9.eyJzdWIiOiJJREFNMzEwNzIwMjIzMjI2ODA2IiwiYWdlbmN5X2NvZGUiOm51bGwsImNyZWF0ZWQiOjE3NzMzNzkzMzA4MDIsImFjY2Vzc19jb2RlIjoiZXlKaGJHY2lPaUpTVXpJMU5pSXNJblI1Y0NJNklrcFhWQ0o5LmV5SnpkV0lpT2lKSlJFRk5NekV3TnpJd01qSXpNakkyT0RBMklpd2labTVoYldVaU9pSkJUa2xPUkVFZ1UxVk9SRUZTSUUxQlNsVk5SRUZTSWl3aWRYTmxjbk4wWVhSMWN5STZJakVpTENKbGJuUnBkSGxzYVhOMElqcGJJa3hKUTE5RFZWTlVUMDFGVWw5UVQxSlVRVXdpWFN3aWNtOXNaWE1pT2xzaVJFOGlYU3dpYVhOeklqb2lRVkpZSWl3aWJXOWlhV3hsSWpvaU9UUTNOVEExTWpjek5DSXNJbUYxWkNJNkltUmxabUYxYkhRaUxDSnNibUZ0WlNJNklrRk9TVTVFUVNCVFZVNUVRVklnVFVGS1ZVMUVRVklpTENKMWMyVnlWSGx3WlNJNklqRWlMQ0psZUhBaU9qRTNOek0wTURneE1qUXNJbWxoZENJNk1UYzNNek0zT1RNeU5Dd2lhblJwSWpvaU4yRmpOelJqWTJRdE1HVTBaQzAwWVRVNExXRXhOemN0T1RNMk5HUTVOMlZqWTJabElpd2laVzUwYVhSNUlqb2lURWxEWDBOVlUxUlBUVVZTWDFCUFVsUkJUQ0lzSW1WdFlXbHNJam9pWVc1cGJtUjVZWE11YlVCc2FXTnBibVJwWVM1amIyMGlmUS5nTmJENGlsZUVnLUtiY1M4dnYzWEJkLUdBd2ZTeTJ0X29sN044S2hrWWtVbm9jQ1UyTFVLZlFpRW4wUTMybHYzY3pJay1YZmxsb011RGZ5MTRSSUFuSEQ3Rkt5OGpVMVQ1RVVFUTZ0am1NUTBfUURCeFktS3lyMTBhaU9HSU9xVFlURnZISEQ4S3BIYVh3UnJuaGhHczJrNXQ1TnAwWGNtRXJ3WFphV1MzV2NGMXJHeVhDeXZJd0FDQVNNZVVpaDZhRHFKRjFmNXlLNGRiZ0I2eVlFdE1IMDVEM1Q0YmdCSGx6Nms2TXBhN3h4RlFxZGxTdGFvX284S3IzVURDeXAtbzFwQVAyS3hyRUVIOWwwYjRrcnplaEZNUV90Q2psNkkzRllOeWpBY2xaeThqUXVaU3FNSWcwZkFWRWNkOGkzaTVrMlhsM0IzejhUZ0lSMUJaTDNObWciLCJyb2xlcyI6WyJETyJdLCJjbGllbnRJcCI6bnVsbCwiZW50aXRsZW1lbnQiOltdfQ.tkkhWEtTihoxTgvXweREjCp8KX8wuz3qMl-ZjFO2blbanY4jjzbz6JYUr4R-CzH6sAzKyu9trN7NydCYN93LuA



==== 13/03/2026 11:00:39 - POST-URL ======

https://ebizapp01.licindia.in/BFFService/policy/policyInfo?_dc=1773379839821



==== 13/03/2026 11:00:40 - POST-URL ======

{"confirmationId":null,"status":"200","resultInfoList":null,"count":0,"policy":{"policyNumber":"703332615","planName":"New Jeevan Anand","mode":"1","noOfDues":1,"premium":"1202.00","commenceDate":"2015-06-28","nameOfAssured":"K Kumaresan","agencyCode":"0090976F ","developmentOfficerCode":"315076","plan":"815","policyTerm":"18","firstUnpaidPremiumDate":"2026-03-28","cdCharge":"0","serviceBranch":"76E ","sumAssured":"200000","policyStatus":"21","dob":"1975-06-21","ageAtEntry":40,"planDetails":{"plan":815,"planType":null,"planDesc":null,"premiumDueDuration":6,"premiumDueDurationType":"M","payPremiumAdvance":30,"payPremiumAdvanceType":"D","gracePeriod":15,"gracePeriodType":"D","serviceTaxRateFirstYr":4.5,"serviceTaxRateNextYrs":2.25,"serviceTaxRateEduCess":0.0,"topUpAllowed":null,"multiplyTopupAmt":null,"topupLimitCriteria":null,"topupNoPayBefMaturity":null,"planCategory":"EN","freeCoverCond":null,"freeCoverFUP":null,"campaignStartDate":"2026-01-01","campaignEndDate":"2026-03-02","percentageofwaiver":30.0,"maxLimitofwaiver":3000.0,"waiversAllowedNum":1,"lateFeeWaiverInd":"Y","discountPercentFirstYr":null,"discountPercentSecondYr":null,"discountPercentThirdYr":null,"discountPercentSubYr":null,"discountFromDate":null,"discountToDate":null,"maxLimitWaiverFstYr":null,"maxLimitWaiverScndYr":null,"maxLimitWaiverThirdYr":null,"maxLimitWaiverSubYr":null,"discountParameter":null,"graceprdExtFlag":null,"graceprdExtFrmDate":null,"graceprdExtToDate":null,"graceprdPrcntWaiver":null,"maxWaiverLimitgraceprd":null,"gstCdCharge":0.0,"gstLateFeeRateFirstYr":18.0,"gstLateFeeRateNextYrs":18.0,"dateOfLaunch":"01/08/2014","beforeLaunch":"N","centralGSTPercentage":50,"discountPeriod":null,"discountPeriodType":null},"eligible":false,"lateFeeRequired":false,"recordId":"S","premiumPayingTerm":18,"policyBenefits":"200000","dueAmount":"1202.00","taxExemption":false,"age":"51","eserviceEligible":false,"policyUlip":false,"dateOfLastPayment":"2033-05-28","dateOfMaturity":"2033-06-28","statusShortDesc":"In Force","nav":"For NAV details please contact your Servicing Branch / Customer Zone","altChannelId":"0 ","riderPolicy":false,"minorChild":false,"accountingBookCode":8,"payedPolicy":false,"advancePayedPolicy":false,"lastAccountDate":"2026-03-11","noBonusYears":0,"bonusInfo":{"totalRevBonus":87400,"totalInterimBonus":0,"totalFAB":0,"totalGuaranty":0,"totalLoyalty":0,"totalOneTimeBonus":0.00,"messageCode":null,"calulationSheetHTML":"<table border=1><tr class=grey-bg><td>From</td><td>Upto</td><td>Year</td><td>Type</td><td>Factor</td><td>Rate</td><td>Bonus </td></tr><tr class=grey-bg><td>2015-06-28</td><td>2016-06-28</td><td>2016</td><td>V</td><td>1.0</td><td>50.00</td><td>9000.00</td></tr><tr class=grey-bg><td>2015-06-28</td><td>2016-06-28</td><td>2016</td><td>O</td><td>1.0</td><td>5.00</td><td>1000.00</td></tr><tr class=grey-bg><td>2016-06-28</td><td>2017-06-28</td><td>2017</td><td>V</td><td>1.0</td><td>45.00</td><td>9000.00</td></tr><tr class=grey-bg><td>2017-06-28</td><td>2018-06-28</td><td>2018</td><td>V</td><td>1.0</td><td>45.00</td><td>9000.00</td></tr><tr class=grey-bg><td>2018-06-28</td><td>2019-06-28</td><td>2019</td><td>V</td><td>1.0</td><td>45.00</td><td>9000.00</td></tr><tr class=grey-bg><td>2019-06-28</td><td>2020-06-28</td><td>2020</td><td>V</td><td>1.0</td><td>42.00</td><td>8400.00</td></tr><tr class=grey-bg><td>2020-06-28</td><td>2021-06-28</td><td>2021</td><td>V</td><td>1.0</td><td>42.00</td><td>8400.00</td></tr><tr class=grey-bg><td>2021-06-28</td><td>2022-06-28</td><td>2022</td><td>V</td><td>1.0</td><td>42.00</td><td>8400.00</td></tr><tr class=grey-bg><td>2022-06-28</td><td>2023-06-28</td><td>2023</td><td>V</td><td>1.0</td><td>42.00</td><td>8400.00</td></tr><tr class=grey-bg><td>2023-06-28</td><td>2024-06-28</td><td>2024</td><td>V</td><td>1.0</td><td>42.00</td><td>8400.00</td></tr><tr class=grey-bg><td>2024-06-28</td><td>2025-06-28</td><td>2025</td><td>V</td><td>1.0</td><td>42.00</td><td>8400.00</td></tr><tr class=grey-bg><td colspan=7>Total Rev Bonus : 87400.00   Total Interim Bonus : 0.00</td></tr></table> ","calulationSheetText":"From        Upto        Year Type Factor  Rate     Bonus \r\n2015-06-28  2016-06-28  2016  V     1.0   50.00    9000.00\r\n2015-06-28  2016-06-28  2016  O     1.0   5.00    1000.00\r\n2016-06-28  2017-06-28  2017  V     1.0   45.00    9000.00\r\n2017-06-28  2018-06-28  2018  V     1.0   45.00    9000.00\r\n2018-06-28  2019-06-28  2019  V     1.0   45.00    9000.00\r\n2019-06-28  2020-06-28  2020  V     1.0   42.00    8400.00\r\n2020-06-28  2021-06-28  2021  V     1.0   42.00    8400.00\r\n2021-06-28  2022-06-28  2022  V     1.0   42.00    8400.00\r\n2022-06-28  2023-06-28  2023  V     1.0   42.00    8400.00\r\n2023-06-28  2024-06-28  2024  V     1.0   42.00    8400.00\r\n2024-06-28  2025-06-28  2025  V     1.0   42.00    8400.00\r\n   Total Rev Bonus : 87400.00   Total Interim Bonus : 0.00\r\n "},"isSpotRevivalAllowed":false,"discountApplicable":false,"advancePaymetEligible":false,"maturitySumAssured":0,"gstInNumber":"null","transactionAllowed":true,"dateOfShowMaturity":"2033-06-28","panFlag":false,"neftFlag":true,"itPan":"","neftStatus":"Y","titleCode":"1","premiumGapFlag":false,"dghPolicyFlag":false,"policyExitStatus":false,"serviceRequestFlag":false,"nriGstFlag":false,"fyEndDate":"2026-03-31"},"person":{"policyNo":703332615,"birthDate":"1975-06-21","fullName":"K Kumaresan","sex":"M","shortName":"Kumaresan K","age":"40","profileMobileNo":null,"profileEmail":null,"profileUnMaskMobileNo":null,"profileUnMaskEmail":null},"address":{"policyNo":703332615,"address1":"Goundampalayathar Thottam,","address2":"Thottiyapatti.Via,","address3":"C.S.Puram.Po, Rasipuram.Tk,","addressId":1,"pin":637401},"branch":{"branchCode":"76E ","address1":"LIC OF INDIA-76E","address2":"NEAR TANSI RDO OFFICE","address3":"EAST MAIN ROAD,METTUR DAM","branchIp":"10.128.42.194","branchName":"LIC of India, Mettur Dam B O,","city":null,"dcCode":"X070","divCode":70,"eaiIndication":"Y","emailId":"BO_76E@LICINDIA.COM","man":null,"odsIndication":"N","pin":null,"state":"null"},"agent":{"agencyCode":"0090976F ","address1":"D/O.K.Jayaraman,Jai Ganesh Lorry","address2":"Service,T.P.Kadu,Moolapallipatty.Po","address3":"Rasipuram.Tk & Namakkal .Dt.","agentName":"J.Renukadevi","birthDate":"1976-03-10","category":2,"city":null,"disabilityCode":1,"enteredDate":"2026-03-13T01:18:28.000+00:00","itaxPanNo":"ANZPR4228B","occupationCode":12,"pin":637406,"qualificationCode":3,"sex":"F"},"nominees":[{"policyNo":703332615,"nomineeAge":35,"nomineeDob":null,"nomineeId":1,"nomineeName":"K  HEMALATHA","nomineeRegistrationDate":null,"nomineeRelation":"W","nomineeShare":100,"nomineeStatus":"B"}],"billingInfo":{"policyNumber":"703332615","nameOfAssured":"K Kumaresan","planName":"New Jeevan Anand","plan":815,"mode":"1","premium":1202,"sumAssured":200000,"status":null,"firstUnpaidPremiumDate":"2026-03-28","nextFup":null,"dueAmount":"1202.00","payedPolicy":false,"noOfDues":1,"eligible":false,"spotRevival":false},"policyContact":{"policyNo":703332615,"dataSource":"B","emailAddress":"null","enteredDate":"2026-03-12T20:00:11.610+00:00","mobileNo":"918608602549","countryCode":null,"telephoneNo":"null","panNo":null},"policyExtra":{"accumTerm":0},"policyAnnuity":null,"userRegistered":"N","assignmentDetails":[],"ulipExtra":{"giveCashAmount":null},"bonusErrorMessage":null,"qpayPolicy":{"policyNumber":"703332615","dob":"21/06/1975","emailId":null,"mobileNo":"8608602549","premium":"1202","key":"902591"}}



==== 13/03/2026 11:00:49 - GET-URL ======

https://mk-channel.licindia.in/Landing/



==== 13/03/2026 11:46:45 - Skipped 1 policy at offset 100 ======





==== 13/03/2026 11:46:50 - Skipped 1 policy at offset 101 ======





==== 13/03/2026 11:46:55 - Skipped 1 policy at offset 103 ======





==== 13/03/2026 11:47:00 - Skipped 1 policy at offset 104 ======





==== 13/03/2026 11:47:05 - Skipped 1 policy at offset 106 ======





==== 13/03/2026 11:47:10 - Skipped 1 policy at offset 107 ======





==== 13/03/2026 11:47:15 - Skipped 1 policy at offset 109 ======





==== 13/03/2026 11:47:20 - Skipped 1 policy at offset 110 ======





==== 13/03/2026 11:47:25 - Skipped 1 policy at offset 112 ======





==== 13/03/2026 11:47:30 - Skipped 1 policy at offset 113 ======





==== 13/03/2026 11:47:35 - Skipped 1 policy at offset 115 ======





==== 13/03/2026 11:47:40 - Skipped 1 policy at offset 116 ======





==== 13/03/2026 11:47:45 - Skipped 1 policy at offset 118 ======





==== 13/03/2026 11:47:50 - Skipped 1 policy at offset 119 ======





==== 13/03/2026 11:47:56 - Skipped 1 policy at offset 121 ======





==== 13/03/2026 11:48:01 - Skipped 1 policy at offset 122 ======





==== 13/03/2026 11:48:06 - Skipped 1 policy at offset 125 ======





==== 13/03/2026 11:48:11 - Skipped 1 policy at offset 126 ======





==== 13/03/2026 11:48:16 - Skipped 1 policy at offset 128 ======





==== 13/03/2026 11:48:21 - Skipped 1 policy at offset 129 ======





==== 13/03/2026 11:48:26 - Skipped 1 policy at offset 131 ======





==== 13/03/2026 11:48:31 - Skipped 1 policy at offset 132 ======





==== 13/03/2026 11:48:36 - Skipped 1 policy at offset 134 ======





==== 13/03/2026 11:48:41 - Skipped 1 policy at offset 135 ======





==== 13/03/2026 11:48:46 - Skipped 1 policy at offset 137 ======





==== 13/03/2026 11:48:51 - Skipped 1 policy at offset 138 ======





==== 13/03/2026 11:48:56 - Skipped 1 policy at offset 140 ======





==== 13/03/2026 11:49:01 - Skipped 1 policy at offset 141 ======





==== 13/03/2026 11:49:06 - Skipped 1 policy at offset 143 ======





==== 13/03/2026 11:49:11 - Skipped 1 policy at offset 144 ======





==== 13/03/2026 11:49:16 - Skipped 1 policy at offset 146 ======





==== 13/03/2026 11:49:21 - Skipped 1 policy at offset 147 ======





==== 13/03/2026 11:49:26 - Skipped 1 policy at offset 150 ======





==== 13/03/2026 11:49:31 - Skipped 1 policy at offset 151 ======





==== 13/03/2026 11:49:36 - Skipped 1 policy at offset 153 ======





==== 13/03/2026 11:49:41 - Skipped 1 policy at offset 154 ======





==== 13/03/2026 11:49:47 - Skipped 1 policy at offset 156 ======





==== 13/03/2026 11:49:52 - Skipped 1 policy at offset 157 ======





==== 13/03/2026 11:49:57 - Skipped 1 policy at offset 159 ======





==== 13/03/2026 11:50:02 - Skipped 1 policy at offset 160 ======





==== 13/03/2026 11:50:07 - Skipped 1 policy at offset 162 ======





==== 13/03/2026 11:50:12 - Skipped 1 policy at offset 163 ======





==== 13/03/2026 11:50:17 - Skipped 1 policy at offset 165 ======





==== 13/03/2026 11:50:22 - Skipped 1 policy at offset 166 ======





==== 13/03/2026 11:50:27 - Skipped 1 policy at offset 168 ======





==== 13/03/2026 11:50:32 - Skipped 1 policy at offset 169 ======





==== 13/03/2026 11:50:37 - Skipped 1 policy at offset 171 ======





==== 13/03/2026 11:50:42 - Skipped 1 policy at offset 172 ======





==== 13/03/2026 11:50:47 - Skipped 1 policy at offset 175 ======





==== 13/03/2026 11:50:52 - Skipped 1 policy at offset 176 ======





==== 13/03/2026 11:50:57 - Skipped 1 policy at offset 178 ======





==== 13/03/2026 11:51:02 - Skipped 1 policy at offset 179 ======





==== 13/03/2026 11:51:07 - Skipped 1 policy at offset 181 ======





==== 13/03/2026 11:51:12 - Skipped 1 policy at offset 182 ======





==== 13/03/2026 11:51:17 - Skipped 1 policy at offset 184 ======





==== 13/03/2026 11:51:22 - Skipped 1 policy at offset 185 ======





==== 13/03/2026 11:51:27 - Skipped 1 policy at offset 187 ======





==== 13/03/2026 11:51:33 - Skipped 1 policy at offset 188 ======





==== 13/03/2026 11:51:38 - Skipped 1 policy at offset 190 ======





==== 13/03/2026 11:51:43 - Skipped 1 policy at offset 191 ======





==== 13/03/2026 11:51:48 - Skipped 1 policy at offset 193 ======





==== 13/03/2026 11:51:53 - Skipped 1 policy at offset 194 ======





==== 13/03/2026 11:51:58 - Skipped 1 policy at offset 196 ======





==== 13/03/2026 11:52:03 - Skipped 1 policy at offset 197 ======





==== 13/03/2026 12:29:46 - S3 Cloud Backup Upload Error (2) ======

Connection failure   at Xamarin.Android.Net.AndroidMessageHandler.<>c__DisplayClass137_0.<ConnectAsync>b__0()
   at System.Threading.Tasks.Task.InnerInvoke()
   at System.Threading.Tasks.Task.<>c.<.cctor>b__292_0(Object obj)
   at System.Threading.ExecutionContext.RunFromThreadPoolDispatchLoop(Thread , ExecutionContext , ContextCallback , Object )
--- End of stack trace from previous location ---
   at System.Threading.ExecutionContext.RunFromThreadPoolDispatchLoop(Thread , ExecutionContext , ContextCallback , Object )
   at System.Threading.Tasks.Task.ExecuteWithThreadLocal(Task& , Thread )
--- End of stack trace from previous location ---
   at Xamarin.Android.Net.AndroidMessageHandler.DoProcessRequest(HttpRequestMessage , URL , HttpURLConnection , CancellationToken , RequestRedirectionState )
   at Xamarin.Android.Net.AndroidMessageHandler.DoSendAsync(HttpRequestMessage , CancellationToken )
   at System.Net.Http.HttpClient.<SendAsync>g__Core|83_0(HttpRequestMessage , HttpCompletionOption , CancellationTokenSource , Boolean , CancellationTokenSource , CancellationToken )
   at Amazon.Runtime.HttpWebRequestMessage.GetResponseAsync(CancellationToken cancellationToken)
   at Amazon.Runtime.Internal.HttpHandler`1.<InvokeAsync>d__9`1[[System.Net.Http.HttpContent, System.Net.Http, Version=9.0.0.0, Culture=neutral, PublicKeyToken=b03f5f7f11d50a3a],[Amazon.S3.Model.PutObjectResponse, AWSSDK.S3, Version=3.3.0.0, Culture=neutral, PublicKeyToken=885c28607f98e604]].MoveNext()
   at Amazon.Runtime.Internal.RedirectHandler.<InvokeAsync>d__1`1[[Amazon.S3.Model.PutObjectResponse, AWSSDK.S3, Version=3.3.0.0, Culture=neutral, PublicKeyToken=885c28607f98e604]].MoveNext()
   at Amazon.Runtime.Internal.Unmarshaller.<InvokeAsync>d__3`1[[Amazon.S3.Model.PutObjectResponse, AWSSDK.S3, Version=3.3.0.0, Culture=neutral, PublicKeyToken=885c28607f98e604]].MoveNext()
   at Amazon.S3.Internal.AmazonS3ResponseHandler.<InvokeAsync>d__1`1[[Amazon.S3.Model.PutObjectResponse, AWSSDK.S3, Version=3.3.0.0, Culture=neutral, PublicKeyToken=885c28607f98e604]].MoveNext()
   at Amazon.Runtime.Internal.ErrorHandler.<InvokeAsync>d__5`1[[Amazon.S3.Model.PutObjectResponse, AWSSDK.S3, Version=3.3.0.0, Culture=neutral, PublicKeyToken=885c28607f98e604]].MoveNext()
   at Amazon.Runtime.Internal.ErrorHandler.<InvokeAsync>d__5`1[[Amazon.S3.Model.PutObjectResponse, AWSSDK.S3, Version=3.3.0.0, Culture=neutral, PublicKeyToken=885c28607f98e604]].MoveNext()
   at Amazon.Runtime.Internal.CallbackHandler.<InvokeAsync>d__9`1[[Amazon.S3.Model.PutObjectResponse, AWSSDK.S3, Version=3.3.0.0, Culture=neutral, PublicKeyToken=885c28607f98e604]].MoveNext()
   at Amazon.Runtime.Internal.Signer.<InvokeAsync>d__1`1[[Amazon.S3.Model.PutObjectResponse, AWSSDK.S3, Version=3.3.0.0, Culture=neutral, PublicKeyToken=885c28607f98e604]].MoveNext()
   at Amazon.S3.Internal.S3Express.S3ExpressPreSigner.<InvokeAsync>d__5`1[[Amazon.S3.Model.PutObjectResponse, AWSSDK.S3, Version=3.3.0.0, Culture=neutral, PublicKeyToken=885c28607f98e604]].MoveNext()
   at Amazon.Runtime.Internal.EndpointDiscoveryHandler.<InvokeAsync>d__2`1[[Amazon.S3.Model.PutObjectResponse, AWSSDK.S3, Version=3.3.0.0, Culture=neutral, PublicKeyToken=885c28607f98e604]].MoveNext()
   at Amazon.Runtime.Internal.EndpointDiscoveryHandler.<InvokeAsync>d__2`1[[Amazon.S3.Model.PutObjectResponse, AWSSDK.S3, Version=3.3.0.0, Culture=neutral, PublicKeyToken=885c28607f98e604]].MoveNext()
   at Amazon.Runtime.Internal.CredentialsRetriever.<InvokeAsync>d__7`1[[Amazon.S3.Model.PutObjectResponse, AWSSDK.S3, Version=3.3.0.0, Culture=neutral, PublicKeyToken=885c28607f98e604]].MoveNext()
   at Amazon.Runtime.Internal.RetryHandler.<InvokeAsync>d__10`1[[Amazon.S3.Model.PutObjectResponse, AWSSDK.S3, Version=3.3.0.0, Culture=neutral, PublicKeyToken=885c28607f98e604]].MoveNext()
   at Amazon.Runtime.Internal.RetryHandler.<InvokeAsync>d__10`1[[Amazon.S3.Model.PutObjectResponse, AWSSDK.S3, Version=3.3.0.0, Culture=neutral, PublicKeyToken=885c28607f98e604]].MoveNext()
   at Amazon.Runtime.Internal.CallbackHandler.<InvokeAsync>d__9`1[[Amazon.S3.Model.PutObjectResponse, AWSSDK.S3, Version=3.3.0.0, Culture=neutral, PublicKeyToken=885c28607f98e604]].MoveNext()
   at Amazon.Runtime.Internal.CallbackHandler.<InvokeAsync>d__9`1[[Amazon.S3.Model.PutObjectResponse, AWSSDK.S3, Version=3.3.0.0, Culture=neutral, PublicKeyToken=885c28607f98e604]].MoveNext()
   at Amazon.S3.Internal.AmazonS3ExceptionHandler.<InvokeAsync>d__1`1[[Amazon.S3.Model.PutObjectResponse, AWSSDK.S3, Version=3.3.0.0, Culture=neutral, PublicKeyToken=885c28607f98e604]].MoveNext()
   at Amazon.Runtime.Internal.ErrorCallbackHandler.<InvokeAsync>d__5`1[[Amazon.S3.Model.PutObjectResponse, AWSSDK.S3, Version=3.3.0.0, Culture=neutral, PublicKeyToken=885c28607f98e604]].MoveNext()
   at Amazon.Runtime.Internal.MetricsHandler.<InvokeAsync>d__1`1[[Amazon.S3.Model.PutObjectResponse, AWSSDK.S3, Version=3.3.0.0, Culture=neutral, PublicKeyToken=885c28607f98e604]].MoveNext()
   at bma.BackupClass.takeCloudBackup(Context c, Boolean auto, String _mobile)



==== 16/03/2026 11:00:39 - S3 Cloud Backup Upload Error (2) ======

Connection failure   at Xamarin.Android.Net.AndroidMessageHandler.<>c__DisplayClass137_0.<ConnectAsync>b__0()
   at System.Threading.Tasks.Task.InnerInvoke()
   at System.Threading.Tasks.Task.<>c.<.cctor>b__292_0(Object obj)
   at System.Threading.ExecutionContext.RunFromThreadPoolDispatchLoop(Thread , ExecutionContext , ContextCallback , Object )
--- End of stack trace from previous location ---
   at System.Threading.ExecutionContext.RunFromThreadPoolDispatchLoop(Thread , ExecutionContext , ContextCallback , Object )
   at System.Threading.Tasks.Task.ExecuteWithThreadLocal(Task& , Thread )
--- End of stack trace from previous location ---
   at Xamarin.Android.Net.AndroidMessageHandler.DoProcessRequest(HttpRequestMessage , URL , HttpURLConnection , CancellationToken , RequestRedirectionState )
   at Xamarin.Android.Net.AndroidMessageHandler.DoSendAsync(HttpRequestMessage , CancellationToken )
   at System.Net.Http.HttpClient.<SendAsync>g__Core|83_0(HttpRequestMessage , HttpCompletionOption , CancellationTokenSource , Boolean , CancellationTokenSource , CancellationToken )
   at Amazon.Runtime.HttpWebRequestMessage.GetResponseAsync(CancellationToken cancellationToken)
   at Amazon.Runtime.Internal.HttpHandler`1.<InvokeAsync>d__9`1[[System.Net.Http.HttpContent, System.Net.Http, Version=9.0.0.0, Culture=neutral, PublicKeyToken=b03f5f7f11d50a3a],[Amazon.S3.Model.PutObjectResponse, AWSSDK.S3, Version=3.3.0.0, Culture=neutral, PublicKeyToken=885c28607f98e604]].MoveNext()
   at Amazon.Runtime.Internal.RedirectHandler.<InvokeAsync>d__1`1[[Amazon.S3.Model.PutObjectResponse, AWSSDK.S3, Version=3.3.0.0, Culture=neutral, PublicKeyToken=885c28607f98e604]].MoveNext()
   at Amazon.Runtime.Internal.Unmarshaller.<InvokeAsync>d__3`1[[Amazon.S3.Model.PutObjectResponse, AWSSDK.S3, Version=3.3.0.0, Culture=neutral, PublicKeyToken=885c28607f98e604]].MoveNext()
   at Amazon.S3.Internal.AmazonS3ResponseHandler.<InvokeAsync>d__1`1[[Amazon.S3.Model.PutObjectResponse, AWSSDK.S3, Version=3.3.0.0, Culture=neutral, PublicKeyToken=885c28607f98e604]].MoveNext()
   at Amazon.Runtime.Internal.ErrorHandler.<InvokeAsync>d__5`1[[Amazon.S3.Model.PutObjectResponse, AWSSDK.S3, Version=3.3.0.0, Culture=neutral, PublicKeyToken=885c28607f98e604]].MoveNext()
   at Amazon.Runtime.Internal.ErrorHandler.<InvokeAsync>d__5`1[[Amazon.S3.Model.PutObjectResponse, AWSSDK.S3, Version=3.3.0.0, Culture=neutral, PublicKeyToken=885c28607f98e604]].MoveNext()
   at Amazon.Runtime.Internal.CallbackHandler.<InvokeAsync>d__9`1[[Amazon.S3.Model.PutObjectResponse, AWSSDK.S3, Version=3.3.0.0, Culture=neutral, PublicKeyToken=885c28607f98e604]].MoveNext()
   at Amazon.Runtime.Internal.Signer.<InvokeAsync>d__1`1[[Amazon.S3.Model.PutObjectResponse, AWSSDK.S3, Version=3.3.0.0, Culture=neutral, PublicKeyToken=885c28607f98e604]].MoveNext()
   at Amazon.S3.Internal.S3Express.S3ExpressPreSigner.<InvokeAsync>d__5`1[[Amazon.S3.Model.PutObjectResponse, AWSSDK.S3, Version=3.3.0.0, Culture=neutral, PublicKeyToken=885c28607f98e604]].MoveNext()
   at Amazon.Runtime.Internal.EndpointDiscoveryHandler.<InvokeAsync>d__2`1[[Amazon.S3.Model.PutObjectResponse, AWSSDK.S3, Version=3.3.0.0, Culture=neutral, PublicKeyToken=885c28607f98e604]].MoveNext()
   at Amazon.Runtime.Internal.EndpointDiscoveryHandler.<InvokeAsync>d__2`1[[Amazon.S3.Model.PutObjectResponse, AWSSDK.S3, Version=3.3.0.0, Culture=neutral, PublicKeyToken=885c28607f98e604]].MoveNext()
   at Amazon.Runtime.Internal.CredentialsRetriever.<InvokeAsync>d__7`1[[Amazon.S3.Model.PutObjectResponse, AWSSDK.S3, Version=3.3.0.0, Culture=neutral, PublicKeyToken=885c28607f98e604]].MoveNext()
   at Amazon.Runtime.Internal.RetryHandler.<InvokeAsync>d__10`1[[Amazon.S3.Model.PutObjectResponse, AWSSDK.S3, Version=3.3.0.0, Culture=neutral, PublicKeyToken=885c28607f98e604]].MoveNext()
   at Amazon.Runtime.Internal.RetryHandler.<InvokeAsync>d__10`1[[Amazon.S3.Model.PutObjectResponse, AWSSDK.S3, Version=3.3.0.0, Culture=neutral, PublicKeyToken=885c28607f98e604]].MoveNext()
   at Amazon.Runtime.Internal.CallbackHandler.<InvokeAsync>d__9`1[[Amazon.S3.Model.PutObjectResponse, AWSSDK.S3, Version=3.3.0.0, Culture=neutral, PublicKeyToken=885c28607f98e604]].MoveNext()
   at Amazon.Runtime.Internal.CallbackHandler.<InvokeAsync>d__9`1[[Amazon.S3.Model.PutObjectResponse, AWSSDK.S3, Version=3.3.0.0, Culture=neutral, PublicKeyToken=885c28607f98e604]].MoveNext()
   at Amazon.S3.Internal.AmazonS3ExceptionHandler.<InvokeAsync>d__1`1[[Amazon.S3.Model.PutObjectResponse, AWSSDK.S3, Version=3.3.0.0, Culture=neutral, PublicKeyToken=885c28607f98e604]].MoveNext()
   at Amazon.Runtime.Internal.ErrorCallbackHandler.<InvokeAsync>d__5`1[[Amazon.S3.Model.PutObjectResponse, AWSSDK.S3, Version=3.3.0.0, Culture=neutral, PublicKeyToken=885c28607f98e604]].MoveNext()
   at Amazon.Runtime.Internal.MetricsHandler.<InvokeAsync>d__1`1[[Amazon.S3.Model.PutObjectResponse, AWSSDK.S3, Version=3.3.0.0, Culture=neutral, PublicKeyToken=885c28607f98e604]].MoveNext()
   at bma.BackupClass.takeCloudBackup(Context c, Boolean auto, String _mobile)



==== 17/03/2026 08:41:31 - OSTATTUS-RESPONSE-TOKEN ======

ti3dtXtUVUVDFhlIN3K5u0rwkdSAFfdo+/o9n98jx6G/RfDF7+8lG5lmghlJ2vuC+7wLS1HVoc9QXi8C2PkGSN2cGD9UYv+UAfVP+4bnyLf34VwKPXXa2TPBlFzVdvF+XbJv7ESZBLHDJvWt6ZS5PzrU49SybVXxwf0w/zmf8m+L14xi9+TxouevztVv3Wnd7ayLT06AlTOmH5N/dRfL6G6TzwKCuaLTdYnt7IUGtcc8AC7f7pPGIe+5UlREbJ3BPP0wMFN5oChit+H5lAO9HZ3IGMNoEBEFj+PPcSx+FZESXELmfNT++lKAHn6UjZfDyVjBUQ3D3WDKxSVnfCTnRirZk8EgT/FNT8/jTcs7vYEo+cYT2/HQhH5cFyhlkv1JvNNWChdjMggpMa4k2vF4Qq+YDMoZ8dN7uKv9eRQg+I2+Kt4AMS03bvQsxjMzlLA2BDa2X+5PJ0sZWVdnYWPcHz1QyWOaPyKSplqDHpHrD7CmaNR3WAo57N7wWAfk8069bHTQBqIuXWUwzrzdLyH4bwr/R1/dWWu8OhY9u6CL4rdpQTpfxBoJ5H8Nzirk2cJPg2SQQukGcFsfCUvJk0fuAhXhf3ZTiSiJ/+kxLaYE7HtGDJKl5EcXMAsNANI3U4DBjWF5UVSvwlWhhFxruXDDIFHBVU4Ozt11Vb9bNhP7di1/Zw8mfn/jHT/FvcD2Z8+R3WoAplucsSGKtvEx07OlWAb6G9oCuKHoJZ6IBleHKGsONblHCd87/o0mBg16Hyj0qLbuNr/PedM8C24saCVmDE5ILq6Yadj/MGvaeBUF9KxcOTf2gp7Ov2tj5cYZGdOwuVcXKIUNWuz1Rq5qiJdvozG59l08OCyg9eX3iNjawrg0E6wAsSUFLC1oLyU2jUJOIfMKhHkXvdYz6SO8wEge+dhbD/umHb4pi0Fyzswg31NH+CC+J9Zs45cgetcyKDVocpyCFM4UO7Xnf7vrEH0OQAxGpc3KRisz9GgG6sw8hGU7le5yK7gqt/j8UXtIQSztepeeOoV2EAZnyrllQA1afcXI2KMdsRHwdLHqYGYazhXKT9c/441X6mVpfFyze8Q621kWyfzh4m8EMT5jqHJvgNwlwefL4kwYVxcQgV98BPGh6W45NOGUygVPtR+Njck7VqkWefyLCU1PwdyrNF5fUcem1OVYEFaOEkAQVkEnID4Qqz2j9MTX/LFinu7+boCGNF5gMoecDW3ehmLXwsZNrXPQhG+HxyuzsPfG3FdwngaI29YRHS1tBr+tvhgAMdqvIOIpV9ygtdMSzjoQhZre+ZjaTKeqsrhhZqeES4pHCVc5pOOAT4IQJoqzNlpaSTfd3XErL6WN3O1QWuZ9VM3m8MSehXjHLDhysE5sMbsxTCOuLD5DeCPzBz4yz1URDWGu+vywPGlV1G/rpCE9zJ6iDxG9B6BDv9itWphHdFoAjk1gCmvHQVYTWqA1Aft3KuVSpSiHbDIisAFkkIt7wBdt13cFGb0RP88RryyjI2AUAI8taF0nb8wSiuabhSUc8JEQyPzGnzGgkyfqoxFB7Z8rzluXCfuYucy2lf1WVs/rmsEI82cXiSELdA73ULppbOXK0cdpC0Ei8P5D5W/uUXnvbprCe/nwkorsc7wLXHd4s9HETYCcysviWZia3Sfre2bGq23YqeFKV95/EK0Bph9rFsdJQI9zotFFY0gop3mVjkGhz9oP+aMc06CmPTd7jb7twXixsIAhvcd3M4OaMZszGh0Kydkx9r9p+jndNvSBwRjR6HhmTHsJehhC4KL4sVxdyEKZSJ4Ql3N3U2pRM0BfPcpsZ5HvfkND1q0tgyxs6+N8yxppPHdMRT74tAbniynNUCa2fDKzZUrYhz7tf9OFyAgNC2XO3Aus80bs2CqAqoRA6rInGUyAzL4Qjq5qDg7sxAItim4eGgPjPRb5qhcg7EOZi+UcMuBbTZQcXN1zqX71dt04Z+drohuIEcsmbIIJXH/cM99RWPxpIS3e1vOo



==== 17/03/2026 08:41:31 - OSTATTUS-RESPONSE-TOKEN ======

eyJhbGciOiJIUzUxMiJ9.eyJzdWIiOiJJREFNMjYwNzIwMjIzMTgwNDkxIiwiYWdlbmN5X2NvZGUiOm51bGwsImNyZWF0ZWQiOjE3NzM3MTY4NzQ1NDgsImFjY2Vzc19jb2RlIjoiZXlKaGJHY2lPaUpTVXpJMU5pSXNJblI1Y0NJNklrcFhWQ0o5LmV5SnpkV0lpT2lKSlJFRk5Nall3TnpJd01qSXpNVGd3TkRreElpd2labTVoYldVaU9pSlNRVW9nUzBsVFNFOVNJRXRJUVU1RVJVeFhRVXdpTENKMWMyVnljM1JoZEhWeklqb2lNU0lzSW1WdWRHbDBlV3hwYzNRaU9sc2lURWxEWDBOVlUxUlBUVVZTWDFCUFVsUkJUQ0pkTENKeWIyeGxjeUk2V3lKRVR5SmRMQ0pwYzNNaU9pSkJVbGdpTENKdGIySnBiR1VpT2lJNU9ETTFNelV4TmpBeElpd2lZWFZrSWpvaVpHVm1ZWFZzZENJc0lteHVZVzFsSWpvaVVrRktJRXRKVTBoUFVpQkxTRUZPUkVWTVYwRk1JaXdpZFhObGNsUjVjR1VpT2lJeElpd2laWGh3SWpveE56Y3pOelExTXprMkxDSnBZWFFpT2pFM056TTNNVFkxT1RZc0ltcDBhU0k2SWpGaVpETTJZbU13TFRNME9EVXROREUwTkMxaVpqa3pMV1ZoT0RJek5XTmxOemhqTWlJc0ltVnVkR2wwZVNJNklreEpRMTlEVlZOVVQwMUZVbDlRVDFKVVFVd2lMQ0psYldGcGJDSTZJbkpoYW10cGMyaHZjaTVyYUdGdVpHVnNkMkZzUUd4cFkybHVaR2xoTG1OdmJTSjkuZk5nTjJ0WVlSUTN1S2JzX1dfSzZFVkE4dFYta3hKcEQ0djBRMkVPN2dkWmp1OUZHQXhXRlZzVlpJV2J6TmF2RGItMVBSZ2lNd202M1ZKbDZlRzhLMjM2dGFiZGRKRGVtSGtwa1pNY285d2FUM2xNd0NMVmZRMUJ2UnVZeTdTR2M4MGdISEc1cTFtZVlibWVSWjdHcF91bXZ6aDg5aHN4YzRieUtFV3dpN1FIdUw0UEpiY1M2ZFZIRDkzVzhoLVlmWk1OSWdnOEg5dlQ1RlRvWkNKbWZtUVJWbW9aRnIzWTV2QWxDcW80b040N2lIejY1RGpEa2V5aU9mU3I1NUdRR2RaSEpMSGhCOUhqb2tBdFEtRndHVUJ3RV9EY0VKTzJyWlJ2MzduQi1kM19VY1Z2YlhjWVNEdHZocnl5cHg2eFhlVWJrTEMwVzV0Rkh2dXIydGRRaU93Iiwicm9sZXMiOlsiRE8iXSwiY2xpZW50SXAiOm51bGwsImVudGl0bGVtZW50IjpbXX0.rVeXhHHirEMap83a7hXRVTk6sANntVNxBCILyI2Y9jZClfFeK18PLlBe2rnD2ZyMJq6GtrKPNpcZ75RBjRBU2Q



==== 17/03/2026 08:41:31 - POST-URL ======

https://ebizapp01.licindia.in/BFFService/policy/policyInfo?_dc=1773717091496



==== 17/03/2026 08:41:32 - POST-URL ======

{"confirmationId":null,"status":"200","resultInfoList":null,"count":0,"policy":{"policyNumber":"327422110","planName":"LIC's New Jeevan Labh Plan","mode":"1","noOfDues":1,"premium":"865.00","commenceDate":"2025-03-14","nameOfAssured":"B . Kowshika","agencyCode":"0090976F ","developmentOfficerCode":"87070","plan":"736","policyTerm":"25","firstUnpaidPremiumDate":"2026-04-14","cdCharge":"0","serviceBranch":"76F ","sumAssured":"200000","policyStatus":"21","dob":"2003-02-15","ageAtEntry":22,"planDetails":{"plan":736,"planType":null,"planDesc":null,"premiumDueDuration":6,"premiumDueDurationType":"M","payPremiumAdvance":30,"payPremiumAdvanceType":"D","gracePeriod":15,"gracePeriodType":"D","serviceTaxRateFirstYr":4.5,"serviceTaxRateNextYrs":2.25,"serviceTaxRateEduCess":0.0,"topUpAllowed":null,"multiplyTopupAmt":null,"topupLimitCriteria":null,"topupNoPayBefMaturity":null,"planCategory":"NORM","freeCoverCond":null,"freeCoverFUP":null,"campaignStartDate":"2026-01-01","campaignEndDate":"2026-03-02","percentageofwaiver":30.0,"maxLimitofwaiver":3000.0,"waiversAllowedNum":1,"lateFeeWaiverInd":"Y","discountPercentFirstYr":null,"discountPercentSecondYr":null,"discountPercentThirdYr":null,"discountPercentSubYr":null,"discountFromDate":null,"discountToDate":null,"maxLimitWaiverFstYr":null,"maxLimitWaiverScndYr":null,"maxLimitWaiverThirdYr":null,"maxLimitWaiverSubYr":null,"discountParameter":null,"graceprdExtFlag":null,"graceprdExtFrmDate":null,"graceprdExtToDate":null,"graceprdPrcntWaiver":null,"maxWaiverLimitgraceprd":null,"gstCdCharge":0.0,"gstLateFeeRateFirstYr":18.0,"gstLateFeeRateNextYrs":18.0,"dateOfLaunch":"2/1/2020","beforeLaunch":"N","centralGSTPercentage":50,"discountPeriod":null,"discountPeriodType":null},"eligible":false,"lateFeeRequired":false,"recordId":"O","premiumPayingTerm":16,"policyBenefits":"200000","dueAmount":"865.00","taxExemption":false,"age":"23","eserviceEligible":false,"policyUlip":false,"dateOfLastPayment":"2041-02-14","dateOfMaturity":"2050-03-14","statusShortDesc":"In Force","nav":"For NAV details please contact your Servicing Branch / Customer Zone","altChannelId":"10","riderPolicy":false,"minorChild":false,"accountingBookCode":1,"payedPolicy":false,"advancePayedPolicy":false,"lastAccountDate":"2026-03-11","noBonusYears":99,"bonusInfo":{"totalRevBonus":0,"totalInterimBonus":0,"totalFAB":0,"totalGuaranty":0,"totalLoyalty":0,"totalOneTimeBonus":0.00,"messageCode":null,"calulationSheetHTML":"<table width=100% ><tr class=grey-bg><td>Please Check Data As After Conversion Bonus Year Cannot Be Zero</td></tr></table>","calulationSheetText":"Please Check Data As After Conversion Bonus Year Cannot Be Zero  "},"isSpotRevivalAllowed":false,"discountApplicable":false,"advancePaymetEligible":false,"maturitySumAssured":0,"gstInNumber":"null","transactionAllowed":true,"dateOfShowMaturity":"2050-03-14","panFlag":false,"neftFlag":true,"itPan":"","neftStatus":"Y","titleCode":"1","premiumGapFlag":false,"dghPolicyFlag":false,"policyExitStatus":false,"serviceRequestFlag":false,"nriGstFlag":false,"fyEndDate":"2026-03-31"},"person":{"policyNo":327422110,"birthDate":"2003-02-15","fullName":"B . Kowshika","sex":"F","shortName":"Kowshika B","age":"22","profileMobileNo":null,"profileEmail":null,"profileUnMaskMobileNo":null,"profileUnMaskEmail":null},"address":{"policyNo":327422110,"address1":"D/O Balu","address2":"F-14, Ramasami Street No 3","address3":"Rasipuram Po Tk, Namakkal Dt","addressId":1,"pin":637408},"branch":{"branchCode":"76F ","address1":"LIC OF INDIA - 76F","address2":"NAMAKKAL ROAD","address3":"RASIPURAM","branchIp":"10.128.42.194","branchName":"LIC of India, Rasipuram Br Office","city":null,"dcCode":"X070","divCode":70,"eaiIndication":"Y","emailId":"BO_76F@LICINDIA.COM","man":null,"odsIndication":"N","pin":null,"state":"null"},"agent":{"agencyCode":"0090976F ","address1":"D/O.K.Jayaraman,Jai Ganesh Lorry","address2":"Service,T.P.Kadu,Moolapallipatty.Po","address3":"Rasipuram.Tk & Namakkal .Dt.","agentName":"J.Renukadevi","birthDate":"1976-03-10","category":2,"city":null,"disabilityCode":1,"enteredDate":"2026-03-17T01:24:45.000+00:00","itaxPanNo":"ANZPR4228B","occupationCode":12,"pin":637406,"qualificationCode":3,"sex":"F"},"nominees":[{"policyNo":327422110,"nomineeAge":54,"nomineeDob":null,"nomineeId":1,"nomineeName":"B LAKSHMI","nomineeRegistrationDate":null,"nomineeRelation":"M","nomineeShare":100,"nomineeStatus":"B"}],"billingInfo":{"policyNumber":"327422110","nameOfAssured":"B . Kowshika","planName":"LIC's New Jeevan Labh Plan","plan":736,"mode":"1","premium":865,"sumAssured":200000,"status":null,"firstUnpaidPremiumDate":"2026-04-14","nextFup":null,"dueAmount":"865.00","payedPolicy":false,"noOfDues":1,"eligible":false,"spotRevival":false},"policyContact":{"policyNo":327422110,"dataSource":"B","emailAddress":"kowshikabkowshika@gmail.com             ","enteredDate":"2026-03-12T20:00:11.610+00:00","mobileNo":"917598561780","countryCode":null,"telephoneNo":"null","panNo":null},"policyExtra":{"accumTerm":0},"policyAnnuity":null,"userRegistered":"N","assignmentDetails":[],"ulipExtra":{"giveCashAmount":0},"bonusErrorMessage":null,"qpayPolicy":{"policyNumber":"327422110","dob":"15/02/2003","emailId":"kowshikabkowshika@gmail.com","mobileNo":"7598561780","premium":"865","key":"583807"}}



==== 17/03/2026 08:41:43 - GET-URL ======

https://mk-channel.licindia.in/Landing/



==== 17/03/2026 14:22:17 - OSTATTUS-RESPONSE-TOKEN ======

I4c9LW/TQH1Cn/aNMe6WZibrBVCqdwR8kgv++qFKfhzyLAr+AtxAfgtCe9nr6AStQcK3sYe9+d4A03eo97BohKUVKgZl8yESebmk2CgGRMD3YuST5vP7UoAv/hwIUyCEPu9lt2k1JlkQCKfUxIkMjyILP2xK0Eo4PE+tfnO51DIqOtDBOJFvPgoFflpe+3ysguh6eCMDRfqO7yH3e/9HJZDc2OQfsrv2bLIYce1ftD5t7yUcHOoT1hPcILx7w0WANixLqGg+i17WM2kANXnwUf7smF4hXRVwiBQfPXon2Tgc9O562wzx2/VrtfQlzfo5s2LqW/YTkATLZuoAzWJ2rUzboxrbC9Bll222O8YpBH/7FVFA8ghOxKwa8Nw0w6QeOeoEib1pAXgsAYXgGaHuFAq3qEmf/WqCVwlfP1rBX7Bc+x9hfCxUbmiX26IFmjmLc2n9Io43DtW4jM4cviV6dKXjAdoGLG1QBUemoRcv1wy7RqhPH1mxqm9qxz22hyJ3nf9FRC/a5748CqccOhDU7kNL9EvVdjWa/AWOj4yYsSVxhzHxEwW0HrVf/Nzo0KKMvFP7+MN+86uZ47l8Rcvzia8NCARMXciIH8uNEpa1TybhEfhY9AOOZYBgaP/MGbakBtsxnxcRzh+K4aIFL6po5foesj3IxL4pgrgWIaIGzDlHBQtYwGANRw1dayKOgrubxqWxdrDsEDYqU6aSUELn5OYTsrclrgxkRfp0HsECFZpQfywky5Wv7NiCNsNlinKq3ez9ywGiX+koNpYwE2ZFj93JyRFny4ioi8JUF/20HgOI4oB5ENm34Jy9t0MnP78YExIzwqAZOnjnUGKpiZyY9a4ZQMMQ9tCepioEtDdMauHqNBRaRSkA4OeiffsdqeNiNeHeUxfKbRpSHCaPi8vBJeKs4Tco/ELSGhCkvZT529RTjynqvSoMm0x0ZrBGKF3reYN98DCPLxCIchtWo1UgnZWmkBHtsEQNYWq3kwX/BqfjQekX6EeAAy1bdooXxBl7km7fyo+HrmVPOM9cm1FehYZC74RpAKeyaDOza/ctaA0UpoL5bwdqBCcVQLFX9V4gdw0dXoC/VeNUmKcrnC/9ryDZY++PoGPsbsFfRSXfXdjw4ZvcR49P311fTQV7a4K7cK0pdJRXOlRcdNMV0bP5xq60kI7Hq7Wi6VMQ2TgktAGkzYz7yxqMHAOrdz1qQy9RzNd0ZjwWmRTxirot7ZUu/1fHPQa/by6bwntbcFVLBkA5arjlT0wJJe1IYwxzf3HFnEO81xPvSEZ0/2GgqYmITG8akEKnvY4nV+iei+DmvF+Q0VEzSXSkaVW3Fn3JlLEJuHeQsGYy8d7kRWxzDyeMLO1jl2QtGg3Cm7U28+pGq3j4czbLhmFnSd0XLr4rnYttkIE+ULFdE089GZi+PF6SRfZx9lhMufFUSPrH3FaisQIqykxFi2xguV4SIj3KF+lWRVaasH7ZJkBa1X8KoMKpU0X1Em6iCALVbbwwt3PeVMbBXbYK6dLMkv7cGmebruzy7yGEpO5OqRhtRqJ6SzjSaIBuH7oVol+ScpCcDEMGGzPzllG3QxXHLVkb+2MJt7S6j+YiLqgnwg5Dee3sOmjiB6eOImin+AfzYv8rIU2V4LaHlirxiHzWU2oLDLgCPxp4zN4S/y8V4VqQG6wmkc44IMDFgJ3LcFsapug7MPqZ2x3Jt08uYTIr8CMVJkJhP3HWVYVOijuszbyQWmQmDRFYexG4if8cDBhKTR8LdC7U4r4VK++iLRb5VEH2lJ2lBNOEJ3ebsUYTIre1EsqmRN04NRU+tEIFRA6tw9s4n0lNP1PnkgRJlkgYy394sm6hfxKwwnp5vZqnu/TDzvCi13rG4VNsWgvQK+viYLJMArXVdOrU4cMIuALgrTupj+133loPKduaW7xo0hX449pvEa7y3LTyRfP9rjdB



==== 17/03/2026 14:22:17 - OSTATTUS-RESPONSE-TOKEN ======

eyJhbGciOiJIUzUxMiJ9.eyJzdWIiOiJJREFNMDIwMTIwMjQxMDkzNDU5MiIsImFnZW5jeV9jb2RlIjpudWxsLCJjcmVhdGVkIjoxNzczNzM3NTA5OTQ5LCJhY2Nlc3NfY29kZSI6ImV5SmhiR2NpT2lKU1V6STFOaUlzSW5SNWNDSTZJa3BYVkNKOS5leUp6ZFdJaU9pSkpSRUZOTURJd01USXdNalF4TURrek5EVTVNaUlzSW1adVlXMWxJam9pVFZWTFJWTklJRXRWVFVGU0lpd2lkWE5sY25OMFlYUjFjeUk2SWpFaUxDSmxiblJwZEhsc2FYTjBJanBiSWt4SlExOURWVk5VVDAxRlVsOVFUMUpVUVV3aVhTd2ljbTlzWlhNaU9sc2lSRThpWFN3aWFYTnpJam9pUVZKWUlpd2liVzlpYVd4bElqb2lPVGsyT0Rnd05EWXlNU0lzSW1GMVpDSTZJbVJsWm1GMWJIUWlMQ0pzYm1GdFpTSTZJazFWUzBWVFNDQkxWVTFCVWlJc0luVnpaWEpVZVhCbElqb2lNU0lzSW1WNGNDSTZNVGMzTXpjMk5qRXhNU3dpYVdGMElqb3hOemN6TnpNM016RXhMQ0pxZEdraU9pSXpZVEJrTlRjM01TMDJaVFk1TFRSbU1UTXRPR0ZtTXkxaU1XVTBNRGRoWTJGallURWlMQ0psYm5ScGRIa2lPaUpNU1VOZlExVlRWRTlOUlZKZlVFOVNWRUZNSWl3aVpXMWhhV3dpT2lKdGRXdGxjMmhyZFcxaGNqTTFNa0JzYVdOcGJtUnBZUzVqYjIwaWZRLkQxWEc2cG5xSk1hMzFUa3gzLVpkSWYwMFBabHd1enk5dWFiNUlyQndLOU1sUVpicjRJcHdxM0p1WXhiRERjY044aEVMNUdwOHVrMUNfM25aRmpTWGpSTG5kUDdfSlF6RjNlVTRjSUsteDJzZS1fbzFHUTlwY0l6cS1sSGpzR3YxeVFFTDN4S0xWOS1pRUljYVg3dVI2Mk9Rc3hxaXF1eHFPaWdhMDNkMW9Ec01ZTGxsRHQyaWFFMjJqMjZLVWdEdWJKV3pRY3NIcXlzMUJhWjJOYXhFYXBJUjRIMUhwTVBSZDFaWENTdW9md3FRUmU5bklTdlB3NWlETmg4RU42RHVhOHdLSjdObjBsTTh1cWVLR2Z5dElvVjNBTHlGeGtHM2x0YXB0andScTZwUTNMR1BCUHMwcEFnOVU1SFRnejdzdXBZQV9jLUZrS1l4QXJhLUs5QUx0ZyIsInJvbGVzIjpbIkRPIl0sImNsaWVudElwIjpudWxsLCJlbnRpdGxlbWVudCI6W119.nUGnajyNDRtcic6o-jthb3AcOBGaF7lBTxzaaTTrXKYEXfWIBXgdke0tq6ow1fYDiHtpkAawauS07pWtVwQXDw



==== 17/03/2026 14:22:17 - POST-URL ======

https://ebizapp01.licindia.in/BFFService/policy/policyInfo?_dc=1773737537113



==== 17/03/2026 14:22:19 - POST-URL ======

{"confirmationId":null,"status":"200","resultInfoList":null,"count":0,"policy":{"policyNumber":"325232965","planName":"LIC's New Endowment Plan","mode":"12","noOfDues":1,"premium":"3910.00","commenceDate":"2023-03-28","nameOfAssured":"R.Vijay Krishna","agencyCode":"0090976F ","developmentOfficerCode":"87070","plan":"914","policyTerm":"25","firstUnpaidPremiumDate":"2025-03-28","cdCharge":"0","serviceBranch":"76F ","sumAssured":"100000","policyStatus":"31","dob":"2008-09-20","ageAtEntry":15,"planDetails":{"plan":914,"planType":null,"planDesc":null,"premiumDueDuration":6,"premiumDueDurationType":"M","payPremiumAdvance":30,"payPremiumAdvanceType":"D","gracePeriod":30,"gracePeriodType":"D","serviceTaxRateFirstYr":4.5,"serviceTaxRateNextYrs":2.25,"serviceTaxRateEduCess":0.0,"topUpAllowed":null,"multiplyTopupAmt":null,"topupLimitCriteria":null,"topupNoPayBefMaturity":null,"planCategory":"EN","freeCoverCond":null,"freeCoverFUP":null,"campaignStartDate":"2026-01-01","campaignEndDate":"2026-03-02","percentageofwaiver":30.0,"maxLimitofwaiver":3000.0,"waiversAllowedNum":1,"lateFeeWaiverInd":"Y","discountPercentFirstYr":null,"discountPercentSecondYr":null,"discountPercentThirdYr":null,"discountPercentSubYr":null,"discountFromDate":null,"discountToDate":null,"maxLimitWaiverFstYr":null,"maxLimitWaiverScndYr":null,"maxLimitWaiverThirdYr":null,"maxLimitWaiverSubYr":null,"discountParameter":null,"graceprdExtFlag":null,"graceprdExtFrmDate":null,"graceprdExtToDate":null,"graceprdPrcntWaiver":null,"maxWaiverLimitgraceprd":null,"gstCdCharge":0.0,"gstLateFeeRateFirstYr":18.0,"gstLateFeeRateNextYrs":18.0,"dateOfLaunch":"01/02/2020","beforeLaunch":"N","centralGSTPercentage":50,"discountPeriod":null,"discountPeriodType":null},"eligible":false,"lateFeeRequired":false,"recordId":"O","premiumPayingTerm":25,"policyBenefits":"100000","dueAmount":"3910.00","taxExemption":false,"age":"18","eserviceEligible":false,"policyUlip":false,"dateOfLastPayment":"2047-03-28","dateOfMaturity":"2048-03-28","statusShortDesc":"Reduced Paid-up","nav":"For NAV details please contact your Servicing Branch / Customer Zone","altChannelId":"0 ","riderPolicy":false,"minorChild":false,"accountingBookCode":1,"payedPolicy":false,"advancePayedPolicy":false,"lastAccountDate":"2024-03-29","noBonusYears":0,"bonusInfo":{"totalRevBonus":0,"totalInterimBonus":0,"totalFAB":0,"totalGuaranty":0,"totalLoyalty":0,"totalOneTimeBonus":0.00,"messageCode":null,"calulationSheetHTML":"<table width=100% ><tr class=grey-bg><td>Please Check Data As After Conversion Bonus Year Cannot Be Zero</td></tr></table>","calulationSheetText":"Please Check Data As After Conversion Bonus Year Cannot Be Zero  "},"isSpotRevivalAllowed":false,"discountApplicable":false,"advancePaymetEligible":false,"maturitySumAssured":0,"gstInNumber":"null","transactionAllowed":true,"dateOfShowMaturity":"2048-03-28","panFlag":false,"neftFlag":false,"itPan":"","neftStatus":"N","titleCode":"null","premiumGapFlag":false,"dghPolicyFlag":false,"policyExitStatus":false,"serviceRequestFlag":false,"nriGstFlag":false,"fyEndDate":"2026-03-31"},"person":{"policyNo":325232965,"birthDate":"2008-09-20","fullName":"R.Vijay Krishna","sex":"M","shortName":"Vijaykrishna R","age":"15","profileMobileNo":null,"profileEmail":null,"profileUnMaskMobileNo":null,"profileUnMaskEmail":null},"address":{"policyNo":325232965,"address1":"S/O Rajeshkannan,","address2":"43b Kamaraj Avenue,","address3":"Villankurichi Po, Coimbatore Dt","addressId":1,"pin":641035},"branch":{"branchCode":"76F ","address1":"LIC OF INDIA - 76F","address2":"NAMAKKAL ROAD","address3":"RASIPURAM","branchIp":"10.128.42.194","branchName":"LIC of India, Rasipuram Br Office","city":null,"dcCode":"X070","divCode":70,"eaiIndication":"Y","emailId":"BO_76F@LICINDIA.COM","man":null,"odsIndication":"N","pin":null,"state":"null"},"agent":{"agencyCode":"0090976F ","address1":"D/O.K.Jayaraman,Jai Ganesh Lorry","address2":"Service,T.P.Kadu,Moolapallipatty.Po","address3":"Rasipuram.Tk & Namakkal .Dt.","agentName":"J.Renukadevi","birthDate":"1976-03-10","category":2,"city":null,"disabilityCode":1,"enteredDate":"2026-03-17T01:24:45.000+00:00","itaxPanNo":"ANZPR4228B","occupationCode":12,"pin":637406,"qualificationCode":3,"sex":"F"},"nominees":[],"billingInfo":{"policyNumber":"325232965","nameOfAssured":"R.Vijay Krishna","planName":"LIC's New Endowment Plan","plan":914,"mode":"12","premium":3910,"sumAssured":100000,"status":null,"firstUnpaidPremiumDate":"2025-03-28","nextFup":null,"dueAmount":"3910.00","payedPolicy":false,"noOfDues":1,"eligible":false,"spotRevival":false},"policyContact":{"policyNo":325232965,"dataSource":"B","emailAddress":"null","enteredDate":"2025-10-01T20:00:05.155+00:00","mobileNo":"919842851360","countryCode":null,"telephoneNo":"null","panNo":null},"policyExtra":{"accumTerm":0},"policyAnnuity":null,"userRegistered":"N","assignmentDetails":[],"ulipExtra":{"giveCashAmount":0},"bonusErrorMessage":null,"qpayPolicy":{"policyNumber":"325232965","dob":"20/09/2008","emailId":null,"mobileNo":"9842851360","premium":"3910","key":"597567"}}



==== 17/03/2026 14:22:31 - GET-URL ======

https://mk-channel.licindia.in/Landing/



==== 17/03/2026 16:06:08 - OSTATTUS-RESPONSE-TOKEN ======

lV/qL8VUFd/xAEw3Z/uzlM28hCgT8jYHE7LV6Tn47nhwSoyiogmoZbPVvhOTkK+TMAmNtKdzQkK7gXY35IqHaGe8hE2DIM+7Q8Eug4V0Yfk0T/RRCmJSVPD6qUoGO8P+zA/hLzm8i/lxBaQfdk9pqidSBKL+Zgo+HwR16GJFO0B4cG+4z7JU5uqixTzFi7cZfE4HKvAjXeLvxEkI97Lbswatd1gCQZGR/TKFiGCOTDh8M5SuAVmbJIZ/Fu1ZTaZZ0TNrfMqv6XdKKdoK9thKLZ6Oa9JFs7Ag0+D7UzX//N4BNkJeBwWx7Vlodvp0B8w8nQVL7J/p93rS3I1Gy02wJ77YIMv68bAEWckAu9DhMtyY7UVyzJwyFWO6Y5cEy5Zy0ovcfGObAB9pK08Njs7I+9k7wT8x6I7DpX+JdK7GYtBN2hW3QxKXVsqHvXkPsPZPRnRMK4NrGL3wwtPHFQi6rUhAS33dJ1CDnVf7iFihaII+IXbfcq2Rz5a/r59Pj0/6gT7ow/jB4WkvHQUTeVcib4wwBHykypKhcWH9pBZM1T41VzSgOWS3o5Yz8W4ZqreM/AVcS6Un6NRiSmpnD3FYdVp2auOEs7bq4w4Gks6xYCXrnQu0R0jH5z/9+JgYCq4FPJQFbKE6fCQaHimlmAc5kXQdWu3c//+TfVvlK2Qv/SVDSda+a1Jq/44b1k5TkVFanQvKiYTMtkIZYsLflCI1g8myl/svp7KOcx7GRCclbteFeFy1kWMioR74drQQKzpnvbsxYC+vYlLElVOFXyT8+HtEW0ng9sklvWTqZJbQ8C6E0BBIjYD3W/zXvzUfsIxDhwf+JrhU6+gJk896G7avhy2AZhVQcdFEPZF6O7vf9Cvvyx6yVk5Hn+ehhqa8QFdk0MckUxe46IN2tL5srog6PZjhJmYAR5tlj/vlQK0MLHpotGQ7NjRt9qQj2Cn1SG6JCPUzH6F017l85F9LxbnwZIVjBBDkibxKY43FrVXRcpfUeqKSobuTLeVYgQoN3c4dzfiwMGjd6uVD8WVMPrJ9VWImsR3Pxa4H0RdqveVty+5yUP1nmXgCjew40x7ysfbERVT5t1UfKXYoA/2hGWBWr9InILMzZuPefqqlzwiKHUXKhOns/nSX9TyV8SONhU4UX4Sw1rTu1ed25Gg6o4AQ4EuHCCEf9c3Ipbf0TOImB7P2JZtkSQvGDzxX4Re9PSsuLXAVGTtEnKAizl5aE7DXH1cCXWDvgHUxR40GnkCzwcZnnoe17OfX68GlisffLOKYxlCm9B2nLl8evqqKikPp08yMbZT5SOUcj/nHSNZqhCG3XF7E3mbpo0WwtzDFHjFN3EY9nKJGhkaWvZ9h/CF2oVT3ihSq9RheDZKXXKxLuza7BX+C4QWxwXZx5QObF/bFiJoII0z3NVVzwiFzBIy1F0URZL97BRJkVqEch5j4wJ6p3RvH0noSoIkuUAkakUtClpJ+kySgoi8VHeUTzqWKUna1QKacRXrcTJ7sy+pAxQioEGi06wAu/uAzyjH3fEtXF9IVvEDaFi+dKrUHZZVpjwzFTavxfqsOBiptQe7Kbm9o5Q7bob3dhxuaae0l2wkAAuijemnm4E/gG2wUmXmXDR3EDRn60Zoy4B1AS4/0AZZ4GLYQlMpF/xj9gz3v3JZU75lI1ey/Is+6Bineq/dl0f5TL57dCgkFgnU1I8F/bvBfZoOINq5ICLRM+dPylUkzFuX3Cp3URTegCWvJyXhbP9U8GIcEAG2JY4SlfdHZUDJ7GCFgbCHYGws7nYhiEX86l+/MH9xDtnlAQX9Byo+XkMyaheSm/yUB2lmVrEKFE0RBL5VW5AZUjI2mtCt+XtRIKTvLZZFV1htvtez6Ixp3PUuRganB+BovLxOdpqo2taGyz/fUdwaUN2Oe2iiwox1/3JAcn4/OY/WZ/R094qs0QIRgHh6usXyjucTZjJ1i



==== 17/03/2026 16:06:08 - OSTATTUS-RESPONSE-TOKEN ======

eyJhbGciOiJIUzUxMiJ9.eyJzdWIiOiJJREFNMjcwNzIwMjIzMTg1NDQ3IiwiYWdlbmN5X2NvZGUiOm51bGwsImNyZWF0ZWQiOjE3NzM3NDE5MjYyNTQsImFjY2Vzc19jb2RlIjoiZXlKaGJHY2lPaUpTVXpJMU5pSXNJblI1Y0NJNklrcFhWQ0o5LmV5SnpkV0lpT2lKSlJFRk5NamN3TnpJd01qSXpNVGcxTkRRM0lpd2labTVoYldVaU9pSlRWVkpKVGtSRlVpQkxWVTFCVWlJc0luVnpaWEp6ZEdGMGRYTWlPaUl4SWl3aVpXNTBhWFI1YkdsemRDSTZXeUpNU1VOZlExVlRWRTlOUlZKZlVFOVNWRUZNSWwwc0luSnZiR1Z6SWpwYklrUlBJbDBzSW1semN5STZJa0ZTV0NJc0ltMXZZbWxzWlNJNklqazBOall4TkRReU56QWlMQ0poZFdRaU9pSmtaV1poZFd4MElpd2liRzVoYldVaU9pSlRWVkpKVGtSRlVpQkxWVTFCVWlJc0luVnpaWEpVZVhCbElqb2lNU0lzSW1WNGNDSTZNVGMzTXpjM01EY3hPU3dpYVdGMElqb3hOemN6TnpReE9URTVMQ0pxZEdraU9pSmhZMk00WVRVd1pTMDRNekJtTFRRMU0yRXRPR1UxWmkwd01XUm1OVGRpWm1VNU9UUWlMQ0psYm5ScGRIa2lPaUpNU1VOZlExVlRWRTlOUlZKZlVFOVNWRUZNSWl3aVpXMWhhV3dpT2lKemRYSnBibVJsY2pJdWEzVnRZWEpBYkdsamFXNWthV0V1WTI5dEluMC5WQUFyVENmMkpYUExkVVplWTQ1NVJQYVN6ZnFpcFRuNURxcndhUjhWTFhCWEEwQTB0ZnZEUG1yS2otR1hGcmI1NnF5U0FwLTlFUzl2Sm15WnR3dEM2elJ6WVNrcVVxenYxVEVEUW5pU2xMWmVnUDZ2eXpwSlg5WklZMk0zaFJIemtZUjU0MEVsT3QxYWo0Q0FEMDJ4QXdqU2M2U2Q1YmpmbTBmQjZzSVZZcFBkdlp4cGViY3B1R3JFY01VOTlRZUJqeHhmSTVwMHZjZ1NYMW9adFR5Q29kU3VKUGNwTndvYkpxWVlib3pzSGNNTUhzeWdqZmJ2NElFWFpZUEVQbW9Pa3diajdzS3pnWXpxWFFUVjd0T1VKN3o4bGgxaUVESWZEM2RJU2dEU0RNUGtWNDdMUmVpWjNVTXlDUlZpVnZUOS1NU28xQ1dXa2J3TDZ1ZEhObE5ramciLCJyb2xlcyI6WyJETyJdLCJjbGllbnRJcCI6bnVsbCwiZW50aXRsZW1lbnQiOltdfQ.EZmG2gb8Wk6ZakbOMHr3Pvd6C9I77sK8WcCp1RBCelJV5xYwjQMVUr5ozsPbUmm1csVtKceWwYSJFX9XrHWQpg



==== 17/03/2026 16:06:08 - POST-URL ======

https://ebizapp01.licindia.in/BFFService/policy/policyInfo?_dc=1773743768522



==== 17/03/2026 16:06:10 - POST-URL ======

{"confirmationId":null,"status":"200","resultInfoList":null,"count":0,"policy":{"policyNumber":"747832446","planName":"New Jeevan Anand","mode":"12","noOfDues":1,"premium":"19799.00","commenceDate":"2015-02-06","nameOfAssured":"S Veni","agencyCode":"0090976F ","developmentOfficerCode":"0","plan":"815","policyTerm":"16","firstUnpaidPremiumDate":"2026-02-06","cdCharge":"0","serviceBranch":"74D ","sumAssured":"230000","policyStatus":"21","dob":"1968-05-01","ageAtEntry":47,"planDetails":{"plan":815,"planType":null,"planDesc":null,"premiumDueDuration":6,"premiumDueDurationType":"M","payPremiumAdvance":30,"payPremiumAdvanceType":"D","gracePeriod":1,"gracePeriodType":"M","serviceTaxRateFirstYr":4.5,"serviceTaxRateNextYrs":2.25,"serviceTaxRateEduCess":0.0,"topUpAllowed":null,"multiplyTopupAmt":null,"topupLimitCriteria":null,"topupNoPayBefMaturity":null,"planCategory":"EN","freeCoverCond":null,"freeCoverFUP":null,"campaignStartDate":"2026-01-01","campaignEndDate":"2026-03-02","percentageofwaiver":30.0,"maxLimitofwaiver":3000.0,"waiversAllowedNum":1,"lateFeeWaiverInd":"Y","discountPercentFirstYr":null,"discountPercentSecondYr":null,"discountPercentThirdYr":null,"discountPercentSubYr":null,"discountFromDate":null,"discountToDate":null,"maxLimitWaiverFstYr":null,"maxLimitWaiverScndYr":null,"maxLimitWaiverThirdYr":null,"maxLimitWaiverSubYr":null,"discountParameter":null,"graceprdExtFlag":null,"graceprdExtFrmDate":null,"graceprdExtToDate":null,"graceprdPrcntWaiver":null,"maxWaiverLimitgraceprd":null,"gstCdCharge":0.0,"gstLateFeeRateFirstYr":18.0,"gstLateFeeRateNextYrs":18.0,"dateOfLaunch":"01/08/2014","beforeLaunch":"N","centralGSTPercentage":50,"discountPeriod":null,"discountPeriodType":null},"eligible":true,"lateFeeRequired":false,"recordId":"O","premiumPayingTerm":16,"policyBenefits":"230000","dueAmount":"19799.00","taxExemption":false,"age":"58","eserviceEligible":false,"policyUlip":false,"dateOfLastPayment":"2030-02-06","dateOfMaturity":"2031-02-06","statusShortDesc":"In Force","nav":"For NAV details please contact your Servicing Branch / Customer Zone","altChannelId":"0 ","riderPolicy":false,"minorChild":false,"accountingBookCode":1,"payedPolicy":false,"advancePayedPolicy":false,"lastAccountDate":"2025-09-16","noBonusYears":0,"bonusInfo":{"totalRevBonus":110860,"totalInterimBonus":0,"totalFAB":0,"totalGuaranty":0,"totalLoyalty":0,"totalOneTimeBonus":0.00,"messageCode":null,"calulationSheetHTML":"<table border=1><tr class=grey-bg><td>From</td><td>Upto</td><td>Year</td><td>Type</td><td>Factor</td><td>Rate</td><td>Bonus </td></tr><tr class=grey-bg><td>2015-02-06</td><td>2016-02-06</td><td>2015</td><td>V</td><td>1.0</td><td>45.00</td><td>10350.00</td></tr><tr class=grey-bg><td>2016-02-06</td><td>2017-02-06</td><td>2016</td><td>V</td><td>1.0</td><td>50.00</td><td>10350.00</td></tr><tr class=grey-bg><td>2016-02-06</td><td>2017-02-06</td><td>2016</td><td>O</td><td>1.0</td><td>5.00</td><td>1150.00</td></tr><tr class=grey-bg><td>2017-02-06</td><td>2018-02-06</td><td>2017</td><td>V</td><td>1.0</td><td>45.00</td><td>10350.00</td></tr><tr class=grey-bg><td>2018-02-06</td><td>2019-02-06</td><td>2018</td><td>V</td><td>1.0</td><td>45.00</td><td>10350.00</td></tr><tr class=grey-bg><td>2019-02-06</td><td>2020-02-06</td><td>2019</td><td>V</td><td>1.0</td><td>45.00</td><td>10350.00</td></tr><tr class=grey-bg><td>2020-02-06</td><td>2021-02-06</td><td>2020</td><td>V</td><td>1.0</td><td>42.00</td><td>9660.00</td></tr><tr class=grey-bg><td>2021-02-06</td><td>2022-02-06</td><td>2021</td><td>V</td><td>1.0</td><td>42.00</td><td>9660.00</td></tr><tr class=grey-bg><td>2022-02-06</td><td>2023-02-06</td><td>2022</td><td>V</td><td>1.0</td><td>42.00</td><td>9660.00</td></tr><tr class=grey-bg><td>2023-02-06</td><td>2024-02-06</td><td>2023</td><td>V</td><td>1.0</td><td>42.00</td><td>9660.00</td></tr><tr class=grey-bg><td>2024-02-06</td><td>2025-02-06</td><td>2024</td><td>V</td><td>1.0</td><td>42.00</td><td>9660.00</td></tr><tr class=grey-bg><td>2025-02-06</td><td>2026-02-06</td><td>2025</td><td>V</td><td>1.0</td><td>42.00</td><td>9660.00</td></tr><tr class=grey-bg><td colspan=7>Total Rev Bonus : 110860.00   Total Interim Bonus : 0.00</td></tr></table> ","calulationSheetText":"From        Upto        Year Type Factor  Rate     Bonus \r\n2015-02-06  2016-02-06  2015  V     1.0   45.00    10350.00\r\n2016-02-06  2017-02-06  2016  V     1.0   50.00    10350.00\r\n2016-02-06  2017-02-06  2016  O     1.0   5.00    1150.00\r\n2017-02-06  2018-02-06  2017  V     1.0   45.00    10350.00\r\n2018-02-06  2019-02-06  2018  V     1.0   45.00    10350.00\r\n2019-02-06  2020-02-06  2019  V     1.0   45.00    10350.00\r\n2020-02-06  2021-02-06  2020  V     1.0   42.00    9660.00\r\n2021-02-06  2022-02-06  2021  V     1.0   42.00    9660.00\r\n2022-02-06  2023-02-06  2022  V     1.0   42.00    9660.00\r\n2023-02-06  2024-02-06  2023  V     1.0   42.00    9660.00\r\n2024-02-06  2025-02-06  2024  V     1.0   42.00    9660.00\r\n2025-02-06  2026-02-06  2025  V     1.0   42.00    9660.00\r\n   Total Rev Bonus : 110860.00   Total Interim Bonus : 0.00\r\n "},"isSpotRevivalAllowed":false,"discountApplicable":false,"advancePaymetEligible":false,"maturitySumAssured":0,"gstInNumber":"null","transactionAllowed":true,"dateOfShowMaturity":"2031-02-06","panFlag":false,"neftFlag":false,"itPan":"","neftStatus":"N","titleCode":"1","premiumGapFlag":false,"dghPolicyFlag":false,"policyExitStatus":false,"serviceRequestFlag":false,"nriGstFlag":false,"fyEndDate":"2026-03-31"},"person":{"policyNo":747832446,"birthDate":"1968-05-01","fullName":"S Veni","sex":"F","shortName":"Veni S","age":"47","profileMobileNo":null,"profileEmail":null,"profileUnMaskMobileNo":null,"profileUnMaskEmail":null},"address":{"policyNo":747832446,"address1":"W/O.Sri.R.Ragunathan,","address2":"5 / 650, Mandukkal Street,","address3":"Kottur Post, Theni Dist.","addressId":1,"pin":625534},"branch":{"branchCode":"74D ","address1":"LIC OF INDIA-74D","address2":"3-3/23,CUTCHERY ROAD","address3":"UTHAMAPALAYAM","branchIp":"10.128.42.194","branchName":"LIC of India, Uthamapalayam Branch","city":null,"dcCode":"X074","divCode":74,"eaiIndication":"Y","emailId":"BO_74D@LICINDIA.COM","man":null,"odsIndication":"N","pin":null,"state":"null"},"agent":{"agencyCode":"0090976F ","address1":"D/O.K.Jayaraman,Jai Ganesh Lorry","address2":"Service,T.P.Kadu,Moolapallipatty.Po","address3":"Rasipuram.Tk & Namakkal .Dt.","agentName":"J.Renukadevi","birthDate":"1976-03-10","category":2,"city":null,"disabilityCode":1,"enteredDate":"2026-03-17T01:24:45.000+00:00","itaxPanNo":"ANZPR4228B","occupationCode":12,"pin":637406,"qualificationCode":3,"sex":"F"},"nominees":[{"policyNo":747832446,"nomineeAge":50,"nomineeDob":null,"nomineeId":1,"nomineeName":"R RAGUNATHAN","nomineeRegistrationDate":null,"nomineeRelation":"H","nomineeShare":100,"nomineeStatus":"B"}],"billingInfo":{"policyNumber":"747832446","nameOfAssured":"S Veni","planName":"New Jeevan Anand","plan":815,"mode":"12","premium":19799,"sumAssured":230000,"status":null,"firstUnpaidPremiumDate":"2026-02-06","nextFup":null,"dueAmount":"19799.00","payedPolicy":false,"noOfDues":1,"eligible":true,"spotRevival":false},"policyContact":{"policyNo":747832446,"dataSource":"B","emailAddress":"null","enteredDate":"2025-09-17T20:00:13.803+00:00","mobileNo":"919894092058","countryCode":null,"telephoneNo":"null","panNo":null},"policyExtra":{"accumTerm":0},"policyAnnuity":null,"userRegistered":"N","assignmentDetails":[],"ulipExtra":{"giveCashAmount":null},"bonusErrorMessage":null,"qpayPolicy":{"policyNumber":"747832446","dob":"01/05/1968","emailId":null,"mobileNo":"9894092058","premium":"19799","key":"762751"}}



==== 17/03/2026 16:06:20 - GET-URL ======

https://mk-channel.licindia.in/Landing/



==== 17/03/2026 16:07:40 - OSTATTUS-RESPONSE-TOKEN ======

xXd096S/mFqIWGm3zE8ZrLb5uaDF/aOFkFmzOvFombFeOzL7ZUgHtxOvqjDv3lVkIfc2lh4jWhqqPm8SJ8m/ko20WO026zO1wRc8ivp91FH8ghvpSsOdqJQpmUMKFNiPFfcll2SPB8L3FJU6KvWehioU2TGecuj0QpAi9nA4BHarJuwevDEGTj3EIfnc7pmWRtc5iqBvVD9888LNQx1k/drsE7ur9tnMcJHqaFlIaDY4KqDaYg55dsSBZCN0PicKK5bPnmw0wJWCNJo+DJF66e2GOov4fcwvXsgKkvC7onJs9fYJl2+NhuZyiVbIOVqbW/DqeczdKOqItNPB/HRTtDN9w6SxIpvBxeQFxnOw6iMte8ssEAEo18EtYTVC4m+5DziWxpH1iWYzE4F86Gcq7/eHGT0U8OoOr24jwPa5/jauL3kR+x6YIqLJptSksq0ZsGw7/ApaVI+rx+rITWm3GLiHAmDyf0Ip9ZyI6bF7jioBFbZ0GBIOH9rfCmc+unMkJdcN7h2YkQHj6X6OdI6tberThckIUXrl1pk+6ZSG45lxsZgSGbQPJ2HF9mBmzdWGs+MmLNB62JplrMWbgKVxWhvlBy0D6c8d72ZtuQ2JXInWxxRjJHTOCPRBo7pzuJnv3Ov55ZYjFDkL9TD0zQmuZDOO+0qtk7OVFKJdkPZrwtYuH1DN65icMk37TCbL4U5mP0HkaotC6cdvVfTSI89KOtL0zkU7qaqrqB/kU9iVtonjMJZNs3XLAYfkp+5S+8ictdL1Cr0eMfX00E0zpaB7BMODX5EOm0akDnA4kkJyqhGsXF0BM/VVzgAYlPgeogiw9q1c7gQsAlt0gSgABDZM7W5FtHUtcEPpXi/F0pgZKAXoTqDE3DF2K28EGmKNiNycHlMuTgLY+w6uV76wuArjjlNZD3/FoMHtl/q9qwDY8Yh3jQWujnLBkcnyCR1qiUsQyz/ynJwuAqXh4l2jxlCSGAFkSZVVBhipFHmaeDOUihevNNIBZu9FrEkLthFEgehEtv0TSSmu0FjLmvuXCzKyauvvKqGBehPMLAsPj+LyqBoYi6xgjzQSlBkixcgr5lDRpTD/ZqrrcGgT6gv0oWlEOFxbjJ5THe5hSfzAKDMaGYduHoog+Gl3dKdEzdSjwnlEzZHSE4MnQdGUTEJI5ILEDgc8iDlF1v4VD5haif95+LhBRxhpUphy2msQ8JoeSEhYDp367HMwUyAbiBMiJOgf+5sRhk0RK2DCvQ/+jP5LehBz/bDyZjysfKaKf+IlrwKv7oeBi0LsUAfNnQtoSP6gRZLvdp72zU6mbJZ1bK2IOBItMa8NwdyfT2T7FfTLIQlNMXHi1Xv7NDWctBX9DWC8BhQ6RhH/1sBQ3cU0iIAW6ok8JO2MIQU88SGs/uds8qIHGjVLQxiifBzD14HgjbQzXzbemUWxLSyvTjwRdVhig0SOskCjlfZmO7CW2fUqVYAvSV4vVZmVgtvcWbB2J5H7U1Nw62W/n0LKsMkXZkjxfx6hqxM3uY7NkrS8/WuHK0O8g5oZ/wc2wY40o18wcCAyfa85Knm6zwJOu3bvxsjVOos/AzWBQQCH8vI+voM8+KENmTmSbtvzejemiUZr29Ne8V6LFdPrZpeoRSZkWmQCma8DUYA7RHfyuc+unGUu2FjItbTo6ATXoZobB+/7YnnPjX1ipgnv+mrEN7UEPXyO/jODlCffj3EAMirxZ0Mgb68S/Wq8I51fAgFNNVQAo+Cd9B+qX8O1CAlJrhB1+DTvf5CXZtJNMjwOKrQzAAqNLU8ry17Ew6IeBTrcV9eNiKGhzXfjWVyVgqA1/dXBps3Oz8xBxEmCvGbR6aJZvU+ezGtYaVVlpVRXJJtawOFN4xvQXyKrV0jn0nqhhGiR4xPOi+bumWcmtG97m87YEnvw2k4qtLLld5goZwurrdiFZkIlelclAMvTqOkJxGA2j2TC



==== 17/03/2026 16:07:40 - OSTATTUS-RESPONSE-TOKEN ======

eyJhbGciOiJIUzUxMiJ9.eyJzdWIiOiJJREFNMjcwNzIwMjIzMTg1NDQ3IiwiYWdlbmN5X2NvZGUiOm51bGwsImNyZWF0ZWQiOjE3NzM3NDE5MjYyNTQsImFjY2Vzc19jb2RlIjoiZXlKaGJHY2lPaUpTVXpJMU5pSXNJblI1Y0NJNklrcFhWQ0o5LmV5SnpkV0lpT2lKSlJFRk5NamN3TnpJd01qSXpNVGcxTkRRM0lpd2labTVoYldVaU9pSlRWVkpKVGtSRlVpQkxWVTFCVWlJc0luVnpaWEp6ZEdGMGRYTWlPaUl4SWl3aVpXNTBhWFI1YkdsemRDSTZXeUpNU1VOZlExVlRWRTlOUlZKZlVFOVNWRUZNSWwwc0luSnZiR1Z6SWpwYklrUlBJbDBzSW1semN5STZJa0ZTV0NJc0ltMXZZbWxzWlNJNklqazBOall4TkRReU56QWlMQ0poZFdRaU9pSmtaV1poZFd4MElpd2liRzVoYldVaU9pSlRWVkpKVGtSRlVpQkxWVTFCVWlJc0luVnpaWEpVZVhCbElqb2lNU0lzSW1WNGNDSTZNVGMzTXpjM01EY3hPU3dpYVdGMElqb3hOemN6TnpReE9URTVMQ0pxZEdraU9pSmhZMk00WVRVd1pTMDRNekJtTFRRMU0yRXRPR1UxWmkwd01XUm1OVGRpWm1VNU9UUWlMQ0psYm5ScGRIa2lPaUpNU1VOZlExVlRWRTlOUlZKZlVFOVNWRUZNSWl3aVpXMWhhV3dpT2lKemRYSnBibVJsY2pJdWEzVnRZWEpBYkdsamFXNWthV0V1WTI5dEluMC5WQUFyVENmMkpYUExkVVplWTQ1NVJQYVN6ZnFpcFRuNURxcndhUjhWTFhCWEEwQTB0ZnZEUG1yS2otR1hGcmI1NnF5U0FwLTlFUzl2Sm15WnR3dEM2elJ6WVNrcVVxenYxVEVEUW5pU2xMWmVnUDZ2eXpwSlg5WklZMk0zaFJIemtZUjU0MEVsT3QxYWo0Q0FEMDJ4QXdqU2M2U2Q1YmpmbTBmQjZzSVZZcFBkdlp4cGViY3B1R3JFY01VOTlRZUJqeHhmSTVwMHZjZ1NYMW9adFR5Q29kU3VKUGNwTndvYkpxWVlib3pzSGNNTUhzeWdqZmJ2NElFWFpZUEVQbW9Pa3diajdzS3pnWXpxWFFUVjd0T1VKN3o4bGgxaUVESWZEM2RJU2dEU0RNUGtWNDdMUmVpWjNVTXlDUlZpVnZUOS1NU28xQ1dXa2J3TDZ1ZEhObE5ramciLCJyb2xlcyI6WyJETyJdLCJjbGllbnRJcCI6bnVsbCwiZW50aXRsZW1lbnQiOltdfQ.EZmG2gb8Wk6ZakbOMHr3Pvd6C9I77sK8WcCp1RBCelJV5xYwjQMVUr5ozsPbUmm1csVtKceWwYSJFX9XrHWQpg



==== 17/03/2026 16:07:40 - POST-URL ======

https://ebizapp01.licindia.in/BFFService/policy/policyInfo?_dc=1773743860291



==== 17/03/2026 16:07:41 - POST-URL ======

{"confirmationId":null,"status":"200","resultInfoList":null,"count":0,"policy":{"policyNumber":"327416522","planName":"LIC's New Jeevan Anand Plan","mode":"3","noOfDues":1,"premium":"2023.00","commenceDate":"2024-02-12","nameOfAssured":"Dhanalakshmi Saravanan","agencyCode":"0090976F ","developmentOfficerCode":"87070","plan":"915","policyTerm":"21","firstUnpaidPremiumDate":"2026-05-12","cdCharge":"0","serviceBranch":"76F ","sumAssured":"125000","policyStatus":"21","dob":"1981-01-01","ageAtEntry":43,"planDetails":{"plan":915,"planType":null,"planDesc":null,"premiumDueDuration":6,"premiumDueDurationType":"M","payPremiumAdvance":30,"payPremiumAdvanceType":"D","gracePeriod":30,"gracePeriodType":"D","serviceTaxRateFirstYr":4.5,"serviceTaxRateNextYrs":2.25,"serviceTaxRateEduCess":0.0,"topUpAllowed":null,"multiplyTopupAmt":null,"topupLimitCriteria":null,"topupNoPayBefMaturity":null,"planCategory":"EN","freeCoverCond":null,"freeCoverFUP":null,"campaignStartDate":"2026-01-01","campaignEndDate":"2026-03-02","percentageofwaiver":30.0,"maxLimitofwaiver":3000.0,"waiversAllowedNum":1,"lateFeeWaiverInd":"Y","discountPercentFirstYr":null,"discountPercentSecondYr":null,"discountPercentThirdYr":null,"discountPercentSubYr":null,"discountFromDate":null,"discountToDate":null,"maxLimitWaiverFstYr":null,"maxLimitWaiverScndYr":null,"maxLimitWaiverThirdYr":null,"maxLimitWaiverSubYr":null,"discountParameter":null,"graceprdExtFlag":null,"graceprdExtFrmDate":null,"graceprdExtToDate":null,"graceprdPrcntWaiver":null,"maxWaiverLimitgraceprd":null,"gstCdCharge":0.0,"gstLateFeeRateFirstYr":18.0,"gstLateFeeRateNextYrs":18.0,"dateOfLaunch":"01/02/2020","beforeLaunch":"N","centralGSTPercentage":50,"discountPeriod":null,"discountPeriodType":null},"eligible":false,"lateFeeRequired":false,"recordId":"O","premiumPayingTerm":21,"policyBenefits":"125000","dueAmount":"2023.00","taxExemption":false,"age":"45","eserviceEligible":false,"policyUlip":false,"dateOfLastPayment":"2044-11-12","dateOfMaturity":"2045-02-12","statusShortDesc":"In Force","nav":"For NAV details please contact your Servicing Branch / Customer Zone","altChannelId":"0 ","riderPolicy":false,"minorChild":false,"accountingBookCode":1,"payedPolicy":false,"advancePayedPolicy":false,"lastAccountDate":"2026-03-17","noBonusYears":0,"bonusInfo":{"totalRevBonus":0,"totalInterimBonus":0,"totalFAB":0,"totalGuaranty":0,"totalLoyalty":0,"totalOneTimeBonus":0.00,"messageCode":null,"calulationSheetHTML":"<table width=100% ><tr class=grey-bg><td>Please Check Data As After Conversion Bonus Year Cannot Be Zero</td></tr></table>","calulationSheetText":"Please Check Data As After Conversion Bonus Year Cannot Be Zero  "},"isSpotRevivalAllowed":false,"discountApplicable":false,"advancePaymetEligible":true,"maturitySumAssured":0,"gstInNumber":"null","transactionAllowed":true,"dateOfShowMaturity":"2045-02-12","panFlag":true,"neftFlag":false,"itPan":"EH******9K","neftStatus":"N","titleCode":"1","premiumGapFlag":false,"dghPolicyFlag":false,"policyExitStatus":false,"serviceRequestFlag":false,"nriGstFlag":false,"fyEndDate":"2026-06-15"},"person":{"policyNo":327416522,"birthDate":"1981-01-01","fullName":"Dhanalakshmi Saravanan","sex":"F","shortName":"Dhanalakshmi","age":"43","profileMobileNo":null,"profileEmail":null,"profileUnMaskMobileNo":null,"profileUnMaskEmail":null},"address":{"policyNo":327416522,"address1":"89/22c/3 Koneripatty Extention 2","address2":"Rasipuram Tk","address3":"Namakkal Dt","addressId":1,"pin":637408},"branch":{"branchCode":"76F ","address1":"LIC OF INDIA - 76F","address2":"NAMAKKAL ROAD","address3":"RASIPURAM","branchIp":"10.128.42.194","branchName":"LIC of India, Rasipuram Br Office","city":null,"dcCode":"X070","divCode":70,"eaiIndication":"Y","emailId":"BO_76F@LICINDIA.COM","man":null,"odsIndication":"N","pin":null,"state":"null"},"agent":{"agencyCode":"0090976F ","address1":"D/O.K.Jayaraman,Jai Ganesh Lorry","address2":"Service,T.P.Kadu,Moolapallipatty.Po","address3":"Rasipuram.Tk & Namakkal .Dt.","agentName":"J.Renukadevi","birthDate":"1976-03-10","category":2,"city":null,"disabilityCode":1,"enteredDate":"2026-03-17T01:24:45.000+00:00","itaxPanNo":"ANZPR4228B","occupationCode":12,"pin":637406,"qualificationCode":3,"sex":"F"},"nominees":[{"policyNo":327416522,"nomineeAge":53,"nomineeDob":null,"nomineeId":1,"nomineeName":"N SARAVANAN","nomineeRegistrationDate":null,"nomineeRelation":"H","nomineeShare":100,"nomineeStatus":"B"}],"billingInfo":{"policyNumber":"327416522","nameOfAssured":"Dhanalakshmi Saravanan","planName":"LIC's New Jeevan Anand Plan","plan":915,"mode":"3","premium":2023,"sumAssured":125000,"status":null,"firstUnpaidPremiumDate":"2026-05-12","nextFup":null,"dueAmount":"2023.00","payedPolicy":false,"noOfDues":1,"eligible":false,"spotRevival":false},"policyContact":{"policyNo":327416522,"dataSource":"B","emailAddress":"priyahithesh@gmail.com                  ","enteredDate":"2026-01-20T20:00:11.038+00:00","mobileNo":"919488793721","countryCode":null,"telephoneNo":"null","panNo":null},"policyExtra":{"accumTerm":0},"policyAnnuity":null,"userRegistered":"N","assignmentDetails":[],"ulipExtra":{"giveCashAmount":0},"bonusErrorMessage":null,"qpayPolicy":{"policyNumber":"327416522","dob":"01/01/1981","emailId":"priyahithesh@gmail.com","mobileNo":"9488793721","premium":"2023","key":"496831"}}



==== 17/03/2026 16:07:53 - GET-URL ======

https://mk-channel.licindia.in/Landing/



==== 17/03/2026 16:09:25 - OSTATTUS-RESPONSE-TOKEN ======

c2VsHK8kaJfK4NnnxiEwStfAaz4lbV2K2UPd18N+5xdh3Ihkg53bwC01cMTHRS31+TiyYMzx4Qr6UWB2CnG4vUNlAmcnFkRXGz3c/PEiK66F3gaQPG3l43bLDnGN+GdbaxiPEVtMJPuLjmXJYDdwzVaAb1AwuIvLdF92Ln71M+v1qYd8o3/RgPT1B9JtUH20x9zJq27WUdyp6rCMw5z5tpGHtqYllgADv3D9GhGmjZqCrIhVFmkY79Mkb/MuslriKJOqNWa42qeFf1kE4SagI/fLgryF/3ePRNXlI3ntiGE2ZErTi0IC29o7s2QhecnGYhJN+VANOsZuZGxyCcX34n2hcCKuQ+65HRo6mpyjYcRW06nDvKjTsZ+PHHsxyAkdD4Wujsr2ZnYHbIikfuCQFNWRA+ttgq2D6ID2ALfLYpCwVch4Ly/VR3md1Y6lJAu2KzBp+DfI8VrxztEbj6v80uVPaY1oYaumckaE8WWHTd/xBE6EBpNnItsJKJAr0D6USv2TAf29/3mJJ53WG45SgbQ5/1oMuEh0WatKroyCkja4wRg+8L31pp1ZGCkFheKnUUAQ05//DPVIpDtgEHIKJXhW2RBTnjuHby1ERHuB3ITCimC1Mkqk1oARijgphk9Zu5d5vUwxXbFDqvTJH3pPYaSX+nGmOvvFqeVv6q2v+j1aU7ydcNf3ekTnHNrbRfDdFSQKNXDBEgOksZ0lvMQJUZI6SZMUrAH0KdAW8lgG8RgLYPoPy9H0yatsNH6lYsN8kOjiKOUaFnoDJhXs4vY4809AtEUMj7aAYnDdwL3T4nQzJDDqozBRObAUE9YaJlPUT+JTc21qcQ75SdHoht0GDYhsEWwX5V9uvsuunMOk4jB3mOcNGLHLeuqmYjOxJ1+awg7IEdX78yFV0r875zEdC0lEfIec1tiP9iAdj1TtLI8I7/tgU57/PQ7+1TnjjvolmRq+TxL6t5Q9/yQsKu0MTm4PHF7BSUrOQh27hy+5NxOP9mSNM7m77I9XlR5pF88N4EI1gmruphN3KRm9WsFRAYjK3z6FgA6Wq5PDaeEEbiDdiyK12NbG6eOP3u1GMHLehqI7POCJgjnrTZWF1Rtmp3Hii6qJUxhBdHH5KJ6uD1kArv99n3EgzsSBgSd74FqhAWpYz3H8EXksFIm4H5osMqwWe1cXGXHRFt3BdTfz0ziAI8O2l3U81vX3cCXo9YZXc/aRQus3Q6BISmSkxdiipILhrz2wT0rt26yreULlizOJSXNufcZQS40d11fqU7eHcid4Em6BxJyd+VKYotbJvdTr6ADWiYneGXCHH/7oY6HvJbo857e0Wj2NklcHPtsPESEefruQYfrMqXbLulFm9F8twgGqg+oonbWRC9zD2lwHE+fPg9VZ3N7tbHp+QYScrXWTN/XuZ36oGx28c4PK9Oj33G7d5YHDipLRlpMfgCurkB4JEyEaEUmmBLHMcr5/XVa4rlR6R6t6ukAMq7h2nyFbShY4HZpfiSINwSO8VjUdQ2N1uw89hgyYJZGfzWxFqIucRcExyLuYvVGgSWoyapOh4JsPnZtJ9RIOJhfFu3nrhkl6RPcrcCJCFPlyiym2aZiMVTUAp60yAur9yMgJ1PsF79qMpEh7BnQ23LzQFLQTU3B2GvPwAM7RU+9+Pe1ba0/5wetCcFwGhfv1buq1V7ALjuv+smyh0pO12CkeUmsR0EFouJfmOE8TXFC18PWrWdMi4QnKv0vptZbkyDFAUYrqBBqVcEcwV8uovdlS3zzU4biPO7zs5EKe+I8n3dFGVwRm7tGFvtWrLqzvx1hIqG1bhqFuibjblFb44trACiYJIWW+ECZBO0EOzRDk8JyZDAMoKkcYo+xmISOlcVkiiTAJIN//lmgI1uPNJWNN7r4uwfJIuiKB0csezLHBI2N/+Av7Hvp0Yi6as495pPL0/3vGWYnp9dU=



==== 17/03/2026 16:09:25 - OSTATTUS-RESPONSE-TOKEN ======

eyJhbGciOiJIUzUxMiJ9.eyJzdWIiOiJJREFNMjcwNzIwMjIzMTkyMzg4IiwiYWdlbmN5X2NvZGUiOm51bGwsImNyZWF0ZWQiOjE3NzM3NDMyNjgxMTAsImFjY2Vzc19jb2RlIjoiZXlKaGJHY2lPaUpTVXpJMU5pSXNJblI1Y0NJNklrcFhWQ0o5LmV5SnpkV0lpT2lKSlJFRk5NamN3TnpJd01qSXpNVGt5TXpnNElpd2labTVoYldVaU9pSklSVTFTUVVvZ1IwOURTRVZTSWl3aWRYTmxjbk4wWVhSMWN5STZJakVpTENKbGJuUnBkSGxzYVhOMElqcGJJa3hKUTE5RFZWTlVUMDFGVWw5UVQxSlVRVXdpWFN3aWNtOXNaWE1pT2xzaVJFOGlYU3dpYVhOeklqb2lRVkpZSWl3aWJXOWlhV3hsSWpvaU9UUXhORGMyTlRJNU1pSXNJbUYxWkNJNkltUmxabUYxYkhRaUxDSnNibUZ0WlNJNklraEZUVkpCU2lCSFQwTklSVklpTENKMWMyVnlWSGx3WlNJNklqRWlMQ0psZUhBaU9qRTNOek0zTnpFM09Ea3NJbWxoZENJNk1UYzNNemMwTWprNE9Td2lhblJwSWpvaU5UbGxaV1EyWkRRdFpqZzNOUzAwT1RRNExUa3hPVFF0WkRFMk9XUmxZMlJoWW1ReUlpd2laVzUwYVhSNUlqb2lURWxEWDBOVlUxUlBUVVZTWDFCUFVsUkJUQ0lzSW1WdFlXbHNJam9pYUdWdGNtRnFMbWR2WTJobGNrQnNhV05wYm1ScFlTNWpiMjBpZlEuQ2hVQ1lpQ0JzMmtEREhDQkVDNGRMSTdhNjNhZ2NaYTgwMHllLUMwcG9ncGlBUC1BXzNMbE1IRlg5NEFvelNwTXJnQXp2UVJCSFBpQTJUSnVNbXlIeXJFNWhzUFB6MjFQX0hTOUZyaC1fQ0lPLVVCWFVQQkFpUHVwOW9lOWxQTTdsTjZyVTZ1MEFtYjViX29ybHA1amNYdFh2N05xYkg3aV9ULVo5Nk1tUWgwY2h0Z3FKNmotQlVjYVZWT0NNTl85bDNFTkk1YnEwTjV3OW5pMl8yd0wyaF9VWk9xWWFsWUVoNDd6RDg3bXJkMVBiRTBidmR6d1hlYkRXZjF2N1Y0cjZTd3Zsd1MxRjk0eFMtY3ptMHU5WExWQ1FySkNlSXdJNVBib3ZNbWs4RDh5aVp2VENmdUV2SGRnYmxLcFBVLVdTTjRwYkxrUUR5U092ZlhmN2tBcGhRIiwicm9sZXMiOlsiRE8iXSwiY2xpZW50SXAiOm51bGwsImVudGl0bGVtZW50IjpbXX0.LzzROlvqgi2ONfPVdgTqoDbpiW-QqQd2ZkhQNNNGaUYjJkN1jVi1DoolSCS9YkHpBOfn2lWMpYVqZinjlt2ToQ



==== 17/03/2026 16:09:25 - POST-URL ======

https://ebizapp01.licindia.in/BFFService/policy/policyInfo?_dc=1773743965295



==== 17/03/2026 16:09:26 - POST-URL ======

{"confirmationId":null,"status":"200","resultInfoList":null,"count":0,"policy":{"policyNumber":"709590218","planName":"Jeevan Rakshak","mode":"3","noOfDues":1,"premium":"1690.00","commenceDate":"2015-07-28","nameOfAssured":"G.K.Madanika L.A","agencyCode":"0090976F ","developmentOfficerCode":"315076","plan":"827","policyTerm":"20","firstUnpaidPremiumDate":"2026-04-28","cdCharge":"0","serviceBranch":"76F ","sumAssured":"200000","policyStatus":"21","dob":"2002-07-13","ageAtEntry":13,"planDetails":{"plan":827,"planType":null,"planDesc":null,"premiumDueDuration":6,"premiumDueDurationType":"M","payPremiumAdvance":30,"payPremiumAdvanceType":"D","gracePeriod":1,"gracePeriodType":"M","serviceTaxRateFirstYr":4.5,"serviceTaxRateNextYrs":2.25,"serviceTaxRateEduCess":0.0,"topUpAllowed":null,"multiplyTopupAmt":null,"topupLimitCriteria":null,"topupNoPayBefMaturity":null,"planCategory":"EN","freeCoverCond":null,"freeCoverFUP":null,"campaignStartDate":"2026-01-01","campaignEndDate":"2026-03-02","percentageofwaiver":30.0,"maxLimitofwaiver":3000.0,"waiversAllowedNum":1,"lateFeeWaiverInd":"Y","discountPercentFirstYr":null,"discountPercentSecondYr":null,"discountPercentThirdYr":null,"discountPercentSubYr":null,"discountFromDate":null,"discountToDate":null,"maxLimitWaiverFstYr":null,"maxLimitWaiverScndYr":null,"maxLimitWaiverThirdYr":null,"maxLimitWaiverSubYr":null,"discountParameter":null,"graceprdExtFlag":null,"graceprdExtFrmDate":null,"graceprdExtToDate":null,"graceprdPrcntWaiver":null,"maxWaiverLimitgraceprd":null,"gstCdCharge":0.0,"gstLateFeeRateFirstYr":18.0,"gstLateFeeRateNextYrs":18.0,"dateOfLaunch":"19/08/2014","beforeLaunch":"N","centralGSTPercentage":50,"discountPeriod":null,"discountPeriodType":null},"eligible":false,"lateFeeRequired":false,"recordId":"O","premiumPayingTerm":20,"policyBenefits":"200000","dueAmount":"1690.00","taxExemption":false,"age":"24","eserviceEligible":false,"policyUlip":false,"dateOfLastPayment":"2035-04-28","dateOfMaturity":"2035-07-28","statusShortDesc":"In Force","nav":"For NAV details please contact your Servicing Branch / Customer Zone","altChannelId":"0 ","riderPolicy":false,"minorChild":false,"accountingBookCode":1,"payedPolicy":false,"advancePayedPolicy":false,"lastAccountDate":"2026-03-17","noBonusYears":99,"bonusInfo":{"totalRevBonus":0,"totalInterimBonus":0,"totalFAB":0,"totalGuaranty":0,"totalLoyalty":0,"totalOneTimeBonus":0.00,"messageCode":null,"calulationSheetHTML":"","calulationSheetText":""},"isSpotRevivalAllowed":false,"discountApplicable":false,"advancePaymetEligible":true,"maturitySumAssured":0,"gstInNumber":"null","transactionAllowed":true,"dateOfShowMaturity":"2035-07-28","panFlag":false,"neftFlag":false,"itPan":"","neftStatus":"N","titleCode":"null","premiumGapFlag":false,"dghPolicyFlag":false,"policyExitStatus":false,"serviceRequestFlag":false,"nriGstFlag":false,"fyEndDate":"2026-06-15"},"person":{"policyNo":709590218,"birthDate":"2002-07-13","fullName":"G.K.Madanika L.A","sex":"F","shortName":"Madanika G K","age":"13","profileMobileNo":null,"profileEmail":null,"profileUnMaskMobileNo":null,"profileUnMaskEmail":null},"address":{"policyNo":709590218,"address1":"D/O.Kumaresan P","address2":"3/205.Goundampalayathar Thottam","address3":"C.S.Puram Post ,Rasipuram Tk,Namak","addressId":1,"pin":637401},"branch":{"branchCode":"76F ","address1":"LIC OF INDIA - 76F","address2":"NAMAKKAL ROAD","address3":"RASIPURAM","branchIp":"10.128.42.194","branchName":"LIC of India, Rasipuram Br Office","city":null,"dcCode":"X070","divCode":70,"eaiIndication":"Y","emailId":"BO_76F@LICINDIA.COM","man":null,"odsIndication":"N","pin":null,"state":"null"},"agent":{"agencyCode":"0090976F ","address1":"D/O.K.Jayaraman,Jai Ganesh Lorry","address2":"Service,T.P.Kadu,Moolapallipatty.Po","address3":"Rasipuram.Tk & Namakkal .Dt.","agentName":"J.Renukadevi","birthDate":"1976-03-10","category":2,"city":null,"disabilityCode":1,"enteredDate":"2026-03-17T01:24:45.000+00:00","itaxPanNo":"ANZPR4228B","occupationCode":12,"pin":637406,"qualificationCode":3,"sex":"F"},"nominees":[],"billingInfo":{"policyNumber":"709590218","nameOfAssured":"G.K.Madanika L.A","planName":"Jeevan Rakshak","plan":827,"mode":"3","premium":1690,"sumAssured":200000,"status":null,"firstUnpaidPremiumDate":"2026-04-28","nextFup":null,"dueAmount":"1690.00","payedPolicy":false,"noOfDues":1,"eligible":false,"spotRevival":false},"policyContact":{"policyNo":709590218,"dataSource":"B","emailAddress":"null","enteredDate":"2025-09-12T20:00:13.976+00:00","mobileNo":"918608602549","countryCode":null,"telephoneNo":"null","panNo":null},"policyExtra":{"accumTerm":0},"policyAnnuity":null,"userRegistered":"N","assignmentDetails":[],"ulipExtra":{"giveCashAmount":null},"bonusErrorMessage":null,"qpayPolicy":{"policyNumber":"709590218","dob":"13/07/2002","emailId":null,"mobileNo":"8608602549","premium":"1690","key":"117823"}}



==== 17/03/2026 16:09:33 - GET-URL ======

https://mk-channel.licindia.in/Landing/



==== 17/03/2026 16:09:43 - OSTATTUS-RESPONSE-TOKEN ======

Nfr8BQJzQmcr7gLDam0P2DZxQFaUzOCj2Xx01ipmzCDgth4BRBmZaz1Lu2luvbY3OhK6Qvlk4F85P09B+kzEOuU21Tf8HDEhLCaHRJx4IClyJChetcqAZr5T/e1ltkcQ+htc650nyu3Y8v2cPmSUZ/lauWAP3hyuTIvI5eNDcx6FMjrHPgmXQZfgHHv07ropo16D0edQCyY9+f6X2Dwd6r+APFnsCJ0+rkufb+qykdrBrQCAITTNmDctoE6fOAp8849/tpZA8EZ9+8Q9/SlohvTwSYBCTxxdT5jA5z01BF+hwQfqdtLhw6t4Ik+JB/l5t+IBMHxSgwzvxoBdvcV0Z0SH6VovrhBVGZL+awOGof/c8kW0BJZ4xe5pCT3kpwCEadiEM2AtSdEKReMGtr2ApPfko01VKaxZZ0zsHwxF+1hHtlN/6RHLHwTvcJTLeZmFKFzK+7oReUY2QQeM46DdZW/5twC7+W7b19zaPWnbwNc8Y52BkqzjDga4GZmLkMAlrqDzZxlXMGu9LvBhVQbv+HDIEsxkjYSLz0I7hzxfwCUaICiNEFu2p/LiBqaVoFnQX434Ucz1N/H8f7ANo0VEd3avinkjoS9ANhcXvQwixfHRaz2U1zv2aSiKW0lGnhwolBFWCzr3Tqh6PLGX92ib+bS2ZNKNwxmTxf+2m+IojphCzOcArYvmB8YPDYh18a8iUcCKqgGYx6gWW9sQArS4fplXsBPk9DzZixHRnPirQ1ZrtVIC+hgGvAvpW/LPNNX/EffIuzcHnvKZl9TeUgA1Kx7B3CQCsiGQpoQkCaIU80Dlbf+IUwZvJ67VcgLCCacmjy1bjSXHGeUd4DnDkOBTfUkc6OhHoPEQOGeUpvCUaSlaWL48gJrrEf2mjRalLngttp1ttx/R0+v8FEZdueydIJYkPPJJGn/DkGEtAi5x9Krm2UrHenPTuN5U0MCVclftrVjdys0Jma40c52snQ7a23L/reeoS3jNRZhSh4o1kSjS1djMyz2Q851o/U7sPeWUd+9XI+S1+9sM22coCxyC5agkiTvY4Fvpp7TztV9f0ZFBcOsMdUgG1ODk36Xs4p8Ew8rzIqOxCNeJ6jt2pI9+DcixzXeqp0Cmk8E2UZy252uZVL8hGGmvHiKsgXBNGWX+QFtYOuhfSNiIM4s2hE88IlzFDW21ocVqtNwCyaOtgNW5HeO1bScSRwNcfZwAQrFvK1JS2YyxjuPylhlzw1WB16MgJsrxJDf6+qitcb1PXjKvrHGsniepttbf3VNB9ADogRHRWQvRJIqOUON4dlHiIm7D2Q8t3cKBMJ9NITdLcgn5YWjVSrbt9ehk3Sm8ldzvnmCv1srCJQYhOTnSJ/r1J79r/wGxIUlfTbjKv/WwB5vPSRb5O55WCOHg78bYqK6EhJ/6pQRQtpw5qXRCp9RwXJffZusIwKhNsodHo7kLQLzB2GcwApVjW/iKcbsSHSa7OIfShZioPf4Q5FkIyfZWpMnnPdZC5DrTqSwSA2jyT1+LKC1Syhe2AuzeHH9LM9ZzxIZR6ffvLhHmo6KM83R1xvcgWfWv8VjS9JiR5V/1PFvTR5q9dqRcOSUmHgjElRDlg7xJFVZ/KDXI3i8Y3/pYioE6DkGU69/DjI2SPinxjaruC3uocvOLZP1aowmE1K/8wG4606Jma36O32nh9NyQMD0ant0S7PC9UGN6+hMSaCj1koOtj0BlsjH2jINSuPVH1xZ5ZeesvNae+NXG7aoeZGwCDXsHWJJEdgJAQnJoOlimtiKd+gH2hjEKS/nkLci8NN/Re7IoQ6CJNtQ+8w+iVTJkWddTSMy3EIQetOVEax+pM2CA4wz0YJuCZYgUsNfohHP9t/iOq6pO7v3eILzpfcerFROOG34/qpBjPxrXfC73ynFAeWNo4ZLNrTzju/8PQde/NYMeyIwfbJ7fiVg+s2M9ZMqZo8aeLHLeJSSf7SrNyMlbV6ODkqrxwvPpACrZBABCdNUappSigmbGA8RzRaJp9A==



==== 17/03/2026 16:09:43 - OSTATTUS-RESPONSE-TOKEN ======

eyJhbGciOiJIUzUxMiJ9.eyJzdWIiOiJJREFNMjUxMDIwMjMxMDQ0MTg1MiIsImFnZW5jeV9jb2RlIjpudWxsLCJjcmVhdGVkIjoxNzczNzQzODcyMDA4LCJhY2Nlc3NfY29kZSI6ImV5SmhiR2NpT2lKU1V6STFOaUlzSW5SNWNDSTZJa3BYVkNKOS5leUp6ZFdJaU9pSkpSRUZOTWpVeE1ESXdNak14TURRME1UZzFNaUlzSW1adVlXMWxJam9pU1U1RVVrRktSVVZVSUZaSlNrRlpJRXRCVFVKTVJTSXNJblZ6WlhKemRHRjBkWE1pT2lJeElpd2laVzUwYVhSNWJHbHpkQ0k2V3lKTVNVTmZRMVZUVkU5TlJWSmZVRTlTVkVGTUlsMHNJbkp2YkdWeklqcGJJa1JQSWwwc0ltbHpjeUk2SWtGU1dDSXNJbTF2WW1sc1pTSTZJamN3TWpZd05qRTVPRFFpTENKaGRXUWlPaUprWldaaGRXeDBJaXdpYkc1aGJXVWlPaUpKVGtSU1FVcEZSVlFnVmtsS1FWa2dTMEZOUWt4Rklpd2lkWE5sY2xSNWNHVWlPaUl4SWl3aVpYaHdJam94Tnpjek56Y3lOak13TENKcFlYUWlPakUzTnpNM05ETTRNekFzSW1wMGFTSTZJbU5tTVdSaU5URm1MVFUxWVRNdE5HVTROeTFoT1RnMExUWTFaVGcxWWpNNU1qZGpaQ0lzSW1WdWRHbDBlU0k2SWt4SlExOURWVk5VVDAxRlVsOVFUMUpVUVV3aUxDSmxiV0ZwYkNJNkltbHVaSEpoYW1WbGRHdGhiV0pzWlRJeE0wQnNhV05wYm1ScFlTNWpiMjBpZlEuSVpJSXBLc0JYdGxlWVZBN1BaTVJsVHBreFljdHZJZFE2dG5hRkROUl9TUUlKb2FvSlB4TlJkZFE4elVIeXphNVFENjk3QUVueFhQVmVtLWVTclAzNUljZUt1Y1JYX1FqMXFZQk81VklhaW1OWEh4VFlpMmZiZWFnZW9aTTNBbmg1R05ueGdKenFhN1NWbEJkdmhZRGV2Y0VyblA0ZlNYbjgzZTdPc2oybjVmVW56cTBadUdKNGR6TlkzOVhBRERucE03Ukxzbm9SY2t0MnJnLWtBMlNrTmpJSTdnelliai00VWc2V2RHOVVTcjJKZWJ1cWdYcEpIOHdPaXp5cjg2VWRNX092TjE0ZWR4ZUdmWWJIRXNvNG1nUDVfZ2FyRWZMVzdpOHZwOUdaYTRvcmZlbEJFQkpZNWtGTjlKNGZBTHhBU2U5a1lQTWtaRkdtUjlDTGpxa1FnIiwicm9sZXMiOlsiRE8iXSwiY2xpZW50SXAiOm51bGwsImVudGl0bGVtZW50IjpbXX0.hWIqJqOMf0npcdamGBvGw5Dx6zKi1bVzTCsLhzHIqNSLr8wDr-N7EyGflNfogONsWXRXjU7-M1-DF3gZ2Z_EZw



==== 17/03/2026 16:09:43 - POST-URL ======

https://ebizapp01.licindia.in/BFFService/policy/policyInfo?_dc=1773743983423



==== 17/03/2026 16:09:44 - POST-URL ======

{"confirmationId":null,"status":"200","resultInfoList":null,"count":0,"policy":{"policyNumber":"704148130","planName":"Jeevan Anand","mode":"6","noOfDues":1,"premium":"7518.00","commenceDate":"2009-10-26","nameOfAssured":"J Karthick","agencyCode":"0090976F ","developmentOfficerCode":"312076","plan":"149","policyTerm":"81","firstUnpaidPremiumDate":"2026-04-26","cdCharge":"0","serviceBranch":"76F ","sumAssured":"300000","policyStatus":"21","dob":"1990-06-18","ageAtEntry":19,"planDetails":{"plan":149,"planType":null,"planDesc":null,"premiumDueDuration":6,"premiumDueDurationType":"M","payPremiumAdvance":30,"payPremiumAdvanceType":"D","gracePeriod":1,"gracePeriodType":"M","serviceTaxRateFirstYr":4.5,"serviceTaxRateNextYrs":2.25,"serviceTaxRateEduCess":null,"topUpAllowed":null,"multiplyTopupAmt":null,"topupLimitCriteria":null,"topupNoPayBefMaturity":null,"planCategory":"ENP","freeCoverCond":null,"freeCoverFUP":null,"campaignStartDate":"2026-01-01","campaignEndDate":"2026-03-02","percentageofwaiver":30.0,"maxLimitofwaiver":3000.0,"waiversAllowedNum":1,"lateFeeWaiverInd":"Y","discountPercentFirstYr":3.0,"discountPercentSecondYr":2.0,"discountPercentThirdYr":1.0,"discountPercentSubYr":2.0,"discountFromDate":"2017-07-05","discountToDate":"2017-07-06","maxLimitWaiverFstYr":5.0,"maxLimitWaiverScndYr":4.0,"maxLimitWaiverThirdYr":3.0,"maxLimitWaiverSubYr":2.0,"discountParameter":null,"graceprdExtFlag":null,"graceprdExtFrmDate":null,"graceprdExtToDate":null,"graceprdPrcntWaiver":null,"maxWaiverLimitgraceprd":null,"gstCdCharge":0.0,"gstLateFeeRateFirstYr":18.0,"gstLateFeeRateNextYrs":18.0,"dateOfLaunch":"02/01/2002","beforeLaunch":"Y","centralGSTPercentage":50,"discountPeriod":null,"discountPeriodType":null},"eligible":false,"lateFeeRequired":false,"recordId":"O","premiumPayingTerm":21,"policyBenefits":"300000","dueAmount":"7518.00","taxExemption":false,"age":"36","eserviceEligible":false,"policyUlip":false,"dateOfLastPayment":"2030-04-26","dateOfMaturity":"2090-10-26","statusShortDesc":"In Force","nav":"For NAV details please contact your Servicing Branch / Customer Zone","altChannelId":"00","riderPolicy":false,"minorChild":false,"accountingBookCode":1,"payedPolicy":false,"advancePayedPolicy":false,"lastAccountDate":"2025-12-08","noBonusYears":0,"bonusInfo":{"totalRevBonus":228000,"totalInterimBonus":0,"totalFAB":0,"totalGuaranty":0,"totalLoyalty":0,"totalOneTimeBonus":0.00,"messageCode":null,"calulationSheetHTML":"<table border=1><tr class=grey-bg><td>From</td><td>Upto</td><td>Year</td><td>Type</td><td>Factor</td><td>Rate</td><td>Bonus </td></tr><tr class=grey-bg><td>2009-10-26</td><td>2010-10-26</td><td>2010</td><td>V</td><td>1.0</td><td>45.00</td><td>13500.00</td></tr><tr class=grey-bg><td>2010-10-26</td><td>2011-10-26</td><td>2011</td><td>V</td><td>1.0</td><td>47.00</td><td>14100.00</td></tr><tr class=grey-bg><td>2011-10-26</td><td>2012-10-26</td><td>2012</td><td>V</td><td>1.0</td><td>47.00</td><td>14100.00</td></tr><tr class=grey-bg><td>2012-10-26</td><td>2013-10-26</td><td>2013</td><td>V</td><td>1.0</td><td>48.00</td><td>14400.00</td></tr><tr class=grey-bg><td>2013-10-26</td><td>2014-10-26</td><td>2014</td><td>V</td><td>1.0</td><td>48.00</td><td>14400.00</td></tr><tr class=grey-bg><td>2014-10-26</td><td>2015-10-26</td><td>2015</td><td>V</td><td>1.0</td><td>49.00</td><td>14700.00</td></tr><tr class=grey-bg><td>2015-10-26</td><td>2016-10-26</td><td>2016</td><td>V</td><td>1.0</td><td>59.00</td><td>14700.00</td></tr><tr class=grey-bg><td>2015-10-26</td><td>2016-10-26</td><td>2016</td><td>O</td><td>1.0</td><td>10.00</td><td>3000.00</td></tr><tr class=grey-bg><td>2016-10-26</td><td>2017-10-26</td><td>2017</td><td>V</td><td>1.0</td><td>49.00</td><td>14700.00</td></tr><tr class=grey-bg><td>2017-10-26</td><td>2018-10-26</td><td>2018</td><td>V</td><td>1.0</td><td>49.00</td><td>14700.00</td></tr><tr class=grey-bg><td>2018-10-26</td><td>2019-10-26</td><td>2019</td><td>V</td><td>1.0</td><td>49.00</td><td>14700.00</td></tr><tr class=grey-bg><td>2019-10-26</td><td>2020-10-26</td><td>2020</td><td>V</td><td>1.0</td><td>45.00</td><td>13500.00</td></tr><tr class=grey-bg><td>2020-10-26</td><td>2021-10-26</td><td>2021</td><td>V</td><td>1.0</td><td>45.00</td><td>13500.00</td></tr><tr class=grey-bg><td>2021-10-26</td><td>2022-10-26</td><td>2022</td><td>V</td><td>1.0</td><td>45.00</td><td>13500.00</td></tr><tr class=grey-bg><td>2022-10-26</td><td>2023-10-26</td><td>2023</td><td>V</td><td>1.0</td><td>45.00</td><td>13500.00</td></tr><tr class=grey-bg><td>2023-10-26</td><td>2024-10-26</td><td>2024</td><td>V</td><td>1.0</td><td>45.00</td><td>13500.00</td></tr><tr class=grey-bg><td>2024-10-26</td><td>2025-10-26</td><td>2025</td><td>V</td><td>1.0</td><td>45.00</td><td>13500.00</td></tr><tr class=grey-bg><td>2025-10-26</td><td>2026-04-26</td><td>2025</td><td>I</td><td>0.0</td><td>45.00</td><td>0.00</td></tr><tr class=grey-bg><td colspan=7>Total Rev Bonus : 228000.00   Total Interim Bonus : 0.00</td></tr></table> ","calulationSheetText":"From        Upto        Year Type Factor  Rate     Bonus \r\n2009-10-26  2010-10-26  2010  V     1.0   45.00    13500.00\r\n2010-10-26  2011-10-26  2011  V     1.0   47.00    14100.00\r\n2011-10-26  2012-10-26  2012  V     1.0   47.00    14100.00\r\n2012-10-26  2013-10-26  2013  V     1.0   48.00    14400.00\r\n2013-10-26  2014-10-26  2014  V     1.0   48.00    14400.00\r\n2014-10-26  2015-10-26  2015  V     1.0   49.00    14700.00\r\n2015-10-26  2016-10-26  2016  V     1.0   59.00    14700.00\r\n2015-10-26  2016-10-26  2016  O     1.0   10.00    3000.00\r\n2016-10-26  2017-10-26  2017  V     1.0   49.00    14700.00\r\n2017-10-26  2018-10-26  2018  V     1.0   49.00    14700.00\r\n2018-10-26  2019-10-26  2019  V     1.0   49.00    14700.00\r\n2019-10-26  2020-10-26  2020  V     1.0   45.00    13500.00\r\n2020-10-26  2021-10-26  2021  V     1.0   45.00    13500.00\r\n2021-10-26  2022-10-26  2022  V     1.0   45.00    13500.00\r\n2022-10-26  2023-10-26  2023  V     1.0   45.00    13500.00\r\n2023-10-26  2024-10-26  2024  V     1.0   45.00    13500.00\r\n2024-10-26  2025-10-26  2025  V     1.0   45.00    13500.00\r\n2025-10-26  2026-04-26  2025  I     0.0   45.00    0.00\r\n   Total Rev Bonus : 228000.00   Total Interim Bonus : 0.00\r\n "},"isSpotRevivalAllowed":false,"discountApplicable":false,"advancePaymetEligible":true,"maturitySumAssured":0,"gstInNumber":"null","transactionAllowed":true,"dateOfShowMaturity":"2090-10-26","panFlag":true,"neftFlag":false,"itPan":"CX******3D","neftStatus":"N","titleCode":"1","premiumGapFlag":false,"dghPolicyFlag":false,"policyExitStatus":false,"serviceRequestFlag":false,"nriGstFlag":false,"fyEndDate":"2026-06-15"},"person":{"policyNo":704148130,"birthDate":"1990-06-18","fullName":"J Karthick","sex":"M","shortName":"Karthick J","age":"19","profileMobileNo":null,"profileEmail":null,"profileUnMaskMobileNo":null,"profileUnMaskEmail":null},"address":{"policyNo":704148130,"address1":"S/O.Jayapal, Veeran Kadu","address2":"P.M.Palayam.Po,","address3":"Rasipuram.Tk, Namakkal.Dt","addressId":1,"pin":637408},"branch":{"branchCode":"76F ","address1":"LIC OF INDIA - 76F","address2":"NAMAKKAL ROAD","address3":"RASIPURAM","branchIp":"10.128.42.194","branchName":"LIC of India, Rasipuram Br Office","city":null,"dcCode":"X070","divCode":70,"eaiIndication":"Y","emailId":"BO_76F@LICINDIA.COM","man":null,"odsIndication":"N","pin":null,"state":"null"},"agent":{"agencyCode":"0090976F ","address1":"D/O.K.Jayaraman,Jai Ganesh Lorry","address2":"Service,T.P.Kadu,Moolapallipatty.Po","address3":"Rasipuram.Tk & Namakkal .Dt.","agentName":"J.Renukadevi","birthDate":"1976-03-10","category":2,"city":null,"disabilityCode":1,"enteredDate":"2026-03-17T01:24:45.000+00:00","itaxPanNo":"ANZPR4228B","occupationCode":12,"pin":637406,"qualificationCode":3,"sex":"F"},"nominees":[{"policyNo":704148130,"nomineeAge":58,"nomineeDob":null,"nomineeId":1,"nomineeName":"PALANIVEL","nomineeRegistrationDate":null,"nomineeRelation":"X","nomineeShare":100,"nomineeStatus":"B"}],"billingInfo":{"policyNumber":"704148130","nameOfAssured":"J Karthick","planName":"Jeevan Anand","plan":149,"mode":"6","premium":7518,"sumAssured":300000,"status":null,"firstUnpaidPremiumDate":"2026-04-26","nextFup":null,"dueAmount":"7518.00","payedPolicy":false,"noOfDues":1,"eligible":false,"spotRevival":false},"policyContact":{"policyNo":704148130,"dataSource":"B","emailAddress":"karthick168@gmail.com                   ","enteredDate":"2025-12-09T20:00:13.687+00:00","mobileNo":"918015265874","countryCode":null,"telephoneNo":"null","panNo":null},"policyExtra":{"accumTerm":0},"policyAnnuity":null,"userRegistered":"N","assignmentDetails":[],"ulipExtra":{"giveCashAmount":null},"bonusErrorMessage":null,"qpayPolicy":{"policyNumber":"704148130","dob":"18/06/1990","emailId":"karthick168@gmail.com","mobileNo":"8015265874","premium":"7518","key":"319679"}}



==== 17/03/2026 16:09:54 - GET-URL ======

https://mk-channel.licindia.in/Landing/



==== 17/03/2026 16:10:08 - OSTATTUS-RESPONSE-TOKEN ======

gd9WA5tYehotziKkMg6Cs1S8JDiNU5lYSagGYE9F57h6lL67n3ROmkQdjFODg5z3AIN8//p89wYtrwuR2vjE70pi+EAog5XokqeDjUwFb4Srq6bPc8SmiS14XrqkP4VoN/d7ROXw2olS7uRoFkjMWooLeei5UJoUxTZJ/MWY180LAdugXxEhCZ2AyjtSHugBJUVz8BkLfm2zmrnlSqmkFS+ZBYNV/g4OJmFZEtJb4Lcj34Rp9CspIkXODetN2p8ReWbsRAEMAfOqO6cJ3epsOCffIQTkmv5CxrgTVcjDdPT99BZe+54TZ1FcqTiagDLjRfLHmQXnnoNFaQa+1Gp7l34v1Ufiu48yzSbYKRiWzx7JsgIPg/C/7qrfEbiV5oAxISesxfsHVoESrkn+Akm0sgUSRAmyCorftjs87eNTSLVPzme8LyjViNoeUukj6EoCCzO/IudqboHu8lv128GQ4jsu5B7vRhEH6vcCCaGomPgiaE3gXG3HNxJ5Pu2Zb+Idr2ALzT7W9kj7n8fvvniQRxrsU9v5uqZnPz7slST4+h4F9VV7BLyJ6lGCwyPtbpHXwDzp9eRihConbOv8ElgSQyZEG6NNof5QEPeYx+7qD4LkS0lC0KkwwPshb38VwmyYc0jJBtEcDW+iPt9x9FNUHYuJigSlf8cDrTOPgrMAmdTHQvM3gL3XptBuTKDDCOUzi3egzoUq5PxaTJMRcTydToH+tw0orU9KrBRjYAQWz1V77atf5mySQstzX+duhOtkmJTesnn+6DF2mgUa9fcuHlHueR4wPqQswR8W217oX12QPTGFLXwx2zXdvGjh6fZCskRBLpJi0g8WK7WAIZXSIPaLzGnTVV7PX2eJZTEsgbF948V8qUhU9nmA7AxFQoKtUy51NPV3PRmUttSWfzWCQjUNnRKNZ8UVJSseLffsn2FZ9/rIpfX3YxLs/6zEXR96p3ZLHqAv9viiQJbgbSPcSO+0uWlNU87hfySt6d3WfpGKdCraKp6Tn3c6/4/Qtk7aqqBbIxutYAMKw/o5JnER82a4cKEn0Y41kjhnDS3TCFlLyeiN00deB16Lhz1G0CYDOWqrdXq5T38XpOhZ9zJes6Wpy+ds8nnvgd3qliPlDatkvBWd88fLRqyY/oiQn9ddt5kyqwke1lnNFQzH7g71cKaqgps+PJ4ZBItYuXgkWvZ7Jd8XUpCvwMhWvY5CHLcQdL7Bewv9iF13ZpsgKY2zoWs3fv0jN6OFeMU6pk8Uw7JS95c2+eQk11EtJraVsetq6b8laxKl8VH20nnm78gm6IKMEpgT4xWzoDPCg2ofurXMK/euMba3w+xqzYmbzwhzlY1sLDK5iMEmOy0a81o0qZ3c8RaVLdepI1eeOmvGN1yOCaLbqoHBL3p4QTBeTaxiHIhWM/SNE3CI0BqIAHCm0dzIAB5GbzXpxudkFqGJHkogheBbMpCj/0croRW1qOK3urvL/xB1v/kk6SMFS1JLSzyEiHVKrugSvnVhw+4nyQ+gZ2azPJ6Ido/GHQU5Mt8mi26cUI2VSFjdsmSl0oivqk9IU4Cy17eARURCf9w+Fe+23FBGnxZBg4tuXEdjcIbyQSWgMui5BrB6yuUqvAY3IzgwbKqmAlSSgLi/F/DJPpNnjsgaCTT/EpaFVPQ11g2E8MWjhJIIH5zqYQvP7OqABdNCy72Gvr07yrtkRHuT/WaWQP0v9YCReL4atBhL/7jkZxrt6FAI3H3f6YKuvwnTDc9amt6Uj6wc/WgW+ywLBSKm9zUXHbjdrTZ1r71sbKlCo5lwWQZ7h4ZnyacC8suGyhw0Bfew3ptpzOKMQc+Bk96wdGQn8Aq/8xf1prORvURVUut14zvxPu7hyk4hBIzO8hTi8yIBbHp1qpbnLik+0M4TuXnT+2kJfnJXHvhabyC3AKEdaM2CbRGnLbFvWEsSen5ybHBWlh6zQBqs4JIntVvvXbqMqwK0QevAcuPCyf5nMOe56uw78F+2SX2whJaNELB+RA==



==== 17/03/2026 16:10:08 - OSTATTUS-RESPONSE-TOKEN ======

eyJhbGciOiJIUzUxMiJ9.eyJzdWIiOiJJREFNMjUxMDIwMjMxMDQ0MTg1MiIsImFnZW5jeV9jb2RlIjpudWxsLCJjcmVhdGVkIjoxNzczNzQzODcyMDA4LCJhY2Nlc3NfY29kZSI6ImV5SmhiR2NpT2lKU1V6STFOaUlzSW5SNWNDSTZJa3BYVkNKOS5leUp6ZFdJaU9pSkpSRUZOTWpVeE1ESXdNak14TURRME1UZzFNaUlzSW1adVlXMWxJam9pU1U1RVVrRktSVVZVSUZaSlNrRlpJRXRCVFVKTVJTSXNJblZ6WlhKemRHRjBkWE1pT2lJeElpd2laVzUwYVhSNWJHbHpkQ0k2V3lKTVNVTmZRMVZUVkU5TlJWSmZVRTlTVkVGTUlsMHNJbkp2YkdWeklqcGJJa1JQSWwwc0ltbHpjeUk2SWtGU1dDSXNJbTF2WW1sc1pTSTZJamN3TWpZd05qRTVPRFFpTENKaGRXUWlPaUprWldaaGRXeDBJaXdpYkc1aGJXVWlPaUpKVGtSU1FVcEZSVlFnVmtsS1FWa2dTMEZOUWt4Rklpd2lkWE5sY2xSNWNHVWlPaUl4SWl3aVpYaHdJam94Tnpjek56Y3lOak13TENKcFlYUWlPakUzTnpNM05ETTRNekFzSW1wMGFTSTZJbU5tTVdSaU5URm1MVFUxWVRNdE5HVTROeTFoT1RnMExUWTFaVGcxWWpNNU1qZGpaQ0lzSW1WdWRHbDBlU0k2SWt4SlExOURWVk5VVDAxRlVsOVFUMUpVUVV3aUxDSmxiV0ZwYkNJNkltbHVaSEpoYW1WbGRHdGhiV0pzWlRJeE0wQnNhV05wYm1ScFlTNWpiMjBpZlEuSVpJSXBLc0JYdGxlWVZBN1BaTVJsVHBreFljdHZJZFE2dG5hRkROUl9TUUlKb2FvSlB4TlJkZFE4elVIeXphNVFENjk3QUVueFhQVmVtLWVTclAzNUljZUt1Y1JYX1FqMXFZQk81VklhaW1OWEh4VFlpMmZiZWFnZW9aTTNBbmg1R05ueGdKenFhN1NWbEJkdmhZRGV2Y0VyblA0ZlNYbjgzZTdPc2oybjVmVW56cTBadUdKNGR6TlkzOVhBRERucE03Ukxzbm9SY2t0MnJnLWtBMlNrTmpJSTdnelliai00VWc2V2RHOVVTcjJKZWJ1cWdYcEpIOHdPaXp5cjg2VWRNX092TjE0ZWR4ZUdmWWJIRXNvNG1nUDVfZ2FyRWZMVzdpOHZwOUdaYTRvcmZlbEJFQkpZNWtGTjlKNGZBTHhBU2U5a1lQTWtaRkdtUjlDTGpxa1FnIiwicm9sZXMiOlsiRE8iXSwiY2xpZW50SXAiOm51bGwsImVudGl0bGVtZW50IjpbXX0.hWIqJqOMf0npcdamGBvGw5Dx6zKi1bVzTCsLhzHIqNSLr8wDr-N7EyGflNfogONsWXRXjU7-M1-DF3gZ2Z_EZw



==== 17/03/2026 16:10:08 - POST-URL ======

https://ebizapp01.licindia.in/BFFService/policy/policyInfo?_dc=1773744008980



==== 17/03/2026 16:10:10 - POST-URL ======

{"confirmationId":null,"status":"200","resultInfoList":null,"count":0,"policy":{"policyNumber":"308660168","planName":"LIC's Jeevan Umang","mode":"12","noOfDues":1,"premium":"97992.00","commenceDate":"2019-10-20","nameOfAssured":"T.Selvi","agencyCode":"0090976F ","developmentOfficerCode":"315076","plan":"845","policyTerm":"60","firstUnpaidPremiumDate":"2025-10-20","cdCharge":"0","serviceBranch":"76F ","sumAssured":"1250000","policyStatus":"21","dob":"1979-06-19","ageAtEntry":40,"planDetails":{"plan":845,"planType":null,"planDesc":null,"premiumDueDuration":6,"premiumDueDurationType":"M","payPremiumAdvance":30,"payPremiumAdvanceType":"D","gracePeriod":1,"gracePeriodType":"M","serviceTaxRateFirstYr":4.5,"serviceTaxRateNextYrs":2.25,"serviceTaxRateEduCess":null,"topUpAllowed":null,"multiplyTopupAmt":null,"topupLimitCriteria":null,"topupNoPayBefMaturity":null,"planCategory":null,"freeCoverCond":null,"freeCoverFUP":null,"campaignStartDate":"2026-01-01","campaignEndDate":"2026-03-02","percentageofwaiver":30.0,"maxLimitofwaiver":3000.0,"waiversAllowedNum":1,"lateFeeWaiverInd":"Y","discountPercentFirstYr":null,"discountPercentSecondYr":null,"discountPercentThirdYr":null,"discountPercentSubYr":null,"discountFromDate":null,"discountToDate":null,"maxLimitWaiverFstYr":null,"maxLimitWaiverScndYr":null,"maxLimitWaiverThirdYr":null,"maxLimitWaiverSubYr":null,"discountParameter":null,"graceprdExtFlag":null,"graceprdExtFrmDate":null,"graceprdExtToDate":null,"graceprdPrcntWaiver":null,"maxWaiverLimitgraceprd":null,"gstCdCharge":0.0,"gstLateFeeRateFirstYr":18.0,"gstLateFeeRateNextYrs":18.0,"dateOfLaunch":"16/05/2017","beforeLaunch":"N","centralGSTPercentage":50,"discountPeriod":null,"discountPeriodType":null},"eligible":true,"lateFeeRequired":false,"recordId":"O","premiumPayingTerm":15,"policyBenefits":"1250000","dueAmount":"97992.00","taxExemption":false,"age":"47","eserviceEligible":false,"policyUlip":false,"dateOfLastPayment":"2033-10-20","dateOfMaturity":"2079-10-20","statusShortDesc":"In Force","nav":"For NAV details please contact your Servicing Branch / Customer Zone","altChannelId":"0 ","riderPolicy":false,"minorChild":false,"accountingBookCode":1,"payedPolicy":false,"advancePayedPolicy":false,"lastAccountDate":"2025-03-12","noBonusYears":0,"bonusInfo":{"totalRevBonus":427500,"totalInterimBonus":0,"totalFAB":0,"totalGuaranty":0,"totalLoyalty":0,"totalOneTimeBonus":0.00,"messageCode":null,"calulationSheetHTML":"<table border=1><tr class=grey-bg><td>From</td><td>Upto</td><td>Year</td><td>Type</td><td>Factor</td><td>Rate</td><td>Bonus </td></tr><tr class=grey-bg><td>2019-10-20</td><td>2020-10-20</td><td>2020</td><td>V</td><td>1.0</td><td>57.00</td><td>71250.00</td></tr><tr class=grey-bg><td>2020-10-20</td><td>2021-10-20</td><td>2021</td><td>V</td><td>1.0</td><td>57.00</td><td>71250.00</td></tr><tr class=grey-bg><td>2021-10-20</td><td>2022-10-20</td><td>2022</td><td>V</td><td>1.0</td><td>57.00</td><td>71250.00</td></tr><tr class=grey-bg><td>2022-10-20</td><td>2023-10-20</td><td>2023</td><td>V</td><td>1.0</td><td>57.00</td><td>71250.00</td></tr><tr class=grey-bg><td>2023-10-20</td><td>2024-10-20</td><td>2024</td><td>V</td><td>1.0</td><td>57.00</td><td>71250.00</td></tr><tr class=grey-bg><td>2024-10-20</td><td>2025-10-20</td><td>2025</td><td>V</td><td>1.0</td><td>57.00</td><td>71250.00</td></tr><tr class=grey-bg><td colspan=7>Total Rev Bonus : 427500.00   Total Interim Bonus : 0.00</td></tr></table> ","calulationSheetText":"From        Upto        Year Type Factor  Rate     Bonus \r\n2019-10-20  2020-10-20  2020  V     1.0   57.00    71250.00\r\n2020-10-20  2021-10-20  2021  V     1.0   57.00    71250.00\r\n2021-10-20  2022-10-20  2022  V     1.0   57.00    71250.00\r\n2022-10-20  2023-10-20  2023  V     1.0   57.00    71250.00\r\n2023-10-20  2024-10-20  2024  V     1.0   57.00    71250.00\r\n2024-10-20  2025-10-20  2025  V     1.0   57.00    71250.00\r\n   Total Rev Bonus : 427500.00   Total Interim Bonus : 0.00\r\n "},"isSpotRevivalAllowed":false,"discountApplicable":false,"advancePaymetEligible":false,"maturitySumAssured":0,"gstInNumber":"null","transactionAllowed":true,"dateOfShowMaturity":"2079-10-20","panFlag":true,"neftFlag":false,"itPan":"AV******5M","neftStatus":"N","titleCode":"1","premiumGapFlag":false,"dghPolicyFlag":false,"policyExitStatus":false,"serviceRequestFlag":false,"nriGstFlag":false,"fyEndDate":"2026-03-31"},"person":{"policyNo":308660168,"birthDate":"1979-06-19","fullName":"T.Selvi","sex":"F","shortName":"Selvi T","age":"40","profileMobileNo":null,"profileEmail":null,"profileUnMaskMobileNo":null,"profileUnMaskEmail":null},"address":{"policyNo":308660168,"address1":"W/O.S.Thilageswaran","address2":"27b3.Veerappan St","address3":"R.P.Pudur Namakkal Po Tk","addressId":1,"pin":637001},"branch":{"branchCode":"76F ","address1":"LIC OF INDIA - 76F","address2":"NAMAKKAL ROAD","address3":"RASIPURAM","branchIp":"10.128.42.194","branchName":"LIC of India, Rasipuram Br Office","city":null,"dcCode":"X070","divCode":70,"eaiIndication":"Y","emailId":"BO_76F@LICINDIA.COM","man":null,"odsIndication":"N","pin":null,"state":"null"},"agent":{"agencyCode":"0090976F ","address1":"D/O.K.Jayaraman,Jai Ganesh Lorry","address2":"Service,T.P.Kadu,Moolapallipatty.Po","address3":"Rasipuram.Tk & Namakkal .Dt.","agentName":"J.Renukadevi","birthDate":"1976-03-10","category":2,"city":null,"disabilityCode":1,"enteredDate":"2026-03-17T01:24:45.000+00:00","itaxPanNo":"ANZPR4228B","occupationCode":12,"pin":637406,"qualificationCode":3,"sex":"F"},"nominees":[{"policyNo":308660168,"nomineeAge":52,"nomineeDob":null,"nomineeId":1,"nomineeName":"S THILAGESWARAN","nomineeRegistrationDate":null,"nomineeRelation":"H","nomineeShare":100,"nomineeStatus":"B"}],"billingInfo":{"policyNumber":"308660168","nameOfAssured":"T.Selvi","planName":"LIC's Jeevan Umang","plan":845,"mode":"12","premium":97992,"sumAssured":1250000,"status":null,"firstUnpaidPremiumDate":"2025-10-20","nextFup":null,"dueAmount":"97992.00","payedPolicy":false,"noOfDues":1,"eligible":true,"spotRevival":false},"policyContact":{"policyNo":308660168,"dataSource":"B","emailAddress":"null","enteredDate":"2025-03-13T20:00:10.271+00:00","mobileNo":"919442647968","countryCode":null,"telephoneNo":"null","panNo":null},"policyExtra":{"accumTerm":0},"policyAnnuity":null,"userRegistered":"N","assignmentDetails":[],"ulipExtra":{"giveCashAmount":null},"bonusErrorMessage":null,"qpayPolicy":{"policyNumber":"308660168","dob":"19/06/1979","emailId":null,"mobileNo":"9442647968","premium":"97992","key":"569215"}}



==== 17/03/2026 16:10:17 - GET-URL ======

https://mk-channel.licindia.in/Landing/



==== 17/03/2026 16:10:41 - POST-URL ======

https://ebizapp01.licindia.in/BFFService/policy/validateLoanInterestForm



==== 17/03/2026 16:12:09 - OSTATTUS-RESPONSE-TOKEN ======

77BBxagILzVEhsN8NJ56oHMZQkyTbnScJ9Fmj9PotI3w4YOPatJR4XB2PIRMx3iipzE1SEsytOuV32cMJjEoRxNN6OE7yF7MEHp74GzXSGHnZH88Z5Vrpd2cj3eD14/X5HKcs/vxD0HbExC2T+EVCUoVEkR8QoBngoneWCRgf/h3CjjmbCe77Tv1nzmtKeTktD5JhFa5U6sePNq/2Oj7/256u64/7eN350o7szwOOi7yMzFepFdWirKuJc/JqBVDC1a0N/FzinU1BWtrVGJDRvpsMqQTCatb2G3U2TlpNzr/Ztzt1KdWnPS5hP74GADF02Q+cGdC490vt0zZWjhvdhwA1ZFwJBShQtxBQ8FEsCwQxjWwQXO3Hi1A5NBR4YG18MLJjLmyi80X1NNmQRU3UUuqjfyKM0XZ7pgpe4MNTaLpq/c6pTNPg58Nv1k7h9s3TjONxMkIovfb5pBU9sqhzJby9E5Po4tesY0at23DqxqvO0yPz9xc3aMr90q+/B5r6s8aHkZ2osxVETsRnBInWTGu7lQkCkrFgbj1uBCatnwa++0nMDsOUIXh0Q/iiz3WgATsUVeDzB+7oKqkaTL6dWvGjSPdvi5KKa8wOP0riG991n+KVnTwUss3wUwQ+KxhGzAZbyDEkdBe5BIN97TuAHQ0RPNFsZz73KZud57kGVYjdR7Ciao6Cs3698j8LC3pzClNx9X2M5wN/usW1mC+lVNZs0NLfh45rfcsWS6nWEcYij44rBYRofNJOl9klDINn+dXzL0miz69BbZCH1i0zq/Vl6hH931q8zEn8PDOjjmBQk3YO8mrO2z7QwvKkfOXaoq35XLA/f7rKAjHb6hPSusZL3vFp2abZArzmPsgMSlxDi9J24VoLKGLTUyl6AI3Gic7S6u17+vK6NQkUKeXkg1T9Bq6Tp2xgUi5IVb01gi0VFTRKtO6yWskTw/GMpDHQwXfkAc1JTt9vOceRYqJxWpe5T1bN4/T0ZfB7WxUH9tJu6ZDRbwXZrIuQVh4ryY0HN0pTEO0SfLDdWhFESlUFgdodPVxz8ZMAOYTXL5+27vk7VhuwCg2XDEnemB22lm9kTvev319xtmRz2dwVQWYPedwfSIXbx5ceCCTq2bSrBtetk+/it9QYRccp3usJAZe8NlNgCuNcBity3DBpp5OykM6dGzAW98G7RDMmyZ0uRDZehGgzWMcBR4pMOemB2OAmG/IgXC7nk3PXLizq/IjJx3R1Dvx2NgTp3namnSzrfMekL7wuVLZJ/7PB9PWsTlbR+zGbXAchIGTidkyMhQbmorOjrG9aBZ2959F358eCEnZyrnUVOa+bByLq4FHzWHkzthXbMoDeQVEHc5qFBhZcHWfAakxw6/AoISF+N7UiXI/FziSuVzFZk2/kGqmDXCRbfdnFvkn/rpd5f+SHObdh1F3f5AGTlah9GOQzbCpFeLr0aeUITCEnVXh24KKzW3vq7Acb5pDQ9n7ym8OLi6a8hMxL5jUq2cXpyTZnh3Zh354RPERsw9GcZxaae+EYE/V/Y3PglBFjteYqOqhnWqalxVEol9gt5qXWZ3y5XQHUTMe8lO05XnGPCb/NiuoNHGNM+Di1pwOr7KSyfVe3va/EUYjVNYboLEeKrT4iVvqfQ769Yg8WV2qA9rCP7A9/F3+xqfHe43FdMmKNHifTOWDQ5716zH+O/XPRtk0krgkMl4C3a4yOuBeiex3PGuQsrTzTJ7NgLf/TeQ8bzT/11LiZHCulE5PyYEfoc17FkoQIs/mOdvcDN4gKs4ozSLTmIFpj5MbtnQw6P9Dc0xXCAwpnJc4yFTq5hkim+Jed2w3axqFD1vNRBr6lCmJ2Kikdlh3M8MZr9Csp2V5Ovmr4wiEXF/l0/lV67B8PDex7T+kb6dedWcgGNQfiOQM1qeuTuoa0fe9wf8/9GmKHAOax2l94Gtcu7JvVdK/oaZiVAxpcgOHoEyBLpZDgLdZn13W8UUiXL6gJZPj3K03IDZKVdpMnbk3Cw==



==== 17/03/2026 16:12:09 - OSTATTUS-RESPONSE-TOKEN ======

eyJhbGciOiJIUzUxMiJ9.eyJzdWIiOiJJREFNMjUxMDIwMjMxMDQ0MTg1MiIsImFnZW5jeV9jb2RlIjpudWxsLCJjcmVhdGVkIjoxNzczNzQzODcyMDA4LCJhY2Nlc3NfY29kZSI6ImV5SmhiR2NpT2lKU1V6STFOaUlzSW5SNWNDSTZJa3BYVkNKOS5leUp6ZFdJaU9pSkpSRUZOTWpVeE1ESXdNak14TURRME1UZzFNaUlzSW1adVlXMWxJam9pU1U1RVVrRktSVVZVSUZaSlNrRlpJRXRCVFVKTVJTSXNJblZ6WlhKemRHRjBkWE1pT2lJeElpd2laVzUwYVhSNWJHbHpkQ0k2V3lKTVNVTmZRMVZUVkU5TlJWSmZVRTlTVkVGTUlsMHNJbkp2YkdWeklqcGJJa1JQSWwwc0ltbHpjeUk2SWtGU1dDSXNJbTF2WW1sc1pTSTZJamN3TWpZd05qRTVPRFFpTENKaGRXUWlPaUprWldaaGRXeDBJaXdpYkc1aGJXVWlPaUpKVGtSU1FVcEZSVlFnVmtsS1FWa2dTMEZOUWt4Rklpd2lkWE5sY2xSNWNHVWlPaUl4SWl3aVpYaHdJam94Tnpjek56Y3lOak13TENKcFlYUWlPakUzTnpNM05ETTRNekFzSW1wMGFTSTZJbU5tTVdSaU5URm1MVFUxWVRNdE5HVTROeTFoT1RnMExUWTFaVGcxWWpNNU1qZGpaQ0lzSW1WdWRHbDBlU0k2SWt4SlExOURWVk5VVDAxRlVsOVFUMUpVUVV3aUxDSmxiV0ZwYkNJNkltbHVaSEpoYW1WbGRHdGhiV0pzWlRJeE0wQnNhV05wYm1ScFlTNWpiMjBpZlEuSVpJSXBLc0JYdGxlWVZBN1BaTVJsVHBreFljdHZJZFE2dG5hRkROUl9TUUlKb2FvSlB4TlJkZFE4elVIeXphNVFENjk3QUVueFhQVmVtLWVTclAzNUljZUt1Y1JYX1FqMXFZQk81VklhaW1OWEh4VFlpMmZiZWFnZW9aTTNBbmg1R05ueGdKenFhN1NWbEJkdmhZRGV2Y0VyblA0ZlNYbjgzZTdPc2oybjVmVW56cTBadUdKNGR6TlkzOVhBRERucE03Ukxzbm9SY2t0MnJnLWtBMlNrTmpJSTdnelliai00VWc2V2RHOVVTcjJKZWJ1cWdYcEpIOHdPaXp5cjg2VWRNX092TjE0ZWR4ZUdmWWJIRXNvNG1nUDVfZ2FyRWZMVzdpOHZwOUdaYTRvcmZlbEJFQkpZNWtGTjlKNGZBTHhBU2U5a1lQTWtaRkdtUjlDTGpxa1FnIiwicm9sZXMiOlsiRE8iXSwiY2xpZW50SXAiOm51bGwsImVudGl0bGVtZW50IjpbXX0.hWIqJqOMf0npcdamGBvGw5Dx6zKi1bVzTCsLhzHIqNSLr8wDr-N7EyGflNfogONsWXRXjU7-M1-DF3gZ2Z_EZw



==== 17/03/2026 16:12:09 - POST-URL ======

https://ebizapp01.licindia.in/BFFService/policy/policyInfo?_dc=1773744129741



==== 17/03/2026 16:12:10 - POST-URL ======

{"confirmationId":null,"status":"200","resultInfoList":null,"count":0,"policy":{"policyNumber":"327417228","planName":"LIC's New Jeevan Labh Plan","mode":"6","noOfDues":1,"premium":"5951.00","commenceDate":"2024-03-22","nameOfAssured":"K Logajayanthi","agencyCode":"0090976F ","developmentOfficerCode":"87070","plan":"936","policyTerm":"21","firstUnpaidPremiumDate":"2026-03-22","cdCharge":"0","serviceBranch":"76F ","sumAssured":"200000","policyStatus":"21","dob":"1979-06-08","ageAtEntry":45,"planDetails":{"plan":936,"planType":null,"planDesc":null,"premiumDueDuration":6,"premiumDueDurationType":"M","payPremiumAdvance":30,"payPremiumAdvanceType":"D","gracePeriod":30,"gracePeriodType":"D","serviceTaxRateFirstYr":4.5,"serviceTaxRateNextYrs":2.25,"serviceTaxRateEduCess":0.0,"topUpAllowed":null,"multiplyTopupAmt":null,"topupLimitCriteria":null,"topupNoPayBefMaturity":null,"planCategory":"NORM","freeCoverCond":null,"freeCoverFUP":null,"campaignStartDate":"2026-01-01","campaignEndDate":"2026-03-02","percentageofwaiver":30.0,"maxLimitofwaiver":3000.0,"waiversAllowedNum":1,"lateFeeWaiverInd":"Y","discountPercentFirstYr":null,"discountPercentSecondYr":null,"discountPercentThirdYr":null,"discountPercentSubYr":null,"discountFromDate":null,"discountToDate":null,"maxLimitWaiverFstYr":null,"maxLimitWaiverScndYr":null,"maxLimitWaiverThirdYr":null,"maxLimitWaiverSubYr":null,"discountParameter":null,"graceprdExtFlag":null,"graceprdExtFrmDate":null,"graceprdExtToDate":null,"graceprdPrcntWaiver":null,"maxWaiverLimitgraceprd":null,"gstCdCharge":0.0,"gstLateFeeRateFirstYr":18.0,"gstLateFeeRateNextYrs":18.0,"dateOfLaunch":"01/02/2020","beforeLaunch":"N","centralGSTPercentage":50,"discountPeriod":null,"discountPeriodType":null},"eligible":true,"lateFeeRequired":false,"recordId":"O","premiumPayingTerm":15,"policyBenefits":"200000","dueAmount":"5951.00","taxExemption":false,"age":"47","eserviceEligible":false,"policyUlip":false,"dateOfLastPayment":"2038-09-22","dateOfMaturity":"2045-03-22","statusShortDesc":"In Force","nav":"For NAV details please contact your Servicing Branch / Customer Zone","altChannelId":"0 ","riderPolicy":false,"minorChild":false,"accountingBookCode":1,"payedPolicy":false,"advancePayedPolicy":false,"lastAccountDate":"2025-10-14","noBonusYears":0,"bonusInfo":{"totalRevBonus":0,"totalInterimBonus":0,"totalFAB":0,"totalGuaranty":0,"totalLoyalty":0,"totalOneTimeBonus":0.00,"messageCode":null,"calulationSheetHTML":"<table width=100% ><tr class=grey-bg><td>Please Check Data As After Conversion Bonus Year Cannot Be Zero</td></tr></table>","calulationSheetText":"Please Check Data As After Conversion Bonus Year Cannot Be Zero  "},"isSpotRevivalAllowed":false,"discountApplicable":false,"advancePaymetEligible":false,"maturitySumAssured":0,"gstInNumber":"null","lastTransactionDate":"2025-10-14T04:45:17.000+00:00","transactionNumber":"25037374","transactionAllowed":true,"dateOfShowMaturity":"2045-03-22","panFlag":true,"neftFlag":false,"itPan":"AC******2B","neftStatus":"N","titleCode":"A","premiumGapFlag":false,"dghPolicyFlag":false,"policyExitStatus":false,"serviceRequestFlag":false,"nriGstFlag":false,"fyEndDate":"2026-03-31"},"person":{"policyNo":327417228,"birthDate":"1979-06-08","fullName":"K Logajayanthi","sex":"F","shortName":"Logajayanthi K","age":"45","profileMobileNo":null,"profileEmail":null,"profileUnMaskMobileNo":null,"profileUnMaskEmail":null},"address":{"policyNo":327417228,"address1":"W/O Murugesan Late","address2":"55, Sri Krishna Garden,","address3":"Veeriyampalayam, Coimbatore","addressId":1,"pin":641048},"branch":{"branchCode":"76F ","address1":"LIC OF INDIA - 76F","address2":"NAMAKKAL ROAD","address3":"RASIPURAM","branchIp":"10.128.42.194","branchName":"LIC of India, Rasipuram Br Office","city":null,"dcCode":"X070","divCode":70,"eaiIndication":"Y","emailId":"BO_76F@LICINDIA.COM","man":null,"odsIndication":"N","pin":null,"state":"null"},"agent":{"agencyCode":"0090976F ","address1":"D/O.K.Jayaraman,Jai Ganesh Lorry","address2":"Service,T.P.Kadu,Moolapallipatty.Po","address3":"Rasipuram.Tk & Namakkal .Dt.","agentName":"J.Renukadevi","birthDate":"1976-03-10","category":2,"city":null,"disabilityCode":1,"enteredDate":"2026-03-17T01:24:45.000+00:00","itaxPanNo":"ANZPR4228B","occupationCode":12,"pin":637406,"qualificationCode":3,"sex":"F"},"nominees":[{"policyNo":327417228,"nomineeAge":22,"nomineeDob":null,"nomineeId":1,"nomineeName":"M Rithik","nomineeRegistrationDate":null,"nomineeRelation":"S","nomineeShare":50,"nomineeStatus":"B"},{"policyNo":327417228,"nomineeAge":25,"nomineeDob":null,"nomineeId":2,"nomineeName":"M Srikousika","nomineeRegistrationDate":null,"nomineeRelation":"D","nomineeShare":50,"nomineeStatus":"B"}],"billingInfo":{"policyNumber":"327417228","nameOfAssured":"K Logajayanthi","planName":"LIC's New Jeevan Labh Plan","plan":936,"mode":"6","premium":5951,"sumAssured":200000,"status":null,"firstUnpaidPremiumDate":"2026-03-22","nextFup":null,"dueAmount":"5951.00","payedPolicy":false,"noOfDues":1,"eligible":true,"spotRevival":false},"policyContact":{"policyNo":327417228,"dataSource":"B","emailAddress":"null","enteredDate":"2025-10-16T20:00:14.010+00:00","mobileNo":"917904065312","countryCode":null,"telephoneNo":"null","panNo":null},"policyExtra":{"accumTerm":0},"policyAnnuity":null,"userRegistered":"N","assignmentDetails":[],"ulipExtra":{"giveCashAmount":0},"bonusErrorMessage":null,"qpayPolicy":{"policyNumber":"327417228","dob":"08/06/1979","emailId":null,"mobileNo":"7904065312","premium":"5951","key":"824127"}}



==== 17/03/2026 16:12:21 - GET-URL ======

https://mk-channel.licindia.in/Landing/



==== 17/03/2026 16:12:41 - OSTATTUS-RESPONSE-TOKEN ======

xYtBQidUFMbrJG/kCy+t0o4VBdZqQXV2g8qcwwhDgdxfaaDzL6oP4fFRBTtUNmIVSxzKvY1rizlA2+umT0CdE2DpxnOCqHDMQtW3HxQNzs1YumvvClI+MQvS9mhxCcwFqEZujIsWUxb3zh7DWL/SEMVCLwULJUmACQmriRSO5oEaAHIwasGIsVHfIUhGs6CqzjTOO8dtE3HCYTxMm6JHaF9zqxv4k7pdg6Jmox372o3DtKQvI/+97a2vlcGaeNfPW1KKiqY6Sc/BDXLDKkeBzIRq/rcRsUGOLTsOXdQUGjTpVb5hzXLnqhtPANU92N0e7RYOSTF76a5s2mkwMGmiYQ2Hhd0cAvogRPrP1mq1AFm8EgEjIE5QxDMjoVJ57URGHCT7XR2dfrEvonhzt6HyW+GcIEUVjEgjOfvaEjBUq7T36Kue2+fcm+p09Tj12VCaZIZM3Gb1YMAu8/b43Kox9GMX4s4ERgx3F/A480vNWmSYD1uM7VQXf/o7qHnNxiYWCFuxuzwt2WW3LyTHdbw5MSGrOG2RRvInDZN4+uYylH8zAliQjKk9xFOWMMP5GChdBjucfce84PKPQrETLxkCN4Mm26BeFLz6LrV7gRIYVw+5k4d+r+eOzHavnZiqVb63Jf4yZgyHTcqPrfzStCqw413Z8P5tUGi/1yvT24P8UiRFOn3KQ/RG3xFWTv4byK/jilDYqmtNYcjcfUnrR5bu099rt4D+EyM2aSuOwzvuxP3yEEEUdOdsVFGRmGN5f1v71cEbPfvbXntSJ/EsgkTdd+T086G0lS0sOWfUxGlZCMln5BTHHBgub3sgGN3EP8oFsQKu1CCfIjSpQb4Lkr9ZYa/RY85WEYvq62srnYRJQjYgKi89vXyNTfh3uvjBXQBRjNSIYe3ybjvxBTZEIxSniH0QSmAlbVvAZgOYO9HR7J5JB+mA5vlUN+R+pTC7Rn3p08B95LKAcMbgidnWCyXH9AzQOjhGenbHr8p0+oC6Kxak+E3zZ1fI1FzO8KuC19DkJc8wm9gxh/SpEziK7z2bycIRalRVqlLj1qWPiJEFw46beDxFjw0YliehRb1/Iv9abPrsOh7DZv5Vn2u8Z36zg6tlmOTFDtoYlyyldrXNfGQC1FNwEDgPYOUdl3fagIyjNDA4cDp2uVsnwfJhLKy0b0e82Pdn32LwiUxEf0DJuuUPDchktTQL7tQ9dM07YBV+g683YVOQnpmpR0zK4JDDBaP+aUSmv48Y5laIWP75hSOb9GNwd7ouyeYYpTCyLjn3xRJNJr7Y6oxeO98g90agLi2JY1FClHmR4dAsNE3sjp8pT9C4gKHBOReEV9STJZzro18NGIB+Lbg7ythgn93PkL/MBsU+qGjyGDxtyABuwWSq7vIV7W6Y1okMbYKPvfO9YSP7TrM7WM8qKpkiRCxmrkZCKpWRVAzlat4NzjfUdcI0BOOep3q2gnu3qYgUrpc+6rcWsuPQjaJGNG/4k8jsj9bM/pq/nQJga9DngQp9B8PALX0ZiQnARyYCiHUG/xWRJwnaj4kgY8KQXnaV5BPGmC5PbJR9foCwS3/yhq5O7pZGvpJI1ly+X7dOVzC+3cNzS/l7k4XZaj7vD8XdofNF7aCBjQ1GhCbqvggbWFPryRhwE9Rhy7UGqXfC4JX2Vo7MzgfkJUOzDF/J/7Wb1tbdEdsi3pjlHoY2TqpHIgImDkROukMjhukaL8ooOnzj7we9auefyHb88G328krKFbWoo7MK/iOrLGD6D+DC6eFlxn/FibJeEdPnTkBUpPPjhLfuQ2rmbxfQqR6H7OUiKodpTQ/WbnBTNlb4dTD4cjbxplLIPoHOow1KccEJIMpll2l20ufZgrNqcud0IPVWRN13NKZb5VTXo2n4hYo1IhmPnVKaTL8W9EjUewtZTPzNBqksvKJ0M6J9LTmUKAg3pG8FKgclkxmP+AXF/O5LvyF77ESAJxBg8vPgqvv4rbBcuLQ7hc8GxdHwuq+wqn5oLJfZqj6Ulg==



==== 17/03/2026 16:12:41 - OSTATTUS-RESPONSE-TOKEN ======

eyJhbGciOiJIUzUxMiJ9.eyJzdWIiOiJJREFNMjUxMDIwMjMxMDQ0MTg1MiIsImFnZW5jeV9jb2RlIjpudWxsLCJjcmVhdGVkIjoxNzczNzQzODcyMDA4LCJhY2Nlc3NfY29kZSI6ImV5SmhiR2NpT2lKU1V6STFOaUlzSW5SNWNDSTZJa3BYVkNKOS5leUp6ZFdJaU9pSkpSRUZOTWpVeE1ESXdNak14TURRME1UZzFNaUlzSW1adVlXMWxJam9pU1U1RVVrRktSVVZVSUZaSlNrRlpJRXRCVFVKTVJTSXNJblZ6WlhKemRHRjBkWE1pT2lJeElpd2laVzUwYVhSNWJHbHpkQ0k2V3lKTVNVTmZRMVZUVkU5TlJWSmZVRTlTVkVGTUlsMHNJbkp2YkdWeklqcGJJa1JQSWwwc0ltbHpjeUk2SWtGU1dDSXNJbTF2WW1sc1pTSTZJamN3TWpZd05qRTVPRFFpTENKaGRXUWlPaUprWldaaGRXeDBJaXdpYkc1aGJXVWlPaUpKVGtSU1FVcEZSVlFnVmtsS1FWa2dTMEZOUWt4Rklpd2lkWE5sY2xSNWNHVWlPaUl4SWl3aVpYaHdJam94Tnpjek56Y3lOak13TENKcFlYUWlPakUzTnpNM05ETTRNekFzSW1wMGFTSTZJbU5tTVdSaU5URm1MVFUxWVRNdE5HVTROeTFoT1RnMExUWTFaVGcxWWpNNU1qZGpaQ0lzSW1WdWRHbDBlU0k2SWt4SlExOURWVk5VVDAxRlVsOVFUMUpVUVV3aUxDSmxiV0ZwYkNJNkltbHVaSEpoYW1WbGRHdGhiV0pzWlRJeE0wQnNhV05wYm1ScFlTNWpiMjBpZlEuSVpJSXBLc0JYdGxlWVZBN1BaTVJsVHBreFljdHZJZFE2dG5hRkROUl9TUUlKb2FvSlB4TlJkZFE4elVIeXphNVFENjk3QUVueFhQVmVtLWVTclAzNUljZUt1Y1JYX1FqMXFZQk81VklhaW1OWEh4VFlpMmZiZWFnZW9aTTNBbmg1R05ueGdKenFhN1NWbEJkdmhZRGV2Y0VyblA0ZlNYbjgzZTdPc2oybjVmVW56cTBadUdKNGR6TlkzOVhBRERucE03Ukxzbm9SY2t0MnJnLWtBMlNrTmpJSTdnelliai00VWc2V2RHOVVTcjJKZWJ1cWdYcEpIOHdPaXp5cjg2VWRNX092TjE0ZWR4ZUdmWWJIRXNvNG1nUDVfZ2FyRWZMVzdpOHZwOUdaYTRvcmZlbEJFQkpZNWtGTjlKNGZBTHhBU2U5a1lQTWtaRkdtUjlDTGpxa1FnIiwicm9sZXMiOlsiRE8iXSwiY2xpZW50SXAiOm51bGwsImVudGl0bGVtZW50IjpbXX0.hWIqJqOMf0npcdamGBvGw5Dx6zKi1bVzTCsLhzHIqNSLr8wDr-N7EyGflNfogONsWXRXjU7-M1-DF3gZ2Z_EZw



==== 17/03/2026 16:12:41 - POST-URL ======

https://ebizapp01.licindia.in/BFFService/policy/policyInfo?_dc=1773744161385



==== 17/03/2026 16:12:42 - POST-URL ======

{"confirmationId":null,"status":"200","resultInfoList":null,"count":0,"policy":{"policyNumber":"308657692","planName":"JEEVAN TARUN","mode":"12","noOfDues":1,"premium":"9357.00","commenceDate":"2019-09-19","nameOfAssured":"P.Harshitha","agencyCode":"0090976F ","developmentOfficerCode":"315076","plan":"834","policyTerm":"19","firstUnpaidPremiumDate":"2025-09-19","cdCharge":"0","serviceBranch":"76F ","sumAssured":"150000","policyStatus":"21","dob":"2012-11-07","ageAtEntry":6,"planDetails":{"plan":834,"planType":null,"planDesc":null,"premiumDueDuration":6,"premiumDueDurationType":"M","payPremiumAdvance":30,"payPremiumAdvanceType":"D","gracePeriod":1,"gracePeriodType":"M","serviceTaxRateFirstYr":4.5,"serviceTaxRateNextYrs":2.25,"serviceTaxRateEduCess":0.0,"topUpAllowed":null,"multiplyTopupAmt":null,"topupLimitCriteria":null,"topupNoPayBefMaturity":null,"planCategory":"NORM","freeCoverCond":null,"freeCoverFUP":null,"campaignStartDate":"2026-01-01","campaignEndDate":"2026-03-02","percentageofwaiver":30.0,"maxLimitofwaiver":3000.0,"waiversAllowedNum":1,"lateFeeWaiverInd":"Y","discountPercentFirstYr":null,"discountPercentSecondYr":null,"discountPercentThirdYr":null,"discountPercentSubYr":null,"discountFromDate":null,"discountToDate":null,"maxLimitWaiverFstYr":null,"maxLimitWaiverScndYr":null,"maxLimitWaiverThirdYr":null,"maxLimitWaiverSubYr":null,"discountParameter":null,"graceprdExtFlag":null,"graceprdExtFrmDate":null,"graceprdExtToDate":null,"graceprdPrcntWaiver":null,"maxWaiverLimitgraceprd":null,"gstCdCharge":0.0,"gstLateFeeRateFirstYr":18.0,"gstLateFeeRateNextYrs":18.0,"dateOfLaunch":"18/05/2015","beforeLaunch":"N","centralGSTPercentage":50,"discountPeriod":null,"discountPeriodType":null},"eligible":true,"lateFeeRequired":false,"recordId":"O","premiumPayingTerm":14,"policyBenefits":"150000","dueAmount":"9357.00","taxExemption":false,"age":"14","eserviceEligible":false,"policyUlip":false,"dateOfLastPayment":"2032-09-19","dateOfMaturity":"2038-09-19","statusShortDesc":"In Force","nav":"For NAV details please contact your Servicing Branch / Customer Zone","altChannelId":"0 ","riderPolicy":false,"minorChild":false,"accountingBookCode":1,"payedPolicy":false,"advancePayedPolicy":false,"lastAccountDate":"2024-09-30","noBonusYears":0,"bonusInfo":{"totalRevBonus":35100,"totalInterimBonus":0,"totalFAB":0,"totalGuaranty":0,"totalLoyalty":0,"totalOneTimeBonus":0.00,"messageCode":null,"calulationSheetHTML":"<table border=1><tr class=grey-bg><td>From</td><td>Upto</td><td>Year</td><td>Type</td><td>Factor</td><td>Rate</td><td>Bonus </td></tr><tr class=grey-bg><td>2019-09-19</td><td>2020-09-19</td><td>2020</td><td>V</td><td>1.0</td><td>39.00</td><td>5850.00</td></tr><tr class=grey-bg><td>2020-09-19</td><td>2021-09-19</td><td>2021</td><td>V</td><td>1.0</td><td>39.00</td><td>5850.00</td></tr><tr class=grey-bg><td>2021-09-19</td><td>2022-09-19</td><td>2022</td><td>V</td><td>1.0</td><td>39.00</td><td>5850.00</td></tr><tr class=grey-bg><td>2022-09-19</td><td>2023-09-19</td><td>2023</td><td>V</td><td>1.0</td><td>39.00</td><td>5850.00</td></tr><tr class=grey-bg><td>2023-09-19</td><td>2024-09-19</td><td>2024</td><td>V</td><td>1.0</td><td>39.00</td><td>5850.00</td></tr><tr class=grey-bg><td>2024-09-19</td><td>2025-09-19</td><td>2025</td><td>V</td><td>1.0</td><td>39.00</td><td>5850.00</td></tr><tr class=grey-bg><td colspan=7>Total Rev Bonus : 35100.00   Total Interim Bonus : 0.00</td></tr></table> ","calulationSheetText":"From        Upto        Year Type Factor  Rate     Bonus \r\n2019-09-19  2020-09-19  2020  V     1.0   39.00    5850.00\r\n2020-09-19  2021-09-19  2021  V     1.0   39.00    5850.00\r\n2021-09-19  2022-09-19  2022  V     1.0   39.00    5850.00\r\n2022-09-19  2023-09-19  2023  V     1.0   39.00    5850.00\r\n2023-09-19  2024-09-19  2024  V     1.0   39.00    5850.00\r\n2024-09-19  2025-09-19  2025  V     1.0   39.00    5850.00\r\n   Total Rev Bonus : 35100.00   Total Interim Bonus : 0.00\r\n "},"isSpotRevivalAllowed":false,"discountApplicable":false,"advancePaymetEligible":false,"maturitySumAssured":0,"gstInNumber":"null","transactionAllowed":true,"dateOfShowMaturity":"2038-09-19","panFlag":false,"neftFlag":false,"itPan":"","neftStatus":"N","titleCode":"null","premiumGapFlag":false,"dghPolicyFlag":false,"policyExitStatus":false,"serviceRequestFlag":false,"nriGstFlag":false,"fyEndDate":"2026-03-31"},"person":{"policyNo":308657692,"birthDate":"2012-11-07","fullName":"P.Harshitha","sex":"F","shortName":"Harshitha P","age":"6","profileMobileNo":null,"profileEmail":null,"profileUnMaskMobileNo":null,"profileUnMaskEmail":null},"address":{"policyNo":308657692,"address1":"D/O.R.Periyasamy","address2":"9/66.Thiruvalluvar Nagar","address3":"R.Pattanam Po,Rasipuram Tk","addressId":1,"pin":637408},"branch":{"branchCode":"76F ","address1":"LIC OF INDIA - 76F","address2":"NAMAKKAL ROAD","address3":"RASIPURAM","branchIp":"10.128.42.194","branchName":"LIC of India, Rasipuram Br Office","city":null,"dcCode":"X070","divCode":70,"eaiIndication":"Y","emailId":"BO_76F@LICINDIA.COM","man":null,"odsIndication":"N","pin":null,"state":"null"},"agent":{"agencyCode":"0090976F ","address1":"D/O.K.Jayaraman,Jai Ganesh Lorry","address2":"Service,T.P.Kadu,Moolapallipatty.Po","address3":"Rasipuram.Tk & Namakkal .Dt.","agentName":"J.Renukadevi","birthDate":"1976-03-10","category":2,"city":null,"disabilityCode":1,"enteredDate":"2026-03-17T01:24:45.000+00:00","itaxPanNo":"ANZPR4228B","occupationCode":12,"pin":637406,"qualificationCode":3,"sex":"F"},"nominees":[],"billingInfo":{"policyNumber":"308657692","nameOfAssured":"P.Harshitha","planName":"JEEVAN TARUN","plan":834,"mode":"12","premium":9357,"sumAssured":150000,"status":null,"firstUnpaidPremiumDate":"2025-09-19","nextFup":null,"dueAmount":"9357.00","payedPolicy":false,"noOfDues":1,"eligible":true,"spotRevival":false},"policyContact":{"policyNo":308657692,"dataSource":"B","emailAddress":"null","enteredDate":"2024-10-01T20:00:11.490+00:00","mobileNo":"919597789860","countryCode":null,"telephoneNo":"null","panNo":null},"policyExtra":{"accumTerm":0},"policyAnnuity":null,"userRegistered":"N","assignmentDetails":[],"ulipExtra":{"giveCashAmount":null},"bonusErrorMessage":null,"qpayPolicy":{"policyNumber":"308657692","dob":"07/11/2012","emailId":null,"mobileNo":"9597789860","premium":"9357","key":"543487"}}



==== 17/03/2026 16:12:52 - GET-URL ======

https://mk-channel.licindia.in/Landing/



==== 17/03/2026 16:13:38 - OSTATTUS-RESPONSE-TOKEN ======

pk0xE2TWWtNLMlyJvjiB6FFlN1txpm8YLJDF/5X4Ti3Rm+1XajQD1rLKgW3prmUuKyCOL1/AX9RYvKFFLH7aIFgwD60z2aa19YXxHRmsqER2FEHEXbW7+UDFIpGx8UQ6HSTSbya5nFyjeyBoPwphQs5JnDK0qBByDBry/9MK2XG+zqk0DN1MN50n1kthsyTeBSy8lP64S3aAiG/ZQXt6Jzv0JNWNxIcFLhSumwUCbvlwl9Zsh8YXufbsUAY6ADUXsGMdiaRpN88+sYkZ2ejlDxdbjzG9TrWGPtrnjGxfJaHg/OgU3fSwWC5lqiOPO2e3EXpIMulXIiuwW2pteK8rXnam6r8ThuCaP3JHWiEDZlaeJyyo6DTg4qBRfzeeZi5A8jtv4CU5cAMPalPzYszHgjZB3dL2tidcriXhV7j6RPiijjthlutFz02XwNh0161itH5fOf5RQFs9EgnfxvkL7klgimYZ/gBK9MQjBnxkPxrTosdzbC3ygaAshQXb09MzrNHJMDEWxopwa1CSXFaXZe6gE0USjI/qkSM9vCjxxJC44b/HxHOaTATsiW2PlB3OC61lyaizRqUc5gURYObkeShCKqbEsEGRoJm5crfVGtr4qUxdgqwRp3xGZpFtsneBtzBUBXrtNIjRZjuu+xa2+lEZHka73Hbe91z13itVEBbwLSQik7WwBPfjZMIq58ShBbEbNHvbZZfDshV+b8VOJGYdeRnUVqFzW+MC+ixnU66B8ENcrk8zucUWpTpmTBctXsp/KQ234F8zvkNtlvUTCSn3V2XpmT+jXgpfI/KcHMaAXKLaKqzvmsyg3qAwU8zbfGJa0ktQWnwVdBPspvcDsiysWIaikXanUYrEq+zrj35IoMw4Tq3AqgkidJowxayp6x8+wQOPBOw7pLLQMqKJ05hvKakA4dXY+ch//9tzyWkQ4+qf6IV/HPNWzaicdivq80H7tFgfrxuc0iWWBeJcm1wumJnOHXNh/7hemDvytvbV12AD7Sq2MaliwFEalxiwFLTB7GJfpmqmHfkRNt63cqy4VpcaUtKCZFzLjhfL4AbhZMqgBKfa1AWjYUeYaLalv7RYKJvDnLWSUA/0h4o66dNyh/OY9PEevLJ0KppgMn5oA23G0luHafdwwVp+q1Q4ZQjL/NtcP1keZPiW4t+3MOl0pmc3YrDZ0ktDC5uEEFNYY3iWm2uM7JzYPJ2QfURLpg/WqApG0s+h+kxMzIRce1LQ416ZJ1l7ssF9/7hdO+0KJLmNy1pNl7I1+yIyIupbIvP/Lf1Ojej5W5gedxBe4bLthWyC7x310CTpN/2BspwqxIiiboEq+h1lb7pKY4OLD2xaUnh8qkxH9PlGe3YCESahIemOiizEZWYKtldpWLYBVKRxkFCbNpf0aSr7VsTc3QEaeg8/yYdd9DlJ3EjJNVfYriCyufteSLIGsT7DYkBQRCXqQQQ8zPgzMMEvYa/E5F5kwe3TjaX6zv1lM3WCLqFYR+dgiSWDSO00s7Z1FxSWU+i9V4AXsBYQKtuDK8qTPMcNP6IBH9I5wn/evjVS43mNw4AGuPJOklMW8kluiJTEolxv25tUzYFVPBoXI+9FGtHn3Hx8Ku50Opm2scjtdAtV0Z8r0RqUzrYBUXlWnlheD0G01FruXqvJPUq2K7pgjorUV3DPzfZKPFIe3OTBIpxGfdUt/H1B2uXeFUvSVwQgek251+Dy+5UGH8je9dmOaATABh0ahsUMpl2tcEEHX/LACtr0GFyzNIsc1Eg1ytu1V1QysgMv+MqOhnLchijsU8TiE7cX8HKtoXAg6XR3e3CBXdwJ33w5ddARLPaIcX5ZPXmGOnQ9FJCxjQMP8Oa+V+OD2ZLYj0SzZMXoYGD+oRHSrWEMLZNDvkCXrLQwYbuP9erlOqLh3brY2YxrDfqCZEULkn+AIMbtuR6wqGTYki3himYbIh7DPHQpeillctpRi/deZHmNvDdOaCSbkuVLyqjsepG6bzVjyjIc4O5jgKt4LQ==



==== 17/03/2026 16:13:38 - OSTATTUS-RESPONSE-TOKEN ======

eyJhbGciOiJIUzUxMiJ9.eyJzdWIiOiJJREFNMjUxMDIwMjMxMDQ0MTg1MiIsImFnZW5jeV9jb2RlIjpudWxsLCJjcmVhdGVkIjoxNzczNzQzODcyMDA4LCJhY2Nlc3NfY29kZSI6ImV5SmhiR2NpT2lKU1V6STFOaUlzSW5SNWNDSTZJa3BYVkNKOS5leUp6ZFdJaU9pSkpSRUZOTWpVeE1ESXdNak14TURRME1UZzFNaUlzSW1adVlXMWxJam9pU1U1RVVrRktSVVZVSUZaSlNrRlpJRXRCVFVKTVJTSXNJblZ6WlhKemRHRjBkWE1pT2lJeElpd2laVzUwYVhSNWJHbHpkQ0k2V3lKTVNVTmZRMVZUVkU5TlJWSmZVRTlTVkVGTUlsMHNJbkp2YkdWeklqcGJJa1JQSWwwc0ltbHpjeUk2SWtGU1dDSXNJbTF2WW1sc1pTSTZJamN3TWpZd05qRTVPRFFpTENKaGRXUWlPaUprWldaaGRXeDBJaXdpYkc1aGJXVWlPaUpKVGtSU1FVcEZSVlFnVmtsS1FWa2dTMEZOUWt4Rklpd2lkWE5sY2xSNWNHVWlPaUl4SWl3aVpYaHdJam94Tnpjek56Y3lOak13TENKcFlYUWlPakUzTnpNM05ETTRNekFzSW1wMGFTSTZJbU5tTVdSaU5URm1MVFUxWVRNdE5HVTROeTFoT1RnMExUWTFaVGcxWWpNNU1qZGpaQ0lzSW1WdWRHbDBlU0k2SWt4SlExOURWVk5VVDAxRlVsOVFUMUpVUVV3aUxDSmxiV0ZwYkNJNkltbHVaSEpoYW1WbGRHdGhiV0pzWlRJeE0wQnNhV05wYm1ScFlTNWpiMjBpZlEuSVpJSXBLc0JYdGxlWVZBN1BaTVJsVHBreFljdHZJZFE2dG5hRkROUl9TUUlKb2FvSlB4TlJkZFE4elVIeXphNVFENjk3QUVueFhQVmVtLWVTclAzNUljZUt1Y1JYX1FqMXFZQk81VklhaW1OWEh4VFlpMmZiZWFnZW9aTTNBbmg1R05ueGdKenFhN1NWbEJkdmhZRGV2Y0VyblA0ZlNYbjgzZTdPc2oybjVmVW56cTBadUdKNGR6TlkzOVhBRERucE03Ukxzbm9SY2t0MnJnLWtBMlNrTmpJSTdnelliai00VWc2V2RHOVVTcjJKZWJ1cWdYcEpIOHdPaXp5cjg2VWRNX092TjE0ZWR4ZUdmWWJIRXNvNG1nUDVfZ2FyRWZMVzdpOHZwOUdaYTRvcmZlbEJFQkpZNWtGTjlKNGZBTHhBU2U5a1lQTWtaRkdtUjlDTGpxa1FnIiwicm9sZXMiOlsiRE8iXSwiY2xpZW50SXAiOm51bGwsImVudGl0bGVtZW50IjpbXX0.hWIqJqOMf0npcdamGBvGw5Dx6zKi1bVzTCsLhzHIqNSLr8wDr-N7EyGflNfogONsWXRXjU7-M1-DF3gZ2Z_EZw



==== 17/03/2026 16:13:38 - POST-URL ======

https://ebizapp01.licindia.in/BFFService/policy/policyInfo?_dc=1773744218554



==== 17/03/2026 16:13:40 - POST-URL ======

{"confirmationId":null,"status":"200","resultInfoList":null,"count":0,"policy":{"policyNumber":"704714182","relationType":"Self","planName":"Jeevan Anand","mode":"6","noOfDues":1,"premium":"10271.00","commenceDate":"2012-02-28","nameOfAssured":"S . Amalkumar","agencyCode":"0090976F ","developmentOfficerCode":"9999999","plan":"149","policyTerm":"76","firstUnpaidPremiumDate":"2026-02-28","cdCharge":"0","serviceBranch":"760 ","sumAssured":"400000","policyStatus":"21","dob":"1987-09-12","ageAtEntry":24,"planDetails":{"plan":149,"planType":null,"planDesc":null,"premiumDueDuration":6,"premiumDueDurationType":"M","payPremiumAdvance":30,"payPremiumAdvanceType":"D","gracePeriod":1,"gracePeriodType":"M","serviceTaxRateFirstYr":4.5,"serviceTaxRateNextYrs":2.25,"serviceTaxRateEduCess":null,"topUpAllowed":null,"multiplyTopupAmt":null,"topupLimitCriteria":null,"topupNoPayBefMaturity":null,"planCategory":"ENP","freeCoverCond":null,"freeCoverFUP":null,"campaignStartDate":"2026-01-01","campaignEndDate":"2026-03-02","percentageofwaiver":30.0,"maxLimitofwaiver":3000.0,"waiversAllowedNum":1,"lateFeeWaiverInd":"Y","discountPercentFirstYr":3.0,"discountPercentSecondYr":2.0,"discountPercentThirdYr":1.0,"discountPercentSubYr":2.0,"discountFromDate":"2017-07-05","discountToDate":"2017-07-06","maxLimitWaiverFstYr":5.0,"maxLimitWaiverScndYr":4.0,"maxLimitWaiverThirdYr":3.0,"maxLimitWaiverSubYr":2.0,"discountParameter":null,"graceprdExtFlag":null,"graceprdExtFrmDate":null,"graceprdExtToDate":null,"graceprdPrcntWaiver":null,"maxWaiverLimitgraceprd":null,"gstCdCharge":0.0,"gstLateFeeRateFirstYr":18.0,"gstLateFeeRateNextYrs":18.0,"dateOfLaunch":"02/01/2002","beforeLaunch":"Y","centralGSTPercentage":50,"discountPeriod":null,"discountPeriodType":null},"eligible":true,"lateFeeRequired":false,"recordId":"O","premiumPayingTerm":21,"policyBenefits":"400000","dueAmount":"10271.00","taxExemption":false,"age":"39","eserviceEligible":false,"policyUlip":false,"dateOfLastPayment":"2032-08-28","dateOfMaturity":"2088-02-28","statusShortDesc":"In Force","nav":"For NAV details please contact your Servicing Branch / Customer Zone","altChannelId":"0 ","riderPolicy":false,"minorChild":false,"accountingBookCode":1,"payedPolicy":false,"advancePayedPolicy":false,"lastAccountDate":"2025-09-28","noBonusYears":0,"bonusInfo":{"totalRevBonus":265200,"totalInterimBonus":0,"totalFAB":0,"totalGuaranty":0,"totalLoyalty":0,"totalOneTimeBonus":0.00,"messageCode":null,"calulationSheetHTML":"<table border=1><tr class=grey-bg><td>From</td><td>Upto</td><td>Year</td><td>Type</td><td>Factor</td><td>Rate</td><td>Bonus </td></tr><tr class=grey-bg><td>2012-02-28</td><td>2013-02-28</td><td>2012</td><td>V</td><td>1.0</td><td>47.00</td><td>18800.00</td></tr><tr class=grey-bg><td>2013-02-28</td><td>2014-02-28</td><td>2013</td><td>V</td><td>1.0</td><td>48.00</td><td>19200.00</td></tr><tr class=grey-bg><td>2014-02-28</td><td>2015-02-28</td><td>2014</td><td>V</td><td>1.0</td><td>48.00</td><td>19200.00</td></tr><tr class=grey-bg><td>2015-02-28</td><td>2016-02-28</td><td>2015</td><td>V</td><td>1.0</td><td>49.00</td><td>19600.00</td></tr><tr class=grey-bg><td>2016-02-28</td><td>2017-02-28</td><td>2016</td><td>V</td><td>1.0</td><td>54.00</td><td>19600.00</td></tr><tr class=grey-bg><td>2016-02-28</td><td>2017-02-28</td><td>2016</td><td>O</td><td>1.0</td><td>5.00</td><td>2000.00</td></tr><tr class=grey-bg><td>2017-02-28</td><td>2018-02-28</td><td>2017</td><td>V</td><td>1.0</td><td>49.00</td><td>19600.00</td></tr><tr class=grey-bg><td>2018-02-28</td><td>2019-02-28</td><td>2018</td><td>V</td><td>1.0</td><td>49.00</td><td>19600.00</td></tr><tr class=grey-bg><td>2019-02-28</td><td>2020-02-28</td><td>2019</td><td>V</td><td>1.0</td><td>49.00</td><td>19600.00</td></tr><tr class=grey-bg><td>2020-02-28</td><td>2021-02-28</td><td>2020</td><td>V</td><td>1.0</td><td>45.00</td><td>18000.00</td></tr><tr class=grey-bg><td>2021-02-28</td><td>2022-02-28</td><td>2021</td><td>V</td><td>1.0</td><td>45.00</td><td>18000.00</td></tr><tr class=grey-bg><td>2022-02-28</td><td>2023-02-28</td><td>2022</td><td>V</td><td>1.0</td><td>45.00</td><td>18000.00</td></tr><tr class=grey-bg><td>2023-02-28</td><td>2024-02-28</td><td>2023</td><td>V</td><td>1.0</td><td>45.00</td><td>18000.00</td></tr><tr class=grey-bg><td>2024-02-28</td><td>2025-02-28</td><td>2024</td><td>V</td><td>1.0</td><td>45.00</td><td>18000.00</td></tr><tr class=grey-bg><td>2025-02-28</td><td>2026-02-28</td><td>2025</td><td>V</td><td>1.0</td><td>45.00</td><td>18000.00</td></tr><tr class=grey-bg><td colspan=7>Total Rev Bonus : 265200.00   Total Interim Bonus : 0.00</td></tr></table> ","calulationSheetText":"From        Upto        Year Type Factor  Rate     Bonus \r\n2012-02-28  2013-02-28  2012  V     1.0   47.00    18800.00\r\n2013-02-28  2014-02-28  2013  V     1.0   48.00    19200.00\r\n2014-02-28  2015-02-28  2014  V     1.0   48.00    19200.00\r\n2015-02-28  2016-02-28  2015  V     1.0   49.00    19600.00\r\n2016-02-28  2017-02-28  2016  V     1.0   54.00    19600.00\r\n2016-02-28  2017-02-28  2016  O     1.0   5.00    2000.00\r\n2017-02-28  2018-02-28  2017  V     1.0   49.00    19600.00\r\n2018-02-28  2019-02-28  2018  V     1.0   49.00    19600.00\r\n2019-02-28  2020-02-28  2019  V     1.0   49.00    19600.00\r\n2020-02-28  2021-02-28  2020  V     1.0   45.00    18000.00\r\n2021-02-28  2022-02-28  2021  V     1.0   45.00    18000.00\r\n2022-02-28  2023-02-28  2022  V     1.0   45.00    18000.00\r\n2023-02-28  2024-02-28  2023  V     1.0   45.00    18000.00\r\n2024-02-28  2025-02-28  2024  V     1.0   45.00    18000.00\r\n2025-02-28  2026-02-28  2025  V     1.0   45.00    18000.00\r\n   Total Rev Bonus : 265200.00   Total Interim Bonus : 0.00\r\n "},"isSpotRevivalAllowed":false,"discountApplicable":false,"advancePaymetEligible":false,"maturitySumAssured":0,"gstInNumber":"null","lastTransactionDate":"2025-09-28T13:56:22.000+00:00","transactionNumber":"22832660","transactionAllowed":true,"dateOfShowMaturity":"2088-02-28","panFlag":true,"neftFlag":true,"itPan":"AS******0D","neftStatus":"Y","titleCode":"1","premiumGapFlag":false,"dghPolicyFlag":false,"policyExitStatus":false,"serviceRequestFlag":false,"nriGstFlag":false,"fyEndDate":"2026-03-31"},"person":{"policyNo":704714182,"birthDate":"1987-09-12","fullName":"S . Amalkumar","sex":"M","shortName":"Amalkumar S","age":"24","profileMobileNo":null,"profileEmail":null,"profileUnMaskMobileNo":null,"profileUnMaskEmail":null},"address":{"policyNo":704714182,"address1":"S/O C.Sivaraj","address2":"73/156, East Street, G.Goundampalayam","address3":"Srkv Po , Coimbatore","addressId":1,"pin":641020},"branch":{"branchCode":"760 ","address1":"224-B 100 FEET ROAD","address2":"P B NO 2993 TATABAD","address3":"COIMBATORE","branchIp":"10.128.42.194","branchName":"LIC of India, Tatabad CBO/Dab Office","city":null,"dcCode":"X076","divCode":76,"eaiIndication":"Y","emailId":"BO_760@LICINDIA.COM","man":null,"odsIndication":"N","pin":null,"state":"null"},"agent":{"agencyCode":"0090976F ","address1":"D/O.K.Jayaraman,Jai Ganesh Lorry","address2":"Service,T.P.Kadu,Moolapallipatty.Po","address3":"Rasipuram.Tk & Namakkal .Dt.","agentName":"J.Renukadevi","birthDate":"1976-03-10","category":2,"city":null,"disabilityCode":1,"enteredDate":"2026-03-17T01:24:45.000+00:00","itaxPanNo":"ANZPR4228B","occupationCode":12,"pin":637406,"qualificationCode":3,"sex":"F"},"nominees":[{"policyNo":704714182,"nomineeAge":62,"nomineeDob":null,"nomineeId":1,"nomineeName":"C SIVARAJ","nomineeRegistrationDate":null,"nomineeRelation":"F","nomineeShare":100,"nomineeStatus":"B"}],"billingInfo":{"policyNumber":"704714182","nameOfAssured":"S . Amalkumar","planName":"Jeevan Anand","plan":149,"mode":"6","premium":10271,"sumAssured":400000,"status":null,"firstUnpaidPremiumDate":"2026-02-28","nextFup":null,"dueAmount":"10271.00","payedPolicy":false,"noOfDues":1,"eligible":true,"spotRevival":false},"policyContact":{"policyNo":704714182,"dataSource":"P","emailAddress":"amal_psg@yahoo.co.in","enteredDate":"2014-09-18T20:11:31.279+00:00","mobileNo":"null","countryCode":null,"telephoneNo":"null","panNo":null},"policyExtra":{"accumTerm":0},"policyAnnuity":null,"userRegistered":"Y","assignmentDetails":[],"ulipExtra":{"giveCashAmount":null},"bonusErrorMessage":null,"qpayPolicy":{"policyNumber":"704714182","dob":"12/09/1987","emailId":"amal_psg@yahoo.co.in","mobileNo":"0","premium":"10271","key":"990271"}}



==== 17/03/2026 16:13:48 - GET-URL ======

https://mk-channel.licindia.in/Landing/



==== 17/03/2026 16:14:54 - OSTATTUS-RESPONSE-TOKEN ======

hLMfonoawZcr6YDq7hvKuV3oASzVZs5ek5lNsAuJmnXAMAe3OVBXWkFJWzeWgwG/PdpDO02qPE0+69L4fpcTUOmlN6ywdWIFBMyCiVT+I3IGJZPWXDTRkKZtbfg8k+91oQpmTYzAjCsd6oQEBAoRCcoSQvUOLCbKucGywVx/pDYSfJcuTWJUEwNQI0OTHbjqJiWCE45VnHs66ZPuT/2nETy8FuGkoeKXQrqDZBI2kCuqKPMzvPb7Hmi6XvCQmSoCI4FU8KhITSmFvLrENFfrDA2yolAgfPD1IZeqcJGHTivtKmbeag/1YhGs0jai4YPNsYlbQ7oPLwd/FrRCn1QWfBwBOPb2b4FK+IZHlRPuVqupeUSBzyxKYHuoo8RJiVRucP4+m0i1iZ2V5EWgz9o3bGQ/vYdVuo+aVLEGAC9YklN9AjE2sRawwa350ljgPfD57zji8BSRPQZUTOGtLvL/Uc+jJFogc6jGtt8BxAitd4vnN3dJIfR2rsncSNDjanyQQ2GZWk/N/93OG+6dzc4O+1/OK4ffOmr05PI6IBAjuQSJnKv9JNvssh5ZGlKXQIdOe0v/s66pI8fRySFaAiL7QAJL/wmZiqf0QR0tARd4xNC4Qi5Biqe8bEJwKLaPHS6oNsE79u+mv0k9aIXLw5lUx2BpM+iSkUxSVJWIEFMjSygIuGoQ9QD3WdKueXMhbQ7SiwQ36yohmCs654JFxuKngmBsB6InIShmB7gvsrGx1Oa/eNUpBfWz6NXIzc3M8cmDV3Nuy0KzqSwvrgbdaALMcNqwsh9eoF9F1Um96rEMgnVlpHxoBGmmTl6MKcoNFsdXeBYBr8H2kRMLwSAC3gEA9rXGQI7QTstM7pFJckz6txbqABBpEiCuUiVhcMuFtSZnG9z3/TrS5BISB8wU+Vb932uRNcQNMCHkZlvt2GvzwqpqLg/4aieLOj7UTRGSiJh1W5wRGjP6Hgp0aWrObOBQwui815YX3R1LoxatlgalwghDvTqDQD2UeUOOZdmQThZZhZs/T4/bJsHIYEf/67ik3vuVGXzYPb0sMYb32Aa7B+UACzviDHpegR5w4tYsOSG7BxJZRL7BF2LP+gxU8XGRGatsSEhhKmPuvIQ0XJhbj5yL6pKFtQeP/wXAN/1LXu557c7+OEf+WfBJyEUUTDHPwbL+EJA6K9P/bO2d6e7hYXmstOWdmn4A1KNiPee+2P34SPL3vJMdTcraQCd4Xoxe+25rNM2CtkIz/RSgupjxtJUXdwQyl2Jwfvb/ZoarZ1wIwtS3Dd7zPQ9mmrdDo1Bn0gpvK5ePcT1G6hgOAaUy7az+vQGPz0BugMC+03OlTfFuVeNwvBYHFD9DmPVfFE/pEIrq8HodCViHUW9bWY8/yDETamxrbWZjRSWRLvc8qodRLfrKv7g+QfO7TYzQm+MJmzq8Xya7jd449LeNhZGDCkvvcwvM97efrQ413b8zNVhi5zGjWvRDDW7E+kXp1DtBNu1gHw2rnP3cBjhIRJbJOMtsezBDfd7u2XKyf4ESIEbGuc38eOnEIcSO8v3GIUMxxcBSBLQ7pbhmsUpdY+uW3JJ6mqkSWDC2RhDyf/pX6sr+hX/tY54vzI0Hm7SOTsIJP5LUO+wrJxNwOtqFGsAX3oqzfdH4TTrQyW3orHC3igV/GNj60aFndD6n//JH0DEvLgcOo9mC/VFmWyidUO588k4tCagWO9jXNNPL4X6MDIcQ90qFmsWFy+kqI5xyvfRPI5mC4WHAfBIrCtTmUepatCq2aPFoZrInanM2chLgcwoFwtzaOyuMQSAEdZPxAgI5IWuYaKVyazXhEK4U+IThoKd5fYYuKWpLyxzNfDW9r5Z97f47oBvlCpddP+Z4dQ/IEFcmeqZ7ad8dMhBecmQXxm5LDd3C1EXAKNwjkaE4KpFGtSqafPnnxBdNPGON6LVNhnf0kNOyKWs=



==== 17/03/2026 16:14:54 - OSTATTUS-RESPONSE-TOKEN ======

eyJhbGciOiJIUzUxMiJ9.eyJzdWIiOiJJREFNMjcwNzIwMjIzMTkyMzg4IiwiYWdlbmN5X2NvZGUiOm51bGwsImNyZWF0ZWQiOjE3NzM3NDMyNjgxMTAsImFjY2Vzc19jb2RlIjoiZXlKaGJHY2lPaUpTVXpJMU5pSXNJblI1Y0NJNklrcFhWQ0o5LmV5SnpkV0lpT2lKSlJFRk5NamN3TnpJd01qSXpNVGt5TXpnNElpd2labTVoYldVaU9pSklSVTFTUVVvZ1IwOURTRVZTSWl3aWRYTmxjbk4wWVhSMWN5STZJakVpTENKbGJuUnBkSGxzYVhOMElqcGJJa3hKUTE5RFZWTlVUMDFGVWw5UVQxSlVRVXdpWFN3aWNtOXNaWE1pT2xzaVJFOGlYU3dpYVhOeklqb2lRVkpZSWl3aWJXOWlhV3hsSWpvaU9UUXhORGMyTlRJNU1pSXNJbUYxWkNJNkltUmxabUYxYkhRaUxDSnNibUZ0WlNJNklraEZUVkpCU2lCSFQwTklSVklpTENKMWMyVnlWSGx3WlNJNklqRWlMQ0psZUhBaU9qRTNOek0zTnpFM09Ea3NJbWxoZENJNk1UYzNNemMwTWprNE9Td2lhblJwSWpvaU5UbGxaV1EyWkRRdFpqZzNOUzAwT1RRNExUa3hPVFF0WkRFMk9XUmxZMlJoWW1ReUlpd2laVzUwYVhSNUlqb2lURWxEWDBOVlUxUlBUVVZTWDFCUFVsUkJUQ0lzSW1WdFlXbHNJam9pYUdWdGNtRnFMbWR2WTJobGNrQnNhV05wYm1ScFlTNWpiMjBpZlEuQ2hVQ1lpQ0JzMmtEREhDQkVDNGRMSTdhNjNhZ2NaYTgwMHllLUMwcG9ncGlBUC1BXzNMbE1IRlg5NEFvelNwTXJnQXp2UVJCSFBpQTJUSnVNbXlIeXJFNWhzUFB6MjFQX0hTOUZyaC1fQ0lPLVVCWFVQQkFpUHVwOW9lOWxQTTdsTjZyVTZ1MEFtYjViX29ybHA1amNYdFh2N05xYkg3aV9ULVo5Nk1tUWgwY2h0Z3FKNmotQlVjYVZWT0NNTl85bDNFTkk1YnEwTjV3OW5pMl8yd0wyaF9VWk9xWWFsWUVoNDd6RDg3bXJkMVBiRTBidmR6d1hlYkRXZjF2N1Y0cjZTd3Zsd1MxRjk0eFMtY3ptMHU5WExWQ1FySkNlSXdJNVBib3ZNbWs4RDh5aVp2VENmdUV2SGRnYmxLcFBVLVdTTjRwYkxrUUR5U092ZlhmN2tBcGhRIiwicm9sZXMiOlsiRE8iXSwiY2xpZW50SXAiOm51bGwsImVudGl0bGVtZW50IjpbXX0.LzzROlvqgi2ONfPVdgTqoDbpiW-QqQd2ZkhQNNNGaUYjJkN1jVi1DoolSCS9YkHpBOfn2lWMpYVqZinjlt2ToQ



==== 17/03/2026 16:14:54 - POST-URL ======

https://ebizapp01.licindia.in/BFFService/policy/policyInfo?_dc=1773744294638



==== 17/03/2026 16:14:55 - POST-URL ======

{"confirmationId":null,"status":"200","resultInfoList":null,"count":0,"policy":{"policyNumber":"709807570","planName":"JEEVAN TARUN","mode":"6","noOfDues":2,"premium":"2407.00","commenceDate":"2017-08-28","nameOfAssured":"K.Harinkishore L.A","agencyCode":"0090976F ","developmentOfficerCode":"315076","plan":"834","policyTerm":"24","firstUnpaidPremiumDate":"2025-08-28","cdCharge":"0","serviceBranch":"76F ","sumAssured":"100000","policyStatus":"31","dob":"2015-11-03","ageAtEntry":1,"planDetails":{"plan":834,"planType":null,"planDesc":null,"premiumDueDuration":6,"premiumDueDurationType":"M","payPremiumAdvance":30,"payPremiumAdvanceType":"D","gracePeriod":1,"gracePeriodType":"M","serviceTaxRateFirstYr":4.5,"serviceTaxRateNextYrs":2.25,"serviceTaxRateEduCess":0.0,"topUpAllowed":null,"multiplyTopupAmt":null,"topupLimitCriteria":null,"topupNoPayBefMaturity":null,"planCategory":"NORM","freeCoverCond":null,"freeCoverFUP":null,"campaignStartDate":"2026-01-01","campaignEndDate":"2026-03-02","percentageofwaiver":30.0,"maxLimitofwaiver":3000.0,"waiversAllowedNum":1,"lateFeeWaiverInd":"Y","discountPercentFirstYr":null,"discountPercentSecondYr":null,"discountPercentThirdYr":null,"discountPercentSubYr":null,"discountFromDate":null,"discountToDate":null,"maxLimitWaiverFstYr":null,"maxLimitWaiverScndYr":null,"maxLimitWaiverThirdYr":null,"maxLimitWaiverSubYr":null,"discountParameter":null,"graceprdExtFlag":null,"graceprdExtFrmDate":null,"graceprdExtToDate":null,"graceprdPrcntWaiver":null,"maxWaiverLimitgraceprd":null,"gstCdCharge":0.0,"gstLateFeeRateFirstYr":18.0,"gstLateFeeRateNextYrs":18.0,"dateOfLaunch":"18/05/2015","beforeLaunch":"N","centralGSTPercentage":50,"discountPeriod":null,"discountPeriodType":null},"eligible":false,"lateFeeRequired":false,"recordId":"O","premiumPayingTerm":19,"policyBenefits":"100000","dueAmount":"4814.00","taxExemption":false,"age":"11","eserviceEligible":false,"policyUlip":false,"dateOfLastPayment":"2036-02-28","dateOfMaturity":"2041-08-28","statusShortDesc":"Reduced Paid-up","nav":"For NAV details please contact your Servicing Branch / Customer Zone","altChannelId":"0 ","riderPolicy":false,"minorChild":false,"accountingBookCode":1,"payedPolicy":false,"advancePayedPolicy":false,"lastAccountDate":"2025-07-04","noBonusYears":0,"bonusInfo":{"totalRevBonus":36000,"totalInterimBonus":0,"totalFAB":0,"totalGuaranty":0,"totalLoyalty":0,"totalOneTimeBonus":0.00,"messageCode":null,"calulationSheetHTML":"<table border=1><tr class=grey-bg><td>From</td><td>Upto</td><td>Year</td><td>Type</td><td>Factor</td><td>Rate</td><td>Bonus </td></tr><tr class=grey-bg><td>2017-08-28</td><td>2018-08-28</td><td>2018</td><td>V</td><td>1.0</td><td>48.00</td><td>4800.00</td></tr><tr class=grey-bg><td>2018-08-28</td><td>2019-08-28</td><td>2019</td><td>V</td><td>1.0</td><td>48.00</td><td>4800.00</td></tr><tr class=grey-bg><td>2019-08-28</td><td>2020-08-28</td><td>2020</td><td>V</td><td>1.0</td><td>44.00</td><td>4400.00</td></tr><tr class=grey-bg><td>2020-08-28</td><td>2021-08-28</td><td>2021</td><td>V</td><td>1.0</td><td>44.00</td><td>4400.00</td></tr><tr class=grey-bg><td>2021-08-28</td><td>2022-08-28</td><td>2022</td><td>V</td><td>1.0</td><td>44.00</td><td>4400.00</td></tr><tr class=grey-bg><td>2022-08-28</td><td>2023-08-28</td><td>2023</td><td>V</td><td>1.0</td><td>44.00</td><td>4400.00</td></tr><tr class=grey-bg><td>2023-08-28</td><td>2024-08-28</td><td>2024</td><td>V</td><td>1.0</td><td>44.00</td><td>4400.00</td></tr><tr class=grey-bg><td>2024-08-28</td><td>2025-08-28</td><td>2025</td><td>V</td><td>1.0</td><td>44.00</td><td>4400.00</td></tr><tr class=grey-bg><td colspan=7>Total Rev Bonus : 36000.00   Total Interim Bonus : 0.00</td></tr></table> ","calulationSheetText":"From        Upto        Year Type Factor  Rate     Bonus \r\n2017-08-28  2018-08-28  2018  V     1.0   48.00    4800.00\r\n2018-08-28  2019-08-28  2019  V     1.0   48.00    4800.00\r\n2019-08-28  2020-08-28  2020  V     1.0   44.00    4400.00\r\n2020-08-28  2021-08-28  2021  V     1.0   44.00    4400.00\r\n2021-08-28  2022-08-28  2022  V     1.0   44.00    4400.00\r\n2022-08-28  2023-08-28  2023  V     1.0   44.00    4400.00\r\n2023-08-28  2024-08-28  2024  V     1.0   44.00    4400.00\r\n2024-08-28  2025-08-28  2025  V     1.0   44.00    4400.00\r\n   Total Rev Bonus : 36000.00   Total Interim Bonus : 0.00\r\n "},"isSpotRevivalAllowed":false,"discountApplicable":false,"advancePaymetEligible":false,"maturitySumAssured":0,"gstInNumber":"null","transactionAllowed":true,"dateOfShowMaturity":"2041-08-28","panFlag":false,"neftFlag":false,"itPan":"","neftStatus":"N","titleCode":"null","premiumGapFlag":false,"dghPolicyFlag":false,"policyExitStatus":false,"serviceRequestFlag":false,"nriGstFlag":false,"fyEndDate":"2026-03-31"},"person":{"policyNo":709807570,"birthDate":"2015-11-03","fullName":"K.Harinkishore L.A","sex":"M","shortName":"Harinkishore K","age":"1","profileMobileNo":null,"profileEmail":null,"profileUnMaskMobileNo":null,"profileUnMaskEmail":null},"address":{"policyNo":709807570,"address1":"S/O.S.Kumar P","address2":"288c,Thaneer Panthal Kadu","address3":"Moolaipallipatty Po,Rasipuram Tk","addressId":1,"pin":637406},"branch":{"branchCode":"76F ","address1":"LIC OF INDIA - 76F","address2":"NAMAKKAL ROAD","address3":"RASIPURAM","branchIp":"10.128.42.194","branchName":"LIC of India, Rasipuram Br Office","city":null,"dcCode":"X070","divCode":70,"eaiIndication":"Y","emailId":"BO_76F@LICINDIA.COM","man":null,"odsIndication":"N","pin":null,"state":"null"},"agent":{"agencyCode":"0090976F ","address1":"D/O.K.Jayaraman,Jai Ganesh Lorry","address2":"Service,T.P.Kadu,Moolapallipatty.Po","address3":"Rasipuram.Tk & Namakkal .Dt.","agentName":"J.Renukadevi","birthDate":"1976-03-10","category":2,"city":null,"disabilityCode":1,"enteredDate":"2026-03-17T01:24:45.000+00:00","itaxPanNo":"ANZPR4228B","occupationCode":12,"pin":637406,"qualificationCode":3,"sex":"F"},"nominees":[],"billingInfo":{"policyNumber":"709807570","nameOfAssured":"K.Harinkishore L.A","planName":"JEEVAN TARUN","plan":834,"mode":"6","premium":2407,"sumAssured":100000,"status":null,"firstUnpaidPremiumDate":"2025-08-28","nextFup":null,"dueAmount":"4814.00","payedPolicy":false,"noOfDues":2,"eligible":false,"spotRevival":false},"policyContact":{"policyNo":709807570,"dataSource":"B","emailAddress":"null","enteredDate":"2026-03-02T20:00:11.995+00:00","mobileNo":"919543457245","countryCode":null,"telephoneNo":"null","panNo":null},"policyExtra":{"accumTerm":0},"policyAnnuity":null,"userRegistered":"N","assignmentDetails":[],"ulipExtra":{"giveCashAmount":null},"bonusErrorMessage":null,"qpayPolicy":{"policyNumber":"709807570","dob":"03/11/2015","emailId":null,"mobileNo":"9543457245","premium":"2407","key":"302143"}}



==== 17/03/2026 16:15:05 - GET-URL ======

https://mk-channel.licindia.in/Landing/



==== 17/03/2026 16:15:13 - OSTATTUS-RESPONSE-TOKEN ======

10sG/TlRVkpGO6RJD68eHaxo3Mua/6hz7iahI1dXSFBRY+JlmidDnB7PBVQxd1V4Fnle9ntq46hKJYOnWaphdYty0gcqBYlpsfK0AE8QQeNu9em3ez09gkfCuvuwUXzhoLXn/PoAIodzpQLU/9Oo8lntla/Va860RS2hiObweeWgUrpt+vi6U8DVM4BsPwmR4+QYTnoL9kcd0LKc9fOQ5kNBYWYK6ATuiQiPMsfot4cZmGnNGgVtMLXGr7L5ZxzN7HJ+Pb+UBq8pI/rSXRHAh2MP3NDD54BycBq+FVYQgkl5sjYqUfLYVr1H56Nsz5IZj3vxy9aUonJHyDCQmJ5fhi1mG0J+l52SUHkraKWeh1n3OGIJCx7yqShO+GIZHq3QNg/5qhU831WrBXW81VmKIIm5Y7cEQjLei52Rf+NUsRGapKz5VXxTdqctxpGTReaVrfBLQJHJH+xHGjOSXkvuHuKc88ZxWQncEnunWxbwxvwsOx5pmacnOgqD8twGd2WUq+HtPpnyVIMk95DOpy1kV+jKu8JJc61VwoL4wi7f+MxYrbLdUczKj5K3i0QlrNoUu7NqIH2gAz/GMfrJPb7SHDA/8TkZFSV3Dhg9nOSxQPfNgbi47Mj2pgbwYSvBUQOZDdCW5kLachawO77/uz/T6e4wN/OG1BVR+l+J45iOB7UJiCOpHaugNwiriSDTH0xrr4MLsQbXQf+qBPLWkOh7uqOMXiuiEQFj/t/vBpalkRJfzDmspr8wrJ/Uk8VBmicD0e+2V9yP67tmrJ+A6oZjKfCRevcWWZStyAnjxGWsEPiIhQG2qJBEx/Eh8JV2/PKgscSY/gHVx+NbynfsQuIO2BbokN2AJMSIcb78qBiIqkkaPfVstfBs5UHTh59Sz1Jp1w/ZQB+G1g9rcMGmMtPZWKl3uzV/KVxiU/ayC//PN2gct19l67DBh1+ZN+KCCjYORFA6SlqTUIV3b+nyTYWSTIq+MIlrQw1eut+UvnCZOdAB+H4trHqvudo2bqROoQbItsgDLsBCbrrMXLvlX2xPOHLLcoB9goJmOT6aWYvM9LeC110k2jf6BKatddWjS9htubRb3G0yPWlxO0YQuZHLOJfA3Bm6e8iETlTjm/04XotJ+vKgvy0Lkc2ju06KT66uNXU9cutgyN4B2Y0wXstL/maUdSldJOGpktViFwZKHQS9zvmkOBi+qPjaQ4lFluJeE6SmPEfCTppanOs9stdEkmdCLCzdnHjst17nf3nI/eR8BjC0UW+feSkadjuAGGv3demxEPWhLecgjFzqQB8gir2Fhs5SBJjj+lPpfVbgPiQRd3UzWJ3Kb12P6BNqDLaGzsG8nyDAb/wK/Adg6F0EtfUoEA5GegKuq27El7AGLE8c/hU8elGiWnjBR14CZAlqPjO5ylh99zLHYi2YxjKCviMiaR9FqcOBTbe8Ujorh6JQ4NNTjW0LeOHwr+bB24xkSbCQRaOcc0bDj1rhluMbN8ft2TqXG44zc6u68vqytmfr4W+khkSI01vjAtyke4Gm1z29pCo6kgWFn/Li1qSxmL2pArmdihL1oPs5XWs0Jaozst0DLySVQuiAdRDyFk3Yw+p2bOqVHnvsxVvjVUud5W07c7OyE+kKXaRH272NoFtdzAN3kOfiwHNbwopA3O3Vnqckp0t9dyHQ2XCXx1VUG7dH4UtMqxej95vjVDIxz3ZS1O6r+i0I2X4TiFHEHKgdXbnPSvbUmwSmp5UVa93TuQHMqsug6zRMi1UvZIZ7DBSjotkisQnPOzDDCLMxFES7Ui0wAM4NVEsCs0v/flSTGUJK1A/eCOJccnDDJLzHaMaYBKayp1FHjaJfVK/A2VgXirLT0yb/W9crckuKpCoqMUKKzIPmZ2gix/5r6kb1o/awE1LgyTAe4IDULS6+aHOjgWROvQsZZyE7A8WeUH2IoyWLh1wFu80=



==== 17/03/2026 16:15:13 - OSTATTUS-RESPONSE-TOKEN ======

eyJhbGciOiJIUzUxMiJ9.eyJzdWIiOiJJREFNMjcwNzIwMjIzMTkyMzg4IiwiYWdlbmN5X2NvZGUiOm51bGwsImNyZWF0ZWQiOjE3NzM3NDMyNjgxMTAsImFjY2Vzc19jb2RlIjoiZXlKaGJHY2lPaUpTVXpJMU5pSXNJblI1Y0NJNklrcFhWQ0o5LmV5SnpkV0lpT2lKSlJFRk5NamN3TnpJd01qSXpNVGt5TXpnNElpd2labTVoYldVaU9pSklSVTFTUVVvZ1IwOURTRVZTSWl3aWRYTmxjbk4wWVhSMWN5STZJakVpTENKbGJuUnBkSGxzYVhOMElqcGJJa3hKUTE5RFZWTlVUMDFGVWw5UVQxSlVRVXdpWFN3aWNtOXNaWE1pT2xzaVJFOGlYU3dpYVhOeklqb2lRVkpZSWl3aWJXOWlhV3hsSWpvaU9UUXhORGMyTlRJNU1pSXNJbUYxWkNJNkltUmxabUYxYkhRaUxDSnNibUZ0WlNJNklraEZUVkpCU2lCSFQwTklSVklpTENKMWMyVnlWSGx3WlNJNklqRWlMQ0psZUhBaU9qRTNOek0zTnpFM09Ea3NJbWxoZENJNk1UYzNNemMwTWprNE9Td2lhblJwSWpvaU5UbGxaV1EyWkRRdFpqZzNOUzAwT1RRNExUa3hPVFF0WkRFMk9XUmxZMlJoWW1ReUlpd2laVzUwYVhSNUlqb2lURWxEWDBOVlUxUlBUVVZTWDFCUFVsUkJUQ0lzSW1WdFlXbHNJam9pYUdWdGNtRnFMbWR2WTJobGNrQnNhV05wYm1ScFlTNWpiMjBpZlEuQ2hVQ1lpQ0JzMmtEREhDQkVDNGRMSTdhNjNhZ2NaYTgwMHllLUMwcG9ncGlBUC1BXzNMbE1IRlg5NEFvelNwTXJnQXp2UVJCSFBpQTJUSnVNbXlIeXJFNWhzUFB6MjFQX0hTOUZyaC1fQ0lPLVVCWFVQQkFpUHVwOW9lOWxQTTdsTjZyVTZ1MEFtYjViX29ybHA1amNYdFh2N05xYkg3aV9ULVo5Nk1tUWgwY2h0Z3FKNmotQlVjYVZWT0NNTl85bDNFTkk1YnEwTjV3OW5pMl8yd0wyaF9VWk9xWWFsWUVoNDd6RDg3bXJkMVBiRTBidmR6d1hlYkRXZjF2N1Y0cjZTd3Zsd1MxRjk0eFMtY3ptMHU5WExWQ1FySkNlSXdJNVBib3ZNbWs4RDh5aVp2VENmdUV2SGRnYmxLcFBVLVdTTjRwYkxrUUR5U092ZlhmN2tBcGhRIiwicm9sZXMiOlsiRE8iXSwiY2xpZW50SXAiOm51bGwsImVudGl0bGVtZW50IjpbXX0.LzzROlvqgi2ONfPVdgTqoDbpiW-QqQd2ZkhQNNNGaUYjJkN1jVi1DoolSCS9YkHpBOfn2lWMpYVqZinjlt2ToQ



==== 17/03/2026 16:15:13 - POST-URL ======

https://ebizapp01.licindia.in/BFFService/policy/policyInfo?_dc=1773744313524



==== 17/03/2026 16:15:14 - POST-URL ======

{"confirmationId":null,"status":"200","resultInfoList":null,"count":0,"policy":{"policyNumber":"709807570","planName":"JEEVAN TARUN","mode":"6","noOfDues":2,"premium":"2407.00","commenceDate":"2017-08-28","nameOfAssured":"K.Harinkishore L.A","agencyCode":"0090976F ","developmentOfficerCode":"315076","plan":"834","policyTerm":"24","firstUnpaidPremiumDate":"2025-08-28","cdCharge":"0","serviceBranch":"76F ","sumAssured":"100000","policyStatus":"31","dob":"2015-11-03","ageAtEntry":1,"planDetails":{"plan":834,"planType":null,"planDesc":null,"premiumDueDuration":6,"premiumDueDurationType":"M","payPremiumAdvance":30,"payPremiumAdvanceType":"D","gracePeriod":1,"gracePeriodType":"M","serviceTaxRateFirstYr":4.5,"serviceTaxRateNextYrs":2.25,"serviceTaxRateEduCess":0.0,"topUpAllowed":null,"multiplyTopupAmt":null,"topupLimitCriteria":null,"topupNoPayBefMaturity":null,"planCategory":"NORM","freeCoverCond":null,"freeCoverFUP":null,"campaignStartDate":"2026-01-01","campaignEndDate":"2026-03-02","percentageofwaiver":30.0,"maxLimitofwaiver":3000.0,"waiversAllowedNum":1,"lateFeeWaiverInd":"Y","discountPercentFirstYr":null,"discountPercentSecondYr":null,"discountPercentThirdYr":null,"discountPercentSubYr":null,"discountFromDate":null,"discountToDate":null,"maxLimitWaiverFstYr":null,"maxLimitWaiverScndYr":null,"maxLimitWaiverThirdYr":null,"maxLimitWaiverSubYr":null,"discountParameter":null,"graceprdExtFlag":null,"graceprdExtFrmDate":null,"graceprdExtToDate":null,"graceprdPrcntWaiver":null,"maxWaiverLimitgraceprd":null,"gstCdCharge":0.0,"gstLateFeeRateFirstYr":18.0,"gstLateFeeRateNextYrs":18.0,"dateOfLaunch":"18/05/2015","beforeLaunch":"N","centralGSTPercentage":50,"discountPeriod":null,"discountPeriodType":null},"eligible":false,"lateFeeRequired":false,"recordId":"O","premiumPayingTerm":19,"policyBenefits":"100000","dueAmount":"4814.00","taxExemption":false,"age":"11","eserviceEligible":false,"policyUlip":false,"dateOfLastPayment":"2036-02-28","dateOfMaturity":"2041-08-28","statusShortDesc":"Reduced Paid-up","nav":"For NAV details please contact your Servicing Branch / Customer Zone","altChannelId":"0 ","riderPolicy":false,"minorChild":false,"accountingBookCode":1,"payedPolicy":false,"advancePayedPolicy":false,"lastAccountDate":"2025-07-04","noBonusYears":0,"bonusInfo":{"totalRevBonus":36000,"totalInterimBonus":0,"totalFAB":0,"totalGuaranty":0,"totalLoyalty":0,"totalOneTimeBonus":0.00,"messageCode":null,"calulationSheetHTML":"<table border=1><tr class=grey-bg><td>From</td><td>Upto</td><td>Year</td><td>Type</td><td>Factor</td><td>Rate</td><td>Bonus </td></tr><tr class=grey-bg><td>2017-08-28</td><td>2018-08-28</td><td>2018</td><td>V</td><td>1.0</td><td>48.00</td><td>4800.00</td></tr><tr class=grey-bg><td>2018-08-28</td><td>2019-08-28</td><td>2019</td><td>V</td><td>1.0</td><td>48.00</td><td>4800.00</td></tr><tr class=grey-bg><td>2019-08-28</td><td>2020-08-28</td><td>2020</td><td>V</td><td>1.0</td><td>44.00</td><td>4400.00</td></tr><tr class=grey-bg><td>2020-08-28</td><td>2021-08-28</td><td>2021</td><td>V</td><td>1.0</td><td>44.00</td><td>4400.00</td></tr><tr class=grey-bg><td>2021-08-28</td><td>2022-08-28</td><td>2022</td><td>V</td><td>1.0</td><td>44.00</td><td>4400.00</td></tr><tr class=grey-bg><td>2022-08-28</td><td>2023-08-28</td><td>2023</td><td>V</td><td>1.0</td><td>44.00</td><td>4400.00</td></tr><tr class=grey-bg><td>2023-08-28</td><td>2024-08-28</td><td>2024</td><td>V</td><td>1.0</td><td>44.00</td><td>4400.00</td></tr><tr class=grey-bg><td>2024-08-28</td><td>2025-08-28</td><td>2025</td><td>V</td><td>1.0</td><td>44.00</td><td>4400.00</td></tr><tr class=grey-bg><td colspan=7>Total Rev Bonus : 36000.00   Total Interim Bonus : 0.00</td></tr></table> ","calulationSheetText":"From        Upto        Year Type Factor  Rate     Bonus \r\n2017-08-28  2018-08-28  2018  V     1.0   48.00    4800.00\r\n2018-08-28  2019-08-28  2019  V     1.0   48.00    4800.00\r\n2019-08-28  2020-08-28  2020  V     1.0   44.00    4400.00\r\n2020-08-28  2021-08-28  2021  V     1.0   44.00    4400.00\r\n2021-08-28  2022-08-28  2022  V     1.0   44.00    4400.00\r\n2022-08-28  2023-08-28  2023  V     1.0   44.00    4400.00\r\n2023-08-28  2024-08-28  2024  V     1.0   44.00    4400.00\r\n2024-08-28  2025-08-28  2025  V     1.0   44.00    4400.00\r\n   Total Rev Bonus : 36000.00   Total Interim Bonus : 0.00\r\n "},"isSpotRevivalAllowed":false,"discountApplicable":false,"advancePaymetEligible":false,"maturitySumAssured":0,"gstInNumber":"null","transactionAllowed":true,"dateOfShowMaturity":"2041-08-28","panFlag":false,"neftFlag":false,"itPan":"","neftStatus":"N","titleCode":"null","premiumGapFlag":false,"dghPolicyFlag":false,"policyExitStatus":false,"serviceRequestFlag":false,"nriGstFlag":false,"fyEndDate":"2026-03-31"},"person":{"policyNo":709807570,"birthDate":"2015-11-03","fullName":"K.Harinkishore L.A","sex":"M","shortName":"Harinkishore K","age":"1","profileMobileNo":null,"profileEmail":null,"profileUnMaskMobileNo":null,"profileUnMaskEmail":null},"address":{"policyNo":709807570,"address1":"S/O.S.Kumar P","address2":"288c,Thaneer Panthal Kadu","address3":"Moolaipallipatty Po,Rasipuram Tk","addressId":1,"pin":637406},"branch":{"branchCode":"76F ","address1":"LIC OF INDIA - 76F","address2":"NAMAKKAL ROAD","address3":"RASIPURAM","branchIp":"10.128.42.194","branchName":"LIC of India, Rasipuram Br Office","city":null,"dcCode":"X070","divCode":70,"eaiIndication":"Y","emailId":"BO_76F@LICINDIA.COM","man":null,"odsIndication":"N","pin":null,"state":"null"},"agent":{"agencyCode":"0090976F ","address1":"D/O.K.Jayaraman,Jai Ganesh Lorry","address2":"Service,T.P.Kadu,Moolapallipatty.Po","address3":"Rasipuram.Tk & Namakkal .Dt.","agentName":"J.Renukadevi","birthDate":"1976-03-10","category":2,"city":null,"disabilityCode":1,"enteredDate":"2026-03-17T01:24:45.000+00:00","itaxPanNo":"ANZPR4228B","occupationCode":12,"pin":637406,"qualificationCode":3,"sex":"F"},"nominees":[],"billingInfo":{"policyNumber":"709807570","nameOfAssured":"K.Harinkishore L.A","planName":"JEEVAN TARUN","plan":834,"mode":"6","premium":2407,"sumAssured":100000,"status":null,"firstUnpaidPremiumDate":"2025-08-28","nextFup":null,"dueAmount":"4814.00","payedPolicy":false,"noOfDues":2,"eligible":false,"spotRevival":false},"policyContact":{"policyNo":709807570,"dataSource":"B","emailAddress":"null","enteredDate":"2026-03-02T20:00:11.995+00:00","mobileNo":"919543457245","countryCode":null,"telephoneNo":"null","panNo":null},"policyExtra":{"accumTerm":0},"policyAnnuity":null,"userRegistered":"N","assignmentDetails":[],"ulipExtra":{"giveCashAmount":null},"bonusErrorMessage":null,"qpayPolicy":{"policyNumber":"709807570","dob":"03/11/2015","emailId":null,"mobileNo":"9543457245","premium":"2407","key":"302143"}}



==== 17/03/2026 16:15:21 - GET-URL ======

https://mk-channel.licindia.in/Landing/



==== 17/03/2026 16:15:51 - OSTATTUS-RESPONSE-TOKEN ======

KsqCAKN0THjPSkD1Mwgw9O47FFr5tN0JeYYX0KKdrfUT6x9iDGfsnB0/SjWeDGe+Zn5w6Tfd1rU/mziRp7QxNtYE+9PP1Eu1IbODxgBnqbQBhycDNhnqqqfNrcY69GVGTIQBwp6zxn0wGvTKIXHgUBuC1g9Eacy3fEgRa4AlQvdKynK9/obfG6fRfJ4kVGHDHVON1lYKdH9Ig/QRNJGm7eZ005RmyNJPntmAyHoJ9AogvXmj9i5Sf7lpUq0dnAcnTVzeLxUD0x+MylRJv2F1jUYgUG/o3BhgfO+f3Go4q3mLbjxMj8rrs4MVKzdYGynjUGsz6sSLdn8sN40dYbsC+dXuLMBbAEVRMz8Jr/oJ5y5eFVCUJxHcPpJbYMKmIWlcE5Hyj93o0qHg70dFPUZZpA2qwkpSUZU/koVCRy8DoQGcgsc3rHZwqf/erZktUTDRAfheYj5SUDzkXjcDWcwzwqs0Whhpf55fsaceSYws/kNqiJLoraRb94uzpkG0Uf/OE/dw1BN2Yoe7Z6PedrJMLSuHcgiit7chvFr1r4sl7bCaMEskB4gsBaCpHyNZKUJafo3O1WmUFBoFjdrlPKLUJGVfjwtiijuvfqXKtrCxFIUS/dAQY3uPvRJgBvUoF2mIUQZhMET70yFxkrx3ColXA2HXks0ZI3RvMGK4xuEND6vB1u2aqq9es7UuW+UmsWWGH0ztLTcduJ121m3OjMMn2X/z3Oe1XpB+PYBt22RocRD9c8PyB6H3i07kFHUixyLuc93rD06Z+fLvM+EXP0Jq9ViZMXDBGbvYmuG1Z22C9gsjang6e3HndLPQNCTbbx+q7CeNUYSNdC5Ndv3als2HntWM00Vahr8ZPwaf6q2kaGq3UU6u3Lfedd4idpEuFT/TUrNfWShzl0L3wgKcyjLCtlPY55w3PemEn8UePoPnoHoElfLY0c4As8aiw7RNZm0Hu1r6bVieFVsUtoa3VtD+CQXBHbb8IszOXSGVqgbVLY75TFwxosAkXH7KMjhk+tCukrwWXzhtBcmP3630TNdwNOoS86fCPFSj+dK7zJLC4SrQQrDD3xp22Gy01heXXJvgBfDvCe2Ytn14XFVeKt4npnWmf9roRjJIxYWhqcYuLJdsUiFDWKESdjKqWob6pdHTIWoOmzc7zGYSsQRg0H5gef+Ka9jXQGrJY0WIxOz0IttE0ZHhXE5eQJ+awNOYC1LBfu6Uu5ocJD4H9hrzKKZh7EfE6BggN54vQ8Q3nw5S7cUk/NwaAhIYQk6NZbeeEfuvfhXxgXZ/+f6udufrq51RiOy0wz4IvJZldKlW00aOaUuC8YgUwjUabnHt8zafEkNMqNAHo/49yRUfIyQmcln6tQnppBsn3AOWyo1qwwvrYo+tBaNthAboYTW0g+BJqnN9+Y7k3P3sPiz2ajOe+3t3kP8tEvk4sjC1BaBwi28k19uB+7M+ecLp6EB6e1peo0eOop1yJSj71AuC6csLgl5qJgnXrBbqMKUEWJkzz6zupduQUiiW9HmAZEhbIMoJVBFv+XN+9eiSytslvcEhgL2PmOoJFPrhat/qcPJEIksvyW6+IEQJUy1+oZ04cboNMNulWZhpoKATGxRScFV0X+pb5r3RXjI+AvwzT1vEwm3ZHeIZmASVyrnRdEZuG4jiwm8cbueOqeYG370Obtjc9HYKczyOaN3xCMz21HLdBCvd7Y/zFlBHQW0x2uLW+IuiEurK51FWVC3723j2sMSH4FQaA1ZBTabJgIhQGoRIzXTmEdy+Bq7FzdMKWxKRluJ8TV1YCVhBSGy/ZG447czGyqnB2+M4oKw/lHtR9qgesnzIgob2qcOPNIKFiumXbjwmvIpnD1KhicbUQJcvvEQ3kv3RpEOdWPmdLyLJfEm0LHmE4hKg5qqM0e3HHtzktAMQIevV9AaM4NGhu1GX4qplEY6XHeRSwKBunnA=



==== 17/03/2026 16:15:51 - OSTATTUS-RESPONSE-TOKEN ======

eyJhbGciOiJIUzUxMiJ9.eyJzdWIiOiJJREFNMjcwNzIwMjIzMTkyMzg4IiwiYWdlbmN5X2NvZGUiOm51bGwsImNyZWF0ZWQiOjE3NzM3NDMyNjgxMTAsImFjY2Vzc19jb2RlIjoiZXlKaGJHY2lPaUpTVXpJMU5pSXNJblI1Y0NJNklrcFhWQ0o5LmV5SnpkV0lpT2lKSlJFRk5NamN3TnpJd01qSXpNVGt5TXpnNElpd2labTVoYldVaU9pSklSVTFTUVVvZ1IwOURTRVZTSWl3aWRYTmxjbk4wWVhSMWN5STZJakVpTENKbGJuUnBkSGxzYVhOMElqcGJJa3hKUTE5RFZWTlVUMDFGVWw5UVQxSlVRVXdpWFN3aWNtOXNaWE1pT2xzaVJFOGlYU3dpYVhOeklqb2lRVkpZSWl3aWJXOWlhV3hsSWpvaU9UUXhORGMyTlRJNU1pSXNJbUYxWkNJNkltUmxabUYxYkhRaUxDSnNibUZ0WlNJNklraEZUVkpCU2lCSFQwTklSVklpTENKMWMyVnlWSGx3WlNJNklqRWlMQ0psZUhBaU9qRTNOek0zTnpFM09Ea3NJbWxoZENJNk1UYzNNemMwTWprNE9Td2lhblJwSWpvaU5UbGxaV1EyWkRRdFpqZzNOUzAwT1RRNExUa3hPVFF0WkRFMk9XUmxZMlJoWW1ReUlpd2laVzUwYVhSNUlqb2lURWxEWDBOVlUxUlBUVVZTWDFCUFVsUkJUQ0lzSW1WdFlXbHNJam9pYUdWdGNtRnFMbWR2WTJobGNrQnNhV05wYm1ScFlTNWpiMjBpZlEuQ2hVQ1lpQ0JzMmtEREhDQkVDNGRMSTdhNjNhZ2NaYTgwMHllLUMwcG9ncGlBUC1BXzNMbE1IRlg5NEFvelNwTXJnQXp2UVJCSFBpQTJUSnVNbXlIeXJFNWhzUFB6MjFQX0hTOUZyaC1fQ0lPLVVCWFVQQkFpUHVwOW9lOWxQTTdsTjZyVTZ1MEFtYjViX29ybHA1amNYdFh2N05xYkg3aV9ULVo5Nk1tUWgwY2h0Z3FKNmotQlVjYVZWT0NNTl85bDNFTkk1YnEwTjV3OW5pMl8yd0wyaF9VWk9xWWFsWUVoNDd6RDg3bXJkMVBiRTBidmR6d1hlYkRXZjF2N1Y0cjZTd3Zsd1MxRjk0eFMtY3ptMHU5WExWQ1FySkNlSXdJNVBib3ZNbWs4RDh5aVp2VENmdUV2SGRnYmxLcFBVLVdTTjRwYkxrUUR5U092ZlhmN2tBcGhRIiwicm9sZXMiOlsiRE8iXSwiY2xpZW50SXAiOm51bGwsImVudGl0bGVtZW50IjpbXX0.LzzROlvqgi2ONfPVdgTqoDbpiW-QqQd2ZkhQNNNGaUYjJkN1jVi1DoolSCS9YkHpBOfn2lWMpYVqZinjlt2ToQ



==== 17/03/2026 16:15:51 - POST-URL ======

https://ebizapp01.licindia.in/BFFService/policy/policyInfo?_dc=1773744351499



==== 17/03/2026 16:15:53 - POST-URL ======

{"confirmationId":null,"status":"500","resultInfoList":[{"resultType":"FAILURE","resultCode":null,"resultDesc":"java.lang.NullPointerException"}],"count":0}



==== 17/03/2026 16:16:03 - GET-URL ======

https://mk-channel.licindia.in/Landing/



==== 17/03/2026 16:16:10 - OSTATTUS-RESPONSE-TOKEN ======

bHDGZvZEQS1CrERVjrllrmb4IKqSCSemzKUpaFzzrp2qtqVaxVjBg0Y4/95Amb67Zmm9gVbWykedbLkrLwHLoKWwPSIzEsO6Vd07x1bDro9pac1PuAtbT4Pas40EwZym/qe5yVsg/CKYhhRRY7S4BhrgX8a26adD7fotPa5UfIXi1xwyK/394Z2riXyizV3FeyBujxDUvKoUhxvUjaLM97EpPr86/iWrsZjtueFlVLhZtJ1YMBd9zBJZgmSSsRj1luFHY2Jb0mizvxLt9QS9m7x70IYOi6tepFgMYY+3L2QJ3e51dQRohGtpMFRwsaQ4My9nuEMtagAYZ/6QM3OMi1+ZuOOApHA+zchoOq707msxp6/kFSHtFtvaTvyah3Zo7Fs97g4BkV/VGM5R2l6t+oXiEPq1kJEVskiAHQgYI38VH94erOD7ZcKlGhVdpX0xfkI16MnFVQNM9HWQ1WiUGuVUCznG5ONFU/XRk1W4GE5FH2C/yK5MX90mgEZ5SuYu5+fPbyd+NYywnsAYwVArFV89fsgcVJskOllcby/m0OrJatxApDSAQUpnsANYzYLiruvR07cFG45E339W2W+I+ASt5ltp2eKHkdxb+ZGyp2GXApedSzAGQkqbXhJixafwbtgWM9pmxCUApg0e9AsCtaRJE4tEZcV6qFqwhj0wVm0He81AcicLIYyjcZNJ3iA31H7lZoaBv0fpyVVb5Vhb/6dMqak6Z6twnz1fENDSNlvTImKqsaiAVqMtAH5CnUvAXN4+XPg9vEeAcg85wtDqHu1yLliR6QoXvKrhLLJbfb9DSxN1t/pebPKiJxfdX3alFw0s/NaLIddrt/y+ku3BopZ9vVGK5J96NhEQ/RRmnpawmAf6w+A7gotS1ztbAuF+/JBvC4vS5D080gi/4gUF4CDsidxtoWb3kLSZlQPQTGfZIWDfAtgFGt3fQpjM1PwTXBMOVp7bn6DDiWsPwvCmW5QaeCH4N7N1vePlKfmg+rME61w9oJS9Nt/+JxA+1yLMsq0yx6m0gL1bnfmc6fab09g9Jve+nFDc8/RNFUi7Xv/Byn5l+zNJHDbGCxAnkdWpjWa7bZJK7juqj+TzkBY2PzR/+/E/w8DXZeSJHubzLblRqGt21vvM5XqywfhDzHgW1QzThTsb6sDQynZXsAYGVKkgh8XJPyLPPJHL5xrJnGR1TXU1wNaIK2cnV/JWEDOXJcHz19T847/HwzV6VBtpiVo3yhK6HV4sDR/50JL6KuxbPAQwwSNZnmxVeaRaz2l0lYFajJ4Lo1taGOLwbiFwVYubYLuyqkCWqySGnRokMYh1kZOVGgYsIiORh0GDToPHPoEBnLiGyNEYpRWgXtTLT6Eyr7ePWxxeZ1J3cDVXovV8g+YttdHcFgkcvfSdxs5cJTU98Z3C3reAiH4CChbaoLkd7zikV4jvPy34eoYr3vaYTX+buNxicVAHu+ndk38IoYtMGbHbE7Qmf0p7CEe4jWCNm1/3SqkAFzCNBR0nIlYdftMgpSbIvk94xpLtizqDebawr5TNiAyN05xKRPgPTZsdthy9pVvBg6wYCuniEGDYhfC4XCIp6y9BO5sNS+DjiTNCIvJOfZU29Z0YEOcFSeWr5zyJ9F3fOpWEisvOb/Hpw+HALk4CGV13LUarHXTYBPovyMSmFElJpPsQ8Y5r21yyRfyPi2s+NouDRi6+1q11CDw6mgBGe5LPukd3Qo74htn/YmKU3HOMbsfsDHvK7fx5LzrOlisKFo9YZqUwgNkeVZpp0ITudcHeE5nfMsfX10uGS/W1t0QvZVImuANfNCPrbFjhlpeQa1HfaUOE1Sbj17SmvTOQZroHeVEpylT+eSFwmF5sq2QxyyWHN8DeySf59tdmSmk9LTrrVzBmu2Ndf7gCg+/PZYkVJNznN/rQm79314Tvu82n6pOXhOGr456dp9bmEM8=



==== 17/03/2026 16:16:10 - OSTATTUS-RESPONSE-TOKEN ======

eyJhbGciOiJIUzUxMiJ9.eyJzdWIiOiJJREFNMjcwNzIwMjIzMTkyMzg4IiwiYWdlbmN5X2NvZGUiOm51bGwsImNyZWF0ZWQiOjE3NzM3NDMyNjgxMTAsImFjY2Vzc19jb2RlIjoiZXlKaGJHY2lPaUpTVXpJMU5pSXNJblI1Y0NJNklrcFhWQ0o5LmV5SnpkV0lpT2lKSlJFRk5NamN3TnpJd01qSXpNVGt5TXpnNElpd2labTVoYldVaU9pSklSVTFTUVVvZ1IwOURTRVZTSWl3aWRYTmxjbk4wWVhSMWN5STZJakVpTENKbGJuUnBkSGxzYVhOMElqcGJJa3hKUTE5RFZWTlVUMDFGVWw5UVQxSlVRVXdpWFN3aWNtOXNaWE1pT2xzaVJFOGlYU3dpYVhOeklqb2lRVkpZSWl3aWJXOWlhV3hsSWpvaU9UUXhORGMyTlRJNU1pSXNJbUYxWkNJNkltUmxabUYxYkhRaUxDSnNibUZ0WlNJNklraEZUVkpCU2lCSFQwTklSVklpTENKMWMyVnlWSGx3WlNJNklqRWlMQ0psZUhBaU9qRTNOek0zTnpFM09Ea3NJbWxoZENJNk1UYzNNemMwTWprNE9Td2lhblJwSWpvaU5UbGxaV1EyWkRRdFpqZzNOUzAwT1RRNExUa3hPVFF0WkRFMk9XUmxZMlJoWW1ReUlpd2laVzUwYVhSNUlqb2lURWxEWDBOVlUxUlBUVVZTWDFCUFVsUkJUQ0lzSW1WdFlXbHNJam9pYUdWdGNtRnFMbWR2WTJobGNrQnNhV05wYm1ScFlTNWpiMjBpZlEuQ2hVQ1lpQ0JzMmtEREhDQkVDNGRMSTdhNjNhZ2NaYTgwMHllLUMwcG9ncGlBUC1BXzNMbE1IRlg5NEFvelNwTXJnQXp2UVJCSFBpQTJUSnVNbXlIeXJFNWhzUFB6MjFQX0hTOUZyaC1fQ0lPLVVCWFVQQkFpUHVwOW9lOWxQTTdsTjZyVTZ1MEFtYjViX29ybHA1amNYdFh2N05xYkg3aV9ULVo5Nk1tUWgwY2h0Z3FKNmotQlVjYVZWT0NNTl85bDNFTkk1YnEwTjV3OW5pMl8yd0wyaF9VWk9xWWFsWUVoNDd6RDg3bXJkMVBiRTBidmR6d1hlYkRXZjF2N1Y0cjZTd3Zsd1MxRjk0eFMtY3ptMHU5WExWQ1FySkNlSXdJNVBib3ZNbWs4RDh5aVp2VENmdUV2SGRnYmxLcFBVLVdTTjRwYkxrUUR5U092ZlhmN2tBcGhRIiwicm9sZXMiOlsiRE8iXSwiY2xpZW50SXAiOm51bGwsImVudGl0bGVtZW50IjpbXX0.LzzROlvqgi2ONfPVdgTqoDbpiW-QqQd2ZkhQNNNGaUYjJkN1jVi1DoolSCS9YkHpBOfn2lWMpYVqZinjlt2ToQ



==== 17/03/2026 16:16:10 - POST-URL ======

https://ebizapp01.licindia.in/BFFService/policy/policyInfo?_dc=1773744370016



==== 17/03/2026 16:16:12 - POST-URL ======

{"confirmationId":null,"status":"200","resultInfoList":null,"count":0,"policy":{"policyNumber":"308662424","planName":"LIC's Aadhaar Shila Plan","mode":"3","noOfDues":1,"premium":"1335.00","commenceDate":"2020-07-17","nameOfAssured":"K Parvathy","agencyCode":"0090976F ","developmentOfficerCode":"315076","plan":"944","policyTerm":"16","firstUnpaidPremiumDate":"2026-01-17","cdCharge":"0","serviceBranch":"76F ","sumAssured":"100000","policyStatus":"21","dob":"1975-04-19","ageAtEntry":45,"planDetails":{"plan":944,"planType":null,"planDesc":null,"premiumDueDuration":6,"premiumDueDurationType":"M","payPremiumAdvance":30,"payPremiumAdvanceType":"D","gracePeriod":30,"gracePeriodType":"D","serviceTaxRateFirstYr":4.5,"serviceTaxRateNextYrs":2.25,"serviceTaxRateEduCess":null,"topUpAllowed":null,"multiplyTopupAmt":null,"topupLimitCriteria":null,"topupNoPayBefMaturity":null,"planCategory":null,"freeCoverCond":null,"freeCoverFUP":null,"campaignStartDate":"2026-01-01","campaignEndDate":"2026-03-02","percentageofwaiver":30.0,"maxLimitofwaiver":3000.0,"waiversAllowedNum":1,"lateFeeWaiverInd":"Y","discountPercentFirstYr":null,"discountPercentSecondYr":null,"discountPercentThirdYr":null,"discountPercentSubYr":null,"discountFromDate":null,"discountToDate":null,"maxLimitWaiverFstYr":null,"maxLimitWaiverScndYr":null,"maxLimitWaiverThirdYr":null,"maxLimitWaiverSubYr":null,"discountParameter":null,"graceprdExtFlag":null,"graceprdExtFrmDate":null,"graceprdExtToDate":null,"graceprdPrcntWaiver":null,"maxWaiverLimitgraceprd":null,"gstCdCharge":0.0,"gstLateFeeRateFirstYr":18.0,"gstLateFeeRateNextYrs":18.0,"dateOfLaunch":"01/02/2020","beforeLaunch":"N","centralGSTPercentage":50,"discountPeriod":null,"discountPeriodType":null},"eligible":true,"lateFeeRequired":false,"recordId":"O","premiumPayingTerm":16,"policyBenefits":"100000","dueAmount":"1335.00","taxExemption":false,"age":"51","eserviceEligible":false,"policyUlip":false,"dateOfLastPayment":"2036-04-17","dateOfMaturity":"2036-07-17","statusShortDesc":"In Force","nav":"For NAV details please contact your Servicing Branch / Customer Zone","altChannelId":"0 ","riderPolicy":false,"minorChild":false,"accountingBookCode":1,"payedPolicy":false,"advancePayedPolicy":false,"lastAccountDate":"2025-10-15","noBonusYears":99,"bonusInfo":{"totalRevBonus":0,"totalInterimBonus":0,"totalFAB":0,"totalGuaranty":0,"totalLoyalty":500,"totalOneTimeBonus":0.00,"messageCode":null,"calulationSheetHTML":"<tr class=grey-bg><td> Valuation Year   </td><td> 2025</td></tr><tr class=grey-bg><td> Sum Assured      </td><td> 100000</td></tr><tr class=grey-bg><td> Term             </td><td> 5</td></tr><tr class=grey-bg><td> Rate             </td><td> 5</td></tr><tr class=grey-bg><td> Loyalty Addition </td><td> 500</td></tr><tr class=grey-bg><td> ---------------------------------------------</td></tr><tr class=grey-bg><td>\r\n ----------------------\r\n</td></tr></table>","calulationSheetText":" Valuation Year   : 2025\r\n Sum Assured      : 100000\r\n Term             : 5\r\n Rate             : 5\r\n Loyalty Addition : 500\r\n---------------------------------------------\r\n\r\n ----------------------\r\n"},"isSpotRevivalAllowed":false,"discountApplicable":false,"advancePaymetEligible":false,"maturitySumAssured":0,"gstInNumber":"null","transactionAllowed":true,"dateOfShowMaturity":"2036-07-17","panFlag":false,"neftFlag":false,"itPan":"","neftStatus":"N","titleCode":"A","premiumGapFlag":false,"dghPolicyFlag":false,"policyExitStatus":false,"serviceRequestFlag":false,"nriGstFlag":false,"fyEndDate":"2026-03-31"},"person":{"policyNo":308662424,"birthDate":"1975-04-19","fullName":"K Parvathy","sex":"F","shortName":"Parvathy K","age":"45","profileMobileNo":null,"profileEmail":null,"profileUnMaskMobileNo":null,"profileUnMaskEmail":null},"address":{"policyNo":308662424,"address1":"W/O Kannan, No.14,","address2":"Nandhavanam St., Varathan St.","address3":"Rasipuram, Namakkal Dt.","addressId":1,"pin":637408},"branch":{"branchCode":"76F ","address1":"LIC OF INDIA - 76F","address2":"NAMAKKAL ROAD","address3":"RASIPURAM","branchIp":"10.128.42.194","branchName":"LIC of India, Rasipuram Br Office","city":null,"dcCode":"X070","divCode":70,"eaiIndication":"Y","emailId":"BO_76F@LICINDIA.COM","man":null,"odsIndication":"N","pin":null,"state":"null"},"agent":{"agencyCode":"0090976F ","address1":"D/O.K.Jayaraman,Jai Ganesh Lorry","address2":"Service,T.P.Kadu,Moolapallipatty.Po","address3":"Rasipuram.Tk & Namakkal .Dt.","agentName":"J.Renukadevi","birthDate":"1976-03-10","category":2,"city":null,"disabilityCode":1,"enteredDate":"2026-03-17T01:24:45.000+00:00","itaxPanNo":"ANZPR4228B","occupationCode":12,"pin":637406,"qualificationCode":3,"sex":"F"},"nominees":[{"policyNo":308662424,"nomineeAge":25,"nomineeDob":null,"nomineeId":1,"nomineeName":"K Sivasakthi","nomineeRegistrationDate":null,"nomineeRelation":"S","nomineeShare":0,"nomineeStatus":"B"},{"policyNo":308662424,"nomineeAge":23,"nomineeDob":null,"nomineeId":2,"nomineeName":"K  Muthukumar","nomineeRegistrationDate":null,"nomineeRelation":"S","nomineeShare":0,"nomineeStatus":"B"}],"billingInfo":{"policyNumber":"308662424","nameOfAssured":"K Parvathy","planName":"LIC's Aadhaar Shila Plan","plan":944,"mode":"3","premium":1335,"sumAssured":100000,"status":null,"firstUnpaidPremiumDate":"2026-01-17","nextFup":null,"dueAmount":"1335.00","payedPolicy":false,"noOfDues":1,"eligible":true,"spotRevival":false},"policyContact":{"policyNo":308662424,"dataSource":"B","emailAddress":"null","enteredDate":"2025-10-16T20:00:14.010+00:00","mobileNo":"919942275713","countryCode":null,"telephoneNo":"null","panNo":null},"policyExtra":{"accumTerm":0},"policyAnnuity":null,"userRegistered":"N","assignmentDetails":[],"ulipExtra":{"giveCashAmount":0},"bonusErrorMessage":null,"qpayPolicy":{"policyNumber":"308662424","dob":"19/04/1975","emailId":null,"mobileNo":"9942275713","premium":"1335","key":"289727"}}



==== 17/03/2026 16:16:23 - GET-URL ======

https://mk-channel.licindia.in/Landing/



==== 17/03/2026 16:16:41 - OSTATTUS-RESPONSE-TOKEN ======

QZyv91CJXjHhZLYKIVXwg4/nKGpZs+FKuwZedIRrGDDvb0ae75JckNRPXvvdEv3fTCLiKBTfzaTCBIwQ2kBWNlYstW4QDsBKl2V/7OQ8VmUiMu0BAZIwW+v3x3SQa9RmmJ/U4gZ7tZ/IDquSorMsKVuVRqqhwFa78jVOgj+gka4MjySJ3ijKmJWBqdJXSj1V9x59BGivqawkFKU5mZuH6zP9Zo9TmSMHvJXXqHRuMml2Muc+mchk4kj9/NHiyQ+enYaw2nOZ/ZpCjOItVyBR/SpTw5YFCkuYTdYkWPSu+I0wz0kRnpNBdPW0IPDcDILfqVLhwd91J8tN8bTDlOBVWO+L5l2cwuqmJ8Wd6UAV7O4ythL0J2PEGg1nLxJbVHVARBsbLMfwS9oLdXaBEO8dLLDBCyKkFhJVPT1W+ExqvAM/MUoBnXcG9jzZcUemHhVRENnGH472nSnUex7dWhdMzjK4o+BHzPH37iIBJ6p/EXO0PSsupTblIV3oFQqbfgQ+qOFrdHJ67n0y3Wv0K1CCCtQvyqz1mPAB/mXIZkLLYUNg6lNbqwIsuAh0tbODFFawuSZgNlnY8MLkz7d9pixiwRUVdYYZwQpN0xwViH7pp3cZfP7nqJ0EukjRyjPvJK+epDLajGixRoVfd1wRWc60KtEkzE9SbpGZeY/QMdUaLCfX7bYJh/NLEFBj8sTz+GhiVuM2a3xV6FGhwlhAT+jsoCULQTiVQc51WkVPPLpLNtZ0lOLCsuoWdyjIQc4d256Smy6dsamMNaZLj1UAa5FTPOvZvbDsHJqcDAAoPG1WOR1JJvNlYuRV3NlkQ8fFp0NjBHN8PyQCW2YtCz6WReCXWVm6ZRy/gd0cZnyIbKiu/at+7uz/IxtU09aUGRdrB14LcGqDNr4Gvi/FMdTjRnYCX+HwJ5OVdyHDtRAc09wcPAZYSZM5vYe8toNYGs7ZQEJBdXFlpYEdprDjH0EKxq7zr519zGYafuAUSyIotf2FnytKNL9Rtg1hNoP8ZZBfPRVUSyRDNvtXbKvdGKmGQMlA1vpNbycg8j2TxxLPEBt7tGG/2Bls1jJ2ewYVLkRx9AijWeY8lc9tmLtkEVcmI/oMHfWQU9qO9BholUZ+gczgfPW4Wy1vpdrRGcFVVFMTgEcbzKek7X2rhMaLCiSUoLYcs03rACFqk7xTgC4EViceI9XY213WgIEcJ/zj8F2QuM1C5oCCiJERMONIPiRXNrblbkUsFjei3nSzYq9HTwjYiGLtoSJSXDJmfA9+IHj3GCCVo4icOSOfU2j+EmLVqdsaO4KlvrMsUjgxIr57vP3VuPG2UqHeklI7gQZuG9JuBpifebjKs/fX4nfMaquCAFuICwYBeLKAwje7p7SkdpOi3HKOAnAuoUjSFHrxwc6o4x2y1vFfr3RL/R0cjkF5qz3Ycs1Hd9GnKLSmKSV0nvpr2JJyx/ir8xzfwnoOksKHzo+sWP3vXB7KKZaQnyy82xsNaWEXmpc1nGm6KOR9qWMkFOzgFP2ARr8axNUdHAx3matBNM2cHwUeWgLyaUm5nQ39V49542scRmoYo8M22QAH6r9FO9fOQZ9Ijy6PporhC2uNXFQ28U7Z/ZcQNYtCG3m+9btg6gQca7eQDRgODhIZFgF17GOT6JPVAqBWAsb9h0G4Y2Fp+RbSF1z44qlryt2t4G3nfa8ldILEfIAArrkhbDeATib+gFuVkiOR6GHsUsHcBpPNqdEXozmMGpkxwDo/Hd/qWardHoYCWWZjJykkRAgzrXGCTPxMh5rkBVXM0qo/uEcdcnOcxNk6mA/dtRbiGCzHYRIZJ8m8PZDROtDxyuEwZA7ithcJNtsVVBvYvdvc+omI+JhtT2lvPDDuW7KFAnA/tqWUsxHxdH6B5KCip1mB5oD5ELDyEI69aZDxKRBqWVeSrcXmOHWZyY7gZ5xIczCyi5krlI3DaDnbV8SN4Il+o/gQLTu7jaQiQ3J//A5PYMWMnkIOBrc=



==== 17/03/2026 16:16:41 - OSTATTUS-RESPONSE-TOKEN ======

eyJhbGciOiJIUzUxMiJ9.eyJzdWIiOiJJREFNMTQwMTIwMjQxMTA0MzQ1NyIsImFnZW5jeV9jb2RlIjpudWxsLCJjcmVhdGVkIjoxNzczNzQ0MzI1MzAwLCJhY2Nlc3NfY29kZSI6ImV5SmhiR2NpT2lKU1V6STFOaUlzSW5SNWNDSTZJa3BYVkNKOS5leUp6ZFdJaU9pSkpSRUZOTVRRd01USXdNalF4TVRBME16UTFOeUlzSW1adVlXMWxJam9pVFVGT1ZGSkpJRk5CVkZsQlRrRlNRVmxCVGtFaUxDSjFjMlZ5YzNSaGRIVnpJam9pTVNJc0ltVnVkR2wwZVd4cGMzUWlPbHNpVEVsRFgwTlZVMVJQVFVWU1gxQlBVbFJCVENKZExDSnliMnhsY3lJNld5SkVUeUpkTENKcGMzTWlPaUpCVWxnaUxDSnRiMkpwYkdVaU9pSTNNemd5TVRVMk5UWXpJaXdpWVhWa0lqb2laR1ZtWVhWc2RDSXNJbXh1WVcxbElqb2lUVUZPVkZKSklGTkJWRmxCVGtGU1FWbEJUa0VpTENKMWMyVnlWSGx3WlNJNklqRWlMQ0psZUhBaU9qRTNOek0zTnpJNU1qY3NJbWxoZENJNk1UYzNNemMwTkRFeU55d2lhblJwSWpvaU1XSmlNR0UxWW1VdE9XTTJPQzAwTWpKa0xXSTNaR1V0WldJd09UaGtOalk1WlRObElpd2laVzUwYVhSNUlqb2lURWxEWDBOVlUxUlBUVVZTWDFCUFVsUkJUQ0lzSW1WdFlXbHNJam9pYzJGMGVXRnVZWEpoZVdGdVlUUTRPRUJzYVdOcGJtUnBZUzVqYjIwaWZRLmtaZjNHbDUtVzdZQ1lsal9kQVI1Z0kzV3lKNkl6U0Mtb0QwVWIxdW9STElBeFhDQ0wwV01TNWhJOG5jRlBxY2g2bmpTaFgtcDdEOTBMWnFNU3U2NVUxWU5kUmszbFg4SEdTOWVPc180ak5UMS0tQnhQWHh0dXlzRlkyZTdSUjBaLUQyYngwa3BQWkVrcjBkM0JQSV94S0Fldmp4Rkx3bmtFQllhd29IUTllMHoweXFsbS1UZVVRc0NSQTFRb2xpT3pwdnBDWWRLTVZCenhjY3pON09adVJwWk5wRHJxejlrb0lkX3FGbnd4S1EwSE5EMFRScEdqVE9YbjhYZ1RjdmU4TlVuUXRDQlg1Ykg1UTk2eDlRajNUNE1QRFRnYmk2aEUwUVpJWEJYanZpcFJrSl9kNzQtNl9fZVBvU0VYeF9xbWc5MTR1QlY3SkhYTTFJMWpkSnpxQSIsInJvbGVzIjpbIkRPIl0sImNsaWVudElwIjpudWxsLCJlbnRpdGxlbWVudCI6W119.gqV75rNqKQOg9K_Tq71GPTEWaYz_PdCtsovGBIwZQ0PflgHYNw8sskdknAbn_Rz7hVpJC1AaR74RWojodxqEMQ



==== 17/03/2026 16:16:41 - POST-URL ======

https://ebizapp01.licindia.in/BFFService/policy/policyInfo?_dc=1773744401041



==== 17/03/2026 16:16:42 - POST-URL ======

{"confirmationId":null,"status":"200","resultInfoList":null,"count":0,"policy":{"policyNumber":"325227858","relationType":"Self","planName":"LIC's New Jeevan Anand Plan","mode":"12","noOfDues":1,"premium":"5407.00","commenceDate":"2022-03-28","nameOfAssured":"A.Agalya","agencyCode":"0090976F ","developmentOfficerCode":"87070","plan":"915","policyTerm":"21","firstUnpaidPremiumDate":"2026-03-28","cdCharge":"0","serviceBranch":"76F ","sumAssured":"100000","policyStatus":"21","dob":"2002-02-05","ageAtEntry":20,"planDetails":{"plan":915,"planType":null,"planDesc":null,"premiumDueDuration":6,"premiumDueDurationType":"M","payPremiumAdvance":30,"payPremiumAdvanceType":"D","gracePeriod":30,"gracePeriodType":"D","serviceTaxRateFirstYr":4.5,"serviceTaxRateNextYrs":2.25,"serviceTaxRateEduCess":0.0,"topUpAllowed":null,"multiplyTopupAmt":null,"topupLimitCriteria":null,"topupNoPayBefMaturity":null,"planCategory":"EN","freeCoverCond":null,"freeCoverFUP":null,"campaignStartDate":"2026-01-01","campaignEndDate":"2026-03-02","percentageofwaiver":30.0,"maxLimitofwaiver":3000.0,"waiversAllowedNum":1,"lateFeeWaiverInd":"Y","discountPercentFirstYr":null,"discountPercentSecondYr":null,"discountPercentThirdYr":null,"discountPercentSubYr":null,"discountFromDate":null,"discountToDate":null,"maxLimitWaiverFstYr":null,"maxLimitWaiverScndYr":null,"maxLimitWaiverThirdYr":null,"maxLimitWaiverSubYr":null,"discountParameter":null,"graceprdExtFlag":null,"graceprdExtFrmDate":null,"graceprdExtToDate":null,"graceprdPrcntWaiver":null,"maxWaiverLimitgraceprd":null,"gstCdCharge":0.0,"gstLateFeeRateFirstYr":18.0,"gstLateFeeRateNextYrs":18.0,"dateOfLaunch":"01/02/2020","beforeLaunch":"N","centralGSTPercentage":50,"discountPeriod":null,"discountPeriodType":null},"eligible":true,"lateFeeRequired":false,"recordId":"O","premiumPayingTerm":21,"policyBenefits":"100000","dueAmount":"5407.00","taxExemption":false,"age":"24","eserviceEligible":false,"policyUlip":false,"dateOfLastPayment":"2042-03-28","dateOfMaturity":"2043-03-28","statusShortDesc":"In Force","nav":"For NAV details please contact your Servicing Branch / Customer Zone","altChannelId":"0 ","riderPolicy":false,"minorChild":false,"accountingBookCode":1,"payedPolicy":false,"advancePayedPolicy":false,"lastAccountDate":"2025-12-08","noBonusYears":0,"bonusInfo":{"totalRevBonus":18000,"totalInterimBonus":0,"totalFAB":0,"totalGuaranty":0,"totalLoyalty":0,"totalOneTimeBonus":0.00,"messageCode":null,"calulationSheetHTML":"<table border=1><tr class=grey-bg><td>From</td><td>Upto</td><td>Year</td><td>Type</td><td>Factor</td><td>Rate</td><td>Bonus </td></tr><tr class=grey-bg><td>2022-03-28</td><td>2023-03-28</td><td>2022</td><td>V</td><td>1.0</td><td>45.00</td><td>4500.00</td></tr><tr class=grey-bg><td>2023-03-28</td><td>2024-03-28</td><td>2023</td><td>V</td><td>1.0</td><td>45.00</td><td>4500.00</td></tr><tr class=grey-bg><td>2024-03-28</td><td>2025-03-28</td><td>2024</td><td>V</td><td>1.0</td><td>45.00</td><td>4500.00</td></tr><tr class=grey-bg><td>2025-03-28</td><td>2026-03-28</td><td>2025</td><td>V</td><td>1.0</td><td>45.00</td><td>4500.00</td></tr><tr class=grey-bg><td colspan=7>Total Rev Bonus : 18000.00   Total Interim Bonus : 0.00</td></tr></table> ","calulationSheetText":"From        Upto        Year Type Factor  Rate     Bonus \r\n2022-03-28  2023-03-28  2022  V     1.0   45.00    4500.00\r\n2023-03-28  2024-03-28  2023  V     1.0   45.00    4500.00\r\n2024-03-28  2025-03-28  2024  V     1.0   45.00    4500.00\r\n2025-03-28  2026-03-28  2025  V     1.0   45.00    4500.00\r\n   Total Rev Bonus : 18000.00   Total Interim Bonus : 0.00\r\n "},"isSpotRevivalAllowed":false,"discountApplicable":false,"advancePaymetEligible":false,"maturitySumAssured":0,"gstInNumber":"null","transactionAllowed":true,"dateOfShowMaturity":"2043-03-28","panFlag":true,"neftFlag":false,"itPan":"DS******1C","neftStatus":"N","titleCode":"1","premiumGapFlag":false,"dghPolicyFlag":false,"policyExitStatus":false,"serviceRequestFlag":false,"nriGstFlag":false,"fyEndDate":"2026-03-31"},"person":{"policyNo":325227858,"birthDate":"2002-02-05","fullName":"A.Agalya","sex":"F","shortName":"Agalya A","age":"20","profileMobileNo":null,"profileEmail":null,"profileUnMaskMobileNo":null,"profileUnMaskEmail":null},"address":{"policyNo":325227858,"address1":"D/O Arulmurugan","address2":"56/7-3, Teachers Colony, S.S.Salai,","address3":"Rasipuram Po Tk, Namakkal Dt","addressId":1,"pin":637408},"branch":{"branchCode":"76F ","address1":"LIC OF INDIA - 76F","address2":"NAMAKKAL ROAD","address3":"RASIPURAM","branchIp":"10.128.42.194","branchName":"LIC of India, Rasipuram Br Office","city":null,"dcCode":"X070","divCode":70,"eaiIndication":"Y","emailId":"BO_76F@LICINDIA.COM","man":null,"odsIndication":"N","pin":null,"state":"null"},"agent":{"agencyCode":"0090976F ","address1":"D/O.K.Jayaraman,Jai Ganesh Lorry","address2":"Service,T.P.Kadu,Moolapallipatty.Po","address3":"Rasipuram.Tk & Namakkal .Dt.","agentName":"J.Renukadevi","birthDate":"1976-03-10","category":2,"city":null,"disabilityCode":1,"enteredDate":"2026-03-17T01:24:45.000+00:00","itaxPanNo":"ANZPR4228B","occupationCode":12,"pin":637406,"qualificationCode":3,"sex":"F"},"nominees":[{"policyNo":325227858,"nomineeAge":47,"nomineeDob":null,"nomineeId":1,"nomineeName":"ARULMURUGAN","nomineeRegistrationDate":null,"nomineeRelation":"F","nomineeShare":100,"nomineeStatus":"B"}],"billingInfo":{"policyNumber":"325227858","nameOfAssured":"A.Agalya","planName":"LIC's New Jeevan Anand Plan","plan":915,"mode":"12","premium":5407,"sumAssured":100000,"status":null,"firstUnpaidPremiumDate":"2026-03-28","nextFup":null,"dueAmount":"5407.00","payedPolicy":false,"noOfDues":1,"eligible":true,"spotRevival":false},"policyContact":{"policyNo":325227858,"dataSource":"B","emailAddress":"dppnithis.612@gmail.com                 ","enteredDate":"2025-12-09T20:00:13.687+00:00","mobileNo":"919443741905","countryCode":null,"telephoneNo":"null","panNo":null},"policyExtra":{"accumTerm":0},"policyAnnuity":null,"userRegistered":"Y","assignmentDetails":[],"ulipExtra":{"giveCashAmount":0},"bonusErrorMessage":null,"qpayPolicy":{"policyNumber":"325227858","dob":"05/02/2002","emailId":"dppnithis.612@gmail.com","mobileNo":"9443741905","premium":"5407","key":"678399"}}



==== 17/03/2026 16:16:48 - GET-URL ======

https://mk-channel.licindia.in/Landing/



==== 17/03/2026 16:21:29 - OSTATTUS-RESPONSE-TOKEN ======

ucOK/pLB+IPjyuuuX/iIzTGdJbDMYKpdprAOIL2gXMz9/ESoAWo5nrHLTVQMweTNhESC0tAjXEAGvGiuPsqUDuk4BsYeLL+WtWo2tVHqA+4OYS8O6BqbY5he51xgSZnYHT33lXehieTyGtNxe80DSIBQ1ldQOzBTRilT4SW7qZ/5X7pTk1GJByaDxijUwlu14ufNtZUluRPmHa02N0BPgcZOOCkQfZvgGBjxOzLpCH0svE1mmB1UkpfaJd3KoxiNCztYWN42z5XCO8I5dWPv9Q5Fsh7CtQ1O9TKIVW2tQx2PT1UmzHSjT3LAOWPBXUilB2v2o6seqxDYDqMsYxRyVD7twrVTekkwOD3rKABXJzxXEE9ptZ8mmMMgdJlgjuJB/3j8GICUsK4E7mFTcbYp4RZEvTmJ9fTTZ1zYU/yEmHFXkhLT2D/0ecWKiUn7Q/nKFDGOTQMSR1S2rHXjCAn+NKGdkFKojYwwwL9JA7KfQP3FKpTDDA1C3J386IN1cdHO3qHv2Yy7mKL8BvDtqWyPo6xZoU2iV6ZiqsZpzhr4K+O78XIviHo1rZP6ScpOxrAhr/fuskeqwWLRBgw8laAjhkk8uCRevttaNKiMaAKpy/A/0aCW3YwCAu1Kh9Zp61ir3vAqFFXb9ReCFiIiDoetBxe5rO95wDGU1PxLQnICjeadyLH9SGr7kqc9GycTB7R8jDJ7XsvKBUjQIMCB3MsfsOx0Heu4QxTrAZZk3uKF4OakaOFLYuzy4A/915W3ZZNnB/FTyTOREVmXkUsYY64E3AjccDXRua364mh5JXEyne/bqsV7nl85n4QStWRmLfGhEejaHJgmhQKQ6ITLli77sOK3OV3S+xKkZkN/rVgBz4O5FdP4JFNUkvne++RpichwroEoQY3no0mUZ1pGVCGebUVmWqJ5OCqIfNPuiYHU9jWItKE+IVT1vhzxfGJ7pRptYYOg+d2QkbXFO5y8YxWkyn945cLb1UdQrLxEgdfBPJKSfQ842efV16/fl8IiN/yaN5DSPyYXqgJReK/OlOy3BgtWY7XR4xfSasNuj2MkDCzTTkW797PYT8r5yT4QUjxaBp/gt/uMqOIUsmQUR1uw9tEqY4FkTJLNdyC7jEoHoj8mrOOdUOXbkDgt5ikeKHtHNnRHAAidHy6SCMJwag9J+xHFvyuXUmm7qd39MgTMpDYjz8DRUAEGjy9wmGHiMg6dgNF41J2oF9lp9ugJLHnWcpY9Q8kEmmPIIJmS9uVUmBce8adoO1i0SG1SAqckGJRU1lr7D7FNBfKhWqvZBcHtqtIjvKXrhI2ZBAbaJ7ZDNOUujbpI0RhL6xj/RQv0RgRmvldRqq4eV5t6bqc21nOcn/vuVH18/te82Do4mib1P/mCkuv1H7N1fSHSRg8OtmzadPvWqi9IlcEoIrDF2UgKm1nBmCbgK13C9NB+34w4FDhlGeBvzfu53qOCRNGcSqSodjO+DRo5tXiSFrvPEAe6D2l3yVnwgR4kERnBbnAYipO8v/f/4qRpwVtaKtiwAbRWDjaJJdfoHSHqtS87k3ueptlFOX8az2L7XrHZBcj/ertdvdp/DlcWPdTIs4jN6OHOr4su5mPppThqKUMwW408RlvKEe+xMDSbKQMFOH1krvmG51oWrsTp41pCbDjmU4IWNtjM0RMJk0G4AY4VQJ6ZYImdv38cecZG2ICCyWs0qPp8LT15zz/1rf5PrdUTM5kD26S0MVAVvcDIoxstgdJ3ciFMIVyCcit/ngdnDx1nHqgp8aKPJ5M4XHZPz52s0JBb8t/wsbHFU86zdQLPeYnDKE0kmnIAOim/vEAU1Eqw2adMTqLM40vwOMl1jkSi5k4X7ZWs6mrF7KO7ZSiDNEb/rvawWVYP9doAWGnywusorUt7tCOv/tri98aXGXYnua0Q/aYyiMQvVaVDbiCguoSOkxPexmV7zNunnNiQ9IRu4pzBz2unKt2f68lm04EDYs5DwpCBVlFa7d8=



==== 17/03/2026 16:21:29 - OSTATTUS-RESPONSE-TOKEN ======

eyJhbGciOiJIUzUxMiJ9.eyJzdWIiOiJJREFNMTQwMTIwMjQxMTA0MzQ1NyIsImFnZW5jeV9jb2RlIjpudWxsLCJjcmVhdGVkIjoxNzczNzQ0MzI1MzAwLCJhY2Nlc3NfY29kZSI6ImV5SmhiR2NpT2lKU1V6STFOaUlzSW5SNWNDSTZJa3BYVkNKOS5leUp6ZFdJaU9pSkpSRUZOTVRRd01USXdNalF4TVRBME16UTFOeUlzSW1adVlXMWxJam9pVFVGT1ZGSkpJRk5CVkZsQlRrRlNRVmxCVGtFaUxDSjFjMlZ5YzNSaGRIVnpJam9pTVNJc0ltVnVkR2wwZVd4cGMzUWlPbHNpVEVsRFgwTlZVMVJQVFVWU1gxQlBVbFJCVENKZExDSnliMnhsY3lJNld5SkVUeUpkTENKcGMzTWlPaUpCVWxnaUxDSnRiMkpwYkdVaU9pSTNNemd5TVRVMk5UWXpJaXdpWVhWa0lqb2laR1ZtWVhWc2RDSXNJbXh1WVcxbElqb2lUVUZPVkZKSklGTkJWRmxCVGtGU1FWbEJUa0VpTENKMWMyVnlWSGx3WlNJNklqRWlMQ0psZUhBaU9qRTNOek0zTnpJNU1qY3NJbWxoZENJNk1UYzNNemMwTkRFeU55d2lhblJwSWpvaU1XSmlNR0UxWW1VdE9XTTJPQzAwTWpKa0xXSTNaR1V0WldJd09UaGtOalk1WlRObElpd2laVzUwYVhSNUlqb2lURWxEWDBOVlUxUlBUVVZTWDFCUFVsUkJUQ0lzSW1WdFlXbHNJam9pYzJGMGVXRnVZWEpoZVdGdVlUUTRPRUJzYVdOcGJtUnBZUzVqYjIwaWZRLmtaZjNHbDUtVzdZQ1lsal9kQVI1Z0kzV3lKNkl6U0Mtb0QwVWIxdW9STElBeFhDQ0wwV01TNWhJOG5jRlBxY2g2bmpTaFgtcDdEOTBMWnFNU3U2NVUxWU5kUmszbFg4SEdTOWVPc180ak5UMS0tQnhQWHh0dXlzRlkyZTdSUjBaLUQyYngwa3BQWkVrcjBkM0JQSV94S0Fldmp4Rkx3bmtFQllhd29IUTllMHoweXFsbS1UZVVRc0NSQTFRb2xpT3pwdnBDWWRLTVZCenhjY3pON09adVJwWk5wRHJxejlrb0lkX3FGbnd4S1EwSE5EMFRScEdqVE9YbjhYZ1RjdmU4TlVuUXRDQlg1Ykg1UTk2eDlRajNUNE1QRFRnYmk2aEUwUVpJWEJYanZpcFJrSl9kNzQtNl9fZVBvU0VYeF9xbWc5MTR1QlY3SkhYTTFJMWpkSnpxQSIsInJvbGVzIjpbIkRPIl0sImNsaWVudElwIjpudWxsLCJlbnRpdGxlbWVudCI6W119.gqV75rNqKQOg9K_Tq71GPTEWaYz_PdCtsovGBIwZQ0PflgHYNw8sskdknAbn_Rz7hVpJC1AaR74RWojodxqEMQ



==== 17/03/2026 16:21:29 - POST-URL ======

https://ebizapp01.licindia.in/BFFService/policy/policyInfo?_dc=1773744689446



==== 17/03/2026 16:21:31 - POST-URL ======

{"confirmationId":null,"status":"200","resultInfoList":null,"count":0,"policy":{"policyNumber":"709804507","planName":"Jeevan Lakshya","mode":"12","noOfDues":4,"premium":"12710.00","commenceDate":"2016-12-28","nameOfAssured":"S Kanimozhi","agencyCode":"0090976F ","developmentOfficerCode":"315076","plan":"833","policyTerm":"25","firstUnpaidPremiumDate":"2022-12-28","cdCharge":"0","serviceBranch":"76F ","sumAssured":"300000","policyStatus":"31","dob":"1988-09-21","ageAtEntry":28,"planDetails":{"plan":833,"planType":null,"planDesc":null,"premiumDueDuration":6,"premiumDueDurationType":"M","payPremiumAdvance":30,"payPremiumAdvanceType":"D","gracePeriod":1,"gracePeriodType":"M","serviceTaxRateFirstYr":4.5,"serviceTaxRateNextYrs":2.25,"serviceTaxRateEduCess":0.0,"topUpAllowed":null,"multiplyTopupAmt":null,"topupLimitCriteria":null,"topupNoPayBefMaturity":null,"planCategory":"NORM","freeCoverCond":null,"freeCoverFUP":null,"campaignStartDate":"2026-01-01","campaignEndDate":"2026-03-02","percentageofwaiver":30.0,"maxLimitofwaiver":3000.0,"waiversAllowedNum":1,"lateFeeWaiverInd":"Y","discountPercentFirstYr":null,"discountPercentSecondYr":null,"discountPercentThirdYr":null,"discountPercentSubYr":null,"discountFromDate":null,"discountToDate":null,"maxLimitWaiverFstYr":null,"maxLimitWaiverScndYr":null,"maxLimitWaiverThirdYr":null,"maxLimitWaiverSubYr":null,"discountParameter":null,"graceprdExtFlag":null,"graceprdExtFrmDate":null,"graceprdExtToDate":null,"graceprdPrcntWaiver":null,"maxWaiverLimitgraceprd":null,"gstCdCharge":0.0,"gstLateFeeRateFirstYr":18.0,"gstLateFeeRateNextYrs":18.0,"dateOfLaunch":"03/12/2015","beforeLaunch":"N","centralGSTPercentage":50,"discountPeriod":null,"discountPeriodType":null},"eligible":false,"lateFeeRequired":false,"recordId":"O","premiumPayingTerm":22,"policyBenefits":"300000","dueAmount":"50840.00","taxExemption":false,"age":"38","eserviceEligible":false,"policyUlip":false,"dateOfLastPayment":"2037-12-28","dateOfMaturity":"2041-12-28","statusShortDesc":"Reduced Paid-up","nav":"For NAV details please contact your Servicing Branch / Customer Zone","altChannelId":"0 ","riderPolicy":false,"minorChild":false,"accountingBookCode":1,"payedPolicy":false,"advancePayedPolicy":false,"lastAccountDate":"2022-02-22","noBonusYears":0,"bonusInfo":{"totalRevBonus":85500,"totalInterimBonus":0,"totalFAB":0,"totalGuaranty":0,"totalLoyalty":0,"totalOneTimeBonus":0.00,"messageCode":null,"calulationSheetHTML":"<table border=1><tr class=grey-bg><td>From</td><td>Upto</td><td>Year</td><td>Type</td><td>Factor</td><td>Rate</td><td>Bonus </td></tr><tr class=grey-bg><td>2016-12-28</td><td>2017-12-28</td><td>2017</td><td>V</td><td>1.0</td><td>49.00</td><td>14700.00</td></tr><tr class=grey-bg><td>2017-12-28</td><td>2018-12-28</td><td>2018</td><td>V</td><td>1.0</td><td>49.00</td><td>14700.00</td></tr><tr class=grey-bg><td>2018-12-28</td><td>2019-12-28</td><td>2019</td><td>V</td><td>1.0</td><td>49.00</td><td>14700.00</td></tr><tr class=grey-bg><td>2019-12-28</td><td>2020-12-28</td><td>2020</td><td>V</td><td>1.0</td><td>46.00</td><td>13800.00</td></tr><tr class=grey-bg><td>2020-12-28</td><td>2021-12-28</td><td>2021</td><td>V</td><td>1.0</td><td>46.00</td><td>13800.00</td></tr><tr class=grey-bg><td>2021-12-28</td><td>2022-12-28</td><td>2022</td><td>V</td><td>1.0</td><td>46.00</td><td>13800.00</td></tr><tr class=grey-bg><td colspan=7>Total Rev Bonus : 85500.00   Total Interim Bonus : 0.00</td></tr></table> ","calulationSheetText":"From        Upto        Year Type Factor  Rate     Bonus \r\n2016-12-28  2017-12-28  2017  V     1.0   49.00    14700.00\r\n2017-12-28  2018-12-28  2018  V     1.0   49.00    14700.00\r\n2018-12-28  2019-12-28  2019  V     1.0   49.00    14700.00\r\n2019-12-28  2020-12-28  2020  V     1.0   46.00    13800.00\r\n2020-12-28  2021-12-28  2021  V     1.0   46.00    13800.00\r\n2021-12-28  2022-12-28  2022  V     1.0   46.00    13800.00\r\n   Total Rev Bonus : 85500.00   Total Interim Bonus : 0.00\r\n "},"isSpotRevivalAllowed":false,"discountApplicable":false,"advancePaymetEligible":false,"maturitySumAssured":0,"gstInNumber":"null","transactionAllowed":true,"dateOfShowMaturity":"2041-12-28","panFlag":true,"neftFlag":false,"itPan":"BJ******6C","neftStatus":"N","titleCode":"1","premiumGapFlag":false,"dghPolicyFlag":false,"policyExitStatus":false,"serviceRequestFlag":false,"nriGstFlag":false,"fyEndDate":"2026-03-31"},"person":{"policyNo":709804507,"birthDate":"1988-09-21","fullName":"S Kanimozhi","sex":"F","shortName":"Kanimozhi","age":"28","profileMobileNo":null,"profileEmail":null,"profileUnMaskMobileNo":null,"profileUnMaskEmail":null},"address":{"policyNo":709804507,"address1":"W/O M Devibalan,11a, Devi Illam","address2":"Velayeeamman Koil St.,Thanthai Periyar","address3":"Nagar, Avaniyapuram,Madurai.","addressId":1,"pin":625001},"branch":{"branchCode":"76F ","address1":"LIC OF INDIA - 76F","address2":"NAMAKKAL ROAD","address3":"RASIPURAM","branchIp":"10.128.42.194","branchName":"LIC of India, Rasipuram Br Office","city":null,"dcCode":"X070","divCode":70,"eaiIndication":"Y","emailId":"BO_76F@LICINDIA.COM","man":null,"odsIndication":"N","pin":null,"state":"null"},"agent":{"agencyCode":"0090976F ","address1":"D/O.K.Jayaraman,Jai Ganesh Lorry","address2":"Service,T.P.Kadu,Moolapallipatty.Po","address3":"Rasipuram.Tk & Namakkal .Dt.","agentName":"J.Renukadevi","birthDate":"1976-03-10","category":2,"city":null,"disabilityCode":1,"enteredDate":"2026-03-17T01:24:45.000+00:00","itaxPanNo":"ANZPR4228B","occupationCode":12,"pin":637406,"qualificationCode":3,"sex":"F"},"nominees":[{"policyNo":709804507,"nomineeAge":30,"nomineeDob":null,"nomineeId":1,"nomineeName":"M  DEVIBALAN","nomineeRegistrationDate":null,"nomineeRelation":"H","nomineeShare":100,"nomineeStatus":"B"}],"billingInfo":{"policyNumber":"709804507","nameOfAssured":"S Kanimozhi","planName":"Jeevan Lakshya","plan":833,"mode":"12","premium":12710,"sumAssured":300000,"status":null,"firstUnpaidPremiumDate":"2022-12-28","nextFup":null,"dueAmount":"50840.00","payedPolicy":false,"noOfDues":4,"eligible":false,"spotRevival":false},"policyContact":{"policyNo":709804507,"dataSource":"B","emailAddress":"null","enteredDate":"2023-07-01T20:00:11.983+00:00","mobileNo":"919789978861","countryCode":null,"telephoneNo":"null","panNo":null},"policyExtra":{"accumTerm":0},"policyAnnuity":null,"userRegistered":"N","assignmentDetails":[],"ulipExtra":{"giveCashAmount":null},"bonusErrorMessage":null,"qpayPolicy":{"policyNumber":"709804507","dob":"21/09/1988","emailId":null,"mobileNo":"9789978861","premium":"12710","key":"770431"}}



==== 17/03/2026 16:21:41 - GET-URL ======

https://mk-channel.licindia.in/Landing/



==== 17/03/2026 16:39:49 - OSTATTUS-RESPONSE-TOKEN ======

uX7UzMqpeleESyqFkACIkES6+HKuMAL4IDJ/bfTQdWopEybScpK+7Gcr8/J6CJ/9oGh6q9ws1cLVd44Jj7F0KujAxU59bB5CmOC1YoF6q+eQ65sNF6aN5PoV2e7zvWYSmrIedj1ek0Q5XaCD5IC8XsuIv42rCXwkDxIPR/CNnr7vTRPgDCnl5Lj357ne+3qkQ3K4Daq45vZWAsdnwTgNJ3YyZP3LG0nPCakz3Mw5VZp035iSQhM6ousjtrUPNSmhaOfNjG2j2k+Bi8Q5TrL3dWxbhIGbxbUEQWXDQcyacmCK3ELxrUNNAs2pUIbFJV3aTdOhmFssymdD1F1SscJ/yp64qUDahUZ7AM/LULpOTrLgAzGkhOP9gq67JWxU6+qCzxD2PJ3Q35fr4j8GGu0578pObm2idZR7XnwAjiG+xN2XX8vZtbQ8OQpWD5f+jsFCptRY/nzSr64f6DnXXQbTpDiFHDj6MJwH5+kktK2xZ7nLgpkQLzLFw+xtolwAophJG5pV3qMtdW1jacTuH6ZWiWm+4tKskihAKM32ksT9FxTYFsyabDvQCH+hro3aO9Q4acIMeBLLQCXKrhpLfpS1DDTnbixAyGfRFV1AKlV6rJz4ashSGQ0jug9j0N19ub9JpSzBcpDdH9VEfJm1xVEcHMpFH6GG+fS97pBPLA85Huyvwl6hac/wcFHI4XTEw7/hdZF8kjvaa7cRYpOhGg57u3/bZcyrkTxbKsFBXGLG1L8tIvPmv8i5Vt0gI6GCiLeE6wh8Z8XFO35AxEQCJnORj3OtILmvTVR8EFID1z377IKgxtxiKIQbE5d6uKX4AsUMGYf9E9u08bxlch3dLdu4bWkO8cFO0EmG0IeUZHdqyN9q5jur5KvIbs7qolUnB+ZHGkM+8FBrgW999zJ2kfeRvyFTKjYZJZCp0OXUAUEY/TBRNqmmUO3DLS2FWEHwAu5zFfHBsqom2YWJo2Qqxb76E4alWC3CVB5iLNDtur1xU6Uk4jeWH+3wbd8szsesapAEBD0+VrrxZmCi/TQOoCYxLhTA6Aso+Fr4mbKsRkC6tbI68JG2W/UplBgnNvh9upbtglun3dMy1JwjhFCkkY42pwjZpf9yZH6L4Ib7J979eGHIe80VLjIegsRS9+VbaBD7D2DdPWNAa70v+uFrrIgbjrytI13gciwk+EG64fYDlWzHiWfeJX3TeP17pvL39vElq0+5/wnqOKXKBCb8tb/4Dxeq5BaWsFhit5nSvc/MGxvLrrRy2ROUTm4AVDBr0CP3IvG148bKpTJMhzxr56mJ+2nCK019eBHeiBr/ZbEmDyXsFK6nyypPN0b9nqyd+xBN3wkBZ8OEIF4YvTZXHHmnJ8JECHFe5DA42axDgktfrouP7AgL9PstAvl1E9O1VVnhNKOl4qJBMp9pcs5ZyaZN17P+tGNmYT72L8F2i2cUdxFjC/9Oedp+XpX+bmkWYwIXXsWTa6Ng+t1XunW7N529fkiOc6gXC0u1BcnQAOjJiuHyGajT2XUReHSymowHi9+Hzq+bzCy7k5v3gBySU/gh+e5kf7QTx+zsyDP0cmQ9u3+gnZFJUZPu6j1+Fz1+5y5u2aTY6QrGbYlfSfimh/K0NjnZtPcmzGpIXfmPanK1OHcfmEIHODqhdYOtAYdv3hjoDDuybU0LrQWP3/kq/eIRWBk2PEkFv5lS2D4scbKXfTe3su84VcluLMUM5F2R5Hpzt0lk2Phs5q8QkNpnreuIt2J2bDecnggmdMDz3x5nNnn9j32nMi5J39YnOjzNx7Az/BJ3XPg45Algeo/m74Vc4yZGC6BBKam/u2aFMce51K9sObtx5JGYLQdBxWJ9Cx+Rxyv1n/Ia8TduV9x1zUrT3wFmYNaGH6I/fwNMoLvUkPzHMGEtr7KqCu6n87xnH1GLcVErYw3ZcP5fuRl2mzE9+9w8ewXHdBk=



==== 17/03/2026 16:39:49 - OSTATTUS-RESPONSE-TOKEN ======

eyJhbGciOiJIUzUxMiJ9.eyJzdWIiOiJJREFNMjcwNzIwMjIzMTkyMzg4IiwiYWdlbmN5X2NvZGUiOm51bGwsImNyZWF0ZWQiOjE3NzM3NDMyNjgxMTAsImFjY2Vzc19jb2RlIjoiZXlKaGJHY2lPaUpTVXpJMU5pSXNJblI1Y0NJNklrcFhWQ0o5LmV5SnpkV0lpT2lKSlJFRk5NamN3TnpJd01qSXpNVGt5TXpnNElpd2labTVoYldVaU9pSklSVTFTUVVvZ1IwOURTRVZTSWl3aWRYTmxjbk4wWVhSMWN5STZJakVpTENKbGJuUnBkSGxzYVhOMElqcGJJa3hKUTE5RFZWTlVUMDFGVWw5UVQxSlVRVXdpWFN3aWNtOXNaWE1pT2xzaVJFOGlYU3dpYVhOeklqb2lRVkpZSWl3aWJXOWlhV3hsSWpvaU9UUXhORGMyTlRJNU1pSXNJbUYxWkNJNkltUmxabUYxYkhRaUxDSnNibUZ0WlNJNklraEZUVkpCU2lCSFQwTklSVklpTENKMWMyVnlWSGx3WlNJNklqRWlMQ0psZUhBaU9qRTNOek0zTnpFM09Ea3NJbWxoZENJNk1UYzNNemMwTWprNE9Td2lhblJwSWpvaU5UbGxaV1EyWkRRdFpqZzNOUzAwT1RRNExUa3hPVFF0WkRFMk9XUmxZMlJoWW1ReUlpd2laVzUwYVhSNUlqb2lURWxEWDBOVlUxUlBUVVZTWDFCUFVsUkJUQ0lzSW1WdFlXbHNJam9pYUdWdGNtRnFMbWR2WTJobGNrQnNhV05wYm1ScFlTNWpiMjBpZlEuQ2hVQ1lpQ0JzMmtEREhDQkVDNGRMSTdhNjNhZ2NaYTgwMHllLUMwcG9ncGlBUC1BXzNMbE1IRlg5NEFvelNwTXJnQXp2UVJCSFBpQTJUSnVNbXlIeXJFNWhzUFB6MjFQX0hTOUZyaC1fQ0lPLVVCWFVQQkFpUHVwOW9lOWxQTTdsTjZyVTZ1MEFtYjViX29ybHA1amNYdFh2N05xYkg3aV9ULVo5Nk1tUWgwY2h0Z3FKNmotQlVjYVZWT0NNTl85bDNFTkk1YnEwTjV3OW5pMl8yd0wyaF9VWk9xWWFsWUVoNDd6RDg3bXJkMVBiRTBidmR6d1hlYkRXZjF2N1Y0cjZTd3Zsd1MxRjk0eFMtY3ptMHU5WExWQ1FySkNlSXdJNVBib3ZNbWs4RDh5aVp2VENmdUV2SGRnYmxLcFBVLVdTTjRwYkxrUUR5U092ZlhmN2tBcGhRIiwicm9sZXMiOlsiRE8iXSwiY2xpZW50SXAiOm51bGwsImVudGl0bGVtZW50IjpbXX0.LzzROlvqgi2ONfPVdgTqoDbpiW-QqQd2ZkhQNNNGaUYjJkN1jVi1DoolSCS9YkHpBOfn2lWMpYVqZinjlt2ToQ



==== 17/03/2026 16:39:49 - POST-URL ======

https://ebizapp01.licindia.in/BFFService/policy/policyInfo?_dc=1773745789176



==== 17/03/2026 16:39:51 - POST-URL ======

{"confirmationId":null,"status":"200","resultInfoList":null,"count":0,"policy":{"policyNumber":"706219512","planName":"The Money Back Policy - 20 Years","mode":"6","noOfDues":1,"premium":"1794.00","commenceDate":"2013-09-17","nameOfAssured":"V . Gopalakrishnan","agencyCode":"0090976F ","developmentOfficerCode":"315076","plan":"75","policyTerm":"20","firstUnpaidPremiumDate":"2026-03-17","cdCharge":"0","serviceBranch":"76F ","sumAssured":"50000","policyStatus":"21","dob":"1973-06-21","ageAtEntry":40,"planDetails":{"plan":75,"planType":null,"planDesc":null,"premiumDueDuration":6,"premiumDueDurationType":"M","payPremiumAdvance":30,"payPremiumAdvanceType":"D","gracePeriod":1,"gracePeriodType":"M","serviceTaxRateFirstYr":4.5,"serviceTaxRateNextYrs":2.25,"serviceTaxRateEduCess":null,"topUpAllowed":null,"multiplyTopupAmt":null,"topupLimitCriteria":null,"topupNoPayBefMaturity":null,"planCategory":"NORM","freeCoverCond":null,"freeCoverFUP":null,"campaignStartDate":"2026-01-01","campaignEndDate":"2026-03-02","percentageofwaiver":30.0,"maxLimitofwaiver":3000.0,"waiversAllowedNum":1,"lateFeeWaiverInd":"Y","discountPercentFirstYr":null,"discountPercentSecondYr":null,"discountPercentThirdYr":null,"discountPercentSubYr":null,"discountFromDate":null,"discountToDate":null,"maxLimitWaiverFstYr":null,"maxLimitWaiverScndYr":null,"maxLimitWaiverThirdYr":null,"maxLimitWaiverSubYr":null,"discountParameter":null,"graceprdExtFlag":null,"graceprdExtFrmDate":null,"graceprdExtToDate":null,"graceprdPrcntWaiver":null,"maxWaiverLimitgraceprd":null,"gstCdCharge":0.0,"gstLateFeeRateFirstYr":18.0,"gstLateFeeRateNextYrs":18.0,"dateOfLaunch":"09/01/1978","beforeLaunch":"Y","centralGSTPercentage":50,"discountPeriod":null,"discountPeriodType":null},"eligible":true,"lateFeeRequired":false,"recordId":"O","premiumPayingTerm":20,"policyBenefits":"50000","dueAmount":"1794.00","taxExemption":false,"age":"53","eserviceEligible":false,"policyUlip":false,"dateOfLastPayment":"2033-03-17","dateOfMaturity":"2033-09-17","statusShortDesc":"In Force","nav":"For NAV details please contact your Servicing Branch / Customer Zone","altChannelId":"0 ","riderPolicy":false,"minorChild":false,"accountingBookCode":1,"payedPolicy":false,"advancePayedPolicy":false,"lastAccountDate":"2026-02-27","noBonusYears":0,"bonusInfo":{"totalRevBonus":22150,"totalInterimBonus":0,"totalFAB":0,"totalGuaranty":0,"totalLoyalty":0,"totalOneTimeBonus":0.00,"messageCode":null,"calulationSheetHTML":"<table border=1><tr class=grey-bg><td>From</td><td>Upto</td><td>Year</td><td>Type</td><td>Factor</td><td>Rate</td><td>Bonus </td></tr><tr class=grey-bg><td>2013-09-17</td><td>2014-09-17</td><td>2014</td><td>V</td><td>1.0</td><td>39.00</td><td>1950.00</td></tr><tr class=grey-bg><td>2014-09-17</td><td>2015-09-17</td><td>2015</td><td>V</td><td>1.0</td><td>39.00</td><td>1950.00</td></tr><tr class=grey-bg><td>2015-09-17</td><td>2016-09-17</td><td>2016</td><td>V</td><td>1.0</td><td>44.00</td><td>1950.00</td></tr><tr class=grey-bg><td>2015-09-17</td><td>2016-09-17</td><td>2016</td><td>O</td><td>1.0</td><td>5.00</td><td>250.00</td></tr><tr class=grey-bg><td>2016-09-17</td><td>2017-09-17</td><td>2017</td><td>V</td><td>1.0</td><td>39.00</td><td>1950.00</td></tr><tr class=grey-bg><td>2017-09-17</td><td>2018-09-17</td><td>2018</td><td>V</td><td>1.0</td><td>39.00</td><td>1950.00</td></tr><tr class=grey-bg><td>2018-09-17</td><td>2019-09-17</td><td>2019</td><td>V</td><td>1.0</td><td>39.00</td><td>1950.00</td></tr><tr class=grey-bg><td>2019-09-17</td><td>2020-09-17</td><td>2020</td><td>V</td><td>1.0</td><td>34.00</td><td>1700.00</td></tr><tr class=grey-bg><td>2020-09-17</td><td>2021-09-17</td><td>2021</td><td>V</td><td>1.0</td><td>34.00</td><td>1700.00</td></tr><tr class=grey-bg><td>2021-09-17</td><td>2022-09-17</td><td>2022</td><td>V</td><td>1.0</td><td>34.00</td><td>1700.00</td></tr><tr class=grey-bg><td>2022-09-17</td><td>2023-09-17</td><td>2023</td><td>V</td><td>1.0</td><td>34.00</td><td>1700.00</td></tr><tr class=grey-bg><td>2023-09-17</td><td>2024-09-17</td><td>2024</td><td>V</td><td>1.0</td><td>34.00</td><td>1700.00</td></tr><tr class=grey-bg><td>2024-09-17</td><td>2025-09-17</td><td>2025</td><td>V</td><td>1.0</td><td>34.00</td><td>1700.00</td></tr><tr class=grey-bg><td colspan=7>Total Rev Bonus : 22150.00   Total Interim Bonus : 0.00</td></tr></table> ","calulationSheetText":"From        Upto        Year Type Factor  Rate     Bonus \r\n2013-09-17  2014-09-17  2014  V     1.0   39.00    1950.00\r\n2014-09-17  2015-09-17  2015  V     1.0   39.00    1950.00\r\n2015-09-17  2016-09-17  2016  V     1.0   44.00    1950.00\r\n2015-09-17  2016-09-17  2016  O     1.0   5.00    250.00\r\n2016-09-17  2017-09-17  2017  V     1.0   39.00    1950.00\r\n2017-09-17  2018-09-17  2018  V     1.0   39.00    1950.00\r\n2018-09-17  2019-09-17  2019  V     1.0   39.00    1950.00\r\n2019-09-17  2020-09-17  2020  V     1.0   34.00    1700.00\r\n2020-09-17  2021-09-17  2021  V     1.0   34.00    1700.00\r\n2021-09-17  2022-09-17  2022  V     1.0   34.00    1700.00\r\n2022-09-17  2023-09-17  2023  V     1.0   34.00    1700.00\r\n2023-09-17  2024-09-17  2024  V     1.0   34.00    1700.00\r\n2024-09-17  2025-09-17  2025  V     1.0   34.00    1700.00\r\n   Total Rev Bonus : 22150.00   Total Interim Bonus : 0.00\r\n "},"isSpotRevivalAllowed":false,"discountApplicable":false,"advancePaymetEligible":false,"maturitySumAssured":0,"gstInNumber":"null","transactionAllowed":true,"dateOfShowMaturity":"2033-09-17","panFlag":false,"neftFlag":true,"itPan":"","neftStatus":"Y","titleCode":"1","premiumGapFlag":false,"dghPolicyFlag":false,"policyExitStatus":false,"serviceRequestFlag":false,"nriGstFlag":false,"fyEndDate":"2026-03-31"},"person":{"policyNo":706219512,"birthDate":"1973-06-21","fullName":"V . Gopalakrishnan","sex":"M","shortName":"Gopalakrishnan V","age":"40","profileMobileNo":null,"profileEmail":null,"profileUnMaskMobileNo":null,"profileUnMaskEmail":null},"address":{"policyNo":706219512,"address1":"S/O Viswanathan","address2":"17/37, Kamachiamman Koil Street","address3":"Rasipuram Po Tk, Nmkl Dt","addressId":1,"pin":637408},"branch":{"branchCode":"76F ","address1":"LIC OF INDIA - 76F","address2":"NAMAKKAL ROAD","address3":"RASIPURAM","branchIp":"10.128.42.194","branchName":"LIC of India, Rasipuram Br Office","city":null,"dcCode":"X070","divCode":70,"eaiIndication":"Y","emailId":"BO_76F@LICINDIA.COM","man":null,"odsIndication":"N","pin":null,"state":"null"},"agent":{"agencyCode":"0090976F ","address1":"D/O.K.Jayaraman,Jai Ganesh Lorry","address2":"Service,T.P.Kadu,Moolapallipatty.Po","address3":"Rasipuram.Tk & Namakkal .Dt.","agentName":"J.Renukadevi","birthDate":"1976-03-10","category":2,"city":null,"disabilityCode":1,"enteredDate":"2026-03-17T01:24:45.000+00:00","itaxPanNo":"ANZPR4228B","occupationCode":12,"pin":637406,"qualificationCode":3,"sex":"F"},"nominees":[{"policyNo":706219512,"nomineeAge":31,"nomineeDob":null,"nomineeId":1,"nomineeName":"G","nomineeRegistrationDate":null,"nomineeRelation":"W","nomineeShare":100,"nomineeStatus":"B"}],"billingInfo":{"policyNumber":"706219512","nameOfAssured":"V . Gopalakrishnan","planName":"The Money Back Policy - 20 Years","plan":75,"mode":"6","premium":1794,"sumAssured":50000,"status":null,"firstUnpaidPremiumDate":"2026-03-17","nextFup":null,"dueAmount":"1794.00","payedPolicy":false,"noOfDues":1,"eligible":true,"spotRevival":false},"policyContact":{"policyNo":706219512,"dataSource":"B","emailAddress":"null","enteredDate":"2026-02-28T20:00:17.924+00:00","mobileNo":"919942231985","countryCode":null,"telephoneNo":"null","panNo":null},"policyExtra":{"accumTerm":0},"policyAnnuity":null,"userRegistered":"N","assignmentDetails":[],"ulipExtra":{"giveCashAmount":null},"bonusErrorMessage":null,"qpayPolicy":{"policyNumber":"706219512","dob":"21/06/1973","emailId":null,"mobileNo":"9942231985","premium":"1794","key":"236863"}}



==== 17/03/2026 16:39:59 - GET-URL ======

https://mk-channel.licindia.in/Landing/



==== 17/03/2026 16:40:10 - OSTATTUS-RESPONSE-TOKEN ======

CN1z+lWrSqk0PTfVQsyDf+us8GtF1rC+tL4Tbh5X66E+vko/RAU/s6WfdUrQJlIYXms/SvnPhpkVlcNkRiaLxdTBHz8RTFQCg5PSDIgOcAkwFWTcIoUd34URlhOHpxiKqtPehQjJ2D6Bcnnl0+EvKQKnOwyl3iaNVGf0sIAzLoZqnn1kxrH6y8O90QDHpb+Ij4pzvLDsemZHE8K1CazpEgrdwF2sawf0+7P+lL1/SDQepMBOf9Fix5iw8Gra6ktSrGwxaBib6BXDMiYb8lYkrieDo45s49a92WFitrPmhCui3VvqwB2wY3ILoBx1BCOHfwvGR3WQjNG+BVRo29q5h3IyTFNzRfXKg/fjNEDWkO9Jz72fZjY3FWx4Ov0hE6j/KMphWFXWajJTCi89d7AfTmadLO6VuytCB2Fk4ngK6sSFUPSC+eFUUOm1lyow+FKRLZJdDi9P4w9TxXHAEIAWrbyLlOCJwbbp7XR9giPZM7iOJqpC9G4vBWKdCmdiPqQXuUSjwyln63EzAJC2Re80iSQAmCpyA8nTkFD4zX1Ul9t3zAKyDedaZgyKDwVsDP++hoEXwHrXAZQSmISqAYGI/W/Lmz3Cyc9ikMbVTaVi/O6RdzIhvixb0PzpPAveU77cImtk/J1Da1bfVfzYAxTk89rGkeaCV/iC9dULsZ6UN50WzmAphys7I4NxgGv0vzRbhT2Dsp7vAxEtJW1CcSu8l0gkx8g7eHASH0yXquf0TyLAPufpiyeCo3ESWUA0YpnVCObuBiuhE9IE4SP9tr++VXN64PEs+Ebif0ItpNGkXbIkXmDOWVNayxSye9Yt7djsqhhIWhG06WduFmVY2aR7GbSXj8J7X/fsnHwCPnGN3zM2IBoxu73qvLkko7RfXGFjZDbeZJTO6bM/Fh9SACit/7aourjb8o07FW2GgCSRa11a2QqM1MF03ETUI/nJIYiMjc8VbL6vwBNwgc8dDeHNrlWvlYEWoOUSxht3yuj9QIhmxqg7UNdqH2btVPqAOaQjNCONp606LJ/4oeyZe92h1dt9fydu19CTNA2+lWlRxZXqwbesroMDrOo3lasXs8nuwqWUj8oWETlG/iz9yQKOn3YdHw2HvKc6hl0E6a14RKP+hYLPydEQuNl0Zas2JHN9V6HqOCt5oJYuuXr7u5K20Eu7Q6ofh9eQ0btUSt1rztADfC8A2MdomNm0oe3lbi8K9S8KS2M/66HCcpJoqd3LhEO4Im5m0dFi3VWcNcqqUzwqTRMYYA0UfMJmPgX8LAj3jc2flBEXybjPE4dnywTehE/SOF371RAyeQNlG7bfrfOpQ/l1R8x2KNx4owguUE7hq0bbqT3yUO7jMEhuRZ/3v67zwFZYoU3P2s9CvAKiwhU9CFPE/BzENVYk+A/dgPt3jFkCV9xbZ16BCZUHOKTEyXcLiWvp1rTv6+OcfFPFxxwlLi4eU/SFNxiL29Q+qK3TeT3gUHcKIxWh/NfhKmiUZpY4u5i2RsVR8jHd89pGCjL4s/wJrgnKhc05oY/doZJ/OZYAVsbzHU9HUB+FwB3RLnL2jAqRGnSIpgdV/ErkOHIr6OSuKRscdbo01xVnqcm2B+kNuikwgKiYB671uoDBnLmCMWInOpV+R9DNNJlKhDq33+lXxtRWyz6uvsHNqQyc9Z3BGzemZKSbd1ke+4a5cy5Py8jLjkTEC88wP7+vtmxdBeYj9zll1++aRK6+k0XRpRyiwuKGyZUSPvMRmQfXq3Yn5+thxnKd+ZvGv5N80KmVn8s6mOCCO+ALi/V2yeOukaxdy32uRb7AFyzf7tTVUWWdgF5hYJLsRFSjayUDK0733IG3J3E3gdwO4K0Fm9QZIGku5EoMNAjHx03FmXAig+QdqQI9CPl/Q2NfzGNvro6TkerTgJZgYpNWJO1ipCE5yevx3BNa6/dQ1Zy/mIfnqNxIzR6EWNo=



==== 17/03/2026 16:40:10 - OSTATTUS-RESPONSE-TOKEN ======

eyJhbGciOiJIUzUxMiJ9.eyJzdWIiOiJJREFNMjcwNzIwMjIzMTkyMzg4IiwiYWdlbmN5X2NvZGUiOm51bGwsImNyZWF0ZWQiOjE3NzM3NDMyNjgxMTAsImFjY2Vzc19jb2RlIjoiZXlKaGJHY2lPaUpTVXpJMU5pSXNJblI1Y0NJNklrcFhWQ0o5LmV5SnpkV0lpT2lKSlJFRk5NamN3TnpJd01qSXpNVGt5TXpnNElpd2labTVoYldVaU9pSklSVTFTUVVvZ1IwOURTRVZTSWl3aWRYTmxjbk4wWVhSMWN5STZJakVpTENKbGJuUnBkSGxzYVhOMElqcGJJa3hKUTE5RFZWTlVUMDFGVWw5UVQxSlVRVXdpWFN3aWNtOXNaWE1pT2xzaVJFOGlYU3dpYVhOeklqb2lRVkpZSWl3aWJXOWlhV3hsSWpvaU9UUXhORGMyTlRJNU1pSXNJbUYxWkNJNkltUmxabUYxYkhRaUxDSnNibUZ0WlNJNklraEZUVkpCU2lCSFQwTklSVklpTENKMWMyVnlWSGx3WlNJNklqRWlMQ0psZUhBaU9qRTNOek0zTnpFM09Ea3NJbWxoZENJNk1UYzNNemMwTWprNE9Td2lhblJwSWpvaU5UbGxaV1EyWkRRdFpqZzNOUzAwT1RRNExUa3hPVFF0WkRFMk9XUmxZMlJoWW1ReUlpd2laVzUwYVhSNUlqb2lURWxEWDBOVlUxUlBUVVZTWDFCUFVsUkJUQ0lzSW1WdFlXbHNJam9pYUdWdGNtRnFMbWR2WTJobGNrQnNhV05wYm1ScFlTNWpiMjBpZlEuQ2hVQ1lpQ0JzMmtEREhDQkVDNGRMSTdhNjNhZ2NaYTgwMHllLUMwcG9ncGlBUC1BXzNMbE1IRlg5NEFvelNwTXJnQXp2UVJCSFBpQTJUSnVNbXlIeXJFNWhzUFB6MjFQX0hTOUZyaC1fQ0lPLVVCWFVQQkFpUHVwOW9lOWxQTTdsTjZyVTZ1MEFtYjViX29ybHA1amNYdFh2N05xYkg3aV9ULVo5Nk1tUWgwY2h0Z3FKNmotQlVjYVZWT0NNTl85bDNFTkk1YnEwTjV3OW5pMl8yd0wyaF9VWk9xWWFsWUVoNDd6RDg3bXJkMVBiRTBidmR6d1hlYkRXZjF2N1Y0cjZTd3Zsd1MxRjk0eFMtY3ptMHU5WExWQ1FySkNlSXdJNVBib3ZNbWs4RDh5aVp2VENmdUV2SGRnYmxLcFBVLVdTTjRwYkxrUUR5U092ZlhmN2tBcGhRIiwicm9sZXMiOlsiRE8iXSwiY2xpZW50SXAiOm51bGwsImVudGl0bGVtZW50IjpbXX0.LzzROlvqgi2ONfPVdgTqoDbpiW-QqQd2ZkhQNNNGaUYjJkN1jVi1DoolSCS9YkHpBOfn2lWMpYVqZinjlt2ToQ



==== 17/03/2026 16:40:10 - POST-URL ======

https://ebizapp01.licindia.in/BFFService/policy/policyInfo?_dc=1773745810523



==== 17/03/2026 16:40:12 - POST-URL ======

{"confirmationId":null,"status":"200","resultInfoList":null,"count":0,"policy":{"policyNumber":"706219512","planName":"The Money Back Policy - 20 Years","mode":"6","noOfDues":1,"premium":"1794.00","commenceDate":"2013-09-17","nameOfAssured":"V . Gopalakrishnan","agencyCode":"0090976F ","developmentOfficerCode":"315076","plan":"75","policyTerm":"20","firstUnpaidPremiumDate":"2026-03-17","cdCharge":"0","serviceBranch":"76F ","sumAssured":"50000","policyStatus":"21","dob":"1973-06-21","ageAtEntry":40,"planDetails":{"plan":75,"planType":null,"planDesc":null,"premiumDueDuration":6,"premiumDueDurationType":"M","payPremiumAdvance":30,"payPremiumAdvanceType":"D","gracePeriod":1,"gracePeriodType":"M","serviceTaxRateFirstYr":4.5,"serviceTaxRateNextYrs":2.25,"serviceTaxRateEduCess":null,"topUpAllowed":null,"multiplyTopupAmt":null,"topupLimitCriteria":null,"topupNoPayBefMaturity":null,"planCategory":"NORM","freeCoverCond":null,"freeCoverFUP":null,"campaignStartDate":"2026-01-01","campaignEndDate":"2026-03-02","percentageofwaiver":30.0,"maxLimitofwaiver":3000.0,"waiversAllowedNum":1,"lateFeeWaiverInd":"Y","discountPercentFirstYr":null,"discountPercentSecondYr":null,"discountPercentThirdYr":null,"discountPercentSubYr":null,"discountFromDate":null,"discountToDate":null,"maxLimitWaiverFstYr":null,"maxLimitWaiverScndYr":null,"maxLimitWaiverThirdYr":null,"maxLimitWaiverSubYr":null,"discountParameter":null,"graceprdExtFlag":null,"graceprdExtFrmDate":null,"graceprdExtToDate":null,"graceprdPrcntWaiver":null,"maxWaiverLimitgraceprd":null,"gstCdCharge":0.0,"gstLateFeeRateFirstYr":18.0,"gstLateFeeRateNextYrs":18.0,"dateOfLaunch":"09/01/1978","beforeLaunch":"Y","centralGSTPercentage":50,"discountPeriod":null,"discountPeriodType":null},"eligible":true,"lateFeeRequired":false,"recordId":"O","premiumPayingTerm":20,"policyBenefits":"50000","dueAmount":"1794.00","taxExemption":false,"age":"53","eserviceEligible":false,"policyUlip":false,"dateOfLastPayment":"2033-03-17","dateOfMaturity":"2033-09-17","statusShortDesc":"In Force","nav":"For NAV details please contact your Servicing Branch / Customer Zone","altChannelId":"0 ","riderPolicy":false,"minorChild":false,"accountingBookCode":1,"payedPolicy":false,"advancePayedPolicy":false,"lastAccountDate":"2026-02-27","noBonusYears":0,"bonusInfo":{"totalRevBonus":22150,"totalInterimBonus":0,"totalFAB":0,"totalGuaranty":0,"totalLoyalty":0,"totalOneTimeBonus":0.00,"messageCode":null,"calulationSheetHTML":"<table border=1><tr class=grey-bg><td>From</td><td>Upto</td><td>Year</td><td>Type</td><td>Factor</td><td>Rate</td><td>Bonus </td></tr><tr class=grey-bg><td>2013-09-17</td><td>2014-09-17</td><td>2014</td><td>V</td><td>1.0</td><td>39.00</td><td>1950.00</td></tr><tr class=grey-bg><td>2014-09-17</td><td>2015-09-17</td><td>2015</td><td>V</td><td>1.0</td><td>39.00</td><td>1950.00</td></tr><tr class=grey-bg><td>2015-09-17</td><td>2016-09-17</td><td>2016</td><td>V</td><td>1.0</td><td>44.00</td><td>1950.00</td></tr><tr class=grey-bg><td>2015-09-17</td><td>2016-09-17</td><td>2016</td><td>O</td><td>1.0</td><td>5.00</td><td>250.00</td></tr><tr class=grey-bg><td>2016-09-17</td><td>2017-09-17</td><td>2017</td><td>V</td><td>1.0</td><td>39.00</td><td>1950.00</td></tr><tr class=grey-bg><td>2017-09-17</td><td>2018-09-17</td><td>2018</td><td>V</td><td>1.0</td><td>39.00</td><td>1950.00</td></tr><tr class=grey-bg><td>2018-09-17</td><td>2019-09-17</td><td>2019</td><td>V</td><td>1.0</td><td>39.00</td><td>1950.00</td></tr><tr class=grey-bg><td>2019-09-17</td><td>2020-09-17</td><td>2020</td><td>V</td><td>1.0</td><td>34.00</td><td>1700.00</td></tr><tr class=grey-bg><td>2020-09-17</td><td>2021-09-17</td><td>2021</td><td>V</td><td>1.0</td><td>34.00</td><td>1700.00</td></tr><tr class=grey-bg><td>2021-09-17</td><td>2022-09-17</td><td>2022</td><td>V</td><td>1.0</td><td>34.00</td><td>1700.00</td></tr><tr class=grey-bg><td>2022-09-17</td><td>2023-09-17</td><td>2023</td><td>V</td><td>1.0</td><td>34.00</td><td>1700.00</td></tr><tr class=grey-bg><td>2023-09-17</td><td>2024-09-17</td><td>2024</td><td>V</td><td>1.0</td><td>34.00</td><td>1700.00</td></tr><tr class=grey-bg><td>2024-09-17</td><td>2025-09-17</td><td>2025</td><td>V</td><td>1.0</td><td>34.00</td><td>1700.00</td></tr><tr class=grey-bg><td colspan=7>Total Rev Bonus : 22150.00   Total Interim Bonus : 0.00</td></tr></table> ","calulationSheetText":"From        Upto        Year Type Factor  Rate     Bonus \r\n2013-09-17  2014-09-17  2014  V     1.0   39.00    1950.00\r\n2014-09-17  2015-09-17  2015  V     1.0   39.00    1950.00\r\n2015-09-17  2016-09-17  2016  V     1.0   44.00    1950.00\r\n2015-09-17  2016-09-17  2016  O     1.0   5.00    250.00\r\n2016-09-17  2017-09-17  2017  V     1.0   39.00    1950.00\r\n2017-09-17  2018-09-17  2018  V     1.0   39.00    1950.00\r\n2018-09-17  2019-09-17  2019  V     1.0   39.00    1950.00\r\n2019-09-17  2020-09-17  2020  V     1.0   34.00    1700.00\r\n2020-09-17  2021-09-17  2021  V     1.0   34.00    1700.00\r\n2021-09-17  2022-09-17  2022  V     1.0   34.00    1700.00\r\n2022-09-17  2023-09-17  2023  V     1.0   34.00    1700.00\r\n2023-09-17  2024-09-17  2024  V     1.0   34.00    1700.00\r\n2024-09-17  2025-09-17  2025  V     1.0   34.00    1700.00\r\n   Total Rev Bonus : 22150.00   Total Interim Bonus : 0.00\r\n "},"isSpotRevivalAllowed":false,"discountApplicable":false,"advancePaymetEligible":false,"maturitySumAssured":0,"gstInNumber":"null","transactionAllowed":true,"dateOfShowMaturity":"2033-09-17","panFlag":false,"neftFlag":true,"itPan":"","neftStatus":"Y","titleCode":"1","premiumGapFlag":false,"dghPolicyFlag":false,"policyExitStatus":false,"serviceRequestFlag":false,"nriGstFlag":false,"fyEndDate":"2026-03-31"},"person":{"policyNo":706219512,"birthDate":"1973-06-21","fullName":"V . Gopalakrishnan","sex":"M","shortName":"Gopalakrishnan V","age":"40","profileMobileNo":null,"profileEmail":null,"profileUnMaskMobileNo":null,"profileUnMaskEmail":null},"address":{"policyNo":706219512,"address1":"S/O Viswanathan","address2":"17/37, Kamachiamman Koil Street","address3":"Rasipuram Po Tk, Nmkl Dt","addressId":1,"pin":637408},"branch":{"branchCode":"76F ","address1":"LIC OF INDIA - 76F","address2":"NAMAKKAL ROAD","address3":"RASIPURAM","branchIp":"10.128.42.194","branchName":"LIC of India, Rasipuram Br Office","city":null,"dcCode":"X070","divCode":70,"eaiIndication":"Y","emailId":"BO_76F@LICINDIA.COM","man":null,"odsIndication":"N","pin":null,"state":"null"},"agent":{"agencyCode":"0090976F ","address1":"D/O.K.Jayaraman,Jai Ganesh Lorry","address2":"Service,T.P.Kadu,Moolapallipatty.Po","address3":"Rasipuram.Tk & Namakkal .Dt.","agentName":"J.Renukadevi","birthDate":"1976-03-10","category":2,"city":null,"disabilityCode":1,"enteredDate":"2026-03-17T01:24:45.000+00:00","itaxPanNo":"ANZPR4228B","occupationCode":12,"pin":637406,"qualificationCode":3,"sex":"F"},"nominees":[{"policyNo":706219512,"nomineeAge":31,"nomineeDob":null,"nomineeId":1,"nomineeName":"G","nomineeRegistrationDate":null,"nomineeRelation":"W","nomineeShare":100,"nomineeStatus":"B"}],"billingInfo":{"policyNumber":"706219512","nameOfAssured":"V . Gopalakrishnan","planName":"The Money Back Policy - 20 Years","plan":75,"mode":"6","premium":1794,"sumAssured":50000,"status":null,"firstUnpaidPremiumDate":"2026-03-17","nextFup":null,"dueAmount":"1794.00","payedPolicy":false,"noOfDues":1,"eligible":true,"spotRevival":false},"policyContact":{"policyNo":706219512,"dataSource":"B","emailAddress":"null","enteredDate":"2026-02-28T20:00:17.924+00:00","mobileNo":"919942231985","countryCode":null,"telephoneNo":"null","panNo":null},"policyExtra":{"accumTerm":0},"policyAnnuity":null,"userRegistered":"N","assignmentDetails":[],"ulipExtra":{"giveCashAmount":null},"bonusErrorMessage":null,"qpayPolicy":{"policyNumber":"706219512","dob":"21/06/1973","emailId":null,"mobileNo":"9942231985","premium":"1794","key":"236863"}}



==== 17/03/2026 16:40:23 - GET-URL ======

https://mk-channel.licindia.in/Landing/



==== 17/03/2026 16:40:40 - OSTATTUS-RESPONSE-TOKEN ======

SGs5d2fcMiqmxCAzDt+4IuZHmE8TFayFz9GiK7WUTAZT4xzsX9YaIT2Z7TbwLTT62DAEdY81B19U9OYmc4sdJWlpM5QCOjr33iZjL9XWzI7VFt4jaBYOeFK+FgH5QeE6F9ZztuyQkCCLWrcVKx14oEAZB2b72p3KpxZ+8wnlKsbGNfnUZ1dZhQsx96nBEHeiYZTzisbDBO1yp8VKZgSLt+vgicIl2lJtPM1WXUzlLr9w5MLb3LYvgUrTc2aJik+psSxdcBmj044HervmO7hJJu6aMQE6FaNAbskDC9MsrZ+w5tIMi7J6AfmZqE3hbCX+X5cSxlDlF7OG/gmb1soc1bR90oYF0ZKn8FDKJ5BUKLyDdsIPQp4/QaqKbm0SLOQpRRoIbfdUzFJ3Z0cak4EsWz0zRvpseL63hOwucBzFTtu6v2rWVKFuxlce9ZFShKiAzeibGAd9qXL6zS1YTQ/nIKCdDoIGiA2cCqqcFP243oY4ALZwz06Op37bOHpdQhCRhGkiRca4OXCiHmHJhqUpRFuM0oBjdo8DTwjpJk+qfNKAXsn2ULQKucVzVo2lQTEDOf6NlXL6VYoJzv0IVZFM6TLMQ2aA9fNuWXNUESi7IrXzLhMYotqGp1FDZ7eiiRERzmo9FTv2zqwek/rPdbIOC3xFOt47bVty8TmpiLMBY6MivEmid8nhX/gyIV9jN1moiRGKc2Vii892IALEekEQ9ZScqbO6uKXmzsaIPTKLnMod7w+wt2bySrjnTo7RuBzNAF0fM+dtfJtHMJdYn7uyMbCCCkiBZio/1tU1NA9dcp0KdpbB/7r9hvC+EyFuEvfP13u8WupioSZUM0Dm78LjsauPMF3yT3Hlo8Al+9TlC73JYTQKFqmmHTGoDhntwqys73BKwYUhu2e2YgCrgBrqHdqBTk3mi4ZrypeD7yidHQhL67N/QYgxvMVpQX0uRN3cV3KJjG5efwPGMzvwkXAL01aMjhXfxXJLrgosRsHtx3CBmuRbnA+TsAtu9QRSn9GLhCxQgniq22LqabHy6xQFqF/FXcy3YjNrpNygb4VWLCK23JjX5qi+wUnjpXR6QxqUCuRTIwYDfIHeujN4WznzrvJpvYKQE9iUGrDiHgqfAAXAEo7D8ywcZ0D1OSs03TT2NlHKeioE8jvBCJDKl4xH9c0eUA1/tnSzZlP6zyoficH4dnmyvhpl1Lw4pJbilD5HUxtbQEkbs2mnlbRFatjF8gegz+/4cLaMW6It9UCfTcAeWAAhzw+LK3wsh3IUm8h2FtT/DJWCt9Nqvw90R76gJ4NBZKvNcrqK8GgqxjXgW1Q+qXvUETCtL4VGCq2yXH40O8URD3BViCI3c5BNmN33LLnTHWn3doB0WDmE8ca5/vA4xHO7LrI+0HI2YhQs5fBb7svmIxJR69OVTT11YJSRxeTgDca87h9cIg2JRnvx1Ld900/dFo7HTfR0NPrw4HTGlOakWOLM8E4WbgkRVGxa2pd9kl77qetyzjgbNOx1OJc31TpB7DMX6WgyBEpc/d3xPlAhfbs6GqCgWbpYeKaLjyVOHMa1b7QhLG8x/9w2znbcjVowpQ8s+ILYqwl2HQNDb4pqoN0I7J9ZBAs1k2SwG5tVz+84aGCEOIFaTt6wAuggwo+djSFfqjRUS33znEGPDDtwwhWsmK5FTKL0V7cotA9cftjGEAHnLlxf4F3juB+XO0g2dWjF6GsGsWXW9HAhr8aw7+QaeqnIX1fLnrgRF9i1Ba/+60fQaOwOfsjhfREvS1jH0jcMyvy5ZXVo3LdSM0bP3bvaJFfWdw4mUpj4ZXOiVVJJ4reo00MdF661Vgd1Q/gTg1sv2J4fjwGuSJ1OgAuBLZWrq+APhSuFbn5JkZXV48RcoCwQleqX7i2AeHYUuJylh5QCfZAFXBX9g1FsEI4U2i8W8DU5V4/9VHk7MXSztYoKcCg=



==== 17/03/2026 16:40:40 - OSTATTUS-RESPONSE-TOKEN ======

eyJhbGciOiJIUzUxMiJ9.eyJzdWIiOiJJREFNMjcwNzIwMjIzMTkyMzg4IiwiYWdlbmN5X2NvZGUiOm51bGwsImNyZWF0ZWQiOjE3NzM3NDMyNjgxMTAsImFjY2Vzc19jb2RlIjoiZXlKaGJHY2lPaUpTVXpJMU5pSXNJblI1Y0NJNklrcFhWQ0o5LmV5SnpkV0lpT2lKSlJFRk5NamN3TnpJd01qSXpNVGt5TXpnNElpd2labTVoYldVaU9pSklSVTFTUVVvZ1IwOURTRVZTSWl3aWRYTmxjbk4wWVhSMWN5STZJakVpTENKbGJuUnBkSGxzYVhOMElqcGJJa3hKUTE5RFZWTlVUMDFGVWw5UVQxSlVRVXdpWFN3aWNtOXNaWE1pT2xzaVJFOGlYU3dpYVhOeklqb2lRVkpZSWl3aWJXOWlhV3hsSWpvaU9UUXhORGMyTlRJNU1pSXNJbUYxWkNJNkltUmxabUYxYkhRaUxDSnNibUZ0WlNJNklraEZUVkpCU2lCSFQwTklSVklpTENKMWMyVnlWSGx3WlNJNklqRWlMQ0psZUhBaU9qRTNOek0zTnpFM09Ea3NJbWxoZENJNk1UYzNNemMwTWprNE9Td2lhblJwSWpvaU5UbGxaV1EyWkRRdFpqZzNOUzAwT1RRNExUa3hPVFF0WkRFMk9XUmxZMlJoWW1ReUlpd2laVzUwYVhSNUlqb2lURWxEWDBOVlUxUlBUVVZTWDFCUFVsUkJUQ0lzSW1WdFlXbHNJam9pYUdWdGNtRnFMbWR2WTJobGNrQnNhV05wYm1ScFlTNWpiMjBpZlEuQ2hVQ1lpQ0JzMmtEREhDQkVDNGRMSTdhNjNhZ2NaYTgwMHllLUMwcG9ncGlBUC1BXzNMbE1IRlg5NEFvelNwTXJnQXp2UVJCSFBpQTJUSnVNbXlIeXJFNWhzUFB6MjFQX0hTOUZyaC1fQ0lPLVVCWFVQQkFpUHVwOW9lOWxQTTdsTjZyVTZ1MEFtYjViX29ybHA1amNYdFh2N05xYkg3aV9ULVo5Nk1tUWgwY2h0Z3FKNmotQlVjYVZWT0NNTl85bDNFTkk1YnEwTjV3OW5pMl8yd0wyaF9VWk9xWWFsWUVoNDd6RDg3bXJkMVBiRTBidmR6d1hlYkRXZjF2N1Y0cjZTd3Zsd1MxRjk0eFMtY3ptMHU5WExWQ1FySkNlSXdJNVBib3ZNbWs4RDh5aVp2VENmdUV2SGRnYmxLcFBVLVdTTjRwYkxrUUR5U092ZlhmN2tBcGhRIiwicm9sZXMiOlsiRE8iXSwiY2xpZW50SXAiOm51bGwsImVudGl0bGVtZW50IjpbXX0.LzzROlvqgi2ONfPVdgTqoDbpiW-QqQd2ZkhQNNNGaUYjJkN1jVi1DoolSCS9YkHpBOfn2lWMpYVqZinjlt2ToQ



==== 17/03/2026 16:40:40 - POST-URL ======

https://ebizapp01.licindia.in/BFFService/policy/policyInfo?_dc=1773745840055



==== 17/03/2026 16:40:41 - POST-URL ======

{"confirmationId":null,"status":"200","resultInfoList":null,"count":0,"policy":{"policyNumber":"706219513","planName":"Jeevan Chhaya","mode":"6","noOfDues":1,"premium":"1608.00","commenceDate":"2013-09-17","nameOfAssured":"V . Gopalakrishnan","agencyCode":"0090976F ","developmentOfficerCode":"315076","plan":"103","policyTerm":"20","firstUnpaidPremiumDate":"2026-03-17","cdCharge":"0","serviceBranch":"76F ","sumAssured":"50000","policyStatus":"21","dob":"1973-06-21","ageAtEntry":40,"planDetails":{"plan":103,"planType":null,"planDesc":null,"premiumDueDuration":6,"premiumDueDurationType":"M","payPremiumAdvance":30,"payPremiumAdvanceType":"D","gracePeriod":1,"gracePeriodType":"M","serviceTaxRateFirstYr":4.5,"serviceTaxRateNextYrs":2.25,"serviceTaxRateEduCess":null,"topUpAllowed":null,"multiplyTopupAmt":null,"topupLimitCriteria":null,"topupNoPayBefMaturity":null,"planCategory":"NORM","freeCoverCond":null,"freeCoverFUP":null,"campaignStartDate":"2026-01-01","campaignEndDate":"2026-03-02","percentageofwaiver":30.0,"maxLimitofwaiver":3000.0,"waiversAllowedNum":1,"lateFeeWaiverInd":"Y","discountPercentFirstYr":null,"discountPercentSecondYr":null,"discountPercentThirdYr":null,"discountPercentSubYr":null,"discountFromDate":null,"discountToDate":null,"maxLimitWaiverFstYr":null,"maxLimitWaiverScndYr":null,"maxLimitWaiverThirdYr":null,"maxLimitWaiverSubYr":null,"discountParameter":null,"graceprdExtFlag":null,"graceprdExtFrmDate":null,"graceprdExtToDate":null,"graceprdPrcntWaiver":null,"maxWaiverLimitgraceprd":null,"gstCdCharge":0.0,"gstLateFeeRateFirstYr":18.0,"gstLateFeeRateNextYrs":18.0,"dateOfLaunch":"03/01/1991","beforeLaunch":"Y","centralGSTPercentage":50,"discountPeriod":null,"discountPeriodType":null},"eligible":true,"lateFeeRequired":false,"recordId":"O","premiumPayingTerm":20,"policyBenefits":"50000","dueAmount":"1608.00","taxExemption":false,"age":"53","eserviceEligible":false,"policyUlip":false,"dateOfLastPayment":"2033-03-17","dateOfMaturity":"2033-09-17","statusShortDesc":"In Force","nav":"For NAV details please contact your Servicing Branch / Customer Zone","altChannelId":"0 ","riderPolicy":false,"minorChild":false,"accountingBookCode":1,"payedPolicy":false,"advancePayedPolicy":false,"lastAccountDate":"2026-02-27","noBonusYears":0,"bonusInfo":{"totalRevBonus":23950,"totalInterimBonus":0,"totalFAB":0,"totalGuaranty":0,"totalLoyalty":0,"totalOneTimeBonus":0.00,"messageCode":null,"calulationSheetHTML":" <table border=1><tr class=grey-bg><td>From</td><td>Upto</td><td>Year</td><td>Type</td><td>Factor</td><td>Rate</td><td>Bonus </td></tr><tr class=grey-bg><td>2013-09-17</td><td>2014-09-17</td><td>2014</td><td>V</td><td>1.0</td><td>42.00</td><td>2100.00</td></tr><tr class=grey-bg><td>2014-09-17</td><td>2015-09-17</td><td>2015</td><td>V</td><td>1.0</td><td>42.00</td><td>2100.00</td></tr><tr class=grey-bg><td>2015-09-17</td><td>2016-09-17</td><td>2016</td><td>V</td><td>1.0</td><td>47.00</td><td>2100.00</td></tr><tr class=grey-bg><td>2015-09-17</td><td>2016-09-17</td><td>2016</td><td>O</td><td>1.0</td><td>5.00</td><td>250.00</td></tr><tr class=grey-bg><td>2016-09-17</td><td>2017-09-17</td><td>2017</td><td>V</td><td>1.0</td><td>42.00</td><td>2100.00</td></tr><tr class=grey-bg><td>2017-09-17</td><td>2018-09-17</td><td>2018</td><td>V</td><td>1.0</td><td>42.00</td><td>2100.00</td></tr><tr class=grey-bg><td>2018-09-17</td><td>2019-09-17</td><td>2019</td><td>V</td><td>1.0</td><td>42.00</td><td>2100.00</td></tr><tr class=grey-bg><td>2019-09-17</td><td>2020-09-17</td><td>2020</td><td>V</td><td>1.0</td><td>37.00</td><td>1850.00</td></tr><tr class=grey-bg><td>2020-09-17</td><td>2021-09-17</td><td>2021</td><td>V</td><td>1.0</td><td>37.00</td><td>1850.00</td></tr><tr class=grey-bg><td>2021-09-17</td><td>2022-09-17</td><td>2022</td><td>V</td><td>1.0</td><td>37.00</td><td>1850.00</td></tr><tr class=grey-bg><td>2022-09-17</td><td>2023-09-17</td><td>2023</td><td>V</td><td>1.0</td><td>37.00</td><td>1850.00</td></tr><tr class=grey-bg><td>2023-09-17</td><td>2024-09-17</td><td>2024</td><td>V</td><td>1.0</td><td>37.00</td><td>1850.00</td></tr><tr class=grey-bg><td>2024-09-17</td><td>2025-09-17</td><td>2025</td><td>V</td><td>1.0</td><td>37.00</td><td>1850.00</td></tr><tr class=grey-bg><td colspan=7>Total Rev Bonus : 23950.00   Total Interim Bonus : 0.00</td></tr></table> ","calulationSheetText":" From        Upto        Year Type Factor  Rate     Bonus \r\n2013-09-17  2014-09-17  2014  V     1.0   42.00    2100.00\r\n2014-09-17  2015-09-17  2015  V     1.0   42.00    2100.00\r\n2015-09-17  2016-09-17  2016  V     1.0   47.00    2100.00\r\n2015-09-17  2016-09-17  2016  O     1.0   5.00    250.00\r\n2016-09-17  2017-09-17  2017  V     1.0   42.00    2100.00\r\n2017-09-17  2018-09-17  2018  V     1.0   42.00    2100.00\r\n2018-09-17  2019-09-17  2019  V     1.0   42.00    2100.00\r\n2019-09-17  2020-09-17  2020  V     1.0   37.00    1850.00\r\n2020-09-17  2021-09-17  2021  V     1.0   37.00    1850.00\r\n2021-09-17  2022-09-17  2022  V     1.0   37.00    1850.00\r\n2022-09-17  2023-09-17  2023  V     1.0   37.00    1850.00\r\n2023-09-17  2024-09-17  2024  V     1.0   37.00    1850.00\r\n2024-09-17  2025-09-17  2025  V     1.0   37.00    1850.00\r\n   Total Rev Bonus : 23950.00   Total Interim Bonus : 0.00\r\n "},"isSpotRevivalAllowed":false,"discountApplicable":false,"advancePaymetEligible":false,"maturitySumAssured":0,"gstInNumber":"null","transactionAllowed":true,"dateOfShowMaturity":"2033-09-17","panFlag":false,"neftFlag":true,"itPan":"","neftStatus":"Y","titleCode":"1","premiumGapFlag":false,"dghPolicyFlag":false,"policyExitStatus":false,"serviceRequestFlag":false,"nriGstFlag":false,"fyEndDate":"2026-03-31"},"person":{"policyNo":706219513,"birthDate":"1973-06-21","fullName":"V . Gopalakrishnan","sex":"M","shortName":"Gopalakrishnan V","age":"40","profileMobileNo":null,"profileEmail":null,"profileUnMaskMobileNo":null,"profileUnMaskEmail":null},"address":{"policyNo":706219513,"address1":"S/O Viswanathan","address2":"17/37, Kamachiamman Koil Street","address3":"Rasipuram Po Tk, Nmkl Dt","addressId":1,"pin":637408},"branch":{"branchCode":"76F ","address1":"LIC OF INDIA - 76F","address2":"NAMAKKAL ROAD","address3":"RASIPURAM","branchIp":"10.128.42.194","branchName":"LIC of India, Rasipuram Br Office","city":null,"dcCode":"X070","divCode":70,"eaiIndication":"Y","emailId":"BO_76F@LICINDIA.COM","man":null,"odsIndication":"N","pin":null,"state":"null"},"agent":{"agencyCode":"0090976F ","address1":"D/O.K.Jayaraman,Jai Ganesh Lorry","address2":"Service,T.P.Kadu,Moolapallipatty.Po","address3":"Rasipuram.Tk & Namakkal .Dt.","agentName":"J.Renukadevi","birthDate":"1976-03-10","category":2,"city":null,"disabilityCode":1,"enteredDate":"2026-03-17T01:24:45.000+00:00","itaxPanNo":"ANZPR4228B","occupationCode":12,"pin":637406,"qualificationCode":3,"sex":"F"},"nominees":[{"policyNo":706219513,"nomineeAge":31,"nomineeDob":null,"nomineeId":1,"nomineeName":"G","nomineeRegistrationDate":null,"nomineeRelation":"W","nomineeShare":100,"nomineeStatus":"B"}],"billingInfo":{"policyNumber":"706219513","nameOfAssured":"V . Gopalakrishnan","planName":"Jeevan Chhaya","plan":103,"mode":"6","premium":1608,"sumAssured":50000,"status":null,"firstUnpaidPremiumDate":"2026-03-17","nextFup":null,"dueAmount":"1608.00","payedPolicy":false,"noOfDues":1,"eligible":true,"spotRevival":false},"policyContact":{"policyNo":706219513,"dataSource":"B","emailAddress":"null","enteredDate":"2026-02-28T20:00:17.924+00:00","mobileNo":"919942231985","countryCode":null,"telephoneNo":"null","panNo":null},"policyExtra":{"accumTerm":0},"policyAnnuity":null,"userRegistered":"N","assignmentDetails":[],"ulipExtra":{"giveCashAmount":null},"bonusErrorMessage":null,"qpayPolicy":{"policyNumber":"706219513","dob":"21/06/1973","emailId":null,"mobileNo":"9942231985","premium":"1608","key":"171135"}}



==== 17/03/2026 16:40:52 - GET-URL ======

https://mk-channel.licindia.in/Landing/



==== 17/03/2026 16:54:36 - OSTATTUS-RESPONSE-TOKEN ======

qxSu8LkO8BPhz9tFVo3XGUPDZDEETD2dSYAx39/3dSiMGx2Q8T837N0RZ8CHy44Vn4bTjFm20v0VfcVo8BEYAqRurmd0H7PlEIO6M/gmyqAAB6tqbrmWBHOkQIrZF/XGs6WVC06SH5P5ooATgdqJgVtOnpe4j7UmudD8Oy3Vcn2r/xNgHMKl+D79zXW0BtFBbksDXLIdYh1B2DkREKLEctZDyclyrPtmqrIut8owRUcWD5FVAPet0q+f8HKPj+EWHgE7lsgqY5gvffXwtnZwYFS9CJipohj0SasveBmxYCPpb2tJkKo8DN/L/iX4WJN7eFK0zdjqcfSa9WRKtfTpsxes1Yqvnj044MPIct5OV6EzhTWVGKLsxpQJaS8w6s0j7KozIJ17d72vPxiGPCjuXzFJOhKRG9SNeu7GZ30HOBtgSjOwaW7lTKL2OQ1HU6obNkGaej3Mk+vIrvIDMuEXdHtBD9Xc5u8kB4aKxv9ytNfoSR+as6G6TswGCqhSZHgpoFlUDc9BGbV104qedcMRD+U7viL6beccGl8EFp/iAVqBjNFtmdF3qPAmgwMTHsu3XowzfAWWHuU1mxVsKYcrxtHPGfi7mECEhig8ict+imcAx8zgj5c89JqaTAlD2BZ7z548tUyjOLTqVY6Ha5IatqTpbsEWZJrJpmMsOTPA1YT15/5xuIy/ly6DPJq+NMd8VSuRt45AlLA3hNEROYxKoJmdhsWxsv/8yHVm14t4cj31rx1geQkRQj+/AW/hAqjn6G+SGZOFIIujxBe3gtLeGtIgqZeu8tvlB87rZqBBq5Q4doxz86Fm1BYWHxhG9gptCQBMGAmEkidl/SWD7WRVAx5e7b5gK1F5h2VWTHERKTtF7K1hYXvx3QusfY26oIPHl6zYisxzgQzD7LfnOTyNsjSXfa6ClIEssy8Y59WMj4Xd+E3n0B7fWUBo6W5pyp91qFMMpIAVsEe2XVs/QCqd8wkQ0K4CKe/hRhUZjnhYu38V9Zs7Z33p6uEhhMZGhtb4uhlwO/1sQ9YVmFFDIHNywf+wI3XEmUWbcsQiZpdfj5GXYY88k68MYYx6vjb8/lSaaNjoCjrRe2s2gg67DiM7MihQcHWelgafB6CG8YwHeSbtPbpGoR1iCVv0BABdQrY+Ao5R8W26vFoLQrlxyntCm2iXNJcgsrj2R+daue1etqcCjMBXskEPfbkmwDYlPixjmdpg2n9i7nmLaMhmZXDz3h1Jdjuk1jAhYX/JaE7FD7X5YVw6lKKV41Zlf/pyE8/7PhjpSjoBARVu1vH1inf30DsDpSTFXNo7MpspdURo7O1y2sK8NzKeTQkElhMfF/IXJ5BgqSxd8bk/7Os/QzbpCOKTHkjdZ5nfx5r/S0ru1kn+EOnqSCoKHJSfGUTN4nKB3HWEOByM6wujOmuTTq59Vnc38DT6W9dQeeX2tqIqPIGNi2+KNSiZVGSRdAGKyi1jVN+l0zeYgTJJkWih2C3tg1OdYFGdvQGRv6lVEfn+gu/YCCd2nI5LIK15ZHeWXOpxLw9ALLR90VJ7t0uhEmMpyXHrhzu2+HH0pcaQWCBn/1bJTtuWW0h8KENIn5TRwwMCPySshiI4qGbh0su2EfR2wDsu9hvFiCugzslKNt4rAo523oKzbx0hLZUmk1WSgISY4rvu/Xb2Dn0wq+Ab2JYU4c1K4EG5Si6gdhFOWqDuSneF/vXKYXzkpm2uU87H4GaVhDAAJ6rzVMuNCSCjfKjTXbm/ePG0RWmbanCT0i50o6k4236nMMPlTXHB0ijd4WY2zWocL/+gahNEC2cPkPBP9FQBOiBuNi1QsUaIWyxH/gb7mp5+VTBaknhfiA1ooLaXSQYrbGU9ptSm5fgJ21mViY+TunrRnac379IsSDY+aE5yR+8kuQ80ll3jG63f/SESGIKCaTzF7mOmEktfxNOMT8ZWRbeOfec=



==== 17/03/2026 16:54:36 - OSTATTUS-RESPONSE-TOKEN ======

eyJhbGciOiJIUzUxMiJ9.eyJzdWIiOiJJREFNMjcwNzIwMjIzMTkyMzg4IiwiYWdlbmN5X2NvZGUiOm51bGwsImNyZWF0ZWQiOjE3NzM3NDMyNjgxMTAsImFjY2Vzc19jb2RlIjoiZXlKaGJHY2lPaUpTVXpJMU5pSXNJblI1Y0NJNklrcFhWQ0o5LmV5SnpkV0lpT2lKSlJFRk5NamN3TnpJd01qSXpNVGt5TXpnNElpd2labTVoYldVaU9pSklSVTFTUVVvZ1IwOURTRVZTSWl3aWRYTmxjbk4wWVhSMWN5STZJakVpTENKbGJuUnBkSGxzYVhOMElqcGJJa3hKUTE5RFZWTlVUMDFGVWw5UVQxSlVRVXdpWFN3aWNtOXNaWE1pT2xzaVJFOGlYU3dpYVhOeklqb2lRVkpZSWl3aWJXOWlhV3hsSWpvaU9UUXhORGMyTlRJNU1pSXNJbUYxWkNJNkltUmxabUYxYkhRaUxDSnNibUZ0WlNJNklraEZUVkpCU2lCSFQwTklSVklpTENKMWMyVnlWSGx3WlNJNklqRWlMQ0psZUhBaU9qRTNOek0zTnpFM09Ea3NJbWxoZENJNk1UYzNNemMwTWprNE9Td2lhblJwSWpvaU5UbGxaV1EyWkRRdFpqZzNOUzAwT1RRNExUa3hPVFF0WkRFMk9XUmxZMlJoWW1ReUlpd2laVzUwYVhSNUlqb2lURWxEWDBOVlUxUlBUVVZTWDFCUFVsUkJUQ0lzSW1WdFlXbHNJam9pYUdWdGNtRnFMbWR2WTJobGNrQnNhV05wYm1ScFlTNWpiMjBpZlEuQ2hVQ1lpQ0JzMmtEREhDQkVDNGRMSTdhNjNhZ2NaYTgwMHllLUMwcG9ncGlBUC1BXzNMbE1IRlg5NEFvelNwTXJnQXp2UVJCSFBpQTJUSnVNbXlIeXJFNWhzUFB6MjFQX0hTOUZyaC1fQ0lPLVVCWFVQQkFpUHVwOW9lOWxQTTdsTjZyVTZ1MEFtYjViX29ybHA1amNYdFh2N05xYkg3aV9ULVo5Nk1tUWgwY2h0Z3FKNmotQlVjYVZWT0NNTl85bDNFTkk1YnEwTjV3OW5pMl8yd0wyaF9VWk9xWWFsWUVoNDd6RDg3bXJkMVBiRTBidmR6d1hlYkRXZjF2N1Y0cjZTd3Zsd1MxRjk0eFMtY3ptMHU5WExWQ1FySkNlSXdJNVBib3ZNbWs4RDh5aVp2VENmdUV2SGRnYmxLcFBVLVdTTjRwYkxrUUR5U092ZlhmN2tBcGhRIiwicm9sZXMiOlsiRE8iXSwiY2xpZW50SXAiOm51bGwsImVudGl0bGVtZW50IjpbXX0.LzzROlvqgi2ONfPVdgTqoDbpiW-QqQd2ZkhQNNNGaUYjJkN1jVi1DoolSCS9YkHpBOfn2lWMpYVqZinjlt2ToQ



==== 17/03/2026 16:54:36 - POST-URL ======

https://ebizapp01.licindia.in/BFFService/policy/policyInfo?_dc=1773746676480



==== 17/03/2026 16:54:38 - POST-URL ======

{"confirmationId":null,"status":"200","resultInfoList":null,"count":0,"policy":{"policyNumber":"706219514","planName":"New Bima Gold","mode":"6","noOfDues":1,"premium":"2411.00","commenceDate":"2013-09-17","nameOfAssured":"V . Gopalakrishnan","agencyCode":"0090976F ","developmentOfficerCode":"315076","plan":"179","policyTerm":"20","firstUnpaidPremiumDate":"2026-03-17","cdCharge":"0","serviceBranch":"76F ","sumAssured":"100000","policyStatus":"21","dob":"1973-06-21","ageAtEntry":40,"planDetails":{"plan":179,"planType":null,"planDesc":null,"premiumDueDuration":6,"premiumDueDurationType":"M","payPremiumAdvance":30,"payPremiumAdvanceType":"D","gracePeriod":1,"gracePeriodType":"M","serviceTaxRateFirstYr":4.5,"serviceTaxRateNextYrs":2.25,"serviceTaxRateEduCess":null,"topUpAllowed":null,"multiplyTopupAmt":null,"topupLimitCriteria":null,"topupNoPayBefMaturity":null,"planCategory":"FC","freeCoverCond":2,"freeCoverFUP":2,"campaignStartDate":"2026-01-01","campaignEndDate":"2026-03-02","percentageofwaiver":30.0,"maxLimitofwaiver":3000.0,"waiversAllowedNum":1,"lateFeeWaiverInd":"Y","discountPercentFirstYr":null,"discountPercentSecondYr":null,"discountPercentThirdYr":null,"discountPercentSubYr":null,"discountFromDate":null,"discountToDate":null,"maxLimitWaiverFstYr":null,"maxLimitWaiverScndYr":null,"maxLimitWaiverThirdYr":null,"maxLimitWaiverSubYr":null,"discountParameter":null,"graceprdExtFlag":null,"graceprdExtFrmDate":null,"graceprdExtToDate":null,"graceprdPrcntWaiver":null,"maxWaiverLimitgraceprd":null,"gstCdCharge":0.0,"gstLateFeeRateFirstYr":18.0,"gstLateFeeRateNextYrs":18.0,"dateOfLaunch":"09/04/2006","beforeLaunch":"Y","centralGSTPercentage":50,"discountPeriod":null,"discountPeriodType":null},"eligible":true,"lateFeeRequired":false,"recordId":"O","premiumPayingTerm":20,"policyBenefits":"100000","dueAmount":"2411.00","taxExemption":false,"age":"53","eserviceEligible":false,"policyUlip":false,"dateOfLastPayment":"2033-03-17","dateOfMaturity":"2033-09-17","statusShortDesc":"In Force","nav":"For NAV details please contact your Servicing Branch / Customer Zone","altChannelId":"0 ","riderPolicy":false,"minorChild":false,"accountingBookCode":5,"payedPolicy":false,"advancePayedPolicy":false,"lastAccountDate":"2026-03-02","noBonusYears":99,"bonusInfo":{"totalRevBonus":0,"totalInterimBonus":0,"totalFAB":0,"totalGuaranty":0,"totalLoyalty":0,"totalOneTimeBonus":0.00,"messageCode":null,"calulationSheetHTML":"","calulationSheetText":""},"isSpotRevivalAllowed":false,"discountApplicable":false,"advancePaymetEligible":false,"maturitySumAssured":0,"gstInNumber":"null","transactionAllowed":true,"dateOfShowMaturity":"2033-09-17","panFlag":false,"neftFlag":true,"itPan":"","neftStatus":"Y","titleCode":"1","premiumGapFlag":false,"dghPolicyFlag":false,"policyExitStatus":false,"serviceRequestFlag":false,"nriGstFlag":false,"fyEndDate":"2026-03-31"},"person":{"policyNo":706219514,"birthDate":"1973-06-21","fullName":"V . Gopalakrishnan","sex":"M","shortName":"Gopalakrishnan V","age":"40","profileMobileNo":null,"profileEmail":null,"profileUnMaskMobileNo":null,"profileUnMaskEmail":null},"address":{"policyNo":706219514,"address1":"S/O Viswanathan","address2":"17/37, Kamachiamman Koil Street","address3":"Rasipuram Po Tk, Nmkl Dt","addressId":1,"pin":637408},"branch":{"branchCode":"76F ","address1":"LIC OF INDIA - 76F","address2":"NAMAKKAL ROAD","address3":"RASIPURAM","branchIp":"10.128.42.194","branchName":"LIC of India, Rasipuram Br Office","city":null,"dcCode":"X070","divCode":70,"eaiIndication":"Y","emailId":"BO_76F@LICINDIA.COM","man":null,"odsIndication":"N","pin":null,"state":"null"},"agent":{"agencyCode":"0090976F ","address1":"D/O.K.Jayaraman,Jai Ganesh Lorry","address2":"Service,T.P.Kadu,Moolapallipatty.Po","address3":"Rasipuram.Tk & Namakkal .Dt.","agentName":"J.Renukadevi","birthDate":"1976-03-10","category":2,"city":null,"disabilityCode":1,"enteredDate":"2026-03-17T01:24:45.000+00:00","itaxPanNo":"ANZPR4228B","occupationCode":12,"pin":637406,"qualificationCode":3,"sex":"F"},"nominees":[{"policyNo":706219514,"nomineeAge":31,"nomineeDob":null,"nomineeId":1,"nomineeName":"G","nomineeRegistrationDate":null,"nomineeRelation":"W","nomineeShare":100,"nomineeStatus":"B"}],"billingInfo":{"policyNumber":"706219514","nameOfAssured":"V . Gopalakrishnan","planName":"New Bima Gold","plan":179,"mode":"6","premium":2411,"sumAssured":100000,"status":null,"firstUnpaidPremiumDate":"2026-03-17","nextFup":null,"dueAmount":"2411.00","payedPolicy":false,"noOfDues":1,"eligible":true,"spotRevival":false},"policyContact":{"policyNo":706219514,"dataSource":"B","emailAddress":"null","enteredDate":"2026-03-03T20:00:14.382+00:00","mobileNo":"919942231985","countryCode":null,"telephoneNo":"null","panNo":null},"policyExtra":{"accumTerm":0},"policyAnnuity":null,"userRegistered":"N","assignmentDetails":[],"ulipExtra":{"giveCashAmount":null},"bonusErrorMessage":null,"qpayPolicy":{"policyNumber":"706219514","dob":"21/06/1973","emailId":null,"mobileNo":"9942231985","premium":"2411","key":"430079"}}



==== 17/03/2026 16:54:50 - GET-URL ======

https://mk-channel.licindia.in/Landing/



==== 17/03/2026 16:55:04 - OSTATTUS-RESPONSE-TOKEN ======

J0TzrWScXjVNs79zIfnMYK+9vQihQc/e7Kresdzp/lWyKDMzKv5bTB5xtEfLybCf0tiHo8Y+nxlvRiZjx5yCdUy//e42WAfmIZSRjipeWOJEBI2rIw2trGeLeJP3fcOHn5+FkcOQdOjHXS6vlkWBCCkwsJhEaPCA831Znl8BjEL9PVFLULfrhBFUHU0BG7Eo9+eqTweEXxulo2/PzfuR1j63JbivEsfBjYZiqoEZhY5eL5uAzuH3nMCfNLqFkByXik7Cntk+mL2m+iAAzt/EpsqCgeFAtXYrcgTey6pI/8desskFrcmMgPkUXa7aMY19X4vBJOA734IVFQii8PVlKPnAVDbzFLYWaqCKWCmXEIJoxXWQxGrHKrqhF3K6OSzrz42A8KOLbHUZsgbkJ+y1lmgRi0Xi43hiBZ5dfNdY67lOnNBEiDFfCjdF6uekZBAm71Z91KZ9DIPpbUCRExKnbS24dU1p61Wvs+MCY0Wl+YjlyHNBcaXfcPjjMLNaDhasMGrUEl5HrwnEhj7ZZVhaq66JodHI70MEhygfKBusU3m3J8m17V4wpUO/9ltXmVhSZLyaeHA/sVSOvnCSFs76nyszQa6jDOC33QmXq+2FUMZw2c/lICR5eBSJM0euG+Befa8WCLbT5FQQZjtqtQ0/BJSrYVffNzTxa79E4FeD7rxfDFm72R8oRo7uByMTDLspBHhKaVfgCInB3kHbcWwqXWsXeYuwDVESZI0bXSMfkEmVO5KNq0kqEZtTMDPprfleH8BOt3PtYfcLunHriZjXIBSQXfpfSVf2WQ34mHBwb8NOFdzGi04YRGiANc61al1nom7KhhsBgV6Ypr7jFSiasRZs3WfPJOfxoxaFXlIq1dX7H9x929kAUIHpx7lX6twVtIkiA9tmtc5jeOOD8XaRK7/xmyt50+GsNGR5hEiV//qvUpbO4gjMxwmCeIpUBzgRtrE1kI0m4sAhmff+QdfPXZ+BvfCzVo80I4VcnhugmOpdKl6NMisBCG6J9BBGvVHcWjcaOKbteSUzm6nOVrkDYibN5w8qvX9+V902dhrF6dCLJO0rKK4q4ZfxuyyhB4SkRkdVUP561FVo9Vbv+RTARpa6+8qhoytU+Y499yrkMd5uXqVJ+vuDYchPfB6tjaOT8eou58NVsGrf+uORg6TJWLxqz/PQP0jX3/PE1Lkjv78mK0O67bROYg014pOZTZiFNKyvFI1FZ0txdObVUN3D4a12vwjuMIeLcsi8IH/5gH/Yhm0+iPAIhbMlnoxttlcbEr4cV+O/fp6LEITDPlOvhd1j9TLPHjzZKz6blkMOWzr/UY6Ca2kj5o3evo1ajuNiCAYxGXB76WIyY3bll68s37yEtDCLR6utXBMF4xXfGo/IqQzem1W/OVkMWuR3e9La3mKOE3j0TRpQLcncC55NH+VAUhEKQMXcJrAmH8TTXgiHXue54fW279ZjIuCcdDFrVsjlu2QA471TZdvvY2XxfpUPXgx6XIAQjmItvxWJdsFm7cl2MYokuP0Awnf+fCRIxydzOvQOMpcZArz7N+KSgOdEEltKFmxrzsaLmpcOhEvML+C8LQwBjaiAPAwqDXEuCxNnD2FlyUrlN7ibEpixNIeNrt/BeWmOGA8YUDg/B9gbcio2xuVlf2gRRrDbmEOr7QsDkn4MGXzECJKgSnv81vEsqqLHBCWoC5TgpXn0c/o4D8jJfwGDlB1xkHg54KBxcXvLpyeGQbyA4X7qwjM7c+EsuUtHTOVJxeeJZeuh38qwbvnxokKPapqhivAjOdR8yLeXx1BvIR5Iq5vnZ3uuT4cjXZFD9IYkIkY/E8lsgUK4gvTwrbYzoF2ZI4Y4c/vGsIOswhS/sd3lUzp88W7L0syK0bJU0f5vzmYofiOYO/PrufBJGN1t+mEvV0gwxtJOdgF3nM5yhlrgicPHDd19pxxK9bf8LIA=



==== 17/03/2026 16:55:04 - OSTATTUS-RESPONSE-TOKEN ======

eyJhbGciOiJIUzUxMiJ9.eyJzdWIiOiJJREFNMjcwNzIwMjIzMTkyMzg4IiwiYWdlbmN5X2NvZGUiOm51bGwsImNyZWF0ZWQiOjE3NzM3NDMyNjgxMTAsImFjY2Vzc19jb2RlIjoiZXlKaGJHY2lPaUpTVXpJMU5pSXNJblI1Y0NJNklrcFhWQ0o5LmV5SnpkV0lpT2lKSlJFRk5NamN3TnpJd01qSXpNVGt5TXpnNElpd2labTVoYldVaU9pSklSVTFTUVVvZ1IwOURTRVZTSWl3aWRYTmxjbk4wWVhSMWN5STZJakVpTENKbGJuUnBkSGxzYVhOMElqcGJJa3hKUTE5RFZWTlVUMDFGVWw5UVQxSlVRVXdpWFN3aWNtOXNaWE1pT2xzaVJFOGlYU3dpYVhOeklqb2lRVkpZSWl3aWJXOWlhV3hsSWpvaU9UUXhORGMyTlRJNU1pSXNJbUYxWkNJNkltUmxabUYxYkhRaUxDSnNibUZ0WlNJNklraEZUVkpCU2lCSFQwTklSVklpTENKMWMyVnlWSGx3WlNJNklqRWlMQ0psZUhBaU9qRTNOek0zTnpFM09Ea3NJbWxoZENJNk1UYzNNemMwTWprNE9Td2lhblJwSWpvaU5UbGxaV1EyWkRRdFpqZzNOUzAwT1RRNExUa3hPVFF0WkRFMk9XUmxZMlJoWW1ReUlpd2laVzUwYVhSNUlqb2lURWxEWDBOVlUxUlBUVVZTWDFCUFVsUkJUQ0lzSW1WdFlXbHNJam9pYUdWdGNtRnFMbWR2WTJobGNrQnNhV05wYm1ScFlTNWpiMjBpZlEuQ2hVQ1lpQ0JzMmtEREhDQkVDNGRMSTdhNjNhZ2NaYTgwMHllLUMwcG9ncGlBUC1BXzNMbE1IRlg5NEFvelNwTXJnQXp2UVJCSFBpQTJUSnVNbXlIeXJFNWhzUFB6MjFQX0hTOUZyaC1fQ0lPLVVCWFVQQkFpUHVwOW9lOWxQTTdsTjZyVTZ1MEFtYjViX29ybHA1amNYdFh2N05xYkg3aV9ULVo5Nk1tUWgwY2h0Z3FKNmotQlVjYVZWT0NNTl85bDNFTkk1YnEwTjV3OW5pMl8yd0wyaF9VWk9xWWFsWUVoNDd6RDg3bXJkMVBiRTBidmR6d1hlYkRXZjF2N1Y0cjZTd3Zsd1MxRjk0eFMtY3ptMHU5WExWQ1FySkNlSXdJNVBib3ZNbWs4RDh5aVp2VENmdUV2SGRnYmxLcFBVLVdTTjRwYkxrUUR5U092ZlhmN2tBcGhRIiwicm9sZXMiOlsiRE8iXSwiY2xpZW50SXAiOm51bGwsImVudGl0bGVtZW50IjpbXX0.LzzROlvqgi2ONfPVdgTqoDbpiW-QqQd2ZkhQNNNGaUYjJkN1jVi1DoolSCS9YkHpBOfn2lWMpYVqZinjlt2ToQ



==== 17/03/2026 16:55:04 - POST-URL ======

https://ebizapp01.licindia.in/BFFService/policy/policyInfo?_dc=1773746704960



==== 17/03/2026 16:55:05 - POST-URL ======

{"confirmationId":null,"status":"200","resultInfoList":null,"count":0,"policy":{"policyNumber":"706219512","planName":"The Money Back Policy - 20 Years","mode":"6","noOfDues":1,"premium":"1794.00","commenceDate":"2013-09-17","nameOfAssured":"V . Gopalakrishnan","agencyCode":"0090976F ","developmentOfficerCode":"315076","plan":"75","policyTerm":"20","firstUnpaidPremiumDate":"2026-03-17","cdCharge":"0","serviceBranch":"76F ","sumAssured":"50000","policyStatus":"21","dob":"1973-06-21","ageAtEntry":40,"planDetails":{"plan":75,"planType":null,"planDesc":null,"premiumDueDuration":6,"premiumDueDurationType":"M","payPremiumAdvance":30,"payPremiumAdvanceType":"D","gracePeriod":1,"gracePeriodType":"M","serviceTaxRateFirstYr":4.5,"serviceTaxRateNextYrs":2.25,"serviceTaxRateEduCess":null,"topUpAllowed":null,"multiplyTopupAmt":null,"topupLimitCriteria":null,"topupNoPayBefMaturity":null,"planCategory":"NORM","freeCoverCond":null,"freeCoverFUP":null,"campaignStartDate":"2026-01-01","campaignEndDate":"2026-03-02","percentageofwaiver":30.0,"maxLimitofwaiver":3000.0,"waiversAllowedNum":1,"lateFeeWaiverInd":"Y","discountPercentFirstYr":null,"discountPercentSecondYr":null,"discountPercentThirdYr":null,"discountPercentSubYr":null,"discountFromDate":null,"discountToDate":null,"maxLimitWaiverFstYr":null,"maxLimitWaiverScndYr":null,"maxLimitWaiverThirdYr":null,"maxLimitWaiverSubYr":null,"discountParameter":null,"graceprdExtFlag":null,"graceprdExtFrmDate":null,"graceprdExtToDate":null,"graceprdPrcntWaiver":null,"maxWaiverLimitgraceprd":null,"gstCdCharge":0.0,"gstLateFeeRateFirstYr":18.0,"gstLateFeeRateNextYrs":18.0,"dateOfLaunch":"09/01/1978","beforeLaunch":"Y","centralGSTPercentage":50,"discountPeriod":null,"discountPeriodType":null},"eligible":true,"lateFeeRequired":false,"recordId":"O","premiumPayingTerm":20,"policyBenefits":"50000","dueAmount":"1794.00","taxExemption":false,"age":"53","eserviceEligible":false,"policyUlip":false,"dateOfLastPayment":"2033-03-17","dateOfMaturity":"2033-09-17","statusShortDesc":"In Force","nav":"For NAV details please contact your Servicing Branch / Customer Zone","altChannelId":"0 ","riderPolicy":false,"minorChild":false,"accountingBookCode":1,"payedPolicy":false,"advancePayedPolicy":false,"lastAccountDate":"2026-02-27","noBonusYears":0,"bonusInfo":{"totalRevBonus":22150,"totalInterimBonus":0,"totalFAB":0,"totalGuaranty":0,"totalLoyalty":0,"totalOneTimeBonus":0.00,"messageCode":null,"calulationSheetHTML":"<table border=1><tr class=grey-bg><td>From</td><td>Upto</td><td>Year</td><td>Type</td><td>Factor</td><td>Rate</td><td>Bonus </td></tr><tr class=grey-bg><td>2013-09-17</td><td>2014-09-17</td><td>2014</td><td>V</td><td>1.0</td><td>39.00</td><td>1950.00</td></tr><tr class=grey-bg><td>2014-09-17</td><td>2015-09-17</td><td>2015</td><td>V</td><td>1.0</td><td>39.00</td><td>1950.00</td></tr><tr class=grey-bg><td>2015-09-17</td><td>2016-09-17</td><td>2016</td><td>V</td><td>1.0</td><td>44.00</td><td>1950.00</td></tr><tr class=grey-bg><td>2015-09-17</td><td>2016-09-17</td><td>2016</td><td>O</td><td>1.0</td><td>5.00</td><td>250.00</td></tr><tr class=grey-bg><td>2016-09-17</td><td>2017-09-17</td><td>2017</td><td>V</td><td>1.0</td><td>39.00</td><td>1950.00</td></tr><tr class=grey-bg><td>2017-09-17</td><td>2018-09-17</td><td>2018</td><td>V</td><td>1.0</td><td>39.00</td><td>1950.00</td></tr><tr class=grey-bg><td>2018-09-17</td><td>2019-09-17</td><td>2019</td><td>V</td><td>1.0</td><td>39.00</td><td>1950.00</td></tr><tr class=grey-bg><td>2019-09-17</td><td>2020-09-17</td><td>2020</td><td>V</td><td>1.0</td><td>34.00</td><td>1700.00</td></tr><tr class=grey-bg><td>2020-09-17</td><td>2021-09-17</td><td>2021</td><td>V</td><td>1.0</td><td>34.00</td><td>1700.00</td></tr><tr class=grey-bg><td>2021-09-17</td><td>2022-09-17</td><td>2022</td><td>V</td><td>1.0</td><td>34.00</td><td>1700.00</td></tr><tr class=grey-bg><td>2022-09-17</td><td>2023-09-17</td><td>2023</td><td>V</td><td>1.0</td><td>34.00</td><td>1700.00</td></tr><tr class=grey-bg><td>2023-09-17</td><td>2024-09-17</td><td>2024</td><td>V</td><td>1.0</td><td>34.00</td><td>1700.00</td></tr><tr class=grey-bg><td>2024-09-17</td><td>2025-09-17</td><td>2025</td><td>V</td><td>1.0</td><td>34.00</td><td>1700.00</td></tr><tr class=grey-bg><td colspan=7>Total Rev Bonus : 22150.00   Total Interim Bonus : 0.00</td></tr></table> ","calulationSheetText":"From        Upto        Year Type Factor  Rate     Bonus \r\n2013-09-17  2014-09-17  2014  V     1.0   39.00    1950.00\r\n2014-09-17  2015-09-17  2015  V     1.0   39.00    1950.00\r\n2015-09-17  2016-09-17  2016  V     1.0   44.00    1950.00\r\n2015-09-17  2016-09-17  2016  O     1.0   5.00    250.00\r\n2016-09-17  2017-09-17  2017  V     1.0   39.00    1950.00\r\n2017-09-17  2018-09-17  2018  V     1.0   39.00    1950.00\r\n2018-09-17  2019-09-17  2019  V     1.0   39.00    1950.00\r\n2019-09-17  2020-09-17  2020  V     1.0   34.00    1700.00\r\n2020-09-17  2021-09-17  2021  V     1.0   34.00    1700.00\r\n2021-09-17  2022-09-17  2022  V     1.0   34.00    1700.00\r\n2022-09-17  2023-09-17  2023  V     1.0   34.00    1700.00\r\n2023-09-17  2024-09-17  2024  V     1.0   34.00    1700.00\r\n2024-09-17  2025-09-17  2025  V     1.0   34.00    1700.00\r\n   Total Rev Bonus : 22150.00   Total Interim Bonus : 0.00\r\n "},"isSpotRevivalAllowed":false,"discountApplicable":false,"advancePaymetEligible":false,"maturitySumAssured":0,"gstInNumber":"null","transactionAllowed":true,"dateOfShowMaturity":"2033-09-17","panFlag":false,"neftFlag":true,"itPan":"","neftStatus":"Y","titleCode":"1","premiumGapFlag":false,"dghPolicyFlag":false,"policyExitStatus":false,"serviceRequestFlag":false,"nriGstFlag":false,"fyEndDate":"2026-03-31"},"person":{"policyNo":706219512,"birthDate":"1973-06-21","fullName":"V . Gopalakrishnan","sex":"M","shortName":"Gopalakrishnan V","age":"40","profileMobileNo":null,"profileEmail":null,"profileUnMaskMobileNo":null,"profileUnMaskEmail":null},"address":{"policyNo":706219512,"address1":"S/O Viswanathan","address2":"17/37, Kamachiamman Koil Street","address3":"Rasipuram Po Tk, Nmkl Dt","addressId":1,"pin":637408},"branch":{"branchCode":"76F ","address1":"LIC OF INDIA - 76F","address2":"NAMAKKAL ROAD","address3":"RASIPURAM","branchIp":"10.128.42.194","branchName":"LIC of India, Rasipuram Br Office","city":null,"dcCode":"X070","divCode":70,"eaiIndication":"Y","emailId":"BO_76F@LICINDIA.COM","man":null,"odsIndication":"N","pin":null,"state":"null"},"agent":{"agencyCode":"0090976F ","address1":"D/O.K.Jayaraman,Jai Ganesh Lorry","address2":"Service,T.P.Kadu,Moolapallipatty.Po","address3":"Rasipuram.Tk & Namakkal .Dt.","agentName":"J.Renukadevi","birthDate":"1976-03-10","category":2,"city":null,"disabilityCode":1,"enteredDate":"2026-03-17T01:24:45.000+00:00","itaxPanNo":"ANZPR4228B","occupationCode":12,"pin":637406,"qualificationCode":3,"sex":"F"},"nominees":[{"policyNo":706219512,"nomineeAge":31,"nomineeDob":null,"nomineeId":1,"nomineeName":"G","nomineeRegistrationDate":null,"nomineeRelation":"W","nomineeShare":100,"nomineeStatus":"B"}],"billingInfo":{"policyNumber":"706219512","nameOfAssured":"V . Gopalakrishnan","planName":"The Money Back Policy - 20 Years","plan":75,"mode":"6","premium":1794,"sumAssured":50000,"status":null,"firstUnpaidPremiumDate":"2026-03-17","nextFup":null,"dueAmount":"1794.00","payedPolicy":false,"noOfDues":1,"eligible":true,"spotRevival":false},"policyContact":{"policyNo":706219512,"dataSource":"B","emailAddress":"null","enteredDate":"2026-02-28T20:00:17.924+00:00","mobileNo":"919942231985","countryCode":null,"telephoneNo":"null","panNo":null},"policyExtra":{"accumTerm":0},"policyAnnuity":null,"userRegistered":"N","assignmentDetails":[],"ulipExtra":{"giveCashAmount":null},"bonusErrorMessage":null,"qpayPolicy":{"policyNumber":"706219512","dob":"21/06/1973","emailId":null,"mobileNo":"9942231985","premium":"1794","key":"236863"}}



==== 17/03/2026 16:55:15 - GET-URL ======

https://mk-channel.licindia.in/Landing/



==== 17/03/2026 17:12:49 - S3 Cloud Backup Upload Error (2) ======

Connection failure   at Xamarin.Android.Net.AndroidMessageHandler.<>c__DisplayClass137_0.<ConnectAsync>b__0()
   at System.Threading.Tasks.Task.InnerInvoke()
   at System.Threading.Tasks.Task.<>c.<.cctor>b__292_0(Object obj)
   at System.Threading.ExecutionContext.RunFromThreadPoolDispatchLoop(Thread , ExecutionContext , ContextCallback , Object )
--- End of stack trace from previous location ---
   at System.Threading.ExecutionContext.RunFromThreadPoolDispatchLoop(Thread , ExecutionContext , ContextCallback , Object )
   at System.Threading.Tasks.Task.ExecuteWithThreadLocal(Task& , Thread )
--- End of stack trace from previous location ---
   at Xamarin.Android.Net.AndroidMessageHandler.DoProcessRequest(HttpRequestMessage , URL , HttpURLConnection , CancellationToken , RequestRedirectionState )
   at Xamarin.Android.Net.AndroidMessageHandler.DoSendAsync(HttpRequestMessage , CancellationToken )
   at System.Net.Http.HttpClient.<SendAsync>g__Core|83_0(HttpRequestMessage , HttpCompletionOption , CancellationTokenSource , Boolean , CancellationTokenSource , CancellationToken )
   at Amazon.Runtime.HttpWebRequestMessage.GetResponseAsync(CancellationToken cancellationToken)
   at Amazon.Runtime.Internal.HttpHandler`1.<InvokeAsync>d__9`1[[System.Net.Http.HttpContent, System.Net.Http, Version=9.0.0.0, Culture=neutral, PublicKeyToken=b03f5f7f11d50a3a],[Amazon.S3.Model.PutObjectResponse, AWSSDK.S3, Version=3.3.0.0, Culture=neutral, PublicKeyToken=885c28607f98e604]].MoveNext()
   at Amazon.Runtime.Internal.RedirectHandler.<InvokeAsync>d__1`1[[Amazon.S3.Model.PutObjectResponse, AWSSDK.S3, Version=3.3.0.0, Culture=neutral, PublicKeyToken=885c28607f98e604]].MoveNext()
   at Amazon.Runtime.Internal.Unmarshaller.<InvokeAsync>d__3`1[[Amazon.S3.Model.PutObjectResponse, AWSSDK.S3, Version=3.3.0.0, Culture=neutral, PublicKeyToken=885c28607f98e604]].MoveNext()
   at Amazon.S3.Internal.AmazonS3ResponseHandler.<InvokeAsync>d__1`1[[Amazon.S3.Model.PutObjectResponse, AWSSDK.S3, Version=3.3.0.0, Culture=neutral, PublicKeyToken=885c28607f98e604]].MoveNext()
   at Amazon.Runtime.Internal.ErrorHandler.<InvokeAsync>d__5`1[[Amazon.S3.Model.PutObjectResponse, AWSSDK.S3, Version=3.3.0.0, Culture=neutral, PublicKeyToken=885c28607f98e604]].MoveNext()
   at Amazon.Runtime.Internal.ErrorHandler.<InvokeAsync>d__5`1[[Amazon.S3.Model.PutObjectResponse, AWSSDK.S3, Version=3.3.0.0, Culture=neutral, PublicKeyToken=885c28607f98e604]].MoveNext()
   at Amazon.Runtime.Internal.CallbackHandler.<InvokeAsync>d__9`1[[Amazon.S3.Model.PutObjectResponse, AWSSDK.S3, Version=3.3.0.0, Culture=neutral, PublicKeyToken=885c28607f98e604]].MoveNext()
   at Amazon.Runtime.Internal.Signer.<InvokeAsync>d__1`1[[Amazon.S3.Model.PutObjectResponse, AWSSDK.S3, Version=3.3.0.0, Culture=neutral, PublicKeyToken=885c28607f98e604]].MoveNext()
   at Amazon.S3.Internal.S3Express.S3ExpressPreSigner.<InvokeAsync>d__5`1[[Amazon.S3.Model.PutObjectResponse, AWSSDK.S3, Version=3.3.0.0, Culture=neutral, PublicKeyToken=885c28607f98e604]].MoveNext()
   at Amazon.Runtime.Internal.EndpointDiscoveryHandler.<InvokeAsync>d__2`1[[Amazon.S3.Model.PutObjectResponse, AWSSDK.S3, Version=3.3.0.0, Culture=neutral, PublicKeyToken=885c28607f98e604]].MoveNext()
   at Amazon.Runtime.Internal.EndpointDiscoveryHandler.<InvokeAsync>d__2`1[[Amazon.S3.Model.PutObjectResponse, AWSSDK.S3, Version=3.3.0.0, Culture=neutral, PublicKeyToken=885c28607f98e604]].MoveNext()
   at Amazon.Runtime.Internal.CredentialsRetriever.<InvokeAsync>d__7`1[[Amazon.S3.Model.PutObjectResponse, AWSSDK.S3, Version=3.3.0.0, Culture=neutral, PublicKeyToken=885c28607f98e604]].MoveNext()
   at Amazon.Runtime.Internal.RetryHandler.<InvokeAsync>d__10`1[[Amazon.S3.Model.PutObjectResponse, AWSSDK.S3, Version=3.3.0.0, Culture=neutral, PublicKeyToken=885c28607f98e604]].MoveNext()
   at Amazon.Runtime.Internal.RetryHandler.<InvokeAsync>d__10`1[[Amazon.S3.Model.PutObjectResponse, AWSSDK.S3, Version=3.3.0.0, Culture=neutral, PublicKeyToken=885c28607f98e604]].MoveNext()
   at Amazon.Runtime.Internal.CallbackHandler.<InvokeAsync>d__9`1[[Amazon.S3.Model.PutObjectResponse, AWSSDK.S3, Version=3.3.0.0, Culture=neutral, PublicKeyToken=885c28607f98e604]].MoveNext()
   at Amazon.Runtime.Internal.CallbackHandler.<InvokeAsync>d__9`1[[Amazon.S3.Model.PutObjectResponse, AWSSDK.S3, Version=3.3.0.0, Culture=neutral, PublicKeyToken=885c28607f98e604]].MoveNext()
   at Amazon.S3.Internal.AmazonS3ExceptionHandler.<InvokeAsync>d__1`1[[Amazon.S3.Model.PutObjectResponse, AWSSDK.S3, Version=3.3.0.0, Culture=neutral, PublicKeyToken=885c28607f98e604]].MoveNext()
   at Amazon.Runtime.Internal.ErrorCallbackHandler.<InvokeAsync>d__5`1[[Amazon.S3.Model.PutObjectResponse, AWSSDK.S3, Version=3.3.0.0, Culture=neutral, PublicKeyToken=885c28607f98e604]].MoveNext()
   at Amazon.Runtime.Internal.MetricsHandler.<InvokeAsync>d__1`1[[Amazon.S3.Model.PutObjectResponse, AWSSDK.S3, Version=3.3.0.0, Culture=neutral, PublicKeyToken=885c28607f98e604]].MoveNext()
   at bma.BackupClass.takeCloudBackup(Context c, Boolean auto, String _mobile)



==== 19/03/2026 14:10:46 - OSTATTUS-RESPONSE-TOKEN ======

f5HOBRhIKBCXIrNUQnUtPskl77jIxURAuUPG6EeNHybbGvt+7X5F2RPdboigpb5K1zRWHdTFq30hhT8RQ6E2d7uH39ikm8oSvNXQUXql5uEQQJXMbvqiTW1Hs5NF0iRKOrG8kBtsdxiD7DJhegK2j4QPaxX5YGytz4OAbuBk4DUN278dmpdy9I3PsSXVW0wqAbOBLhrM17muwAZ2u4j0oQ+VtPk5HKGdnRBp9NcwMj687NagiESRdEfzKiY25psNE8zXkxg0MSQMTiVrR/4ZmEL6Sg5PdDIML10KM1/BW+6DXcp+n4/pZxf1g7g41mblbpjz61x5nlvU7toaPlBpZ9+InWdT4OqJHve59tKrqDrTZljaDNpo0x3Lpil8YRQ+yC8eE65eOsW1rcJ3D+jkrfUT/vFxP1E4Gbk7isuE+mJCAg6sxt5ZtSgNtvPJLJf4C7p1zV8NTPl9nTgYVuNtt9iLiHEY2eTxcgYdHEne/2bv8b4YuC8oJzTORuqi2br+y6eKlmKQmrfGoTgVEvU6fkaVjEtoRLrNCJsjdbMCGOsVBuN9chX3Agj5p61f7JSBpM86ScIgBlcxIabgq8pcY2BtlpEmyDWtX4bS4po136sNarsJ2VC7sFqfn5US8jwzVW2cplmw7NJBEajvQ0eF3yynYa+YsiDs73M5uUrexcC2j+fAGCoD3BQxihn+tWyFri8DdB+aiMS6lzy94zNmvTAMX3pnAxh6crPxber2UpnzZCdXem9s5zP0bKwvunGsw/XIcYzg9thlMB1rNmvEB/Hcp5bjXm8c1nVauQC18B2l+gQkgtfcJQ4blsMy4hHzswm+ey/j4NjhJdfaTfrDWSME+dnPCVDDEU30hFnLeIjvzcx0k4O4YTq8PbeZra8hFk25e61rHkVc49eH9RG4N+bhcy5QulQUGFxiigIz64a2mQ6U5JRYPbCJ9RHCuV4SYpROs7I7pmYqTq/WhOGZH4bh7ndxPIMAUhX/pG2Uebs+0KM0Xj/vmYhSt8J99T/gHuGOSqcC9hsrz3UASM7KkgcYFEyBSoXF8ASNlXaeTjIaRPSahuX3oVc2mWuu5TOxtbWdQ0Cs8PFJ5zI94sN0I4j/QlurZ96DivMk5u9fynFpxy1QzzFn0E3IC/y+V9xsPArFZTgmEHjgtIV/CTvdHB/7AQdYvyUJDPitKM06wk9GtQd0C4cdCBVXpL70/x4/hnxuTo3vfP768EIGQNrc7Casw209PKXiBgFZdRaYuH9OzksLbgtl8aD+5sRnVlsSmxanfcXCr6BWQSHOVUnWYQxfJ+1ty8i0w+4R9wPcauc7NApCUwsIE9zm6bcvXBfx4dLNKmmlcu0kge4rpB86DmWerwMJFCU0yKUwNlOAteLswkxEXA+gSyGy/ahzoyfSdwc5j6OzIzHk4MBPet/ZNZINjb9C5kiQqDMKBl9FGc7NS3CebCT82NEYeIzvVhkFZVfw8e12XMCqh3FbFGxGnopFxfGQHQK1hyGY7CqRHEz1pIJ8iWKjtqa65kXPM6GiE8OzzYhDT9O8xh2zGkfvsQCXbssDVw3CWwDxqxc6mK/u/S0fOWyQiO08LUqPP147g99xr0AawG/oC+OuTxlow5alSIme4OqLTG82xKj6kbLh15bawXUTa6iZA8r8SCSM5CCV/Y5rp4pNoHmVpE/gVEn8D6mBeGYePOd1lKRwPOksCeRstfoV1Q8RLNWaCDBScx+Cq2eF9QRR+iN0GItqc314r2V2gFwVwVaKhkhcsrpnCX/vMBiNOYmjIcz2LH13VgUN9Ldh40hX0N4NMUy/kKU6AeUE4hGG/ok2i7iGmhVJ3uEutnJfxfKhC2mypsYLuk1j+kSrl6Y7SekCeaU4XgkzCFlBKtAD8SbmW58fXiAXy5RuJhAGDOpDnPtxNnfzPy6hbSkH15vdXo0KlplTOagHwbyyu33A9FUxJYPufOx+acbcZ/7/SsQx/jgR9/Bw7ywHjD4j6EJQfBM7fdn1ynYYIw==



==== 19/03/2026 14:10:46 - OSTATTUS-RESPONSE-TOKEN ======

eyJhbGciOiJIUzUxMiJ9.eyJzdWIiOiJJREFNMjUxMDIwMjMxMDQ0MTg1MiIsImFnZW5jeV9jb2RlIjpudWxsLCJjcmVhdGVkIjoxNzczOTA5NTcwMjY0LCJhY2Nlc3NfY29kZSI6ImV5SmhiR2NpT2lKU1V6STFOaUlzSW5SNWNDSTZJa3BYVkNKOS5leUp6ZFdJaU9pSkpSRUZOTWpVeE1ESXdNak14TURRME1UZzFNaUlzSW1adVlXMWxJam9pU1U1RVVrRktSVVZVSUZaSlNrRlpJRXRCVFVKTVJTSXNJblZ6WlhKemRHRjBkWE1pT2lJeElpd2laVzUwYVhSNWJHbHpkQ0k2V3lKTVNVTmZRMVZUVkU5TlJWSmZVRTlTVkVGTUlsMHNJbkp2YkdWeklqcGJJa1JQSWwwc0ltbHpjeUk2SWtGU1dDSXNJbTF2WW1sc1pTSTZJamN3TWpZd05qRTVPRFFpTENKaGRXUWlPaUprWldaaGRXeDBJaXdpYkc1aGJXVWlPaUpKVGtSU1FVcEZSVlFnVmtsS1FWa2dTMEZOUWt4Rklpd2lkWE5sY2xSNWNHVWlPaUl4SWl3aVpYaHdJam94Tnpjek9UTTRNRGc1TENKcFlYUWlPakUzTnpNNU1Ea3lPRGtzSW1wMGFTSTZJbVEzWmpGaFl6VTFMVGRsWkRrdE5HWTJNUzFpTkRObUxXWTNOVFV4WXpFeU1tUTRZaUlzSW1WdWRHbDBlU0k2SWt4SlExOURWVk5VVDAxRlVsOVFUMUpVUVV3aUxDSmxiV0ZwYkNJNkltbHVaSEpoYW1WbGRHdGhiV0pzWlRJeE0wQnNhV05wYm1ScFlTNWpiMjBpZlEuaVBkU3FTcW5ncEZhNTRnZEFUdDdOb1hDMFpXSGJXRV9BUlNXZEpnWEZXME1sSmRFVE5zblc3UDVMd2xXNHhQMHYzZWNUZ3BaSGp4dHkyTzJnZ015WFF1SUR3aUpOQUUxUnIxWEVaeUowbFNUMXlzRDNtaFJOX3FqRFA1NEtXcE80OHEwc3N2UnpPeDh6NmxUVE5sbGExUjd1NHpDaVhPWlR3VzdGd3JmSGMwZlpnWl9kUmpxNEp1U2pKeFJ2ckpTNlg3OXBpY19xNi00dTB2RVozbExQWFFrVmI1YW1nTjVkcDBJa2p5TnNVQWExOUg5RnRTbGNuTEEweTAtVmd4aURwODk4RERNRzhrbzRIbUZmdnFmZUVRdTl2TFpTN2tUVWZlSEd1dGh6cC1zcXcyN29LLW03NHVEVUNXQ0FQYmtUTnhxNGw3bUczTklfeUdLdVYwNGxnIiwicm9sZXMiOlsiRE8iXSwiY2xpZW50SXAiOm51bGwsImVudGl0bGVtZW50IjpbXX0.jfpxpD3xvgaAh8DGiRcR8JNGl9sR5q_EcVLXJbUddui_Oc-xtEmpjJd0VA0gfumo-yCsnmvUUiyTXNq6vXTXTA



==== 19/03/2026 14:10:47 - POST-URL ======

https://ebizapp01.licindia.in/BFFService/policy/policyInfo?_dc=1773909646988



==== 19/03/2026 14:10:49 - POST-URL ======

{"confirmationId":null,"status":"200","resultInfoList":null,"count":0,"policy":{"policyNumber":"709594236","planName":"Jeevan Rakshak","mode":"3","noOfDues":1,"premium":"1759.00","commenceDate":"2016-03-23","nameOfAssured":"S.Pavithra","agencyCode":"0090976F ","developmentOfficerCode":"315076","plan":"827","policyTerm":"16","firstUnpaidPremiumDate":"2025-12-23","cdCharge":"0","serviceBranch":"76F ","sumAssured":"150000","policyStatus":"21","dob":"1991-12-17","ageAtEntry":24,"planDetails":{"plan":827,"planType":null,"planDesc":null,"premiumDueDuration":6,"premiumDueDurationType":"M","payPremiumAdvance":30,"payPremiumAdvanceType":"D","gracePeriod":1,"gracePeriodType":"M","serviceTaxRateFirstYr":4.5,"serviceTaxRateNextYrs":2.25,"serviceTaxRateEduCess":0.0,"topUpAllowed":null,"multiplyTopupAmt":null,"topupLimitCriteria":null,"topupNoPayBefMaturity":null,"planCategory":"EN","freeCoverCond":null,"freeCoverFUP":null,"campaignStartDate":"2026-01-01","campaignEndDate":"2026-03-02","percentageofwaiver":30.0,"maxLimitofwaiver":3000.0,"waiversAllowedNum":1,"lateFeeWaiverInd":"Y","discountPercentFirstYr":null,"discountPercentSecondYr":null,"discountPercentThirdYr":null,"discountPercentSubYr":null,"discountFromDate":null,"discountToDate":null,"maxLimitWaiverFstYr":null,"maxLimitWaiverScndYr":null,"maxLimitWaiverThirdYr":null,"maxLimitWaiverSubYr":null,"discountParameter":null,"graceprdExtFlag":null,"graceprdExtFrmDate":null,"graceprdExtToDate":null,"graceprdPrcntWaiver":null,"maxWaiverLimitgraceprd":null,"gstCdCharge":0.0,"gstLateFeeRateFirstYr":18.0,"gstLateFeeRateNextYrs":18.0,"dateOfLaunch":"19/08/2014","beforeLaunch":"N","centralGSTPercentage":50,"discountPeriod":null,"discountPeriodType":null},"eligible":true,"lateFeeRequired":false,"recordId":"O","premiumPayingTerm":16,"policyBenefits":"150000","dueAmount":"1759.00","taxExemption":false,"age":"35","eserviceEligible":false,"policyUlip":false,"dateOfLastPayment":"2031-12-23","dateOfMaturity":"2032-03-23","statusShortDesc":"In Force","nav":"For NAV details please contact your Servicing Branch / Customer Zone","altChannelId":"0 ","riderPolicy":false,"minorChild":false,"accountingBookCode":1,"payedPolicy":false,"advancePayedPolicy":false,"lastAccountDate":"2025-12-01","noBonusYears":99,"bonusInfo":{"totalRevBonus":0,"totalInterimBonus":0,"totalFAB":0,"totalGuaranty":0,"totalLoyalty":0,"totalOneTimeBonus":0.00,"messageCode":null,"calulationSheetHTML":"","calulationSheetText":""},"isSpotRevivalAllowed":false,"discountApplicable":false,"advancePaymetEligible":false,"maturitySumAssured":0,"gstInNumber":"null","transactionAllowed":true,"dateOfShowMaturity":"2032-03-23","panFlag":false,"neftFlag":false,"itPan":"","neftStatus":"N","titleCode":"1","premiumGapFlag":false,"dghPolicyFlag":false,"policyExitStatus":false,"serviceRequestFlag":false,"nriGstFlag":false,"fyEndDate":"2026-03-31"},"person":{"policyNo":709594236,"birthDate":"1991-12-17","fullName":"S.Pavithra","sex":"M","shortName":"Pavithra S ","age":"24","profileMobileNo":null,"profileEmail":null,"profileUnMaskMobileNo":null,"profileUnMaskEmail":null},"address":{"policyNo":709594236,"address1":"W/O R.Srinivasan","address2":"4/503 A Andavar Nager , Trichy Road","address3":"Namakkal Dt","addressId":1,"pin":637001},"branch":{"branchCode":"76F ","address1":"LIC OF INDIA - 76F","address2":"NAMAKKAL ROAD","address3":"RASIPURAM","branchIp":"10.128.42.194","branchName":"LIC of India, Rasipuram Br Office","city":null,"dcCode":"X070","divCode":70,"eaiIndication":"Y","emailId":"BO_76F@LICINDIA.COM","man":null,"odsIndication":"N","pin":null,"state":"null"},"agent":{"agencyCode":"0090976F ","address1":"D/O.K.Jayaraman,Jai Ganesh Lorry","address2":"Service,T.P.Kadu,Moolapallipatty.Po","address3":"Rasipuram.Tk & Namakkal .Dt.","agentName":"J.Renukadevi","birthDate":"1976-03-10","category":2,"city":null,"disabilityCode":1,"enteredDate":"2026-03-19T01:19:26.000+00:00","itaxPanNo":"ANZPR4228B","occupationCode":12,"pin":637406,"qualificationCode":3,"sex":"F"},"nominees":[{"policyNo":709594236,"nomineeAge":7,"nomineeDob":null,"nomineeId":1,"nomineeName":"S MADHU NISHA","nomineeRegistrationDate":null,"nomineeRelation":"D","nomineeShare":100,"nomineeStatus":"B"}],"billingInfo":{"policyNumber":"709594236","nameOfAssured":"S.Pavithra","planName":"Jeevan Rakshak","plan":827,"mode":"3","premium":1759,"sumAssured":150000,"status":null,"firstUnpaidPremiumDate":"2025-12-23","nextFup":null,"dueAmount":"1759.00","payedPolicy":false,"noOfDues":1,"eligible":true,"spotRevival":false},"policyContact":{"policyNo":709594236,"dataSource":"B","emailAddress":"null","enteredDate":"2025-12-04T20:00:09.758+00:00","mobileNo":"917806891678","countryCode":null,"telephoneNo":"null","panNo":null},"policyExtra":{"accumTerm":0},"policyAnnuity":null,"userRegistered":"N","assignmentDetails":[],"ulipExtra":{"giveCashAmount":null},"bonusErrorMessage":null,"qpayPolicy":{"policyNumber":"709594236","dob":"17/12/1991","emailId":null,"mobileNo":"7806891678","premium":"1759","key":"592383"}}



==== 19/03/2026 14:10:57 - GET-URL ======

https://mk-channel.licindia.in/Landing/



==== 24/03/2026 08:37:19 - S3 Cloud Backup Upload Error (2) ======

Connection failure   at Xamarin.Android.Net.AndroidMessageHandler.<>c__DisplayClass137_0.<ConnectAsync>b__0()
   at System.Threading.Tasks.Task.InnerInvoke()
   at System.Threading.Tasks.Task.<>c.<.cctor>b__292_0(Object obj)
   at System.Threading.ExecutionContext.RunFromThreadPoolDispatchLoop(Thread , ExecutionContext , ContextCallback , Object )
--- End of stack trace from previous location ---
   at System.Threading.ExecutionContext.RunFromThreadPoolDispatchLoop(Thread , ExecutionContext , ContextCallback , Object )
   at System.Threading.Tasks.Task.ExecuteWithThreadLocal(Task& , Thread )
--- End of stack trace from previous location ---
   at Xamarin.Android.Net.AndroidMessageHandler.DoProcessRequest(HttpRequestMessage , URL , HttpURLConnection , CancellationToken , RequestRedirectionState )
   at Xamarin.Android.Net.AndroidMessageHandler.DoSendAsync(HttpRequestMessage , CancellationToken )
   at System.Net.Http.HttpClient.<SendAsync>g__Core|83_0(HttpRequestMessage , HttpCompletionOption , CancellationTokenSource , Boolean , CancellationTokenSource , CancellationToken )
   at Amazon.Runtime.HttpWebRequestMessage.GetResponseAsync(CancellationToken cancellationToken)
   at Amazon.Runtime.Internal.HttpHandler`1.<InvokeAsync>d__9`1[[System.Net.Http.HttpContent, System.Net.Http, Version=9.0.0.0, Culture=neutral, PublicKeyToken=b03f5f7f11d50a3a],[Amazon.S3.Model.PutObjectResponse, AWSSDK.S3, Version=3.3.0.0, Culture=neutral, PublicKeyToken=885c28607f98e604]].MoveNext()
   at Amazon.Runtime.Internal.RedirectHandler.<InvokeAsync>d__1`1[[Amazon.S3.Model.PutObjectResponse, AWSSDK.S3, Version=3.3.0.0, Culture=neutral, PublicKeyToken=885c28607f98e604]].MoveNext()
   at Amazon.Runtime.Internal.Unmarshaller.<InvokeAsync>d__3`1[[Amazon.S3.Model.PutObjectResponse, AWSSDK.S3, Version=3.3.0.0, Culture=neutral, PublicKeyToken=885c28607f98e604]].MoveNext()
   at Amazon.S3.Internal.AmazonS3ResponseHandler.<InvokeAsync>d__1`1[[Amazon.S3.Model.PutObjectResponse, AWSSDK.S3, Version=3.3.0.0, Culture=neutral, PublicKeyToken=885c28607f98e604]].MoveNext()
   at Amazon.Runtime.Internal.ErrorHandler.<InvokeAsync>d__5`1[[Amazon.S3.Model.PutObjectResponse, AWSSDK.S3, Version=3.3.0.0, Culture=neutral, PublicKeyToken=885c28607f98e604]].MoveNext()
   at Amazon.Runtime.Internal.ErrorHandler.<InvokeAsync>d__5`1[[Amazon.S3.Model.PutObjectResponse, AWSSDK.S3, Version=3.3.0.0, Culture=neutral, PublicKeyToken=885c28607f98e604]].MoveNext()
   at Amazon.Runtime.Internal.CallbackHandler.<InvokeAsync>d__9`1[[Amazon.S3.Model.PutObjectResponse, AWSSDK.S3, Version=3.3.0.0, Culture=neutral, PublicKeyToken=885c28607f98e604]].MoveNext()
   at Amazon.Runtime.Internal.Signer.<InvokeAsync>d__1`1[[Amazon.S3.Model.PutObjectResponse, AWSSDK.S3, Version=3.3.0.0, Culture=neutral, PublicKeyToken=885c28607f98e604]].MoveNext()
   at Amazon.S3.Internal.S3Express.S3ExpressPreSigner.<InvokeAsync>d__5`1[[Amazon.S3.Model.PutObjectResponse, AWSSDK.S3, Version=3.3.0.0, Culture=neutral, PublicKeyToken=885c28607f98e604]].MoveNext()
   at Amazon.Runtime.Internal.EndpointDiscoveryHandler.<InvokeAsync>d__2`1[[Amazon.S3.Model.PutObjectResponse, AWSSDK.S3, Version=3.3.0.0, Culture=neutral, PublicKeyToken=885c28607f98e604]].MoveNext()
   at Amazon.Runtime.Internal.EndpointDiscoveryHandler.<InvokeAsync>d__2`1[[Amazon.S3.Model.PutObjectResponse, AWSSDK.S3, Version=3.3.0.0, Culture=neutral, PublicKeyToken=885c28607f98e604]].MoveNext()
   at Amazon.Runtime.Internal.CredentialsRetriever.<InvokeAsync>d__7`1[[Amazon.S3.Model.PutObjectResponse, AWSSDK.S3, Version=3.3.0.0, Culture=neutral, PublicKeyToken=885c28607f98e604]].MoveNext()
   at Amazon.Runtime.Internal.RetryHandler.<InvokeAsync>d__10`1[[Amazon.S3.Model.PutObjectResponse, AWSSDK.S3, Version=3.3.0.0, Culture=neutral, PublicKeyToken=885c28607f98e604]].MoveNext()
   at Amazon.Runtime.Internal.RetryHandler.<InvokeAsync>d__10`1[[Amazon.S3.Model.PutObjectResponse, AWSSDK.S3, Version=3.3.0.0, Culture=neutral, PublicKeyToken=885c28607f98e604]].MoveNext()
   at Amazon.Runtime.Internal.CallbackHandler.<InvokeAsync>d__9`1[[Amazon.S3.Model.PutObjectResponse, AWSSDK.S3, Version=3.3.0.0, Culture=neutral, PublicKeyToken=885c28607f98e604]].MoveNext()
   at Amazon.Runtime.Internal.CallbackHandler.<InvokeAsync>d__9`1[[Amazon.S3.Model.PutObjectResponse, AWSSDK.S3, Version=3.3.0.0, Culture=neutral, PublicKeyToken=885c28607f98e604]].MoveNext()
   at Amazon.S3.Internal.AmazonS3ExceptionHandler.<InvokeAsync>d__1`1[[Amazon.S3.Model.PutObjectResponse, AWSSDK.S3, Version=3.3.0.0, Culture=neutral, PublicKeyToken=885c28607f98e604]].MoveNext()
   at Amazon.Runtime.Internal.ErrorCallbackHandler.<InvokeAsync>d__5`1[[Amazon.S3.Model.PutObjectResponse, AWSSDK.S3, Version=3.3.0.0, Culture=neutral, PublicKeyToken=885c28607f98e604]].MoveNext()
   at Amazon.Runtime.Internal.MetricsHandler.<InvokeAsync>d__1`1[[Amazon.S3.Model.PutObjectResponse, AWSSDK.S3, Version=3.3.0.0, Culture=neutral, PublicKeyToken=885c28607f98e604]].MoveNext()
   at bma.BackupClass.takeCloudBackup(Context c, Boolean auto, String _mobile)



==== 24/03/2026 18:18:55 - Skipped 1 policy at offset 100 ======





==== 24/03/2026 18:19:00 - Skipped 1 policy at offset 101 ======





==== 24/03/2026 18:19:05 - Skipped 1 policy at offset 103 ======





==== 24/03/2026 18:19:10 - Skipped 1 policy at offset 104 ======





==== 24/03/2026 18:19:15 - Skipped 1 policy at offset 106 ======





==== 24/03/2026 18:19:20 - Skipped 1 policy at offset 107 ======





==== 24/03/2026 18:19:25 - Skipped 1 policy at offset 109 ======





==== 24/03/2026 18:19:30 - Skipped 1 policy at offset 110 ======





==== 24/03/2026 18:19:35 - Skipped 1 policy at offset 112 ======





==== 24/03/2026 18:19:40 - Skipped 1 policy at offset 113 ======





==== 24/03/2026 18:19:45 - Skipped 1 policy at offset 115 ======





==== 24/03/2026 18:19:51 - Skipped 1 policy at offset 116 ======





==== 24/03/2026 18:19:56 - Skipped 1 policy at offset 118 ======





==== 24/03/2026 18:20:01 - Skipped 1 policy at offset 119 ======





==== 24/03/2026 18:20:06 - Skipped 1 policy at offset 121 ======





==== 24/03/2026 18:20:11 - Skipped 1 policy at offset 122 ======





==== 24/03/2026 18:20:16 - Skipped 1 policy at offset 125 ======





==== 24/03/2026 18:20:21 - Skipped 1 policy at offset 126 ======





==== 24/03/2026 18:20:26 - Skipped 1 policy at offset 128 ======





==== 24/03/2026 18:20:31 - Skipped 1 policy at offset 129 ======





==== 24/03/2026 18:20:36 - Skipped 1 policy at offset 131 ======





==== 24/03/2026 18:20:41 - Skipped 1 policy at offset 132 ======





==== 24/03/2026 18:20:46 - Skipped 1 policy at offset 134 ======





==== 24/03/2026 18:20:51 - Skipped 1 policy at offset 135 ======





==== 24/03/2026 18:20:56 - Skipped 1 policy at offset 137 ======





==== 24/03/2026 18:21:01 - Skipped 1 policy at offset 138 ======





==== 24/03/2026 18:21:06 - Skipped 1 policy at offset 140 ======





==== 24/03/2026 18:21:11 - Skipped 1 policy at offset 141 ======





==== 24/03/2026 18:21:16 - Skipped 1 policy at offset 143 ======





==== 24/03/2026 18:21:21 - Skipped 1 policy at offset 144 ======





==== 24/03/2026 18:21:27 - Skipped 1 policy at offset 146 ======





==== 24/03/2026 18:21:32 - Skipped 1 policy at offset 147 ======





==== 24/03/2026 18:21:37 - Skipped 1 policy at offset 150 ======





==== 24/03/2026 18:21:42 - Skipped 1 policy at offset 151 ======





==== 24/03/2026 18:21:47 - Skipped 1 policy at offset 153 ======





==== 24/03/2026 18:21:52 - Skipped 1 policy at offset 154 ======





==== 24/03/2026 18:21:57 - Skipped 1 policy at offset 156 ======





==== 24/03/2026 18:22:02 - Skipped 1 policy at offset 157 ======





==== 24/03/2026 18:22:07 - Skipped 1 policy at offset 159 ======





==== 24/03/2026 18:22:12 - Skipped 1 policy at offset 160 ======





==== 24/03/2026 18:22:17 - Skipped 1 policy at offset 162 ======





==== 24/03/2026 18:22:22 - Skipped 1 policy at offset 163 ======





==== 24/03/2026 18:22:27 - Skipped 1 policy at offset 165 ======





==== 24/03/2026 18:22:32 - Skipped 1 policy at offset 166 ======





==== 24/03/2026 18:22:47 - Skipped 1 policy at offset 168 ======





==== 24/03/2026 18:23:19 - Skipped 1 policy at offset 169 ======





==== 24/03/2026 18:23:45 - Skipped 1 policy at offset 171 ======





==== 24/03/2026 18:24:03 - Skipped 1 policy at offset 172 ======





==== 24/03/2026 18:24:35 - Skipped 1 policy at offset 175 ======





==== 24/03/2026 18:25:13 - Skipped 1 policy at offset 176 ======





==== 24/03/2026 18:25:44 - Skipped 1 policy at offset 178 ======





==== 24/03/2026 18:26:31 - Skipped 1 policy at offset 179 ======





==== 24/03/2026 18:26:58 - Skipped 1 policy at offset 181 ======





==== 24/03/2026 18:27:03 - Skipped 1 policy at offset 182 ======





==== 24/03/2026 18:27:08 - Skipped 1 policy at offset 184 ======





==== 24/03/2026 18:27:13 - Skipped 1 policy at offset 185 ======





==== 24/03/2026 18:27:18 - Skipped 1 policy at offset 187 ======





==== 24/03/2026 18:27:23 - Skipped 1 policy at offset 188 ======





==== 24/03/2026 18:27:28 - Skipped 1 policy at offset 190 ======





==== 24/03/2026 18:27:33 - Skipped 1 policy at offset 191 ======





==== 24/03/2026 18:27:38 - Skipped 1 policy at offset 193 ======





==== 24/03/2026 18:27:43 - Skipped 1 policy at offset 194 ======





==== 24/03/2026 18:27:48 - Skipped 1 policy at offset 196 ======





==== 24/03/2026 18:27:53 - Skipped 1 policy at offset 197 ======





==== 24/03/2026 18:27:58 - Skipped 1 policy at offset 200 ======





==== 24/03/2026 18:28:03 - Skipped 1 policy at offset 201 ======





==== 24/03/2026 18:28:09 - Skipped 1 policy at offset 203 ======





==== 24/03/2026 18:28:14 - Skipped 1 policy at offset 204 ======





==== 24/03/2026 18:28:19 - Skipped 1 policy at offset 206 ======





==== 24/03/2026 18:28:24 - Skipped 1 policy at offset 207 ======





==== 24/03/2026 18:28:29 - Skipped 1 policy at offset 209 ======





==== 24/03/2026 18:28:34 - Skipped 1 policy at offset 210 ======





==== 24/03/2026 18:28:39 - Skipped 1 policy at offset 212 ======





==== 24/03/2026 18:28:44 - Skipped 1 policy at offset 213 ======





==== 24/03/2026 18:28:49 - Skipped 1 policy at offset 215 ======





==== 24/03/2026 18:28:54 - Skipped 1 policy at offset 216 ======





==== 24/03/2026 18:28:59 - Skipped 1 policy at offset 218 ======





==== 24/03/2026 18:29:04 - Skipped 1 policy at offset 219 ======





==== 24/03/2026 18:29:09 - Skipped 1 policy at offset 221 ======





==== 24/03/2026 18:29:14 - Skipped 1 policy at offset 222 ======





==== 24/03/2026 18:29:19 - Skipped 1 policy at offset 225 ======





==== 24/03/2026 18:29:24 - Skipped 1 policy at offset 226 ======





==== 24/03/2026 18:29:29 - Skipped 1 policy at offset 228 ======





==== 24/03/2026 18:29:34 - Skipped 1 policy at offset 229 ======





==== 24/03/2026 18:29:40 - Skipped 1 policy at offset 231 ======





==== 24/03/2026 18:29:45 - Skipped 1 policy at offset 232 ======





==== 24/03/2026 18:29:50 - Skipped 1 policy at offset 234 ======





==== 24/03/2026 18:29:55 - Skipped 1 policy at offset 235 ======





==== 24/03/2026 18:30:00 - Skipped 1 policy at offset 237 ======





==== 24/03/2026 18:30:05 - Skipped 1 policy at offset 238 ======





==== 24/03/2026 18:30:10 - Skipped 1 policy at offset 240 ======





==== 24/03/2026 18:30:15 - Skipped 1 policy at offset 241 ======





==== 24/03/2026 18:30:20 - Skipped 1 policy at offset 243 ======





==== 24/03/2026 18:30:25 - Skipped 1 policy at offset 244 ======





==== 24/03/2026 18:30:30 - Skipped 1 policy at offset 246 ======





==== 24/03/2026 18:31:02 - Skipped 1 policy at offset 247 ======





==== 24/03/2026 18:31:43 - Skipped 1 policy at offset 250 ======





==== 24/03/2026 18:32:26 - Skipped 1 policy at offset 251 ======





==== 24/03/2026 18:32:43 - Skipped 1 policy at offset 253 ======





==== 24/03/2026 18:33:20 - Skipped 1 policy at offset 254 ======





==== 24/03/2026 18:33:35 - Skipped 1 policy at offset 256 ======





==== 24/03/2026 18:33:49 - Skipped 1 policy at offset 257 ======





==== 24/03/2026 18:34:37 - Skipped 1 policy at offset 259 ======





==== 24/03/2026 18:35:14 - Skipped 1 policy at offset 260 ======





==== 24/03/2026 18:35:45 - Skipped 1 policy at offset 262 ======





==== 24/03/2026 18:36:37 - Skipped 1 policy at offset 263 ======





==== 24/03/2026 18:37:20 - Skipped 1 policy at offset 265 ======





==== 24/03/2026 18:37:36 - Skipped 1 policy at offset 266 ======





==== 24/03/2026 18:37:55 - Skipped 1 policy at offset 268 ======





==== 24/03/2026 18:38:00 - Skipped 1 policy at offset 269 ======





==== 24/03/2026 18:38:05 - Skipped 1 policy at offset 271 ======





==== 24/03/2026 18:38:10 - Skipped 1 policy at offset 272 ======





==== 24/03/2026 18:38:15 - Skipped 1 policy at offset 275 ======





==== 24/03/2026 18:38:20 - Skipped 1 policy at offset 276 ======





==== 24/03/2026 18:38:25 - Skipped 1 policy at offset 278 ======





==== 24/03/2026 18:38:30 - Skipped 1 policy at offset 279 ======





==== 24/03/2026 18:38:36 - Skipped 1 policy at offset 281 ======





==== 24/03/2026 18:38:41 - Skipped 1 policy at offset 282 ======





==== 24/03/2026 18:38:46 - Skipped 1 policy at offset 284 ======





==== 24/03/2026 18:38:51 - Skipped 1 policy at offset 285 ======





==== 24/03/2026 18:38:56 - Skipped 1 policy at offset 287 ======





==== 24/03/2026 18:39:01 - Skipped 1 policy at offset 288 ======





==== 24/03/2026 18:39:06 - Skipped 1 policy at offset 290 ======





==== 24/03/2026 18:39:11 - Skipped 1 policy at offset 291 ======





==== 24/03/2026 18:39:16 - Skipped 1 policy at offset 293 ======





==== 24/03/2026 18:39:21 - Skipped 1 policy at offset 294 ======





==== 24/03/2026 18:39:26 - Skipped 1 policy at offset 296 ======





==== 24/03/2026 18:39:31 - Skipped 1 policy at offset 297 ======





==== 24/03/2026 18:39:36 - Skipped 1 policy at offset 300 ======





==== 24/03/2026 18:39:41 - Skipped 1 policy at offset 301 ======





==== 24/03/2026 18:39:46 - Skipped 1 policy at offset 303 ======





==== 24/03/2026 18:39:51 - Skipped 1 policy at offset 304 ======





==== 24/03/2026 18:39:56 - Skipped 1 policy at offset 306 ======





==== 24/03/2026 18:40:01 - Skipped 1 policy at offset 307 ======





==== 24/03/2026 18:40:06 - Skipped 1 policy at offset 309 ======





==== 24/03/2026 18:40:11 - Skipped 1 policy at offset 310 ======





==== 24/03/2026 18:40:16 - Skipped 1 policy at offset 312 ======





==== 24/03/2026 18:40:22 - Skipped 1 policy at offset 313 ======





==== 24/03/2026 18:40:27 - Skipped 1 policy at offset 315 ======





==== 24/03/2026 18:40:32 - Skipped 1 policy at offset 316 ======





==== 24/03/2026 18:40:37 - Skipped 1 policy at offset 318 ======





==== 24/03/2026 18:40:42 - Skipped 1 policy at offset 319 ======





==== 24/03/2026 18:40:47 - Skipped 1 policy at offset 321 ======





==== 24/03/2026 18:40:52 - Skipped 1 policy at offset 322 ======





==== 24/03/2026 18:40:57 - Skipped 1 policy at offset 325 ======





==== 24/03/2026 18:41:02 - Skipped 1 policy at offset 326 ======





==== 24/03/2026 18:41:07 - Skipped 1 policy at offset 328 ======





==== 24/03/2026 18:41:12 - Skipped 1 policy at offset 329 ======





==== 24/03/2026 18:41:17 - Skipped 1 policy at offset 331 ======





==== 24/03/2026 18:41:22 - Skipped 1 policy at offset 332 ======





==== 24/03/2026 18:41:27 - Skipped 1 policy at offset 334 ======





==== 24/03/2026 18:41:32 - Skipped 1 policy at offset 335 ======





==== 24/03/2026 18:41:37 - Skipped 1 policy at offset 337 ======





==== 24/03/2026 18:41:42 - Skipped 1 policy at offset 338 ======





==== 24/03/2026 18:41:47 - Skipped 1 policy at offset 340 ======





==== 24/03/2026 18:41:52 - Skipped 1 policy at offset 341 ======





==== 24/03/2026 18:41:57 - Skipped 1 policy at offset 343 ======





==== 24/03/2026 18:42:03 - Skipped 1 policy at offset 344 ======





==== 24/03/2026 18:42:08 - Skipped 1 policy at offset 346 ======





==== 24/03/2026 18:42:13 - Skipped 1 policy at offset 347 ======





==== 24/03/2026 18:42:18 - Skipped 1 policy at offset 350 ======





==== 24/03/2026 18:42:23 - Skipped 1 policy at offset 351 ======





==== 24/03/2026 18:42:28 - Skipped 1 policy at offset 353 ======





==== 24/03/2026 18:42:33 - Skipped 1 policy at offset 354 ======





==== 24/03/2026 18:42:38 - Skipped 1 policy at offset 356 ======





==== 24/03/2026 18:42:43 - Skipped 1 policy at offset 357 ======





==== 24/03/2026 18:42:48 - Skipped 1 policy at offset 359 ======





==== 24/03/2026 18:42:53 - Skipped 1 policy at offset 360 ======





==== 24/03/2026 18:42:58 - Skipped 1 policy at offset 362 ======





==== 24/03/2026 18:43:03 - Skipped 1 policy at offset 363 ======





==== 24/03/2026 18:43:08 - Skipped 1 policy at offset 365 ======





==== 24/03/2026 18:43:13 - Skipped 1 policy at offset 366 ======





==== 24/03/2026 18:43:18 - Skipped 1 policy at offset 368 ======





==== 24/03/2026 18:43:23 - Skipped 1 policy at offset 369 ======





==== 24/03/2026 18:43:28 - Skipped 1 policy at offset 371 ======





==== 24/03/2026 18:43:33 - Skipped 1 policy at offset 372 ======





==== 24/03/2026 18:43:38 - Skipped 1 policy at offset 375 ======





==== 24/03/2026 18:43:44 - Skipped 1 policy at offset 376 ======





==== 24/03/2026 18:43:49 - Skipped 1 policy at offset 378 ======





==== 24/03/2026 18:43:54 - Skipped 1 policy at offset 379 ======





==== 24/03/2026 18:43:59 - Skipped 1 policy at offset 381 ======





==== 24/03/2026 18:44:04 - Skipped 1 policy at offset 382 ======





==== 24/03/2026 18:44:09 - Skipped 1 policy at offset 384 ======





==== 24/03/2026 18:44:14 - Skipped 1 policy at offset 385 ======





==== 24/03/2026 18:44:19 - Skipped 1 policy at offset 387 ======





==== 24/03/2026 18:44:24 - Skipped 1 policy at offset 388 ======





==== 24/03/2026 18:44:29 - Skipped 1 policy at offset 390 ======





==== 24/03/2026 18:44:34 - Skipped 1 policy at offset 391 ======





==== 24/03/2026 18:44:39 - Skipped 1 policy at offset 393 ======





==== 24/03/2026 18:44:44 - Skipped 1 policy at offset 394 ======





==== 24/03/2026 18:44:49 - Skipped 1 policy at offset 396 ======





==== 24/03/2026 18:44:54 - Skipped 1 policy at offset 397 ======





==== 24/03/2026 18:45:00 - Portal Data Download Background ======

startForegroundService() not allowed due to mAllowStartForeground false: service com.bliss.blissbma.pro/crc6479545b82ba044d57.CommissionService   at Java.Interop.JniEnvironment.InstanceMethods.CallNonvirtualObjectMethod(JniObjectReference , JniObjectReference , JniMethodInfo , JniArgumentValue* )
   at Java.Interop.JniPeerMembers.JniInstanceMethods.InvokeVirtualObjectMethod(String , IJavaPeerable , JniArgumentValue* )
   at Android.Content.ContextWrapper.StartForegroundService(Intent )
   at bma.commissionActivity.updateComm(Context c, String agcode, Boolean nodialog, String runsb)
  --- End of managed Java.Lang.IllegalStateException stack trace ---
android.app.ForegroundServiceStartNotAllowedException: startForegroundService() not allowed due to mAllowStartForeground false: service com.bliss.blissbma.pro/crc6479545b82ba044d57.CommissionService
	at android.app.ForegroundServiceStartNotAllowedException$1.createFromParcel(ForegroundServiceStartNotAllowedException.java:54)
	at android.app.ForegroundServiceStartNotAllowedException$1.createFromParcel(ForegroundServiceStartNotAllowedException.java:50)
	at android.os.Parcel.readParcelableInternal(Parcel.java:4809)
	at android.os.Parcel.readParcelable(Parcel.java:4777)
	at android.os.Parcel.createExceptionOrNull(Parcel.java:3040)
	at android.os.Parcel.createException(Parcel.java:3029)
	at android.os.Parcel.readException(Parcel.java:3012)
	at android.os.Parcel.readException(Parcel.java:2954)
	at android.app.IActivityManager$Stub$Proxy.startService(IActivityManager.java:6214)
	at android.app.ContextImpl.startServiceCommon(ContextImpl.java:1967)
	at android.app.ContextImpl.startForegroundService(ContextImpl.java:1933)
	at android.content.ContextWrapper.startForegroundService(ContextWrapper.java:839)
	at android.content.ContextWrapper.startForegroundService(ContextWrapper.java:839)
	at mono.java.lang.RunnableImplementor.n_run(Native Method)
	at mono.java.lang.RunnableImplementor.run(RunnableImplementor.java:29)
	at android.os.Handler.handleCallback(Handler.java:942)
	at android.os.Handler.dispatchMessage(Handler.java:99)
	at android.os.Looper.loopOnce(Looper.java:226)
	at android.os.Looper.loop(Looper.java:313)
	at android.app.ActivityThread.main(ActivityThread.java:8762)
	at java.lang.reflect.Method.invoke(Native Method)
	at com.android.internal.os.RuntimeInit$MethodAndArgsCaller.run(RuntimeInit.java:604)
	at com.android.internal.os.ZygoteInit.main(ZygoteInit.java:1067)




==== 25/03/2026 09:42:50 - OSTATTUS-RESPONSE-TOKEN ======

Yb3ZOxv47dqSgLfMf7y8nrzZmyDaGNXH02waO5yB9akkc00ei8bcQAg90dIpqTZyzC/3EvWFoufaRyCjueWc7BZz/A04Dtq0volDcBWeuxSF6rmBHKMhxGfoY6UuGGLvXWSTQ0AgN+f8SVrWt3Fm7v+o8cGj3riUnW382xSrNvlT/lqPjmPEw+QC8oH7fx8wFsfAShW5F0TywW+9LPAHhy2cdUyIuiBqsNGmE7C7O5VJK+Pr7GtTALqoaDFEX+Vw5YhqqGEXsMfhTeJWr92iO0/wgJ4HanKUcPt8nqd+NBuJl0fGwI5HRmvS8uW5a1Zy1wPBq/XeKEDeF2PLmT5q2cIBIwiC/jr75YFw/abCkvUaZevIK2kJzFPZe0qQNsfkl2zgkHdMoouqoNcy0xELzyfUI7IaPZl6mFUQvJ1uWWeuegbWlv67d70ZrkOsIH7bdwrJtd4sVhLKA62ELW1P2cvj3eMlT/m5yow9oqIL2DhkPMkSDtOG67qrrk9ixaAG8a6minWOSJFL+UFzjNqajE0EZdznt0ADAp1rYA5o3j5JYPdXFOQxXCDYD1EcaCo/c4IlKToR2bDrWlFBo+aqs5XxWh09Zqmy7XtfH8TODAxonX7EW5E4DeTuHl/0ZX4m8kc25Dg8j0YvpjOzpXzapvAye4tfB0ObD09Uzcz0MAlXRRmHwM6J8Oweikl9WqGK+4Z+VbuSeuI6fySAwtt685GEQBzEiDWIjdznztJgehsYhXM/rDTHjQ4n/v5v6gII/Xa/3l+tMQVy73FfJfgBrSHNno9cDhfFzUge6nx7bXE9Z1mrVzMsHIoRNgRTsOCzcw/K+AZeLM9M6zX34OVBYhS8EyEI+a4d9vf6LhPrMHRRQ80JyvW8V9rlpwZbO+KkUqzLhkwNDCca3jAve5M4iP8v8/QDTaIyG4nz25m+mujmSbNjjqQ0/WHqELy4Zsw/KslxLezXOMbADOX2qBA307QuYCi31RdglFh1i7QCrRvlzzP6x23ZZgDFXWlOFw/8BGiTglcz7i2gFsNsTYowZkleVMobQbzxa1D4Z83MY23HCcDqKK7bVsavNJqEU+eK3RLgjZTEWZ/ECKq1lI54HK7toQ13R9j26N9L1D2I3rR+m1BJUAzLIV4I3O1Q5LhbHGMTGJJxBM6clxcADDQSFdC+HPWLsg2QYADI2lOV1JSzJeqMfeaqw+C+Kuqe4XuhOEO61Y0VUi5vCOWg907nkLVy9NfZJvGo6R7jGXNiTtdrsE+MxeRJxB19YYv/0CSHlK3Q1Ne8FeHAC69Q/cTZDbTz02krTBfXGzmXtH6GkDZqZNqXW3ibeM7qzTX+MQoiX4QrHwSp9EQ1WtKiifVUAqOT/6nwETpak/yDtssOFXckQ9rmCfFWD80hCIXnSc5UcNNTeRDOtks8GaqsOc0RNIgEX0dQbo5iRh/CJlUm6HrVtK6ajGGIxyD6mLDp1lTDqGo0XAO6dLmUBq8vw9TySPeHihfyb6fqueZIssEqkdblb0m7ThKXZ0jc8gOXQW1k6wad20ZBHTZ5s9Q2tucsoTIOKkyPoEdDw/Ck3Ori1aP6anRoHnu4dXrTXw4LSezPpOcl8wrgUcNQAfoM58AFOOIceKLi7lHX7XGm0VgTVFUkx22v5pd5d68iM/0ENLB3E7Vc+vxbOLsnUVi7vXe0yNbgaG/jndrU4IMNh9xDXrTDZASJ05NGv2YGw2ubqO066k9eBgNppcagErSm2AqoneFCC3cZks6b1SutdAiy2scQEehPiI98LBw9ouSRHfRRYcl197SjCg3+DLRbrEkuFG1o6oeoMvdc6EjirGPIiTBsAj+9DnP0HHi5bzyrAtagmcQMspveJjFyPgL4QTdbwmmJgKuxAA0edmp+WhU0umJ03RaUNn803tpSz9Y9PnG6g56zDFzA6dqqbDeNhECT



==== 25/03/2026 09:42:50 - OSTATTUS-RESPONSE-TOKEN ======

eyJhbGciOiJIUzUxMiJ9.eyJzdWIiOiJJREFNMjgwNzIwMjIzMjAyMTEwIiwiYWdlbmN5X2NvZGUiOm51bGwsImNyZWF0ZWQiOjE3NzQ0MTA2OTE0MjAsImFjY2Vzc19jb2RlIjoiZXlKaGJHY2lPaUpTVXpJMU5pSXNJblI1Y0NJNklrcFhWQ0o5LmV5SnpkV0lpT2lKSlJFRk5Namd3TnpJd01qSXpNakF5TVRFd0lpd2labTVoYldVaU9pSk5RVTVQU2lCTFZVMUJVaUlzSW5WelpYSnpkR0YwZFhNaU9pSXhJaXdpWlc1MGFYUjViR2x6ZENJNld5Sk1TVU5mUTFWVFZFOU5SVkpmVUU5U1ZFRk1JbDBzSW5KdmJHVnpJanBiSWtSUElsMHNJbWx6Y3lJNklrRlNXQ0lzSW0xdlltbHNaU0k2SWprNU1UZzJPRGcwTVRRaUxDSmhkV1FpT2lKa1pXWmhkV3gwSWl3aWJHNWhiV1VpT2lKTlFVNVBTaUJMVlUxQlVpSXNJblZ6WlhKVWVYQmxJam9pTVNJc0ltVjRjQ0k2TVRjM05EUXpPVFEyT1N3aWFXRjBJam94TnpjME5ERXdOalk1TENKcWRHa2lPaUl3TVRCaFkyRXpOQzFqTkRFd0xUUTRaVFl0T0RFMllpMDJabVU0WmpCa05UWTJOR01pTENKbGJuUnBkSGtpT2lKTVNVTmZRMVZUVkU5TlJWSmZVRTlTVkVGTUlpd2laVzFoYVd3aU9pSnRZVzV2YWk1cmRXMWhjamt3UUd4cFkybHVaR2xoTG1OdmJTSjkuUW5wWlp0UThNMWhIeGIxd2ZKWTdIUDlLdVpsSjM3Wko1d1I0Y2R6MXoycnNaX0xJSF9ZblpsR0tiREd3ZHFadl9nLVBRalFMN3FrbXpndVI3UVZpRXFTVmIwRVFnQk5xSlFnRFdqdEQ1dUVSQU9mUHVuN2VCVVdTZ1I4cTFmd09NdmhuRTk1N2x2RnVIb1dkZzNDQ2YyYU51ODBEVjRnTHJLY3ZyamNrTnNpUmhZNG04SExERGhfRHFGdVRya1lJbmRfdzNjVjJlYUg3TGhMSzU1Uy1hclo0aEg3RF80UXFGYWsyUlBBWjM0NTlJMHdFV3U1cGFiaU43bk55dG00RHQtMVdDZTdGVGFrTFJtbm03NVB0aERmY3pkbEdISFRZSGFjYVFDWTNyd0pjR2d4b0VPczVvcUhRQ3Q3S2hDd3JPOFJxSWRzMUt1UFZkMDdkMWdSbE1nIiwicm9sZXMiOlsiRE8iXSwiY2xpZW50SXAiOm51bGwsImVudGl0bGVtZW50IjpbXX0.-Z0Vofkm60RVVCUtQ2JUkd15uxuyAOr_5YJNlpMmBQB-RSGUTTyIyxPZoSZZ6vsl3inXQCw0lwJ5jpbdZ0kqPw



==== 25/03/2026 09:42:50 - POST-URL ======

https://ebizapp01.licindia.in/BFFService/policy/policyInfo?_dc=1774411970214



==== 25/03/2026 09:42:51 - POST-URL ======

{"confirmationId":null,"status":"200","resultInfoList":null,"count":0,"policy":{"policyNumber":"703333335","planName":"LIC's New Endowment Plan","mode":"1","noOfDues":1,"premium":"1039.00","commenceDate":"2024-04-28","nameOfAssured":"M . Sivanandi","agencyCode":"0090976F ","developmentOfficerCode":"87070","plan":"914","policyTerm":"16","firstUnpaidPremiumDate":"2026-03-28","cdCharge":"0","serviceBranch":"74U ","sumAssured":"170000","policyStatus":"21","dob":"1974-05-24","ageAtEntry":50,"planDetails":{"plan":914,"planType":null,"planDesc":null,"premiumDueDuration":6,"premiumDueDurationType":"M","payPremiumAdvance":30,"payPremiumAdvanceType":"D","gracePeriod":15,"gracePeriodType":"D","serviceTaxRateFirstYr":4.5,"serviceTaxRateNextYrs":2.25,"serviceTaxRateEduCess":0.0,"topUpAllowed":null,"multiplyTopupAmt":null,"topupLimitCriteria":null,"topupNoPayBefMaturity":null,"planCategory":"EN","freeCoverCond":null,"freeCoverFUP":null,"campaignStartDate":"2026-01-01","campaignEndDate":"2026-03-02","percentageofwaiver":30.0,"maxLimitofwaiver":3000.0,"waiversAllowedNum":1,"lateFeeWaiverInd":"Y","discountPercentFirstYr":null,"discountPercentSecondYr":null,"discountPercentThirdYr":null,"discountPercentSubYr":null,"discountFromDate":null,"discountToDate":null,"maxLimitWaiverFstYr":null,"maxLimitWaiverScndYr":null,"maxLimitWaiverThirdYr":null,"maxLimitWaiverSubYr":null,"discountParameter":null,"graceprdExtFlag":null,"graceprdExtFrmDate":null,"graceprdExtToDate":null,"graceprdPrcntWaiver":null,"maxWaiverLimitgraceprd":null,"gstCdCharge":0.0,"gstLateFeeRateFirstYr":18.0,"gstLateFeeRateNextYrs":18.0,"dateOfLaunch":"01/02/2020","beforeLaunch":"N","centralGSTPercentage":50,"discountPeriod":null,"discountPeriodType":null},"eligible":false,"lateFeeRequired":false,"recordId":"S","premiumPayingTerm":16,"policyBenefits":"170000","dueAmount":"1039.00","taxExemption":false,"age":"52","eserviceEligible":false,"policyUlip":false,"dateOfLastPayment":"2040-03-28","dateOfMaturity":"2040-04-28","statusShortDesc":"In Force","nav":"For NAV details please contact your Servicing Branch / Customer Zone","altChannelId":"0 ","riderPolicy":false,"minorChild":false,"accountingBookCode":8,"payedPolicy":false,"advancePayedPolicy":false,"lastAccountDate":"2026-03-23","noBonusYears":0,"bonusInfo":{"totalRevBonus":0,"totalInterimBonus":0,"totalFAB":0,"totalGuaranty":0,"totalLoyalty":0,"totalOneTimeBonus":0.00,"messageCode":null,"calulationSheetHTML":"<table width=100% ><tr class=grey-bg><td>Please Check Data As After Conversion Bonus Year Cannot Be Zero</td></tr></table>","calulationSheetText":"Please Check Data As After Conversion Bonus Year Cannot Be Zero  "},"isSpotRevivalAllowed":false,"discountApplicable":false,"advancePaymetEligible":false,"maturitySumAssured":0,"gstInNumber":"null","transactionAllowed":true,"dateOfShowMaturity":"2040-04-28","panFlag":true,"neftFlag":true,"itPan":"DD******9G","neftStatus":"Y","titleCode":"1","premiumGapFlag":false,"dghPolicyFlag":false,"policyExitStatus":false,"serviceRequestFlag":false,"nriGstFlag":false,"fyEndDate":"2026-03-31"},"person":{"policyNo":703333335,"birthDate":"1974-05-24","fullName":"M . Sivanandi","sex":"M","shortName":"Sivanandi M","age":"50","profileMobileNo":null,"profileEmail":null,"profileUnMaskMobileNo":null,"profileUnMaskEmail":null},"address":{"policyNo":703333335,"address1":"S/O Mayandi,","address2":"2f, Eb Quarters, Lower Camp,","address3":"Uthamapalayam, Gudallur Po, Theni","addressId":1,"pin":625518},"branch":{"branchCode":"74U ","address1":"GRACE COMPLEX,","address2":"NEAR NEW BUS STAND,","address3":"67,SOUTH BYEPASS ROAD,","branchIp":"10.128.42.194","branchName":"LIC of India, Tirunelveli CAB","city":null,"dcCode":"X032","divCode":32,"eaiIndication":"Y","emailId":"BO_74U@LICINDIA.COM","man":null,"odsIndication":"N","pin":null,"state":"Tamil Nadu"},"agent":{"agencyCode":"0090976F ","address1":"D/O.K.Jayaraman,Jai Ganesh Lorry","address2":"Service,T.P.Kadu,Moolapallipatty.Po","address3":"Rasipuram.Tk & Namakkal .Dt.","agentName":"J.Renukadevi","birthDate":"1976-03-10","category":2,"city":null,"disabilityCode":1,"enteredDate":"2026-03-25T00:57:41.000+00:00","itaxPanNo":"ANZPR4228B","occupationCode":12,"pin":637406,"qualificationCode":3,"sex":"F"},"nominees":[{"policyNo":703333335,"nomineeAge":42,"nomineeDob":null,"nomineeId":1,"nomineeName":"S MANIMEGALAI","nomineeRegistrationDate":null,"nomineeRelation":"W","nomineeShare":100,"nomineeStatus":"B"}],"billingInfo":{"policyNumber":"703333335","nameOfAssured":"M . Sivanandi","planName":"LIC's New Endowment Plan","plan":914,"mode":"1","premium":1039,"sumAssured":170000,"status":null,"firstUnpaidPremiumDate":"2026-03-28","nextFup":null,"dueAmount":"1039.00","payedPolicy":false,"noOfDues":1,"eligible":false,"spotRevival":false},"policyContact":{"policyNo":703333335,"dataSource":"B","emailAddress":"null","enteredDate":"2026-03-24T20:00:13.161+00:00","mobileNo":"919688864848","countryCode":null,"telephoneNo":"null","panNo":null},"policyExtra":{"accumTerm":0},"policyAnnuity":null,"userRegistered":"N","assignmentDetails":[],"ulipExtra":{"giveCashAmount":0},"bonusErrorMessage":null,"qpayPolicy":{"policyNumber":"703333335","dob":"24/05/1974","emailId":null,"mobileNo":"9688864848","premium":"1039","key":"054399"}}



==== 25/03/2026 09:43:03 - GET-URL ======

https://mk-channel.licindia.in/Landing/



==== 26/03/2026 11:00:39 - OSTATTUS-RESPONSE-TOKEN ======

IFIRxZYVYAR4lJHPalh0AJJBaUjiCOiImyA/ymOgGa/DF7OKnbOiwOFXfLT6faBDZOdhazw/u9FlbqhClRiwTPQ/XbdFkoqUtzB5l0PSP7lj8586Ag/z6qhVt2PkvIhLfxajK1stYg6sz1uAXZvF8tkKRvby6aN0cVrdF8b3pS0uTvYYLnoyWG8Vy5hoiK3qYfCwbBllul8+MSJebIJwd/Cz1kGWGQcqEK2AwkOy3K2ifMFpOENP1Z2jPr7SDJ7aMmYJ985F1t89UmAimVpeR0e+h4FYMV62AITQBdI43POM3ABRIcFQXvRsP/RB7Z1y7aeaYAeyQ0EutiwG9rcRykEPtedB26zAkzAYcICNtE2hqSpiyVHHneNMspK8JwzNIMm9zeokRoCDIq7P40plKgyEiLczmMLnE71qg45JsPx5tYJyZQuSCye+lBuiPPPQSnErH91Kyz39+rnbtOKtcXsq7wthuTlj+ZhGAtmeDU2SXxJlxBOFTT36GCWuBSjoiUSaBw8eo3hZ7uU4G3K4GB3tDgAeE/JZm1DETVXaLtCUSVoWCfzCwG+SeaKSFT4YloTUla/skp+EmVGhlQmkDSR8n32med1XVgt07xCMbh8nojY7iKTPgWMCzeVbLda8GZs0lxEqQSxs0bCEoqqimglETHi+yi56YKoXDrT4zytBrdhjU49CdT9J3J8h1Vjl0nrF81meEtbvGkaeeSCOUnmplUt4Bo/TKl2GBOV/2A6LZ94wEo7zIQahfkTBX+ek6Jx1nglddWalr0ywHQcl7kom2p5cuVC1bZajB2YS3ssJerImHn+xzAjbwkl6logJEdc0Swh2FZmyEamRSw4I3hP4KkciQTd/PdsjWasV/lj/rLSHvQL0TtCSBTOR1++4DjC4/2iLA3TtoJXcZ0+ihGP16CcGSHhuNrxjxoN7T4p6vm4bJRUGGYXbXUX2+BQgn6aT8LPIV5LRy4Nv40AoSUZxpY0dh0/lDltEXGkbfhyE5oLbaBeM6jGtQWNg/ihbvighsDuH24DflRnIV27ny86ljsDeXFCGwlYskcPq1wi/0/2mt/Hg7KPhr+OvpgCtJcLhzNCgTKKGeTiUaoBXZ2qOfQ3nvDvyDEwyLwc9HQnQunWsv/7qtAH8GFoHfj2YNQe24iSEXLtmAeur8Qk0+HEZ1U38M+LQsz66flniPQfzYY/tNWXyQEg8GVqViLeu57ODhfhuyzLXcCoOxc/T/HcaR++zBaJaUFekfrIbjR1si4YkFDwmxJq5gZEYPRsBESXqqs7sfnD5XdKspcYmYg9y2QNTPL+phXErDPpQeGQNIrkjpD8dZ6aB+zZbiK9NDydK/uewMnUpB/HPQpK+kq/YtzxZ0U2lX1bhfZsN1aAM+rCcm7schm900lNbhOeYODz0gPqi3cUNM72PZ0sVdSCvsMryqqyHYWF4RjDjk7ASkylwEESWllYUhrjziMZeFIyqaApZBPbGMzFOFzCzTi78jXHvqiBfDsBp7OTzMzy+2rNuyHcgqlvjk0ndN5hjoLK4IoDIjWrs+M79RPniAYwjQtRF9p53nS+voc4zaRmUqxjbARVq0G4ha2owYTrk+nVGZ/TIeMQBEWBVgMlUqjRFXDxzvt6Csl4FcBKIeUDDlwWdCFS/zwjbnpf2S9nDV+ASclM5xqkg+IpyzHIxmkvsy452hA3CFyvwMMal2uD4cWqrPmKNXWeaL6jkRfReUMQBHEG6Vz5Z6TPCQnhGjuoStaPpONB4k9FohsYmUt6YGydqd2bqu0/3mMy1ZQnKhAjqTmJol+fEcPo1oOyPsiTEVTa3pBUbRdPehQJlACuTPpBPj2/5hQ0OXwWTmcbA0h5R8jtgOEZUeKuVMgvcYiVVCfBotoIYKtD8fzKrcn8o5vGhKLr4m44xLNKFxV5XQSPCFw==



==== 26/03/2026 11:00:39 - OSTATTUS-RESPONSE-TOKEN ======

eyJhbGciOiJIUzUxMiJ9.eyJzdWIiOiJJREFNMjcwNzIwMjIzMTg2ODY1IiwiYWdlbmN5X2NvZGUiOm51bGwsImNyZWF0ZWQiOjE3NzQ1MDI5Nzk0NTIsImFjY2Vzc19jb2RlIjoiZXlKaGJHY2lPaUpTVXpJMU5pSXNJblI1Y0NJNklrcFhWQ0o5LmV5SnpkV0lpT2lKSlJFRk5NamN3TnpJd01qSXpNVGcyT0RZMUlpd2labTVoYldVaU9pSlRUMDVWSUZOSlRrZElJaXdpZFhObGNuTjBZWFIxY3lJNklqRWlMQ0psYm5ScGRIbHNhWE4wSWpwYklreEpRMTlEVlZOVVQwMUZVbDlRVDFKVVFVd2lYU3dpY205c1pYTWlPbHNpUkU4aVhTd2lhWE56SWpvaVFWSllJaXdpYlc5aWFXeGxJam9pT1RjeE9UazJPVGt5TUNJc0ltRjFaQ0k2SW1SbFptRjFiSFFpTENKc2JtRnRaU0k2SWxOUFRsVWdVMGxPUjBnaUxDSjFjMlZ5Vkhsd1pTSTZJakVpTENKbGVIQWlPakUzTnpRMU16RTNOallzSW1saGRDSTZNVGMzTkRVd01qazJOaXdpYW5ScElqb2lPR0kzTmpaaE9Ua3RaV1ZoWmkwME5UY3hMVGxoTVdZdE16STRObVZrWlRZMU9ERm1JaXdpWlc1MGFYUjVJam9pVEVsRFgwTlZVMVJQVFVWU1gxQlBVbFJCVENJc0ltVnRZV2xzSWpvaWMxOXphVzVuYURjeFFHeHBZMmx1WkdsaExtTnZiU0o5LkhGYWsyTVh3X05SWG85cS12cXdaZXpCdWZPLUk5cE96blYwcXFXN2M5Yl9iS2hhY3NHa1IwcXhsUkt6d3RGTnlGU1BneXBWdEVzaUhIRS1MZUdNQmZzeXlNaXFaa1BpRzNrcG0yMXhnblk0T2gxZ3N5WW1MUmpEYTRtdWFyQ0FVUUtlc0hTc2JLdFJKdWhmd19JQXRFcDlzZHZTOXhkVU0wb1pvbllfLVdNdEREZlA0aDl1V1Y5cGFCWkxKVzRxVGxHUF95MnJjbEJoTFk4d0l5ZmYyTU5zUUVuMVY2TnppbndkRV82ZHd5QjRQNTZ6YWw4MVl3MEkyVmdMRUs1WnpRUmlKN2tMdFd3amNSd3NmOUVoTEZDV2VoWXFqYzJ2YWIybHhXRmsyMUd6VWxZQ1M0bTVndFVrYUJXUkE0UEZ1UGY2QnM3aV9lXzMzSXYwQUtYVzVzdyIsInJvbGVzIjpbIkRPIl0sImNsaWVudElwIjpudWxsLCJlbnRpdGxlbWVudCI6W119.-oQi0bQajpl85RpXt31zie50yy24SelHY3Ze9NIoitGubVWoOaZAOoNep_BQ1ngyWN1D70oTFF6an3uzfwQoIA



==== 26/03/2026 11:00:39 - POST-URL ======

https://ebizapp01.licindia.in/BFFService/policy/policyInfo?_dc=1774503039333



==== 26/03/2026 11:00:41 - POST-URL ======

{"confirmationId":null,"status":"200","resultInfoList":null,"count":0,"policy":{"policyNumber":"706214882","relationType":"Spouse","planName":"Jeevan Anand","mode":"12","noOfDues":1,"premium":"106810.00","commenceDate":"2013-03-28","nameOfAssured":"A.Sharmila","agencyCode":"0090976F ","developmentOfficerCode":"9999999","plan":"149","policyTerm":"64","firstUnpaidPremiumDate":"2025-03-28","cdCharge":"0","serviceBranch":"76F ","sumAssured":"2000000","policyStatus":"31","dob":"1977-05-11","ageAtEntry":36,"planDetails":{"plan":149,"planType":null,"planDesc":null,"premiumDueDuration":6,"premiumDueDurationType":"M","payPremiumAdvance":30,"payPremiumAdvanceType":"D","gracePeriod":1,"gracePeriodType":"M","serviceTaxRateFirstYr":4.5,"serviceTaxRateNextYrs":2.25,"serviceTaxRateEduCess":null,"topUpAllowed":null,"multiplyTopupAmt":null,"topupLimitCriteria":null,"topupNoPayBefMaturity":null,"planCategory":"ENP","freeCoverCond":null,"freeCoverFUP":null,"campaignStartDate":"2026-01-01","campaignEndDate":"2026-03-02","percentageofwaiver":30.0,"maxLimitofwaiver":3000.0,"waiversAllowedNum":1,"lateFeeWaiverInd":"Y","discountPercentFirstYr":3.0,"discountPercentSecondYr":2.0,"discountPercentThirdYr":1.0,"discountPercentSubYr":2.0,"discountFromDate":"2017-07-05","discountToDate":"2017-07-06","maxLimitWaiverFstYr":5.0,"maxLimitWaiverScndYr":4.0,"maxLimitWaiverThirdYr":3.0,"maxLimitWaiverSubYr":2.0,"discountParameter":null,"graceprdExtFlag":null,"graceprdExtFrmDate":null,"graceprdExtToDate":null,"graceprdPrcntWaiver":null,"maxWaiverLimitgraceprd":null,"gstCdCharge":0.0,"gstLateFeeRateFirstYr":18.0,"gstLateFeeRateNextYrs":18.0,"dateOfLaunch":"02/01/2002","beforeLaunch":"Y","centralGSTPercentage":50,"discountPeriod":null,"discountPeriodType":null},"eligible":false,"lateFeeRequired":false,"recordId":"O","premiumPayingTerm":21,"policyBenefits":"2000000","dueAmount":"106810.00","taxExemption":false,"age":"49","eserviceEligible":false,"policyUlip":false,"dateOfLastPayment":"2033-03-28","dateOfMaturity":"2077-03-28","statusShortDesc":"Reduced Paid-up","nav":"For NAV details please contact your Servicing Branch / Customer Zone","altChannelId":"0 ","riderPolicy":false,"minorChild":false,"accountingBookCode":1,"payedPolicy":false,"advancePayedPolicy":false,"lastAccountDate":"2025-03-27","noBonusYears":0,"bonusInfo":{"totalRevBonus":1142000,"totalInterimBonus":0,"totalFAB":0,"totalGuaranty":0,"totalLoyalty":0,"totalOneTimeBonus":0.00,"messageCode":null,"calulationSheetHTML":"<table border=1><tr class=grey-bg><td>From</td><td>Upto</td><td>Year</td><td>Type</td><td>Factor</td><td>Rate</td><td>Bonus </td></tr><tr class=grey-bg><td>2013-03-28</td><td>2014-03-28</td><td>2013</td><td>V</td><td>1.0</td><td>48.00</td><td>96000.00</td></tr><tr class=grey-bg><td>2014-03-28</td><td>2015-03-28</td><td>2014</td><td>V</td><td>1.0</td><td>48.00</td><td>96000.00</td></tr><tr class=grey-bg><td>2015-03-28</td><td>2016-03-28</td><td>2015</td><td>V</td><td>1.0</td><td>49.00</td><td>98000.00</td></tr><tr class=grey-bg><td>2016-03-28</td><td>2017-03-28</td><td>2016</td><td>V</td><td>1.0</td><td>54.00</td><td>98000.00</td></tr><tr class=grey-bg><td>2016-03-28</td><td>2017-03-28</td><td>2016</td><td>O</td><td>1.0</td><td>5.00</td><td>10000.00</td></tr><tr class=grey-bg><td>2017-03-28</td><td>2018-03-28</td><td>2017</td><td>V</td><td>1.0</td><td>49.00</td><td>98000.00</td></tr><tr class=grey-bg><td>2018-03-28</td><td>2019-03-28</td><td>2018</td><td>V</td><td>1.0</td><td>49.00</td><td>98000.00</td></tr><tr class=grey-bg><td>2019-03-28</td><td>2020-03-28</td><td>2019</td><td>V</td><td>1.0</td><td>49.00</td><td>98000.00</td></tr><tr class=grey-bg><td>2020-03-28</td><td>2021-03-28</td><td>2020</td><td>V</td><td>1.0</td><td>45.00</td><td>90000.00</td></tr><tr class=grey-bg><td>2021-03-28</td><td>2022-03-28</td><td>2021</td><td>V</td><td>1.0</td><td>45.00</td><td>90000.00</td></tr><tr class=grey-bg><td>2022-03-28</td><td>2023-03-28</td><td>2022</td><td>V</td><td>1.0</td><td>45.00</td><td>90000.00</td></tr><tr class=grey-bg><td>2023-03-28</td><td>2024-03-28</td><td>2023</td><td>V</td><td>1.0</td><td>45.00</td><td>90000.00</td></tr><tr class=grey-bg><td>2024-03-28</td><td>2025-03-28</td><td>2024</td><td>V</td><td>1.0</td><td>45.00</td><td>90000.00</td></tr><tr class=grey-bg><td colspan=7>Total Rev Bonus : 1142000.00   Total Interim Bonus : 0.00</td></tr></table> ","calulationSheetText":"From        Upto        Year Type Factor  Rate     Bonus \r\n2013-03-28  2014-03-28  2013  V     1.0   48.00    96000.00\r\n2014-03-28  2015-03-28  2014  V     1.0   48.00    96000.00\r\n2015-03-28  2016-03-28  2015  V     1.0   49.00    98000.00\r\n2016-03-28  2017-03-28  2016  V     1.0   54.00    98000.00\r\n2016-03-28  2017-03-28  2016  O     1.0   5.00    10000.00\r\n2017-03-28  2018-03-28  2017  V     1.0   49.00    98000.00\r\n2018-03-28  2019-03-28  2018  V     1.0   49.00    98000.00\r\n2019-03-28  2020-03-28  2019  V     1.0   49.00    98000.00\r\n2020-03-28  2021-03-28  2020  V     1.0   45.00    90000.00\r\n2021-03-28  2022-03-28  2021  V     1.0   45.00    90000.00\r\n2022-03-28  2023-03-28  2022  V     1.0   45.00    90000.00\r\n2023-03-28  2024-03-28  2023  V     1.0   45.00    90000.00\r\n2024-03-28  2025-03-28  2024  V     1.0   45.00    90000.00\r\n   Total Rev Bonus : 1142000.00   Total Interim Bonus : 0.00\r\n "},"isSpotRevivalAllowed":true,"discountApplicable":false,"advancePaymetEligible":false,"maturitySumAssured":0,"gstInNumber":"null","transactionAllowed":true,"dateOfShowMaturity":"2077-03-28","panFlag":true,"neftFlag":true,"itPan":"AV******7B","neftStatus":"Y","titleCode":"1","premiumGapFlag":false,"dghPolicyFlag":false,"policyExitStatus":false,"serviceRequestFlag":false,"nriGstFlag":false,"fyEndDate":"2026-03-31"},"person":{"policyNo":706214882,"birthDate":"1977-05-11","fullName":"A.Sharmila","sex":"F","shortName":"Sharmila A","age":"36","profileMobileNo":null,"profileEmail":null,"profileUnMaskMobileNo":null,"profileUnMaskEmail":null},"address":{"policyNo":706214882,"address1":"W/O P.Arulmurugan","address2":"D.No.56/73,Teacher S Colony","address3":"S.S.Salai,Rasipuram","addressId":1,"pin":637409},"branch":{"branchCode":"76F ","address1":"LIC OF INDIA - 76F","address2":"NAMAKKAL ROAD","address3":"RASIPURAM","branchIp":"10.128.42.194","branchName":"LIC of India, Rasipuram Br Office","city":null,"dcCode":"X070","divCode":70,"eaiIndication":"Y","emailId":"BO_76F@LICINDIA.COM","man":null,"odsIndication":"N","pin":null,"state":"null"},"agent":{"agencyCode":"0090976F ","address1":"D/O.K.Jayaraman,Jai Ganesh Lorry","address2":"Service,T.P.Kadu,Moolapallipatty.Po","address3":"Rasipuram.Tk & Namakkal .Dt.","agentName":"J.Renukadevi","birthDate":"1976-03-10","category":2,"city":null,"disabilityCode":1,"enteredDate":"2026-03-26T01:05:46.000+00:00","itaxPanNo":"ANZPR4228B","occupationCode":12,"pin":637406,"qualificationCode":3,"sex":"F"},"nominees":[{"policyNo":706214882,"nomineeAge":40,"nomineeDob":null,"nomineeId":1,"nomineeName":"P ARULMURUGAN","nomineeRegistrationDate":null,"nomineeRelation":"H","nomineeShare":100,"nomineeStatus":"B"}],"billingInfo":{"policyNumber":"706214882","nameOfAssured":"A.Sharmila","planName":"Jeevan Anand","plan":149,"mode":"12","premium":106810,"sumAssured":2000000,"status":null,"firstUnpaidPremiumDate":"2025-03-28","nextFup":null,"dueAmount":"106810.00","payedPolicy":false,"noOfDues":1,"eligible":false,"spotRevival":true},"policyContact":{"policyNo":706214882,"dataSource":"P","emailAddress":"dpparul1973@gmail.com","enteredDate":"2024-03-27T20:00:02.289+00:00","mobileNo":"919443741905","countryCode":null,"telephoneNo":"null","panNo":null},"policyExtra":{"accumTerm":0},"policyAnnuity":null,"userRegistered":"Y","assignmentDetails":[],"ulipExtra":{"giveCashAmount":null},"bonusErrorMessage":null,"qpayPolicy":{"policyNumber":"706214882","dob":"11/05/1977","emailId":"dpparul1973@gmail.com","mobileNo":"9443741905","premium":"106810","key":"533887"}}



==== 26/03/2026 11:00:51 - GET-URL ======

https://mk-channel.licindia.in/Landing/



==== 26/03/2026 20:27:16 - OSTATTUS-RESPONSE-TOKEN ======

p8NJaxZNG2uOLWRmIA08OJPtr5eJ9ZYsXSsI0DaaoY+RKUlQYByqAeoZQM8OzNJgiA1FQLXjdP3uASGeAbqrvF0gmjAx4+hP58cM5Os0KarZ2xJ+51FhQGinE+OTNuz+CG2trIkO5ANM2sDxIOpc3GqVcw5WrKnhaOTOhTv3F+XyCAjhtB/snVZuYg9gyLlo6LyLj4StSkQNKfiEH7J+/dXc72tC6F3KQlTYr6iUf+dQcHbXoiFKReZ+P/fJeu85B9nSldoXxrK7tZiBFLQw/P4tBQPYCTapHdKkrY3FxnjZN+3CGto9ddu8/6LLnrb3R4GZT72dZy8B1L8Tk3xojyebKU759L8WKZWNuCpCYtqTLEcmsd4ewuBFGPXQNDIM/2g0h2UUw+Hw9JbYAl95oLTTb6NT6Qp3I7fTiy8t791CTDyvC3CcjLvNc6vKCzTqq1TqeXNilSFeswBfHNq0X74rUk/V46u5UcjkrJfgaKPw8VYTGDuPOZseDZ7SJAfaJYV1CXBGIZ5RTalEh5Whrskp/TdLYTzKNo6U6MWYLfsnGnSxFpUY+Sbd0YQpJj1xQvS/6ULpzxjDUBX5k1jYnmyNl1ORBiTC0hcK05OYOyd1u47s9tYELAb6kf6kFAo2sI+C4s1MUY+hP89CnjGtvmtdFLCOK2IIUscQ8DQHtm9c4Gn1q1ygbLWkejeEfdpBPDNyC3wm/wqcWCB3Z1LY0velsdsaTvTOGvqqFg0Ebzg7RoLenLvHCEKDWevu/YclO2PQ4MnG0NXjYH8JbBG81P3X+svSs5RBSrixdGwnoCr+oB4MHXIjXdj3g0iEygDtclSmxsu4fVJfKRNnlNnmBpuhKnHSWGisSpaUOFcMTVTer1BSOd+ELSfoMUOnakvrwHptrQzmujC/O076DK7GCSNXTi/urrOLSaj/HPE8PSDUQFrO708KVR58J3HQRAdpx+13ct0AmJgAIYHCAsFleu1Gt2gN6IusNXBZYO/G8w3aV7HdBApvxTgwar/aLvPffa14e7jlvFj8crw9Wio3piQtM0lH5LNbI5te6zdUtRs+SrlxZ4c2iZXMQ3+d+AD/wyJfA+R6hjSukYIWAcM28I0UaR05k8JczKCTb3UdRLPuPiOytNlXU4unwTPuzBI1o9uuefOzscA7C0H5MC11fqj7j+rhXuaeI+DtUGUko+8GsT3mxygr4GLHXUMyjniXKiLLm8ix/MQagYhOwXsJ3W52gixmoDFBsb0hOjyTtXgq2YEe8p0M85xslgEvX57zFKeX2iI6FmXQsklVrfrX6R/YZjOV45PnFV8FV+wHhIpCyF4hkoS88g7YsgEanOmpu7CPfQ+cbBMHcre6jgNo4sQ10sWJPpAzk9N8APBaqmoO/jYaLYWBVDkBJu7Xq/bh3az/NS35IqgrEzxehWJDt0cOPWMIFX5W6ALxeR0Tk1Q5OA/6rO9IkClEH8enh0monYecgqiuqFyBl2ZMeM4ayqjINZo71isRoHMb0qPnc6pxuBbesF4UyZZJVQwOZ5eo9cBJ6QZbd7OtFmdbpTP0LIXnDcNGVkGD0eI/wVKtxLW18BmYDr9I6vEhKwsiAoAMHe9BOowWUdBGCj1fRvStdxgqnblrcCcrz/R1mmfU2byRPl6Xwc8+bU0N7nEB8GQUkrOS5uYZE8pa5RDoZq+IQM0Ge7Uh8/T/AchBaOyTnkT1D2LRT4MTrxrwhM+Nh4kJPVcsmdYe+SC0M1Vx/UYO4xeUOzHFvCt3yzfWtnNZ52ySIhDl9ypxLX7VCQvdHBwSfMVTNgu/16knWxygNc1Npt05MexhU02DGz5CBr5Aqy9pCyWXnw4PU20w0++rv85AZ/xT3QD1r6ieAHBbN8eQ2VeeySwhDbriKVUkPwa7lC2rTh6iclW+jrr52oLSi1IO7CAEDBS8ZPmRsnnjUtiTexOkHdNAe+zMQ2A=



==== 26/03/2026 20:27:16 - OSTATTUS-RESPONSE-TOKEN ======

eyJhbGciOiJIUzUxMiJ9.eyJzdWIiOiJJREFNMjYwNzIwMjIzMTgwODk1IiwiYWdlbmN5X2NvZGUiOm51bGwsImNyZWF0ZWQiOjE3NzQ1MzU1MzIwMzIsImFjY2Vzc19jb2RlIjoiZXlKaGJHY2lPaUpTVXpJMU5pSXNJblI1Y0NJNklrcFhWQ0o5LmV5SnpkV0lpT2lKSlJFRk5Nall3TnpJd01qSXpNVGd3T0RrMUlpd2labTVoYldVaU9pSklSVVZTUVNCTVFVd2dWRUZKVEU5U0lpd2lkWE5sY25OMFlYUjFjeUk2SWpFaUxDSmxiblJwZEhsc2FYTjBJanBiSWt4SlExOURWVk5VVDAxRlVsOVFUMUpVUVV3aVhTd2ljbTlzWlhNaU9sc2lSRThpWFN3aWFYTnpJam9pUVZKWUlpd2liVzlpYVd4bElqb2lPVGsxTURBME1URTBOU0lzSW1GMVpDSTZJbVJsWm1GMWJIUWlMQ0pzYm1GdFpTSTZJa2hGUlZKQklFeEJUQ0JVUVVsTVQxSWlMQ0oxYzJWeVZIbHdaU0k2SWpFaUxDSmxlSEFpT2pFM056UTFOalF6TWpZc0ltbGhkQ0k2TVRjM05EVXpOVFV5Tml3aWFuUnBJam9pWlRJMk5HUTNabVl0WkdFek5DMDBNekppTFRobE1Ua3RNbUprTWpCbE5qZ3laRGt6SWl3aVpXNTBhWFI1SWpvaVRFbERYME5WVTFSUFRVVlNYMUJQVWxSQlRDSXNJbVZ0WVdsc0lqb2lhR3d1ZEdGcGJHOXlRR3hwWTJsdVpHbGhMbU52YlNKOS5pTklCS0cxYXVXQ2syMzRqUXNuTzFPTTIydmNESnVDdmV2SS12anpaWHhYTlJONjlHY2EwS2NnOE1OSktaczhiam94TlN4MjhKTnhGdnV2MkVKT2RCZXJKOHkwaFBhMHB5VHNVWTJuWGoyNkFpN2xQaW5VNm1NcUV2enhFaVJWOTVPVG1wSERoTDd3aVluYkxLSGk4dDFxeWtHazJjdkhQaXZVVlNEby1RLVJVdUwzNmxsOV9SWFQ1bU1ILUxHZTBSY3FtM3FoRHB2alU1dG01YTVKNTBEZ1kwNFlKNE9BMFJhYy1xeTF5cXoycVZFVXBJWktCXzRGMjdXM09DeXUzeFBNUTc5aGRRTnQ5Rk1aR2Z0ZWs3T2dTSmlBdGFQejU5QmZVSWVxalVTUy1CYjB1X2NMSk5Zem90VnoyVU8wdlFuTUxYQlNJU185dEwydnA1ZUZDNVEiLCJyb2xlcyI6WyJETyJdLCJjbGllbnRJcCI6bnVsbCwiZW50aXRsZW1lbnQiOltdfQ.IN4WSlLoPqJgM7HfsyKJNj6pUghl9lis2skl_8n_Kwcl48Ra-CdR3LLLkWf8RTAoWr3pxZvPDessLC92xoUtrQ



==== 26/03/2026 20:27:16 - POST-URL ======

https://ebizapp01.licindia.in/BFFService/policy/policyInfo?_dc=1774537036225



==== 26/03/2026 20:27:18 - POST-URL ======

{"confirmationId":null,"status":"200","resultInfoList":null,"count":0,"policy":{"policyNumber":"308662424","planName":"LIC's Aadhaar Shila Plan","mode":"3","noOfDues":1,"premium":"1335.00","commenceDate":"2020-07-17","nameOfAssured":"K Parvathy","agencyCode":"0090976F ","developmentOfficerCode":"315076","plan":"944","policyTerm":"16","firstUnpaidPremiumDate":"2026-01-17","cdCharge":"0","serviceBranch":"76F ","sumAssured":"100000","policyStatus":"21","dob":"1975-04-19","ageAtEntry":45,"planDetails":{"plan":944,"planType":null,"planDesc":null,"premiumDueDuration":6,"premiumDueDurationType":"M","payPremiumAdvance":30,"payPremiumAdvanceType":"D","gracePeriod":30,"gracePeriodType":"D","serviceTaxRateFirstYr":4.5,"serviceTaxRateNextYrs":2.25,"serviceTaxRateEduCess":null,"topUpAllowed":null,"multiplyTopupAmt":null,"topupLimitCriteria":null,"topupNoPayBefMaturity":null,"planCategory":null,"freeCoverCond":null,"freeCoverFUP":null,"campaignStartDate":"2026-01-01","campaignEndDate":"2026-03-02","percentageofwaiver":30.0,"maxLimitofwaiver":3000.0,"waiversAllowedNum":1,"lateFeeWaiverInd":"Y","discountPercentFirstYr":null,"discountPercentSecondYr":null,"discountPercentThirdYr":null,"discountPercentSubYr":null,"discountFromDate":null,"discountToDate":null,"maxLimitWaiverFstYr":null,"maxLimitWaiverScndYr":null,"maxLimitWaiverThirdYr":null,"maxLimitWaiverSubYr":null,"discountParameter":null,"graceprdExtFlag":null,"graceprdExtFrmDate":null,"graceprdExtToDate":null,"graceprdPrcntWaiver":null,"maxWaiverLimitgraceprd":null,"gstCdCharge":0.0,"gstLateFeeRateFirstYr":18.0,"gstLateFeeRateNextYrs":18.0,"dateOfLaunch":"01/02/2020","beforeLaunch":"N","centralGSTPercentage":50,"discountPeriod":null,"discountPeriodType":null},"eligible":true,"lateFeeRequired":false,"recordId":"O","premiumPayingTerm":16,"policyBenefits":"100000","dueAmount":"1335.00","taxExemption":false,"age":"51","eserviceEligible":false,"policyUlip":false,"dateOfLastPayment":"2036-04-17","dateOfMaturity":"2036-07-17","statusShortDesc":"In Force","nav":"For NAV details please contact your Servicing Branch / Customer Zone","altChannelId":"0 ","riderPolicy":false,"minorChild":false,"accountingBookCode":1,"payedPolicy":false,"advancePayedPolicy":false,"lastAccountDate":"2025-10-15","noBonusYears":99,"bonusInfo":{"totalRevBonus":0,"totalInterimBonus":0,"totalFAB":0,"totalGuaranty":0,"totalLoyalty":500,"totalOneTimeBonus":0.00,"messageCode":null,"calulationSheetHTML":"<tr class=grey-bg><td> Valuation Year   </td><td> 2025</td></tr><tr class=grey-bg><td> Sum Assured      </td><td> 100000</td></tr><tr class=grey-bg><td> Term             </td><td> 5</td></tr><tr class=grey-bg><td> Rate             </td><td> 5</td></tr><tr class=grey-bg><td> Loyalty Addition </td><td> 500</td></tr><tr class=grey-bg><td> ---------------------------------------------</td></tr><tr class=grey-bg><td>\r\n ----------------------\r\n</td></tr></table>","calulationSheetText":" Valuation Year   : 2025\r\n Sum Assured      : 100000\r\n Term             : 5\r\n Rate             : 5\r\n Loyalty Addition : 500\r\n---------------------------------------------\r\n\r\n ----------------------\r\n"},"isSpotRevivalAllowed":false,"discountApplicable":false,"advancePaymetEligible":false,"maturitySumAssured":0,"gstInNumber":"null","transactionAllowed":true,"dateOfShowMaturity":"2036-07-17","panFlag":false,"neftFlag":false,"itPan":"","neftStatus":"N","titleCode":"A","premiumGapFlag":false,"dghPolicyFlag":false,"policyExitStatus":false,"serviceRequestFlag":false,"nriGstFlag":false,"fyEndDate":"2026-03-31"},"person":{"policyNo":308662424,"birthDate":"1975-04-19","fullName":"K Parvathy","sex":"F","shortName":"Parvathy K","age":"45","profileMobileNo":null,"profileEmail":null,"profileUnMaskMobileNo":null,"profileUnMaskEmail":null},"address":{"policyNo":308662424,"address1":"W/O Kannan, No.14,","address2":"Nandhavanam St., Varathan St.","address3":"Rasipuram, Namakkal Dt.","addressId":1,"pin":637408},"branch":{"branchCode":"76F ","address1":"LIC OF INDIA - 76F","address2":"NAMAKKAL ROAD","address3":"RASIPURAM","branchIp":"10.128.42.194","branchName":"LIC of India, Rasipuram Br Office","city":null,"dcCode":"X070","divCode":70,"eaiIndication":"Y","emailId":"BO_76F@LICINDIA.COM","man":null,"odsIndication":"N","pin":null,"state":"null"},"agent":{"agencyCode":"0090976F ","address1":"D/O.K.Jayaraman,Jai Ganesh Lorry","address2":"Service,T.P.Kadu,Moolapallipatty.Po","address3":"Rasipuram.Tk & Namakkal .Dt.","agentName":"J.Renukadevi","birthDate":"1976-03-10","category":2,"city":null,"disabilityCode":1,"enteredDate":"2026-03-26T01:05:46.000+00:00","itaxPanNo":"ANZPR4228B","occupationCode":12,"pin":637406,"qualificationCode":3,"sex":"F"},"nominees":[{"policyNo":308662424,"nomineeAge":25,"nomineeDob":null,"nomineeId":1,"nomineeName":"K Sivasakthi","nomineeRegistrationDate":null,"nomineeRelation":"S","nomineeShare":0,"nomineeStatus":"B"},{"policyNo":308662424,"nomineeAge":23,"nomineeDob":null,"nomineeId":2,"nomineeName":"K  Muthukumar","nomineeRegistrationDate":null,"nomineeRelation":"S","nomineeShare":0,"nomineeStatus":"B"}],"billingInfo":{"policyNumber":"308662424","nameOfAssured":"K Parvathy","planName":"LIC's Aadhaar Shila Plan","plan":944,"mode":"3","premium":1335,"sumAssured":100000,"status":null,"firstUnpaidPremiumDate":"2026-01-17","nextFup":null,"dueAmount":"1335.00","payedPolicy":false,"noOfDues":1,"eligible":true,"spotRevival":false},"policyContact":{"policyNo":308662424,"dataSource":"B","emailAddress":"null","enteredDate":"2025-10-16T20:00:14.010+00:00","mobileNo":"919942275713","countryCode":null,"telephoneNo":"null","panNo":null},"policyExtra":{"accumTerm":0},"policyAnnuity":null,"userRegistered":"N","assignmentDetails":[],"ulipExtra":{"giveCashAmount":0},"bonusErrorMessage":null,"qpayPolicy":{"policyNumber":"308662424","dob":"19/04/1975","emailId":null,"mobileNo":"9942275713","premium":"1335","key":"289727"}}



==== 26/03/2026 20:27:25 - GET-URL ======

https://mk-channel.licindia.in/Landing/



==== 27/03/2026 13:32:17 - S3 Cloud Backup Upload Error (2) ======

Connection failure   at Xamarin.Android.Net.AndroidMessageHandler.<>c__DisplayClass137_0.<ConnectAsync>b__0()
   at System.Threading.Tasks.Task.InnerInvoke()
   at System.Threading.Tasks.Task.<>c.<.cctor>b__292_0(Object obj)
   at System.Threading.ExecutionContext.RunFromThreadPoolDispatchLoop(Thread , ExecutionContext , ContextCallback , Object )
--- End of stack trace from previous location ---
   at System.Threading.ExecutionContext.RunFromThreadPoolDispatchLoop(Thread , ExecutionContext , ContextCallback , Object )
   at System.Threading.Tasks.Task.ExecuteWithThreadLocal(Task& , Thread )
--- End of stack trace from previous location ---
   at Xamarin.Android.Net.AndroidMessageHandler.DoProcessRequest(HttpRequestMessage , URL , HttpURLConnection , CancellationToken , RequestRedirectionState )
   at Xamarin.Android.Net.AndroidMessageHandler.DoSendAsync(HttpRequestMessage , CancellationToken )
   at System.Net.Http.HttpClient.<SendAsync>g__Core|83_0(HttpRequestMessage , HttpCompletionOption , CancellationTokenSource , Boolean , CancellationTokenSource , CancellationToken )
   at Amazon.Runtime.HttpWebRequestMessage.GetResponseAsync(CancellationToken cancellationToken)
   at Amazon.Runtime.Internal.HttpHandler`1.<InvokeAsync>d__9`1[[System.Net.Http.HttpContent, System.Net.Http, Version=9.0.0.0, Culture=neutral, PublicKeyToken=b03f5f7f11d50a3a],[Amazon.S3.Model.PutObjectResponse, AWSSDK.S3, Version=3.3.0.0, Culture=neutral, PublicKeyToken=885c28607f98e604]].MoveNext()
   at Amazon.Runtime.Internal.RedirectHandler.<InvokeAsync>d__1`1[[Amazon.S3.Model.PutObjectResponse, AWSSDK.S3, Version=3.3.0.0, Culture=neutral, PublicKeyToken=885c28607f98e604]].MoveNext()
   at Amazon.Runtime.Internal.Unmarshaller.<InvokeAsync>d__3`1[[Amazon.S3.Model.PutObjectResponse, AWSSDK.S3, Version=3.3.0.0, Culture=neutral, PublicKeyToken=885c28607f98e604]].MoveNext()
   at Amazon.S3.Internal.AmazonS3ResponseHandler.<InvokeAsync>d__1`1[[Amazon.S3.Model.PutObjectResponse, AWSSDK.S3, Version=3.3.0.0, Culture=neutral, PublicKeyToken=885c28607f98e604]].MoveNext()
   at Amazon.Runtime.Internal.ErrorHandler.<InvokeAsync>d__5`1[[Amazon.S3.Model.PutObjectResponse, AWSSDK.S3, Version=3.3.0.0, Culture=neutral, PublicKeyToken=885c28607f98e604]].MoveNext()
   at Amazon.Runtime.Internal.ErrorHandler.<InvokeAsync>d__5`1[[Amazon.S3.Model.PutObjectResponse, AWSSDK.S3, Version=3.3.0.0, Culture=neutral, PublicKeyToken=885c28607f98e604]].MoveNext()
   at Amazon.Runtime.Internal.CallbackHandler.<InvokeAsync>d__9`1[[Amazon.S3.Model.PutObjectResponse, AWSSDK.S3, Version=3.3.0.0, Culture=neutral, PublicKeyToken=885c28607f98e604]].MoveNext()
   at Amazon.Runtime.Internal.Signer.<InvokeAsync>d__1`1[[Amazon.S3.Model.PutObjectResponse, AWSSDK.S3, Version=3.3.0.0, Culture=neutral, PublicKeyToken=885c28607f98e604]].MoveNext()
   at Amazon.S3.Internal.S3Express.S3ExpressPreSigner.<InvokeAsync>d__5`1[[Amazon.S3.Model.PutObjectResponse, AWSSDK.S3, Version=3.3.0.0, Culture=neutral, PublicKeyToken=885c28607f98e604]].MoveNext()
   at Amazon.Runtime.Internal.EndpointDiscoveryHandler.<InvokeAsync>d__2`1[[Amazon.S3.Model.PutObjectResponse, AWSSDK.S3, Version=3.3.0.0, Culture=neutral, PublicKeyToken=885c28607f98e604]].MoveNext()
   at Amazon.Runtime.Internal.EndpointDiscoveryHandler.<InvokeAsync>d__2`1[[Amazon.S3.Model.PutObjectResponse, AWSSDK.S3, Version=3.3.0.0, Culture=neutral, PublicKeyToken=885c28607f98e604]].MoveNext()
   at Amazon.Runtime.Internal.CredentialsRetriever.<InvokeAsync>d__7`1[[Amazon.S3.Model.PutObjectResponse, AWSSDK.S3, Version=3.3.0.0, Culture=neutral, PublicKeyToken=885c28607f98e604]].MoveNext()
   at Amazon.Runtime.Internal.RetryHandler.<InvokeAsync>d__10`1[[Amazon.S3.Model.PutObjectResponse, AWSSDK.S3, Version=3.3.0.0, Culture=neutral, PublicKeyToken=885c28607f98e604]].MoveNext()
   at Amazon.Runtime.Internal.RetryHandler.<InvokeAsync>d__10`1[[Amazon.S3.Model.PutObjectResponse, AWSSDK.S3, Version=3.3.0.0, Culture=neutral, PublicKeyToken=885c28607f98e604]].MoveNext()
   at Amazon.Runtime.Internal.CallbackHandler.<InvokeAsync>d__9`1[[Amazon.S3.Model.PutObjectResponse, AWSSDK.S3, Version=3.3.0.0, Culture=neutral, PublicKeyToken=885c28607f98e604]].MoveNext()
   at Amazon.Runtime.Internal.CallbackHandler.<InvokeAsync>d__9`1[[Amazon.S3.Model.PutObjectResponse, AWSSDK.S3, Version=3.3.0.0, Culture=neutral, PublicKeyToken=885c28607f98e604]].MoveNext()
   at Amazon.S3.Internal.AmazonS3ExceptionHandler.<InvokeAsync>d__1`1[[Amazon.S3.Model.PutObjectResponse, AWSSDK.S3, Version=3.3.0.0, Culture=neutral, PublicKeyToken=885c28607f98e604]].MoveNext()
   at Amazon.Runtime.Internal.ErrorCallbackHandler.<InvokeAsync>d__5`1[[Amazon.S3.Model.PutObjectResponse, AWSSDK.S3, Version=3.3.0.0, Culture=neutral, PublicKeyToken=885c28607f98e604]].MoveNext()
   at Amazon.Runtime.Internal.MetricsHandler.<InvokeAsync>d__1`1[[Amazon.S3.Model.PutObjectResponse, AWSSDK.S3, Version=3.3.0.0, Culture=neutral, PublicKeyToken=885c28607f98e604]].MoveNext()
   at bma.BackupClass.takeCloudBackup(Context c, Boolean auto, String _mobile)



==== 30/03/2026 10:41:35 - Portal Data Download Background ======

startForegroundService() not allowed due to mAllowStartForeground false: service com.bliss.blissbma.pro/crc6479545b82ba044d57.CommissionService   at Java.Interop.JniEnvironment.InstanceMethods.CallNonvirtualObjectMethod(JniObjectReference , JniObjectReference , JniMethodInfo , JniArgumentValue* )
   at Java.Interop.JniPeerMembers.JniInstanceMethods.InvokeVirtualObjectMethod(String , IJavaPeerable , JniArgumentValue* )
   at Android.Content.ContextWrapper.StartForegroundService(Intent )
   at bma.commissionActivity.updateComm(Context c, String agcode, Boolean nodialog, String runsb)
  --- End of managed Java.Lang.IllegalStateException stack trace ---
android.app.ForegroundServiceStartNotAllowedException: startForegroundService() not allowed due to mAllowStartForeground false: service com.bliss.blissbma.pro/crc6479545b82ba044d57.CommissionService
	at android.app.ForegroundServiceStartNotAllowedException$1.createFromParcel(ForegroundServiceStartNotAllowedException.java:54)
	at android.app.ForegroundServiceStartNotAllowedException$1.createFromParcel(ForegroundServiceStartNotAllowedException.java:50)
	at android.os.Parcel.readParcelableInternal(Parcel.java:4809)
	at android.os.Parcel.readParcelable(Parcel.java:4777)
	at android.os.Parcel.createExceptionOrNull(Parcel.java:3040)
	at android.os.Parcel.createException(Parcel.java:3029)
	at android.os.Parcel.readException(Parcel.java:3012)
	at android.os.Parcel.readException(Parcel.java:2954)
	at android.app.IActivityManager$Stub$Proxy.startService(IActivityManager.java:6214)
	at android.app.ContextImpl.startServiceCommon(ContextImpl.java:1967)
	at android.app.ContextImpl.startForegroundService(ContextImpl.java:1933)
	at android.content.ContextWrapper.startForegroundService(ContextWrapper.java:839)
	at android.content.ContextWrapper.startForegroundService(ContextWrapper.java:839)
	at mono.java.lang.RunnableImplementor.n_run(Native Method)
	at mono.java.lang.RunnableImplementor.run(RunnableImplementor.java:29)
	at android.os.Handler.handleCallback(Handler.java:942)
	at android.os.Handler.dispatchMessage(Handler.java:99)
	at android.os.Looper.loopOnce(Looper.java:226)
	at android.os.Looper.loop(Looper.java:313)
	at android.app.ActivityThread.main(ActivityThread.java:8762)
	at java.lang.reflect.Method.invoke(Native Method)
	at com.android.internal.os.RuntimeInit$MethodAndArgsCaller.run(RuntimeInit.java:604)
	at com.android.internal.os.ZygoteInit.main(ZygoteInit.java:1067)




==== 30/03/2026 10:48:26 - OSTATTUS-RESPONSE-TOKEN ======

KDyz5CmdSirml3b4tZBk+aNWEVr8kg9EEPRd3cFJ0txi7VUU12YcgvxZLX2YhlULDfRcOaxOCyDikTQDIbYyWFJjK8qrBFgYdJGfxxFwXeZy2rUVoy/qe/SWlrOnRSd01Wo2UG/XPiQDOx3ss6ZMGBneg46fgwnPSvjR0zRJvQNNk5oDZUCyDD51xTfsNVNQrith1MA+faCF7IVSBDaPwv7DHxzjG0svxH2Imp5A1H1+O6h3CDVni0b8DB7GDYAt8CAPk23od7HhPj87GBPfwQ+LVJyrmDApnNgWlzIZ9iVFIkidOhDa6dlyYJ5uYawngoft0EtZs0+QZidrha6u1U4dBzesf4JfrYagxzzCkGuE9ZK7/28Mg24ExF7LhuYDTdIZy2Z3LPN7FGPiwb9uonx3JdzLKa6EJ0CqK39y64OjmQJKClwjLVJxYJOlqtQqqttx4KTBsQVWZyoX2C+yoFA3MXiOfV0JUp/zvNEns97sGO5o6MRwlrwYAWuQ8A17l+jKOhWKDxusFCDoCb5XK0zN/eAIO9k++qk20j4F6HT87LhlJF+x3XL4zRtjfvz5IloEJoRhhFPrZkE/h2gdM7W4GR4RrYDh/Q7tgW/x5ouQOkFqmCX+CoKcaE0AOkydXpu3Ne6L8mxbYQJKu9pF8L76NmyXWdnqoG9f7HAGHXVfxe0VevfpkbqDFlyZg/iY0Ul50pgHwP+Yqq3QD+pMnzEXL8gyETX4ZXsySLmZEFcgS8F09Zo7JirjsCNzAkKkHQWrIYPQIhXYwviTa6L9PiQgWPMZhgdzrvt4XlrRyGGn5I359dBxmoXMmcZdal+OBF47/x3Sou7CtSeKfxH0m59PgDKeUqv7R4nkwwHXKFiXJsCvQiXlx/Q4fvT63u+TwfCv5KT+ZB6IzJEQHQ8BuHv1u75Wc3B9x/CA9CGCK14V5kW12T2gGqFDkUkPEezOJ+kRWpZTWvG+Q9Hi5oH6e4XU/AM3sOxPg5SQJzGx/CCWvQrriR+KRje1LmT/XfZdpyEh+U0jltPRVSi0QRPSe/ROHHZlVpyhRXWYB4pXJnflOLLdLe0rKTpNQ/qOe0uwY2lOQKdCQlWJJ5qoaN7baBqYiauZgEJ0g4JLahxp/tN9xN2wW0ETR9zppxZl5HXACm/T2y88+TzCHvQVryq9J4oI0yoZZ/r8LgFFxZwvJRtsCvCgPzAh8rzAb6HjxvI6PcpAtK1b7E7ZHIbOLdvCNGcd7xayzQhOslGUr8d4SlMLaSC/Z9b4UaPHY5bNTStxN/oXiQJf9UP5D3dfnoLXGd1dgAl9OT1UzIIwJ84N7lMfMWWZDZb5mwPIdqvcN81+4ovFgdOJ6sPUQqZy/jHplvDwO8AoBNtpQo2+Aa2Vlr2R52P7vT0B8eBX4uGXSZV02tw0CD7Uc1CVeAtfLdaLUHIXCfmEN4wfNI6/3rbQ3tybYWv7vY6gxCaGi444TUyvDR93bKVWC2RPjOXG8ZKwRGIYP/mTtjZyx0+D4MCR60dsWrI9KqXvK2P2w/8mexWVJqKyxGUS9NSZ02t5TsfocmGs2hRxgKY3POwkJIuHFHqz2kHVdtFTjXaJkF7n2Q9fvkwpFVYKVWPrDTM7/dKjYq3/z/hDSRerXFSNJZoxrvivKyy6/hvg+QnJFwDpAvZ/W4rDbCPrbflfDYubm+OMkux5c23OzBJ7/wzuKE1x9laS5/ss9DCgpvgJeX119zC15UjeUpUyeCxrX3qAmhW3tULLXuxGIsRSE9OXAt6m/vucRvUv1L+P/7J1nIJB4paDs4am2jhagWSxqLyR7Dc6gYnMYcDk0onVwczWUkUO7yyTHToDGJuzwkxKRso1qp8/7SAWphDJVEm5OFgGw8RhVtmqv+PTaMeu+t+hWLB97t2SJ0O4UBZiyXRBMmQg0+SamTicO38EoHXkdgK1MyEfZwaeaGAR5nwEjeRSATerYz7ifJnrlIEr



==== 30/03/2026 10:48:26 - OSTATTUS-RESPONSE-TOKEN ======

eyJhbGciOiJIUzUxMiJ9.eyJzdWIiOiJJREFNMDIxMjIwMjIzOTg4MzQ2IiwiYWdlbmN5X2NvZGUiOm51bGwsImNyZWF0ZWQiOjE3NzQ4NDc4MzY4MzAsImFjY2Vzc19jb2RlIjoiZXlKaGJHY2lPaUpTVXpJMU5pSXNJblI1Y0NJNklrcFhWQ0o5LmV5SnpkV0lpT2lKSlJFRk5NREl4TWpJd01qSXpPVGc0TXpRMklpd2labTVoYldVaU9pSkxRVlpKVkVFZ1RVRkpVa1ZOUWtGTklpd2lkWE5sY25OMFlYUjFjeUk2SWpFaUxDSmxiblJwZEhsc2FYTjBJanBiSWt4SlExOURWVk5VVDAxRlVsOVFUMUpVUVV3aVhTd2ljbTlzWlhNaU9sc2lSRThpWFN3aWFYTnpJam9pUVZKWUlpd2liVzlpYVd4bElqb2lPREV6TWpnNU9ERTFPQ0lzSW1GMVpDSTZJbVJsWm1GMWJIUWlMQ0pzYm1GdFpTSTZJa3RCVmtsVVFTQk5RVWxTUlUxQ1FVMGlMQ0oxYzJWeVZIbHdaU0k2SWpFaUxDSmxlSEFpT2pFM056UTROelkyTWpBc0ltbGhkQ0k2TVRjM05EZzBOemd5TUN3aWFuUnBJam9pTkRZME5XSmlNRFl0Tm1Vek15MDBaakpqTFdJME5qQXRabVl3TURCa05HTTVZMk5pSWl3aVpXNTBhWFI1SWpvaVRFbERYME5WVTFSUFRVVlNYMUJQVWxSQlRDSXNJbVZ0WVdsc0lqb2lhMkYyYVhSaExtMWhhWEpsYldKaGJVQnNhV05wYm1ScFlTNWpiMjBpZlEuZ3p4Rkp4cndQUFRUNXZCQVF6Q2hGeDhkbEU1cXZYYXM4cHBKUGx3R04tUHFRb3A1UVhRZDNRMFRuSmRNNTk0MzFHa1QzMGh1ZXR2WjNkenNaQlpIMkNMQkZ6a2hrYm5HNXQ2LW1RbWZhUTc4M2hyNGpFYlg1TnE2RnJhVld1WkIyYmFUcXFVdmROZVBfYUNkZnR4SkFMTUMtenVJaDFzaDU3eVBxcU5RMVhabHY0VG5HU3pRbXZFanVfVUJvdlJ5YXdtUkdXclF2Tm1mTWJzT21memdxc0ZuVi03alpnXzNwS01PRldKTVNrZjQ4ZzNUUFlpN1ZjVV9XeVZocUxjWmN3Yjg3cTdSQkxjTk5sTUJxam5aM3cyclhrVXVBc3hNc3l4QWl5VEV2U1lJWHRtREZTeXZWMW41eFIxZjY3ZlRkMXJDX2tJMzJrMXhiR3NzTTg1NDNnIiwicm9sZXMiOlsiRE8iXSwiY2xpZW50SXAiOm51bGwsImVudGl0bGVtZW50IjpbXX0.pdwwzmAbNN3EHVBGc9FEP9it9FGODc3sIOEcAB80Pi_lbdaGvLtc_OM4aE9NhNjlohQkT8U_hfc1ISRLU9eAWA



==== 30/03/2026 10:48:26 - POST-URL ======

https://ebizapp01.licindia.in/BFFService/policy/policyInfo?_dc=1774847906834



==== 30/03/2026 10:48:28 - POST-URL ======

{"confirmationId":null,"status":"200","resultInfoList":null,"count":0,"policy":{"policyNumber":"325228022","planName":"LIC's New Endowment Plan","mode":"3","noOfDues":1,"premium":"811.00","commenceDate":"2022-03-05","nameOfAssured":"R.M.Hidhesh","agencyCode":"0090976F ","developmentOfficerCode":"87070","plan":"914","policyTerm":"30","firstUnpaidPremiumDate":"2026-03-05","cdCharge":"0","serviceBranch":"76F ","sumAssured":"100000","policyStatus":"21","dob":"2007-10-04","ageAtEntry":14,"planDetails":{"plan":914,"planType":null,"planDesc":null,"premiumDueDuration":6,"premiumDueDurationType":"M","payPremiumAdvance":30,"payPremiumAdvanceType":"D","gracePeriod":30,"gracePeriodType":"D","serviceTaxRateFirstYr":4.5,"serviceTaxRateNextYrs":2.25,"serviceTaxRateEduCess":0.0,"topUpAllowed":null,"multiplyTopupAmt":null,"topupLimitCriteria":null,"topupNoPayBefMaturity":null,"planCategory":"EN","freeCoverCond":null,"freeCoverFUP":null,"campaignStartDate":"2026-01-01","campaignEndDate":"2026-03-02","percentageofwaiver":30.0,"maxLimitofwaiver":3000.0,"waiversAllowedNum":1,"lateFeeWaiverInd":"Y","discountPercentFirstYr":null,"discountPercentSecondYr":null,"discountPercentThirdYr":null,"discountPercentSubYr":null,"discountFromDate":null,"discountToDate":null,"maxLimitWaiverFstYr":null,"maxLimitWaiverScndYr":null,"maxLimitWaiverThirdYr":null,"maxLimitWaiverSubYr":null,"discountParameter":null,"graceprdExtFlag":null,"graceprdExtFrmDate":null,"graceprdExtToDate":null,"graceprdPrcntWaiver":null,"maxWaiverLimitgraceprd":null,"gstCdCharge":0.0,"gstLateFeeRateFirstYr":18.0,"gstLateFeeRateNextYrs":18.0,"dateOfLaunch":"01/02/2020","beforeLaunch":"N","centralGSTPercentage":50,"discountPeriod":null,"discountPeriodType":null},"eligible":true,"lateFeeRequired":false,"recordId":"O","premiumPayingTerm":30,"policyBenefits":"100000","dueAmount":"811.00","taxExemption":false,"age":"19","eserviceEligible":false,"policyUlip":false,"dateOfLastPayment":"2051-12-05","dateOfMaturity":"2052-03-05","statusShortDesc":"In Force","nav":"For NAV details please contact your Servicing Branch / Customer Zone","altChannelId":"0 ","riderPolicy":false,"minorChild":false,"accountingBookCode":1,"payedPolicy":false,"advancePayedPolicy":false,"lastAccountDate":"2026-01-19","noBonusYears":0,"bonusInfo":{"totalRevBonus":17600,"totalInterimBonus":0,"totalFAB":0,"totalGuaranty":0,"totalLoyalty":0,"totalOneTimeBonus":0.00,"messageCode":null,"calulationSheetHTML":"<table border=1><tr class=grey-bg><td>From</td><td>Upto</td><td>Year</td><td>Type</td><td>Factor</td><td>Rate</td><td>Bonus </td></tr><tr class=grey-bg><td>2022-03-05</td><td>2023-03-05</td><td>2022</td><td>V</td><td>1.0</td><td>44.00</td><td>4400.00</td></tr><tr class=grey-bg><td>2023-03-05</td><td>2024-03-05</td><td>2023</td><td>V</td><td>1.0</td><td>44.00</td><td>4400.00</td></tr><tr class=grey-bg><td>2024-03-05</td><td>2025-03-05</td><td>2024</td><td>V</td><td>1.0</td><td>44.00</td><td>4400.00</td></tr><tr class=grey-bg><td>2025-03-05</td><td>2026-03-05</td><td>2025</td><td>V</td><td>1.0</td><td>44.00</td><td>4400.00</td></tr><tr class=grey-bg><td colspan=7>Total Rev Bonus : 17600.00   Total Interim Bonus : 0.00</td></tr></table> ","calulationSheetText":"From        Upto        Year Type Factor  Rate     Bonus \r\n2022-03-05  2023-03-05  2022  V     1.0   44.00    4400.00\r\n2023-03-05  2024-03-05  2023  V     1.0   44.00    4400.00\r\n2024-03-05  2025-03-05  2024  V     1.0   44.00    4400.00\r\n2025-03-05  2026-03-05  2025  V     1.0   44.00    4400.00\r\n   Total Rev Bonus : 17600.00   Total Interim Bonus : 0.00\r\n "},"isSpotRevivalAllowed":false,"discountApplicable":false,"advancePaymetEligible":false,"maturitySumAssured":0,"gstInNumber":"null","transactionAllowed":true,"dateOfShowMaturity":"2052-03-05","panFlag":false,"neftFlag":false,"itPan":"","neftStatus":"N","titleCode":"null","premiumGapFlag":false,"dghPolicyFlag":false,"policyExitStatus":false,"serviceRequestFlag":false,"nriGstFlag":false,"fyEndDate":"2026-03-31"},"person":{"policyNo":325228022,"birthDate":"2007-10-04","fullName":"R.M.Hidhesh","sex":"M","shortName":"Hidhesh R M ","age":"14","profileMobileNo":null,"profileEmail":null,"profileUnMaskMobileNo":null,"profileUnMaskEmail":null},"address":{"policyNo":325228022,"address1":"S/O N Murali","address2":"55h/3, Surendhar Illam, Ramnagar,","address3":"Koneripatti, Rasipuram Tk, Nkl Dt","addressId":1,"pin":637408},"branch":{"branchCode":"76F ","address1":"LIC OF INDIA - 76F","address2":"NAMAKKAL ROAD","address3":"RASIPURAM","branchIp":"10.128.42.194","branchName":"LIC of India, Rasipuram Br Office","city":null,"dcCode":"X070","divCode":70,"eaiIndication":"Y","emailId":"BO_76F@LICINDIA.COM","man":null,"odsIndication":"N","pin":null,"state":"null"},"agent":{"agencyCode":"0090976F ","address1":"D/O.K.Jayaraman,Jai Ganesh Lorry","address2":"Service,T.P.Kadu,Moolapallipatty.Po","address3":"Rasipuram.Tk & Namakkal .Dt.","agentName":"J.Renukadevi","birthDate":"1976-03-10","category":2,"city":null,"disabilityCode":1,"enteredDate":"2026-03-30T01:09:16.000+00:00","itaxPanNo":"ANZPR4228B","occupationCode":12,"pin":637406,"qualificationCode":3,"sex":"F"},"nominees":[],"billingInfo":{"policyNumber":"325228022","nameOfAssured":"R.M.Hidhesh","planName":"LIC's New Endowment Plan","plan":914,"mode":"3","premium":811,"sumAssured":100000,"status":null,"firstUnpaidPremiumDate":"2026-03-05","nextFup":null,"dueAmount":"811.00","payedPolicy":false,"noOfDues":1,"eligible":true,"spotRevival":false},"policyContact":{"policyNo":325228022,"dataSource":"B","emailAddress":"priyahithesh@gmail.com                  ","enteredDate":"2026-01-20T20:00:11.038+00:00","mobileNo":"919944269673","countryCode":null,"telephoneNo":"null","panNo":null},"policyExtra":{"accumTerm":0},"policyAnnuity":null,"userRegistered":"N","assignmentDetails":[],"ulipExtra":{"giveCashAmount":0},"bonusErrorMessage":null,"qpayPolicy":{"policyNumber":"325228022","dob":"04/10/2007","emailId":"priyahithesh@gmail.com","mobileNo":"9944269673","premium":"811","key":"092351"}}



==== 30/03/2026 10:48:35 - GET-URL ======

https://mk-channel.licindia.in/Landing/



==== 30/03/2026 10:48:44 - OSTATTUS-RESPONSE-TOKEN ======

LgJmLxbdRTO5cvndF8vw3iJDxg3ODQCtlwXiOmgR8DdJPT2Zdav9gpXyqdMyok+NAv/oTbl56P5v0AkQ3mMLnYlbEbiGhu3O4KTeOv50YeVITj+6oBBjcw2JjIwkCYlKXBTWqbKD9jwZVpzLUVRNxez4jn0mh5xpxfKDaUeRB3hdc0vulMCpmI3LCOPRqbpT6z4XhHn7fmKfhBrG26xTE3or1aMJT13uEIERMJ3hQlwK9LdUZxnL7UEOtyRamTLqru9FU7Qk95pQCLCxycNyNJpU1s7xloYz/mBJM7+Xp4WZBguy/qI+cbIku7iHzu3O0YngaYcg49X6HLQsZFCpqWU+Zpsn6vgfHYfiuJqnzNs/bfxNGMk5mcveU+IBGLIam+SFTusIO1EXHtsGRa6vIqTP5MncDy1vr7xigCAX6ovZ2l0JkkKGbmeDjGrdZXGX1B3mcw6W6qd4pfFPVors+oPyxx7OAhjlGFz0THlSvuh24CviayG9xC9ui2rXimNDBi9CkNkGG1M1yTXXGpUSbyfwmhRxAgj6RR0SPrzMGzXQ0oA83CDU1ai6mHW0MTYoi++F2ywCwohSJ7uoFugh7Rui4Bvc3/7B8ewZ8JgyPQcI6CD9hT7Kb6ky6QNiu+bDlepJvcAIAG4TVRlMRTO6PLipVgSeWmC9F5J2101XSLhszpDeE3HbzJ7PIEjtQxLA7R6tixCJn7vtwKdkhSdQW/jBU0MEwDGBZkK4ezf3vI17vR3nHEHDjIvUWXUb2U9M3l5hyW9l/eEJqtfCx0ecne7PAOuSfidY6Psny4p8qnIQvgTpEKBmKkjXTmNZLfHn7euG9+/pcc12Vbw3uac0nHdq87X2ZCADoCmxCLybv2FnGusW+Pwtwxnd+M+ljBJkzN6ANC+wfya4Q2FI8K1wX33o8nX8sFfDJtlJtJTys/TRoBu2Vtj01rMVTB3iWeqAcuGWnOscoZ9vB/6zJ1txFEjvmKFH+pudQG/Lufa76Y1G8EhwxhXp0uuJuhYTaFgy+0lJNL/6TwthN4qhNwSI4JpW3plVL+ZmwZltODe9Zm3cOLTGz8jQ4nsOk23hmfq2q5CzyXuCPIx4Lp2lgkSb/FRNBABQbEIS1AtE+eMnvFd5v2B1WqUx2+j5YrbhLi7Lxlg4Rio6PiBs3xi3r71rMQ4qNHFvlOx4/N+d5fgRLsj69e+xjeBN7CjeBro4u6D7aLr4uzAgMjre84Hk1DTn5xwgGmH50KcKVr0qCuX8ZM8NGbdZ1a5oR3Bn+LbQ8ecSYOVlXS7HswU8ZGgGTcxehLD8UzCU5xE2mLy63Fbmx0qybeEkB45mPiAq48VVrjz52uiqcqAQ7sFDLF66BfFXESTUq3VCCCpAdCcpa1RMwze2gy1wm3WeLm/K+eQI/Ft6CSqeTHjtMD4p65PdArj2027qbpczEBFG7wygpuUFh9XA94l/qFD3FGarlRKQwzOnXNpEuni9wifvQw4skkiBxP0rCB63itMWnD87Ru7hYILRNah124zgjnn46W/Np4vKTIINR5KXezpdHpqvJpfwi6i0NkFJ0Do22jxq8QtZCYmADU3rKZT4UaIgKSv2JQrdOQKiseL4PfigcdCbJGY2hedn/CdpK59KP8WqcPQDV25DrE3PnAgFGKyOLIfJRhPMEKZqAFWddqwa1V8gxWAq32lAQ88buIJnDL3j0HvDIbV2rftcq1tLelJne1WPlxGYd+QNgk1gw2CjndKw8so3Mt12pdKi374+KBedFWXD8B8rj2mt6UqHPQveCsZcbfh6fRa/5vXwhZfEIufY7ayDAM6WjFVzli7haKGxW1yt88qcAkpxUr/uBFp3PrSVD2AH6umZKYfZQ/HSYprdYnJEC6+Sx2VKNz3GTfAN4SCyYbLvQWI3WCigZeqHzimNhvf2oMggr1SdVQ5q9wiwIWRqPmPRSW8qj0+RqYLw99aXMOZhwsjEulydokiMY0+9tg==



==== 30/03/2026 10:48:44 - OSTATTUS-RESPONSE-TOKEN ======

eyJhbGciOiJIUzUxMiJ9.eyJzdWIiOiJJREFNMjcwNzIwMjIzMTk0OTM1IiwiYWdlbmN5X2NvZGUiOm51bGwsImNyZWF0ZWQiOjE3NzQ4NDc1MzY0MDcsImFjY2Vzc19jb2RlIjoiZXlKaGJHY2lPaUpTVXpJMU5pSXNJblI1Y0NJNklrcFhWQ0o5LmV5SnpkV0lpT2lKSlJFRk5NamN3TnpJd01qSXpNVGswT1RNMUlpd2labTVoYldVaU9pSlNRVW9nVGtGU1FWbEJUaUJVVWtsUVFWUklTU0lzSW5WelpYSnpkR0YwZFhNaU9pSXhJaXdpWlc1MGFYUjViR2x6ZENJNld5Sk1TVU5mUTFWVFZFOU5SVkpmVUU5U1ZFRk1JbDBzSW5KdmJHVnpJanBiSWtSUElsMHNJbWx6Y3lJNklrRlNXQ0lzSW0xdlltbHNaU0k2SWprM09USXlOVEEzTVRnaUxDSmhkV1FpT2lKa1pXWmhkV3gwSWl3aWJHNWhiV1VpT2lKU1FVb2dUa0ZTUVZsQlRpQlVVa2xRUVZSSVNTSXNJblZ6WlhKVWVYQmxJam9pTVNJc0ltVjRjQ0k2TVRjM05EZzNOakk0TVN3aWFXRjBJam94TnpjME9EUTNORGd4TENKcWRHa2lPaUkyWkRNMlkyUXhZaTA1WlRBeUxUUTROMkl0T1RVek1TMDNNelV4WVdJMk56YzFZalFpTENKbGJuUnBkSGtpT2lKTVNVTmZRMVZUVkU5TlJWSmZVRTlTVkVGTUlpd2laVzFoYVd3aU9pSnliaTUwY21sd1lYUm9hVGxBYkdsamFXNWthV0V1WTI5dEluMC5KMFlQUmRoeGFnVjJNUEI3R3YxWTdmZC0wWGpwZ29ZcGxrTklrWnVLZUI5WFExVjl5ZGpVZFhkc0FXSkZpYThxWlFYWXVVeVN4Ykg3TEduLW5waEdfZEVNaVRGT1VQRlQxbTJNeUNzMGZ3QTZmNlFWYmJSY19nMGV6SjJFYURCUWp4dTFoMDN3RjhWd0xUcV8wbkM3cFZlQ0xwdnVrOXFQbWxDbjJCQVFDREpRSk5oMXpjVmxnSG9WOE1RaXQ0RkV5RDF0YzJ1bGRKcHRKckNCR2xmNF90OElxeEVZMmVFZ2E0SmtpeUFBNFloY3M4dXpxM3Y4VmxXY2FTWkJiTDV6VFJVaE1DQmFieXotcGd0Y0lCTXhXWVdiYm14UDVTY2VnTDJvUURGY3doMHhnU1dqUGFiWUJhLWJ3bzV1WXljR3YzSFRXeUxOQ09xUGF3dlBiMUk3cGciLCJyb2xlcyI6WyJETyJdLCJjbGllbnRJcCI6bnVsbCwiZW50aXRsZW1lbnQiOltdfQ.HPZJ3l5q8FXTHSM6Ca693pD4ByrwWy_UgcKmGuq3VkZby3_9PtTT-_61mCQHErcwgeefZP1GBLyu0mbagKrZ2A



==== 30/03/2026 10:48:44 - POST-URL ======

https://ebizapp01.licindia.in/BFFService/policy/policyInfo?_dc=1774847924499



==== 30/03/2026 10:48:45 - POST-URL ======

{"confirmationId":null,"status":"200","resultInfoList":null,"count":0,"policy":{"policyNumber":"325228022","planName":"LIC's New Endowment Plan","mode":"3","noOfDues":1,"premium":"811.00","commenceDate":"2022-03-05","nameOfAssured":"R.M.Hidhesh","agencyCode":"0090976F ","developmentOfficerCode":"87070","plan":"914","policyTerm":"30","firstUnpaidPremiumDate":"2026-03-05","cdCharge":"0","serviceBranch":"76F ","sumAssured":"100000","policyStatus":"21","dob":"2007-10-04","ageAtEntry":14,"planDetails":{"plan":914,"planType":null,"planDesc":null,"premiumDueDuration":6,"premiumDueDurationType":"M","payPremiumAdvance":30,"payPremiumAdvanceType":"D","gracePeriod":30,"gracePeriodType":"D","serviceTaxRateFirstYr":4.5,"serviceTaxRateNextYrs":2.25,"serviceTaxRateEduCess":0.0,"topUpAllowed":null,"multiplyTopupAmt":null,"topupLimitCriteria":null,"topupNoPayBefMaturity":null,"planCategory":"EN","freeCoverCond":null,"freeCoverFUP":null,"campaignStartDate":"2026-01-01","campaignEndDate":"2026-03-02","percentageofwaiver":30.0,"maxLimitofwaiver":3000.0,"waiversAllowedNum":1,"lateFeeWaiverInd":"Y","discountPercentFirstYr":null,"discountPercentSecondYr":null,"discountPercentThirdYr":null,"discountPercentSubYr":null,"discountFromDate":null,"discountToDate":null,"maxLimitWaiverFstYr":null,"maxLimitWaiverScndYr":null,"maxLimitWaiverThirdYr":null,"maxLimitWaiverSubYr":null,"discountParameter":null,"graceprdExtFlag":null,"graceprdExtFrmDate":null,"graceprdExtToDate":null,"graceprdPrcntWaiver":null,"maxWaiverLimitgraceprd":null,"gstCdCharge":0.0,"gstLateFeeRateFirstYr":18.0,"gstLateFeeRateNextYrs":18.0,"dateOfLaunch":"01/02/2020","beforeLaunch":"N","centralGSTPercentage":50,"discountPeriod":null,"discountPeriodType":null},"eligible":true,"lateFeeRequired":false,"recordId":"O","premiumPayingTerm":30,"policyBenefits":"100000","dueAmount":"811.00","taxExemption":false,"age":"19","eserviceEligible":false,"policyUlip":false,"dateOfLastPayment":"2051-12-05","dateOfMaturity":"2052-03-05","statusShortDesc":"In Force","nav":"For NAV details please contact your Servicing Branch / Customer Zone","altChannelId":"0 ","riderPolicy":false,"minorChild":false,"accountingBookCode":1,"payedPolicy":false,"advancePayedPolicy":false,"lastAccountDate":"2026-01-19","noBonusYears":0,"bonusInfo":{"totalRevBonus":17600,"totalInterimBonus":0,"totalFAB":0,"totalGuaranty":0,"totalLoyalty":0,"totalOneTimeBonus":0.00,"messageCode":null,"calulationSheetHTML":"<table border=1><tr class=grey-bg><td>From</td><td>Upto</td><td>Year</td><td>Type</td><td>Factor</td><td>Rate</td><td>Bonus </td></tr><tr class=grey-bg><td>2022-03-05</td><td>2023-03-05</td><td>2022</td><td>V</td><td>1.0</td><td>44.00</td><td>4400.00</td></tr><tr class=grey-bg><td>2023-03-05</td><td>2024-03-05</td><td>2023</td><td>V</td><td>1.0</td><td>44.00</td><td>4400.00</td></tr><tr class=grey-bg><td>2024-03-05</td><td>2025-03-05</td><td>2024</td><td>V</td><td>1.0</td><td>44.00</td><td>4400.00</td></tr><tr class=grey-bg><td>2025-03-05</td><td>2026-03-05</td><td>2025</td><td>V</td><td>1.0</td><td>44.00</td><td>4400.00</td></tr><tr class=grey-bg><td colspan=7>Total Rev Bonus : 17600.00   Total Interim Bonus : 0.00</td></tr></table> ","calulationSheetText":"From        Upto        Year Type Factor  Rate     Bonus \r\n2022-03-05  2023-03-05  2022  V     1.0   44.00    4400.00\r\n2023-03-05  2024-03-05  2023  V     1.0   44.00    4400.00\r\n2024-03-05  2025-03-05  2024  V     1.0   44.00    4400.00\r\n2025-03-05  2026-03-05  2025  V     1.0   44.00    4400.00\r\n   Total Rev Bonus : 17600.00   Total Interim Bonus : 0.00\r\n "},"isSpotRevivalAllowed":false,"discountApplicable":false,"advancePaymetEligible":false,"maturitySumAssured":0,"gstInNumber":"null","transactionAllowed":true,"dateOfShowMaturity":"2052-03-05","panFlag":false,"neftFlag":false,"itPan":"","neftStatus":"N","titleCode":"null","premiumGapFlag":false,"dghPolicyFlag":false,"policyExitStatus":false,"serviceRequestFlag":false,"nriGstFlag":false,"fyEndDate":"2026-03-31"},"person":{"policyNo":325228022,"birthDate":"2007-10-04","fullName":"R.M.Hidhesh","sex":"M","shortName":"Hidhesh R M ","age":"14","profileMobileNo":null,"profileEmail":null,"profileUnMaskMobileNo":null,"profileUnMaskEmail":null},"address":{"policyNo":325228022,"address1":"S/O N Murali","address2":"55h/3, Surendhar Illam, Ramnagar,","address3":"Koneripatti, Rasipuram Tk, Nkl Dt","addressId":1,"pin":637408},"branch":{"branchCode":"76F ","address1":"LIC OF INDIA - 76F","address2":"NAMAKKAL ROAD","address3":"RASIPURAM","branchIp":"10.128.42.194","branchName":"LIC of India, Rasipuram Br Office","city":null,"dcCode":"X070","divCode":70,"eaiIndication":"Y","emailId":"BO_76F@LICINDIA.COM","man":null,"odsIndication":"N","pin":null,"state":"null"},"agent":{"agencyCode":"0090976F ","address1":"D/O.K.Jayaraman,Jai Ganesh Lorry","address2":"Service,T.P.Kadu,Moolapallipatty.Po","address3":"Rasipuram.Tk & Namakkal .Dt.","agentName":"J.Renukadevi","birthDate":"1976-03-10","category":2,"city":null,"disabilityCode":1,"enteredDate":"2026-03-30T01:09:16.000+00:00","itaxPanNo":"ANZPR4228B","occupationCode":12,"pin":637406,"qualificationCode":3,"sex":"F"},"nominees":[],"billingInfo":{"policyNumber":"325228022","nameOfAssured":"R.M.Hidhesh","planName":"LIC's New Endowment Plan","plan":914,"mode":"3","premium":811,"sumAssured":100000,"status":null,"firstUnpaidPremiumDate":"2026-03-05","nextFup":null,"dueAmount":"811.00","payedPolicy":false,"noOfDues":1,"eligible":true,"spotRevival":false},"policyContact":{"policyNo":325228022,"dataSource":"B","emailAddress":"priyahithesh@gmail.com                  ","enteredDate":"2026-01-20T20:00:11.038+00:00","mobileNo":"919944269673","countryCode":null,"telephoneNo":"null","panNo":null},"policyExtra":{"accumTerm":0},"policyAnnuity":null,"userRegistered":"N","assignmentDetails":[],"ulipExtra":{"giveCashAmount":0},"bonusErrorMessage":null,"qpayPolicy":{"policyNumber":"325228022","dob":"04/10/2007","emailId":"priyahithesh@gmail.com","mobileNo":"9944269673","premium":"811","key":"092351"}}



==== 30/03/2026 10:48:52 - GET-URL ======

https://mk-channel.licindia.in/Landing/



==== 30/03/2026 10:49:29 - OSTATTUS-RESPONSE-TOKEN ======

S11rEbNmju4j8LlzJ5Cdpw076B+xA7ogfYRrNk050v1wzu0zrxeteZu/LCQLHXBuOCa3VWVubus9gFXdF0XW2rKvfdFcfXRQMlKuyL91DxR+IKjZgAbUPvsLr4sa/n0P4tk3sdwkEEoNkZVlQ6Zk82+mfnTGqM0aLiwlLTtoHGNWKszoqPZ3xydw1bRZnedudhzaLxOVOqTvWLDdq6fw6kp2mEXrMZdC3UGwicYZisaK41jG5K1hf+qary+DOnZ8ttt4TSuO+fKJtebG/kbNVJ+8UOLpEuU9IxH2i8yCvdHAqtCVYIJBx6WOw9TCY1lN4Wz2bs3PG6rpy9MCHd3bb2TlNNl9+TCsm/lhQ3pBfvZdTj5DCoqCf8ATsBM2Ka691DVv4Y1Udu6jdObgGYLdaRx2Va6FI1L26q7daYs0OVjC3tAqeRyb7WESphF3WU+FzChqb7S5jGAc45xkBHugFvaLqERSCt9Or6zkk3Ry7DkeE8Mvoh2IMtZF6Fk18M0H9Fd6ixlkKmIylVPCvJ0t86UDGZ8pMqoTs2CybPEPQnmf7IYQwHKA5RBXYhY43liXEnIqv+LLjalhyqR5gEcUg8U99p3sA+FMds8kVG8uGtqz6GqY1orVJvVF0AK3n0dBiUG8ajmuJ6TLeWtRdCjYp1bOXMHmE6Uf+VONX9leeDYkONk2xKSVOpPrzfQnsLPp+bKsriyYtbx6Rj6OlWMsDN1FcTWgxFNvr6oVgUFbsWlI2YlwLmenE78qnCxQNEfpTNWNF/SrMXawjeNjxGnuTi3wAZ9XaoI1J475/lWTe5TPwICbbQ2ZuRqH7Shr+d0OD5dxdW1K+iH4IpvIIFsP3hnbnuoJ86AR/e285Ikvva9HJA7nBRLTivh1NKM3eLRqkIrjgFNEGzScZNY/hdYD04F5IFa+Lp19ZGoSqgGvNtxNMCN04lJXuaf4yKtl4Y4GGqBdzN9qR/UfBwx699Eb+lOqabTyYvpwHEuYEKSK49wcylcmtBGpqppANIpvO5kUgHhdmXISVgrK9Pp6sfBXVrzYLKIv/iyYTaka64+RUerPBuWfIwbEYxF7j0zvkSWRrBpxQnPFdAoXR4h0NDTGANdawJA6GwcEvbaFtG2OWxIJKa0DeyQXUUjvMRqB3sH+/gXfiE6Fugngnpu9awNdjNeHxrzf0zOJdTX88AQMRr5i2XAtK8owZCOmeoWcYovRlGpL+RGAWjb7a6B31reXHAHHv/uDLcBl+IDMJ0/DGPycyXTJIbOaM+h2Qc456/lH/9uUm/Mh7VtefCPPaLFEArrD5banfXuD4RniLKYH+jnzwcvLb8ek2vgoZ4486qagRqDVYoJMxiuMOneUPPiMVxhSZDGNJWtu7GjfmI6oc3HOdgWKII5qYHAEIhXj/IddcQv8nMEeKAUjyB7FhHVlkZTZXQP7yujlw45wfH08VQIWRyIAerXB4xEbAywB2PIqjAZl+/xEFUbXBtQl2CrkWdKM6SrHA6Lam5bmIKhYwIs/0d6e4Zv5kv6fNhHgAxkRiGHBgGxNO1Upcrq6rXAP3LIaJ40IEXgttZQ9vsmIGH1ZnAKS3zMAcYhwYtyw+2HUWP9arYOxy/mmmRaX5srxzuIhP6ySxAhL2WZVCq6pio9Yoev9jbJt41kQ9ojR69XG63EDnmkOBXIYybb5ytmfXI0POzYCj+MT6oWoiS9sM/Kgz45tPZ/7puDxIcA9D3wczKIM+5WvTlx+UYcNcFEmRGMmoG+ohk8HIjtW5t1n8AFGtD2iugFdX5BlMJi7c7nWeApwVT/MgIodfIXkDs2JY8nogCs4Emvzl0mQnDLvH3CGtRxrhn6dwO4JO6NIrPsGKIiSazxnLcDHL1/QB4gtowchbY5RJbf//vdBeQkKndHXJVW8T09v6GkcLJhhOFT6SYg24H2BMo0SpBfVb9t+zc2JXHE+SvIxKMXKFY/TT1zhHDE10X9w



==== 30/03/2026 10:49:29 - OSTATTUS-RESPONSE-TOKEN ======

eyJhbGciOiJIUzUxMiJ9.eyJzdWIiOiJJREFNMDIxMjIwMjIzOTg4MzQ2IiwiYWdlbmN5X2NvZGUiOm51bGwsImNyZWF0ZWQiOjE3NzQ4NDc4MzY4MzAsImFjY2Vzc19jb2RlIjoiZXlKaGJHY2lPaUpTVXpJMU5pSXNJblI1Y0NJNklrcFhWQ0o5LmV5SnpkV0lpT2lKSlJFRk5NREl4TWpJd01qSXpPVGc0TXpRMklpd2labTVoYldVaU9pSkxRVlpKVkVFZ1RVRkpVa1ZOUWtGTklpd2lkWE5sY25OMFlYUjFjeUk2SWpFaUxDSmxiblJwZEhsc2FYTjBJanBiSWt4SlExOURWVk5VVDAxRlVsOVFUMUpVUVV3aVhTd2ljbTlzWlhNaU9sc2lSRThpWFN3aWFYTnpJam9pUVZKWUlpd2liVzlpYVd4bElqb2lPREV6TWpnNU9ERTFPQ0lzSW1GMVpDSTZJbVJsWm1GMWJIUWlMQ0pzYm1GdFpTSTZJa3RCVmtsVVFTQk5RVWxTUlUxQ1FVMGlMQ0oxYzJWeVZIbHdaU0k2SWpFaUxDSmxlSEFpT2pFM056UTROelkyTWpBc0ltbGhkQ0k2TVRjM05EZzBOemd5TUN3aWFuUnBJam9pTkRZME5XSmlNRFl0Tm1Vek15MDBaakpqTFdJME5qQXRabVl3TURCa05HTTVZMk5pSWl3aVpXNTBhWFI1SWpvaVRFbERYME5WVTFSUFRVVlNYMUJQVWxSQlRDSXNJbVZ0WVdsc0lqb2lhMkYyYVhSaExtMWhhWEpsYldKaGJVQnNhV05wYm1ScFlTNWpiMjBpZlEuZ3p4Rkp4cndQUFRUNXZCQVF6Q2hGeDhkbEU1cXZYYXM4cHBKUGx3R04tUHFRb3A1UVhRZDNRMFRuSmRNNTk0MzFHa1QzMGh1ZXR2WjNkenNaQlpIMkNMQkZ6a2hrYm5HNXQ2LW1RbWZhUTc4M2hyNGpFYlg1TnE2RnJhVld1WkIyYmFUcXFVdmROZVBfYUNkZnR4SkFMTUMtenVJaDFzaDU3eVBxcU5RMVhabHY0VG5HU3pRbXZFanVfVUJvdlJ5YXdtUkdXclF2Tm1mTWJzT21memdxc0ZuVi03alpnXzNwS01PRldKTVNrZjQ4ZzNUUFlpN1ZjVV9XeVZocUxjWmN3Yjg3cTdSQkxjTk5sTUJxam5aM3cyclhrVXVBc3hNc3l4QWl5VEV2U1lJWHRtREZTeXZWMW41eFIxZjY3ZlRkMXJDX2tJMzJrMXhiR3NzTTg1NDNnIiwicm9sZXMiOlsiRE8iXSwiY2xpZW50SXAiOm51bGwsImVudGl0bGVtZW50IjpbXX0.pdwwzmAbNN3EHVBGc9FEP9it9FGODc3sIOEcAB80Pi_lbdaGvLtc_OM4aE9NhNjlohQkT8U_hfc1ISRLU9eAWA



==== 30/03/2026 10:49:29 - POST-URL ======

https://ebizapp01.licindia.in/BFFService/policy/policyInfo?_dc=1774847969578



==== 30/03/2026 10:49:31 - POST-URL ======

{"confirmationId":null,"status":"200","resultInfoList":null,"count":0,"policy":{"policyNumber":"703332669","planName":"New Money Back Plan - 25 Years","mode":"1","noOfDues":1,"premium":"1032.00","commenceDate":"2016-01-07","nameOfAssured":"B Jayanthi","agencyCode":"0090976F ","developmentOfficerCode":"315076","plan":"821","policyTerm":"25","firstUnpaidPremiumDate":"2026-03-07","cdCharge":"0","serviceBranch":"76F ","sumAssured":"200000","policyStatus":"21","dob":"1982-06-20","ageAtEntry":34,"planDetails":{"plan":821,"planType":null,"planDesc":null,"premiumDueDuration":6,"premiumDueDurationType":"M","payPremiumAdvance":30,"payPremiumAdvanceType":"D","gracePeriod":15,"gracePeriodType":"D","serviceTaxRateFirstYr":4.5,"serviceTaxRateNextYrs":2.25,"serviceTaxRateEduCess":0.0,"topUpAllowed":null,"multiplyTopupAmt":null,"topupLimitCriteria":null,"topupNoPayBefMaturity":null,"planCategory":"NORM","freeCoverCond":null,"freeCoverFUP":null,"campaignStartDate":"2026-01-01","campaignEndDate":"2026-03-02","percentageofwaiver":30.0,"maxLimitofwaiver":3000.0,"waiversAllowedNum":1,"lateFeeWaiverInd":"Y","discountPercentFirstYr":null,"discountPercentSecondYr":null,"discountPercentThirdYr":null,"discountPercentSubYr":null,"discountFromDate":null,"discountToDate":null,"maxLimitWaiverFstYr":null,"maxLimitWaiverScndYr":null,"maxLimitWaiverThirdYr":null,"maxLimitWaiverSubYr":null,"discountParameter":null,"graceprdExtFlag":null,"graceprdExtFrmDate":null,"graceprdExtToDate":null,"graceprdPrcntWaiver":null,"maxWaiverLimitgraceprd":null,"gstCdCharge":0.0,"gstLateFeeRateFirstYr":18.0,"gstLateFeeRateNextYrs":18.0,"dateOfLaunch":"01/06/2014","beforeLaunch":"N","centralGSTPercentage":50,"discountPeriod":null,"discountPeriodType":null},"eligible":false,"lateFeeRequired":false,"recordId":"S","premiumPayingTerm":20,"policyBenefits":"200000","dueAmount":"1032.00","taxExemption":false,"age":"44","eserviceEligible":false,"policyUlip":false,"dateOfLastPayment":"2035-12-07","dateOfMaturity":"2041-01-07","statusShortDesc":"In Force","nav":"For NAV details please contact your Servicing Branch / Customer Zone","altChannelId":"0 ","riderPolicy":false,"minorChild":false,"accountingBookCode":8,"payedPolicy":false,"advancePayedPolicy":false,"lastAccountDate":"2026-03-03","noBonusYears":0,"bonusInfo":{"totalRevBonus":85400,"totalInterimBonus":0,"totalFAB":0,"totalGuaranty":0,"totalLoyalty":0,"totalOneTimeBonus":0.00,"messageCode":null,"calulationSheetHTML":"<table border=1><tr class=grey-bg><td>From</td><td>Upto</td><td>Year</td><td>Type</td><td>Factor</td><td>Rate</td><td>Bonus </td></tr><tr class=grey-bg><td>2016-01-07</td><td>2017-01-07</td><td>2016</td><td>V</td><td>1.0</td><td>49.00</td><td>8800.00</td></tr><tr class=grey-bg><td>2016-01-07</td><td>2017-01-07</td><td>2016</td><td>O</td><td>1.0</td><td>5.00</td><td>1000.00</td></tr><tr class=grey-bg><td>2017-01-07</td><td>2018-01-07</td><td>2017</td><td>V</td><td>1.0</td><td>44.00</td><td>8800.00</td></tr><tr class=grey-bg><td>2018-01-07</td><td>2019-01-07</td><td>2018</td><td>V</td><td>1.0</td><td>44.00</td><td>8800.00</td></tr><tr class=grey-bg><td>2019-01-07</td><td>2020-01-07</td><td>2019</td><td>V</td><td>1.0</td><td>44.00</td><td>8800.00</td></tr><tr class=grey-bg><td>2020-01-07</td><td>2021-01-07</td><td>2020</td><td>V</td><td>1.0</td><td>41.00</td><td>8200.00</td></tr><tr class=grey-bg><td>2021-01-07</td><td>2022-01-07</td><td>2021</td><td>V</td><td>1.0</td><td>41.00</td><td>8200.00</td></tr><tr class=grey-bg><td>2022-01-07</td><td>2023-01-07</td><td>2022</td><td>V</td><td>1.0</td><td>41.00</td><td>8200.00</td></tr><tr class=grey-bg><td>2023-01-07</td><td>2024-01-07</td><td>2023</td><td>V</td><td>1.0</td><td>41.00</td><td>8200.00</td></tr><tr class=grey-bg><td>2024-01-07</td><td>2025-01-07</td><td>2024</td><td>V</td><td>1.0</td><td>41.00</td><td>8200.00</td></tr><tr class=grey-bg><td>2025-01-07</td><td>2026-01-07</td><td>2025</td><td>V</td><td>1.0</td><td>41.00</td><td>8200.00</td></tr><tr class=grey-bg><td colspan=7>Total Rev Bonus : 85400.00   Total Interim Bonus : 0.00</td></tr></table> ","calulationSheetText":"From        Upto        Year Type Factor  Rate     Bonus \r\n2016-01-07  2017-01-07  2016  V     1.0   49.00    8800.00\r\n2016-01-07  2017-01-07  2016  O     1.0   5.00    1000.00\r\n2017-01-07  2018-01-07  2017  V     1.0   44.00    8800.00\r\n2018-01-07  2019-01-07  2018  V     1.0   44.00    8800.00\r\n2019-01-07  2020-01-07  2019  V     1.0   44.00    8800.00\r\n2020-01-07  2021-01-07  2020  V     1.0   41.00    8200.00\r\n2021-01-07  2022-01-07  2021  V     1.0   41.00    8200.00\r\n2022-01-07  2023-01-07  2022  V     1.0   41.00    8200.00\r\n2023-01-07  2024-01-07  2023  V     1.0   41.00    8200.00\r\n2024-01-07  2025-01-07  2024  V     1.0   41.00    8200.00\r\n2025-01-07  2026-01-07  2025  V     1.0   41.00    8200.00\r\n   Total Rev Bonus : 85400.00   Total Interim Bonus : 0.00\r\n "},"isSpotRevivalAllowed":false,"discountApplicable":false,"advancePaymetEligible":false,"maturitySumAssured":0,"gstInNumber":"null","transactionAllowed":true,"dateOfShowMaturity":"2041-01-07","panFlag":false,"neftFlag":true,"itPan":"","neftStatus":"Y","titleCode":"A","premiumGapFlag":false,"dghPolicyFlag":false,"policyExitStatus":false,"serviceRequestFlag":false,"nriGstFlag":false,"fyEndDate":"2026-03-31"},"person":{"policyNo":703332669,"birthDate":"1982-06-20","fullName":"B Jayanthi","sex":"F","shortName":"Jayanthi B","age":"34","profileMobileNo":null,"profileEmail":null,"profileUnMaskMobileNo":null,"profileUnMaskEmail":null},"address":{"policyNo":703332669,"address1":"W/O.Sivakumar","address2":"C/O.P.U.M.School,Namagiripet.Po,","address3":"Rasipuram.Tk, Namakkal.Dt","addressId":1,"pin":637406},"branch":{"branchCode":"76F ","address1":"LIC OF INDIA - 76F","address2":"NAMAKKAL ROAD","address3":"RASIPURAM","branchIp":"10.128.42.194","branchName":"LIC of India, Rasipuram Br Office","city":null,"dcCode":"X070","divCode":70,"eaiIndication":"Y","emailId":"BO_76F@LICINDIA.COM","man":null,"odsIndication":"N","pin":null,"state":"null"},"agent":{"agencyCode":"0090976F ","address1":"D/O.K.Jayaraman,Jai Ganesh Lorry","address2":"Service,T.P.Kadu,Moolapallipatty.Po","address3":"Rasipuram.Tk & Namakkal .Dt.","agentName":"J.Renukadevi","birthDate":"1976-03-10","category":2,"city":null,"disabilityCode":1,"enteredDate":"2026-03-30T01:09:16.000+00:00","itaxPanNo":"ANZPR4228B","occupationCode":12,"pin":637406,"qualificationCode":3,"sex":"F"},"nominees":[{"policyNo":703332669,"nomineeAge":9,"nomineeDob":null,"nomineeId":1,"nomineeName":"Prithive Suriya","nomineeRegistrationDate":null,"nomineeRelation":"S","nomineeShare":0,"nomineeStatus":"B"},{"policyNo":703332669,"nomineeAge":4,"nomineeDob":null,"nomineeId":2,"nomineeName":"Siddarth","nomineeRegistrationDate":null,"nomineeRelation":"S","nomineeShare":0,"nomineeStatus":"B"}],"billingInfo":{"policyNumber":"703332669","nameOfAssured":"B Jayanthi","planName":"New Money Back Plan - 25 Years","plan":821,"mode":"1","premium":1032,"sumAssured":200000,"status":null,"firstUnpaidPremiumDate":"2026-03-07","nextFup":null,"dueAmount":"1032.00","payedPolicy":false,"noOfDues":1,"eligible":false,"spotRevival":false},"policyContact":{"policyNo":703332669,"dataSource":"B","emailAddress":"priyahithesh@gmail.com                  ","enteredDate":"2026-03-04T20:00:10.445+00:00","mobileNo":"919080588877","countryCode":null,"telephoneNo":"null","panNo":null},"policyExtra":{"accumTerm":0},"policyAnnuity":null,"userRegistered":"N","assignmentDetails":[],"ulipExtra":{"giveCashAmount":null},"bonusErrorMessage":null,"qpayPolicy":{"policyNumber":"703332669","dob":"20/06/1982","emailId":"priyahithesh@gmail.com","mobileNo":"9080588877","premium":"1032","key":"364351"}}



==== 30/03/2026 10:49:42 - GET-URL ======

https://mk-channel.licindia.in/Landing/



==== 30/03/2026 10:50:07 - OSTATTUS-RESPONSE-TOKEN ======

YjFlJQWoTIfTitJQqE2tmN6r+0d7C/01ichsPrM2GjobnEchPln5EfTxmnUqT2BcGfZIdDNSQqWKQhyqJ+NQTJbakPavGjYHxOavVqveT0b93EOUzf4y8KpbMbcMCrlYC6nAEqQnFdiv2rMKZrDNqfzKw+x5IlzI2EFBx1dyTNEZabmhzsREOhxUWCwttYSKXDSOgeCYVtU7NLQkpqKVt1V92IxsmLdkfF75VCTS1QaNdWC4gEZvDJ9Lqbn6YzpGGxfHFR8w025xMj52h+gKoWayUjPe4KI6S2ZdZFIegcsP9IBMUCVP3SGY/Jvl89OCq6dmZfnWO8U0GrT6HH8OW8ZfqNxJqtjMXWXrCS2/kyocgkKeMGjbj4xjrTcLb/yppnYYAxAXzW3SrjI8QjOs9H2TIenmYdUNX5UWr+spPK9eKeBYTtnruW0aYpDoCRZNvC7KTXjFYAOn7/G1zueLbz+i9luseYv7chrqReT6IjZmvO8lSmyGxHosgbyOpMeykBldTiYqrUJXoDc6DsCFOonqik2+chRNGWS2DOHdeE7OsshDEtbEj+mFuFG8wtycjmuvLVWXPqnBGvZFrFWnRrZrxXWQAwKOblT4H87bw/Z2OKD/LIWUybFCS2owOU+wPxmRLehqvqPCc6dPLETjcCXzdWNIk40EX3fL+itvN9pjYHFuPekIBa2b34REHZD+/ftXUwKyoREfXUKc3hjBuJ6rR8xpJuY+xzBq7D1UdLwVUdB5spm++1/m/hMuhe+zgGWquj+3BrTPxQIcpsPiDLtUeTCDCU7rebAT0pXvQOZQhUtI/E3/smnMkmySx11EV5MgkcdqnGwoCRqj+JlD1bDXJFENoP9qxozOHdjC+WyzlVXH3M0GFA3lYRtY5c564XpeuP2FsHmj/qZb0PVE7YROieaR5El0j6Ls1u5k0ip2WaPlEK7Et5aEsiFCp5GSVr9rEKeCus7hyJ8dpEwdFmZczylTZqF6JMQidnUVJcNDDXghdm//H+rWwc7O49ubiH0i6DM4qEu2oq19i98VD79gMn1Rbe7gRHTkGoTph7SJWw2uV1OETDwmMbHQLUrf3i2pOOFsrNTUo6U3z4GWxJ+Gz9WcRqkAZY6Nao/bQ651eNfi4RMjw/NPOWdxUkhQuWMzZuIP44aIbRAVAdgxrWPcWnrQ54B3tY7huiYWHVv0AynD4VJ8Kpz9XShNkUdDAUP+B2EejX3vMs1l8vIamT8FbE1sV4ySFmXph7P0JNEQOxHfnsERnbO1t5CRfQkC/siTCEgviqqWZ9FGfYps5iq98EoWmM4q3lGLG3lkWAK3qXTQl9d7bYhvg0CeRwdo3k5qwiBqQui1o0Zqk+l6DiNK88QUEbLVXv4hC/BbPVF0vutN+72Kca8bdkyROndGRHWRvAH1vDtkbjdEJF9raxJUNwYFcO1B3YP7VKN+mY09N5YAmAm+Pynq5d8nLwFw9iVf4NFEnCxeVEAk5QJhJYV0TmmlOiB/dMEayaLcK6S1jjr/hLXZvOOcXxK5HOnp0TiXbZTyKR95uS0M+mJyAZkMBKRqWtEbLDrk63Pv76tZwy0Ac7Rw1HQtWNWyHqYFW62rc2R/ItB9u2sqq0RCdWaoEDDoG/+ajucmasBuHvBxsCweRAekd1qq6IkGxQSXeQpXV2nDoaVfjTYxlM4L0GshO5SMaXRAzhQ5igo2oq6cvoScTyEQ0JqOafXuzp3Btoh3uMRQhk5eDbLOq45mmtzJZxOOKwv2tHPPvazDlrsbGISsTP392xgZXw3j7OwsuuvUEuq52UuycoVRqiIeOMPZ785blrGDC6MlPqgbtof/OhOEZWkPyaSpMkztUtHUInYiFZPqpH8QHB42bbHooDUNd63npOCtYjKJmYrRfIsTLOgIvf5pmcmq555HHNxZM41mJ7OOeAVocJqBCStxy7oAhojzwUp1DbkldTRDZUDpEOOC/q+3



==== 30/03/2026 10:50:07 - OSTATTUS-RESPONSE-TOKEN ======

eyJhbGciOiJIUzUxMiJ9.eyJzdWIiOiJJREFNMDIxMjIwMjIzOTg4MzQ2IiwiYWdlbmN5X2NvZGUiOm51bGwsImNyZWF0ZWQiOjE3NzQ4NDc4MzY4MzAsImFjY2Vzc19jb2RlIjoiZXlKaGJHY2lPaUpTVXpJMU5pSXNJblI1Y0NJNklrcFhWQ0o5LmV5SnpkV0lpT2lKSlJFRk5NREl4TWpJd01qSXpPVGc0TXpRMklpd2labTVoYldVaU9pSkxRVlpKVkVFZ1RVRkpVa1ZOUWtGTklpd2lkWE5sY25OMFlYUjFjeUk2SWpFaUxDSmxiblJwZEhsc2FYTjBJanBiSWt4SlExOURWVk5VVDAxRlVsOVFUMUpVUVV3aVhTd2ljbTlzWlhNaU9sc2lSRThpWFN3aWFYTnpJam9pUVZKWUlpd2liVzlpYVd4bElqb2lPREV6TWpnNU9ERTFPQ0lzSW1GMVpDSTZJbVJsWm1GMWJIUWlMQ0pzYm1GdFpTSTZJa3RCVmtsVVFTQk5RVWxTUlUxQ1FVMGlMQ0oxYzJWeVZIbHdaU0k2SWpFaUxDSmxlSEFpT2pFM056UTROelkyTWpBc0ltbGhkQ0k2TVRjM05EZzBOemd5TUN3aWFuUnBJam9pTkRZME5XSmlNRFl0Tm1Vek15MDBaakpqTFdJME5qQXRabVl3TURCa05HTTVZMk5pSWl3aVpXNTBhWFI1SWpvaVRFbERYME5WVTFSUFRVVlNYMUJQVWxSQlRDSXNJbVZ0WVdsc0lqb2lhMkYyYVhSaExtMWhhWEpsYldKaGJVQnNhV05wYm1ScFlTNWpiMjBpZlEuZ3p4Rkp4cndQUFRUNXZCQVF6Q2hGeDhkbEU1cXZYYXM4cHBKUGx3R04tUHFRb3A1UVhRZDNRMFRuSmRNNTk0MzFHa1QzMGh1ZXR2WjNkenNaQlpIMkNMQkZ6a2hrYm5HNXQ2LW1RbWZhUTc4M2hyNGpFYlg1TnE2RnJhVld1WkIyYmFUcXFVdmROZVBfYUNkZnR4SkFMTUMtenVJaDFzaDU3eVBxcU5RMVhabHY0VG5HU3pRbXZFanVfVUJvdlJ5YXdtUkdXclF2Tm1mTWJzT21memdxc0ZuVi03alpnXzNwS01PRldKTVNrZjQ4ZzNUUFlpN1ZjVV9XeVZocUxjWmN3Yjg3cTdSQkxjTk5sTUJxam5aM3cyclhrVXVBc3hNc3l4QWl5VEV2U1lJWHRtREZTeXZWMW41eFIxZjY3ZlRkMXJDX2tJMzJrMXhiR3NzTTg1NDNnIiwicm9sZXMiOlsiRE8iXSwiY2xpZW50SXAiOm51bGwsImVudGl0bGVtZW50IjpbXX0.pdwwzmAbNN3EHVBGc9FEP9it9FGODc3sIOEcAB80Pi_lbdaGvLtc_OM4aE9NhNjlohQkT8U_hfc1ISRLU9eAWA



==== 30/03/2026 10:50:07 - POST-URL ======

https://ebizapp01.licindia.in/BFFService/policy/policyInfo?_dc=1774848007964



==== 30/03/2026 10:50:08 - POST-URL ======

{"confirmationId":null,"status":"200","resultInfoList":null,"count":0,"policy":{"policyNumber":"327417944","planName":"LIC's New Jeevan Labh Plan","mode":"1","noOfDues":1,"premium":"942.00","commenceDate":"2024-03-13","nameOfAssured":"R Dhivya","agencyCode":"0090976F ","developmentOfficerCode":"87070","plan":"936","policyTerm":"21","firstUnpaidPremiumDate":"2026-03-13","cdCharge":"0","serviceBranch":"76F ","sumAssured":"200000","policyStatus":"21","dob":"1991-03-15","ageAtEntry":33,"planDetails":{"plan":936,"planType":null,"planDesc":null,"premiumDueDuration":6,"premiumDueDurationType":"M","payPremiumAdvance":30,"payPremiumAdvanceType":"D","gracePeriod":15,"gracePeriodType":"D","serviceTaxRateFirstYr":4.5,"serviceTaxRateNextYrs":2.25,"serviceTaxRateEduCess":0.0,"topUpAllowed":null,"multiplyTopupAmt":null,"topupLimitCriteria":null,"topupNoPayBefMaturity":null,"planCategory":"NORM","freeCoverCond":null,"freeCoverFUP":null,"campaignStartDate":"2026-01-01","campaignEndDate":"2026-03-02","percentageofwaiver":30.0,"maxLimitofwaiver":3000.0,"waiversAllowedNum":1,"lateFeeWaiverInd":"Y","discountPercentFirstYr":null,"discountPercentSecondYr":null,"discountPercentThirdYr":null,"discountPercentSubYr":null,"discountFromDate":null,"discountToDate":null,"maxLimitWaiverFstYr":null,"maxLimitWaiverScndYr":null,"maxLimitWaiverThirdYr":null,"maxLimitWaiverSubYr":null,"discountParameter":null,"graceprdExtFlag":null,"graceprdExtFrmDate":null,"graceprdExtToDate":null,"graceprdPrcntWaiver":null,"maxWaiverLimitgraceprd":null,"gstCdCharge":0.0,"gstLateFeeRateFirstYr":18.0,"gstLateFeeRateNextYrs":18.0,"dateOfLaunch":"01/02/2020","beforeLaunch":"N","centralGSTPercentage":50,"discountPeriod":null,"discountPeriodType":null},"eligible":true,"lateFeeRequired":false,"recordId":"O","premiumPayingTerm":15,"policyBenefits":"200000","dueAmount":"942.00","taxExemption":false,"age":"35","eserviceEligible":false,"policyUlip":false,"dateOfLastPayment":"2039-02-13","dateOfMaturity":"2045-03-13","statusShortDesc":"In Force","nav":"For NAV details please contact your Servicing Branch / Customer Zone","altChannelId":"10","riderPolicy":false,"minorChild":false,"accountingBookCode":1,"payedPolicy":false,"advancePayedPolicy":false,"lastAccountDate":"2026-03-04","noBonusYears":0,"bonusInfo":{"totalRevBonus":0,"totalInterimBonus":0,"totalFAB":0,"totalGuaranty":0,"totalLoyalty":0,"totalOneTimeBonus":0.00,"messageCode":null,"calulationSheetHTML":"<table width=100% ><tr class=grey-bg><td>Please Check Data As After Conversion Bonus Year Cannot Be Zero</td></tr></table>","calulationSheetText":"Please Check Data As After Conversion Bonus Year Cannot Be Zero  "},"isSpotRevivalAllowed":false,"discountApplicable":false,"advancePaymetEligible":false,"maturitySumAssured":0,"gstInNumber":"null","transactionAllowed":true,"dateOfShowMaturity":"2045-03-13","panFlag":true,"neftFlag":false,"itPan":"CL******6F","neftStatus":"N","titleCode":"1","premiumGapFlag":false,"dghPolicyFlag":false,"policyExitStatus":false,"serviceRequestFlag":false,"nriGstFlag":false,"fyEndDate":"2026-03-31"},"person":{"policyNo":327417944,"birthDate":"1991-03-15","fullName":"R Dhivya","sex":"F","shortName":"Dhivya R","age":"33","profileMobileNo":null,"profileEmail":null,"profileUnMaskMobileNo":null,"profileUnMaskEmail":null},"address":{"policyNo":327417944,"address1":"D/O Rajamanickam,","address2":"13/1, Sellappa Kattukottai,","address3":"Koneripatti Po, Rasipuram Tk","addressId":1,"pin":637408},"branch":{"branchCode":"76F ","address1":"LIC OF INDIA - 76F","address2":"NAMAKKAL ROAD","address3":"RASIPURAM","branchIp":"10.128.42.194","branchName":"LIC of India, Rasipuram Br Office","city":null,"dcCode":"X070","divCode":70,"eaiIndication":"Y","emailId":"BO_76F@LICINDIA.COM","man":null,"odsIndication":"N","pin":null,"state":"null"},"agent":{"agencyCode":"0090976F ","address1":"D/O.K.Jayaraman,Jai Ganesh Lorry","address2":"Service,T.P.Kadu,Moolapallipatty.Po","address3":"Rasipuram.Tk & Namakkal .Dt.","agentName":"J.Renukadevi","birthDate":"1976-03-10","category":2,"city":null,"disabilityCode":1,"enteredDate":"2026-03-30T01:09:16.000+00:00","itaxPanNo":"ANZPR4228B","occupationCode":12,"pin":637406,"qualificationCode":3,"sex":"F"},"nominees":[{"policyNo":327417944,"nomineeAge":58,"nomineeDob":null,"nomineeId":1,"nomineeName":"RAJENADEVI","nomineeRegistrationDate":null,"nomineeRelation":"M","nomineeShare":100,"nomineeStatus":"B"}],"billingInfo":{"policyNumber":"327417944","nameOfAssured":"R Dhivya","planName":"LIC's New Jeevan Labh Plan","plan":936,"mode":"1","premium":942,"sumAssured":200000,"status":null,"firstUnpaidPremiumDate":"2026-03-13","nextFup":null,"dueAmount":"942.00","payedPolicy":false,"noOfDues":1,"eligible":true,"spotRevival":false},"policyContact":{"policyNo":327417944,"dataSource":"B","emailAddress":"null","enteredDate":"2026-03-05T20:00:09.180+00:00","mobileNo":"919445974710","countryCode":null,"telephoneNo":"null","panNo":null},"policyExtra":{"accumTerm":0},"policyAnnuity":null,"userRegistered":"N","assignmentDetails":[],"ulipExtra":{"giveCashAmount":0},"bonusErrorMessage":null,"qpayPolicy":{"policyNumber":"327417944","dob":"15/03/1991","emailId":null,"mobileNo":"9445974710","premium":"942","key":"485567"}}



==== 30/03/2026 10:50:19 - GET-URL ======

https://mk-channel.licindia.in/Landing/



==== 30/03/2026 10:50:42 - OSTATTUS-RESPONSE-TOKEN ======

T4YlgeBMknnatSQvEx5g5qsp6psbfp6zz/FAu/690o7iyDD4zIrsK4LSKPZVqytBIN0llWCu9WRo1ZwlBq3FP9y1glGcJ2/d4DjdB+zDiHWK8atGijZgqF+5Y/JQ6vWZebw8SbqCnf4rEk4aNn4FqOE7nbOI8D5+T/G5XUqsHHrlzjZdY0V7a6rL5HrHuvMJgROWTQn2+C4nKzrNW2zJrlyhDZPHVn1TlSqF5RlqcPfQ2LVU57omKnRqTPxynq8ZkDYuYEFRPtG/d/Bh3cGll1TMvnesEn8+MQLH6Z+vdNwzmGWHYRZX3tdGVPV3WGOY25wFGoA9N8BrpAdh5lk2otgSUDJv2z4akUVqdsUOjWgzK+Ex+Cd8RI7XMazV5FGKmwLgllR/1my7KY0IU3Bqje9fKSzTKuHXSuAssyEqYdiI0Xzu83Ui1FnOWhp/dgo0igZdJP08ZwZCJuzevXv0tFz+YAAFbETLKejG0x4gpOhBHv93joyf4iG4wt1uls35kYY5ay2IWRVUXCbudXnaFpGomDM1vcJGEcXLgGBOwCD354YlzOZk9bNQ607w4mz/mX9JQhT8O85VoAbKNq1mgue99Rqgvd0L+gnY7o4mYOD6hGzkUsx6lb4OCcWkmwRd+fEEUimaYgsSuzxyfmEKP88KH/CtMsikbu2NSn+hBZmTACm6sAuTkcPUTeYPEOvDEIIYRW6Sl1BH0dUCHjnicd9JrWL4BI+mYcdmKBP6i0OmuuEaZV+dY0PJ0u4imb8lP0MAGy6cd1qKElncaiJxZrH76EBd2BW/Zq5H+ZXhAhdRLsxjothfd7s+AJLZfR5iW0EIkmjR2l2018MwGosLXh5IhAd2CXzOz27d71uuCYZKI82Bl/KQu5D23aTD+J1S5iYI+5Jalts20HjKMfK9fD1w6BbFy7PFZtpLjawWeMmu00lPIkNXlqV6xhPNbDVRAYytkoGavIKD1yV00E7283GnxN9SCBVZZgUGWYud+rhp3KOp9kPw7LsTxk6iAvvoEdPFvvjh3oloPrSQf0uUITKizt0SrMI3YggrAkIDMTx4T8VlRXawysqZw2SIE8lJxX4T/FaR/1MkkIDlm902nrfy3JUGMHmD0qYuRIQ/PjIwpz3EhtKDNC+YZv+stGmnFcPt49rbE+3cRadQVBQlL19/7ps3Rj4/UlEMls+07RG58frLwz554UoO9TuuQEzE8oAVCyOYfn6HMaaH0hI6LfqHkVKXbuxcwgfSdTA+G8paxBQlZO+muyy8wRbtrKqBVMsfp6tqpwWk/jFLFbnLnRtwpn/4GaOPtYkcAXTiBvF/oKEmTELC0lIVg+KnFC7ROjw6rT+kYxG69gOgCHdtXpqAwjlWEgBeyMpKveHPW7sQySWkmuvBJjyH/YMx0a/EU0ESpLvnJZtMNPeW0CXSJWsqjX8l/hIGJaZ580ajruaWOex3A2E8C7BXiKtF1f0L+8SzJqs/+bWcCk7Est5UezUaWzP/0RGC0UsHg1JAoDg7an06ONULfh/mNbzCZKWjTEivRXpMKmIxuFckTYhV6laPE5B4C4GJQ5r+lqJz2BGGZ8OTNpnQpm5BsZAbdhvAo/pThVfGjMbCahWiaEbTQXcUnk4aFtKNAgO7xGN6A11Pc5mVpnyzw6+oeBoCXZcPxz73pii0XdMaiFfx0xHhxU1n/PKYk1S6O38wuLDW3EwusfVK+yitFDYkg//ka0uoBVuqCY9KHggrzh0LmUmccKsFuJhL/PURtdh3VDKEiCVB7nxcSzFUGUe2G4rjEi0UsCiae8VJkczEbukTTRpnzBGA+YRTG9BDPAkeQICqoSt0108dPpa+Lyfl3dEU2PiSD7W6iFIexig2Y6lN1UZUgrZzYPW8oUteUGWK9Oxbo9/2ZKgVTr+PLDN+8kX9+5Zy1qzWLURWRGfQ/VrAPxYR7sj5tLPTXZJch3xwzzLU9OK+O1YT/ZZ0



==== 30/03/2026 10:50:42 - OSTATTUS-RESPONSE-TOKEN ======

eyJhbGciOiJIUzUxMiJ9.eyJzdWIiOiJJREFNMDIxMjIwMjIzOTg4MzQ2IiwiYWdlbmN5X2NvZGUiOm51bGwsImNyZWF0ZWQiOjE3NzQ4NDc4MzY4MzAsImFjY2Vzc19jb2RlIjoiZXlKaGJHY2lPaUpTVXpJMU5pSXNJblI1Y0NJNklrcFhWQ0o5LmV5SnpkV0lpT2lKSlJFRk5NREl4TWpJd01qSXpPVGc0TXpRMklpd2labTVoYldVaU9pSkxRVlpKVkVFZ1RVRkpVa1ZOUWtGTklpd2lkWE5sY25OMFlYUjFjeUk2SWpFaUxDSmxiblJwZEhsc2FYTjBJanBiSWt4SlExOURWVk5VVDAxRlVsOVFUMUpVUVV3aVhTd2ljbTlzWlhNaU9sc2lSRThpWFN3aWFYTnpJam9pUVZKWUlpd2liVzlpYVd4bElqb2lPREV6TWpnNU9ERTFPQ0lzSW1GMVpDSTZJbVJsWm1GMWJIUWlMQ0pzYm1GdFpTSTZJa3RCVmtsVVFTQk5RVWxTUlUxQ1FVMGlMQ0oxYzJWeVZIbHdaU0k2SWpFaUxDSmxlSEFpT2pFM056UTROelkyTWpBc0ltbGhkQ0k2TVRjM05EZzBOemd5TUN3aWFuUnBJam9pTkRZME5XSmlNRFl0Tm1Vek15MDBaakpqTFdJME5qQXRabVl3TURCa05HTTVZMk5pSWl3aVpXNTBhWFI1SWpvaVRFbERYME5WVTFSUFRVVlNYMUJQVWxSQlRDSXNJbVZ0WVdsc0lqb2lhMkYyYVhSaExtMWhhWEpsYldKaGJVQnNhV05wYm1ScFlTNWpiMjBpZlEuZ3p4Rkp4cndQUFRUNXZCQVF6Q2hGeDhkbEU1cXZYYXM4cHBKUGx3R04tUHFRb3A1UVhRZDNRMFRuSmRNNTk0MzFHa1QzMGh1ZXR2WjNkenNaQlpIMkNMQkZ6a2hrYm5HNXQ2LW1RbWZhUTc4M2hyNGpFYlg1TnE2RnJhVld1WkIyYmFUcXFVdmROZVBfYUNkZnR4SkFMTUMtenVJaDFzaDU3eVBxcU5RMVhabHY0VG5HU3pRbXZFanVfVUJvdlJ5YXdtUkdXclF2Tm1mTWJzT21memdxc0ZuVi03alpnXzNwS01PRldKTVNrZjQ4ZzNUUFlpN1ZjVV9XeVZocUxjWmN3Yjg3cTdSQkxjTk5sTUJxam5aM3cyclhrVXVBc3hNc3l4QWl5VEV2U1lJWHRtREZTeXZWMW41eFIxZjY3ZlRkMXJDX2tJMzJrMXhiR3NzTTg1NDNnIiwicm9sZXMiOlsiRE8iXSwiY2xpZW50SXAiOm51bGwsImVudGl0bGVtZW50IjpbXX0.pdwwzmAbNN3EHVBGc9FEP9it9FGODc3sIOEcAB80Pi_lbdaGvLtc_OM4aE9NhNjlohQkT8U_hfc1ISRLU9eAWA



==== 30/03/2026 10:50:42 - POST-URL ======

https://ebizapp01.licindia.in/BFFService/policy/policyInfo?_dc=1774848042921



==== 30/03/2026 10:50:44 - POST-URL ======

{"confirmationId":null,"status":"200","resultInfoList":null,"count":0,"policy":{"policyNumber":"327420166","planName":"LIC's New Jeevan Labh Plan","mode":"1","noOfDues":1,"premium":"1416.00","commenceDate":"2024-10-14","nameOfAssured":"N . Murali","agencyCode":"0090976F ","developmentOfficerCode":"87070","plan":"736","policyTerm":"21","firstUnpaidPremiumDate":"2026-03-14","cdCharge":"0","serviceBranch":"76F ","sumAssured":"250000","policyStatus":"21","dob":"1974-06-10","ageAtEntry":50,"planDetails":{"plan":736,"planType":null,"planDesc":null,"premiumDueDuration":6,"premiumDueDurationType":"M","payPremiumAdvance":30,"payPremiumAdvanceType":"D","gracePeriod":15,"gracePeriodType":"D","serviceTaxRateFirstYr":4.5,"serviceTaxRateNextYrs":2.25,"serviceTaxRateEduCess":0.0,"topUpAllowed":null,"multiplyTopupAmt":null,"topupLimitCriteria":null,"topupNoPayBefMaturity":null,"planCategory":"NORM","freeCoverCond":null,"freeCoverFUP":null,"campaignStartDate":"2026-01-01","campaignEndDate":"2026-03-02","percentageofwaiver":30.0,"maxLimitofwaiver":3000.0,"waiversAllowedNum":1,"lateFeeWaiverInd":"Y","discountPercentFirstYr":null,"discountPercentSecondYr":null,"discountPercentThirdYr":null,"discountPercentSubYr":null,"discountFromDate":null,"discountToDate":null,"maxLimitWaiverFstYr":null,"maxLimitWaiverScndYr":null,"maxLimitWaiverThirdYr":null,"maxLimitWaiverSubYr":null,"discountParameter":null,"graceprdExtFlag":null,"graceprdExtFrmDate":null,"graceprdExtToDate":null,"graceprdPrcntWaiver":null,"maxWaiverLimitgraceprd":null,"gstCdCharge":0.0,"gstLateFeeRateFirstYr":18.0,"gstLateFeeRateNextYrs":18.0,"dateOfLaunch":"2/1/2020","beforeLaunch":"N","centralGSTPercentage":50,"discountPeriod":null,"discountPeriodType":null},"eligible":true,"lateFeeRequired":false,"recordId":"O","premiumPayingTerm":15,"policyBenefits":"250000","dueAmount":"1416.00","taxExemption":false,"age":"52","eserviceEligible":false,"policyUlip":false,"dateOfLastPayment":"2039-09-14","dateOfMaturity":"2045-10-14","statusShortDesc":"In Force","nav":"For NAV details please contact your Servicing Branch / Customer Zone","altChannelId":"R4","riderPolicy":false,"minorChild":false,"accountingBookCode":1,"payedPolicy":false,"advancePayedPolicy":false,"lastAccountDate":"2026-03-04","noBonusYears":99,"bonusInfo":{"totalRevBonus":0,"totalInterimBonus":0,"totalFAB":0,"totalGuaranty":0,"totalLoyalty":0,"totalOneTimeBonus":0.00,"messageCode":null,"calulationSheetHTML":"<table width=100% ><tr class=grey-bg><td>Please Check Data As After Conversion Bonus Year Cannot Be Zero</td></tr></table>","calulationSheetText":"Please Check Data As After Conversion Bonus Year Cannot Be Zero  "},"isSpotRevivalAllowed":false,"discountApplicable":false,"advancePaymetEligible":false,"maturitySumAssured":0,"gstInNumber":"null","transactionAllowed":true,"dateOfShowMaturity":"2045-10-14","panFlag":true,"neftFlag":true,"itPan":"BU******8D","neftStatus":"Y","titleCode":"1","premiumGapFlag":false,"dghPolicyFlag":false,"policyExitStatus":false,"serviceRequestFlag":false,"nriGstFlag":false,"fyEndDate":"2026-03-31"},"person":{"policyNo":327420166,"birthDate":"1974-06-10","fullName":"N . Murali","sex":"M","shortName":"Murali N ","age":"50","profileMobileNo":null,"profileEmail":null,"profileUnMaskMobileNo":null,"profileUnMaskEmail":null},"address":{"policyNo":327420166,"address1":"D.No 3/914 Koneripatti Extension-I,","address2":"Rasipuram Po Tk,","address3":"Namakkal Dt.","addressId":1,"pin":637408},"branch":{"branchCode":"76F ","address1":"LIC OF INDIA - 76F","address2":"NAMAKKAL ROAD","address3":"RASIPURAM","branchIp":"10.128.42.194","branchName":"LIC of India, Rasipuram Br Office","city":null,"dcCode":"X070","divCode":70,"eaiIndication":"Y","emailId":"BO_76F@LICINDIA.COM","man":null,"odsIndication":"N","pin":null,"state":"null"},"agent":{"agencyCode":"0090976F ","address1":"D/O.K.Jayaraman,Jai Ganesh Lorry","address2":"Service,T.P.Kadu,Moolapallipatty.Po","address3":"Rasipuram.Tk & Namakkal .Dt.","agentName":"J.Renukadevi","birthDate":"1976-03-10","category":2,"city":null,"disabilityCode":1,"enteredDate":"2026-03-30T01:09:16.000+00:00","itaxPanNo":"ANZPR4228B","occupationCode":12,"pin":637406,"qualificationCode":3,"sex":"F"},"nominees":[{"policyNo":327420166,"nomineeAge":47,"nomineeDob":null,"nomineeId":1,"nomineeName":"J RENUKADEVI","nomineeRegistrationDate":null,"nomineeRelation":"W","nomineeShare":100,"nomineeStatus":"B"}],"billingInfo":{"policyNumber":"327420166","nameOfAssured":"N . Murali","planName":"LIC's New Jeevan Labh Plan","plan":736,"mode":"1","premium":1416,"sumAssured":250000,"status":null,"firstUnpaidPremiumDate":"2026-03-14","nextFup":null,"dueAmount":"1416.00","payedPolicy":false,"noOfDues":1,"eligible":true,"spotRevival":false},"policyContact":{"policyNo":327420166,"dataSource":"B","emailAddress":"muralinatesan4@gmail.com                ","enteredDate":"2026-03-05T20:00:09.180+00:00","mobileNo":"919944269673","countryCode":null,"telephoneNo":"null","panNo":null},"policyExtra":{"accumTerm":0},"policyAnnuity":null,"userRegistered":"N","assignmentDetails":[],"ulipExtra":{"giveCashAmount":0},"bonusErrorMessage":null,"qpayPolicy":{"policyNumber":"327420166","dob":"10/06/1974","emailId":"muralinatesan4@gmail.com","mobileNo":"9944269673","premium":"1416","key":"907519"}}



==== 30/03/2026 10:50:52 - GET-URL ======

https://mk-channel.licindia.in/Landing/



==== 30/03/2026 10:51:50 - OSTATTUS-RESPONSE-TOKEN ======

inFziCUVwAV35/hM1YJLrwRgpYZMcPp/9YJjCEmj88t/A5QGuGRLq9pIQMc0GH5VjzzRgKdpdiwm+Q6gVl4T0uZ7z7++jzTW+p6zvdHCCXThKYqULhSWfHpno2Fss4cMrBx7vfdaGF9xvU829hoXkN4+2Z3vLzvbIzdAHsDGbvtCg9yhPiDq3lORY+LrN8o24FimUIbv+2VeckGbQVKi6gNa2u/aDDZa45FjkI4U0f89gMUhIEGtxG7X/UdPzgolG28qPqLC8SDu4jXmJsg+2GDfEpikb1E1rurWc6JJYDprbGuWt/WJQsC8FDcLrpUMbMGyfygcg8MvZFVu08XOxr/sYLXMAYSks2CZXkI031ZAnD/7/4sFnulDc1iIS7YZz7/R5ORN4M07nax172oIMl8gwdI/+Z5XCld3GL5oQV4T6Oz2mEvvxKqx8RrjHtH+jFswr9PPX9JzVyXfLTIMLHR47LEvy6hfHyMG+X94nJQ1s4YGR2nXODqGJcA41in0kdgfGYr9GfP0YnF0JMAnmFpJKPiaOxe5vb0hWUIOoFP1Ee7Sp6nGqIkSP21P+piSSecrZIeAacpAvJ32QPWWivYgX+2F2v1WP6zx34UERvTMPf4FrLftm6ISJwZkLu12mpGnPrIltzQfd88Zg+UDAj3pDnFvzEEgWZLymXg5cCNmpGfZfI5gnOZoGErtmHVXCSasgyvHF8x1PKfDnBQ+/yMEQLRN9E+5tZNA6l9KGJJjtj0uE0A0P/E4PKMXsIZE+2f+BDrJ0IpuJMG9umTU19jUQkYI3pfF3hwmQXwyY54S6YqUncvkIsT7YJpi5TP341hQMiv1X3bYTp7jKFEI9ZJbTC47e0/nuZSSNQX9lmTH9RWRutwkbQqm15GkmGND9ixL+QvZ54eB9HHf4WJgNIHkEawGJSwCYLmy4XMiciTPUujgTkZFVC/kTP3C9dy22ec5yb57GpY904wzaTPRaUQt29/zw/x3SnN21rPaTmui0I14r/DO/RUPZAhBH3rJUFMoyuLV7xRZFj+Ap3FZLSECdaeXDBsRrFOfhDpKJ4T1CgofnmD9vvvSKfFaHVXFdOmccQeULUu/MmgCYhq6kQAz5oOTxe15mmA71rsDTwdQLXsjydKdm3b1NgkMSU9BveLittPRg6farQlJaeV5o316A0mgbkux7bingRHERZkM65CNeR9xtU9TiFHUXm5SxFtR7iqUSD9aYQLun78/dFaH5I2dB8NfTD0N2DAMc0LlEtAhC/dCe75dMNhdbDl6FooGib/L24CRLNpQR3sDjGhwIcX8+3wN/FOv0Zxm6H+v0jf3F6DIjPjQOw5mThUCjJiziYotde1cLsDUSqvy2PuUOQnWBPPxFEbSam4fkFvrgvegXzZK8QZCHg7K9suoildiljPRd8mmCivHfMQzSAVkNAgOoQEWqICGutPgyojvY5FAvA9IxkqY4a9Jui8BERJCVFlc+oQjqSzpzeN6KxnNuxwENA1bxd2TpL/JjgHWjsZ7SZjjuiKiaXEX1MP0/zGbHWs/JnvVjrTxzLHvC4bdHLn+EW1dsu/XChHFIByXBDTQKeNP853V0ybZwJS5XHYUKKt8L1c1A1V6+1R4DLyKR/VZLZTbJ67rCJTGHkAV2SJ0q8nZd4pcExaXZ7plAr/l6N0P6nCFA3MloXotrLERNX6QEZn9DqddePWYfW3L9GaZraVD3ZBg6ockg+njP0He0Gi/G7QRY//Q93Sxk9qFp5vlC9NSsB5iH7ORxev8kAuaZ4aG0DTyzM/fD2f4P97DWXcwgol6CwVKyGaf6HgacYG6InhA85ySB6qYGpu2rKGVEKuYinmdNkYqk7TEW7ul5RqZ57wAApFmVZwRzjBJVhkujF6xD8VzHgRH5GjtnDXVXOKN2/fKPCEfoPyopOV9SCO4HFCQRDyAOd2WR7EPJrhfML3e5wGXQA+zNypnJBrFhIwGDdqGU/ITvg==



==== 30/03/2026 10:51:50 - OSTATTUS-RESPONSE-TOKEN ======

eyJhbGciOiJIUzUxMiJ9.eyJzdWIiOiJJREFNMjcwNzIwMjIzMTk0OTM1IiwiYWdlbmN5X2NvZGUiOm51bGwsImNyZWF0ZWQiOjE3NzQ4NDc1MzY0MDcsImFjY2Vzc19jb2RlIjoiZXlKaGJHY2lPaUpTVXpJMU5pSXNJblI1Y0NJNklrcFhWQ0o5LmV5SnpkV0lpT2lKSlJFRk5NamN3TnpJd01qSXpNVGswT1RNMUlpd2labTVoYldVaU9pSlNRVW9nVGtGU1FWbEJUaUJVVWtsUVFWUklTU0lzSW5WelpYSnpkR0YwZFhNaU9pSXhJaXdpWlc1MGFYUjViR2x6ZENJNld5Sk1TVU5mUTFWVFZFOU5SVkpmVUU5U1ZFRk1JbDBzSW5KdmJHVnpJanBiSWtSUElsMHNJbWx6Y3lJNklrRlNXQ0lzSW0xdlltbHNaU0k2SWprM09USXlOVEEzTVRnaUxDSmhkV1FpT2lKa1pXWmhkV3gwSWl3aWJHNWhiV1VpT2lKU1FVb2dUa0ZTUVZsQlRpQlVVa2xRUVZSSVNTSXNJblZ6WlhKVWVYQmxJam9pTVNJc0ltVjRjQ0k2TVRjM05EZzNOakk0TVN3aWFXRjBJam94TnpjME9EUTNORGd4TENKcWRHa2lPaUkyWkRNMlkyUXhZaTA1WlRBeUxUUTROMkl0T1RVek1TMDNNelV4WVdJMk56YzFZalFpTENKbGJuUnBkSGtpT2lKTVNVTmZRMVZUVkU5TlJWSmZVRTlTVkVGTUlpd2laVzFoYVd3aU9pSnliaTUwY21sd1lYUm9hVGxBYkdsamFXNWthV0V1WTI5dEluMC5KMFlQUmRoeGFnVjJNUEI3R3YxWTdmZC0wWGpwZ29ZcGxrTklrWnVLZUI5WFExVjl5ZGpVZFhkc0FXSkZpYThxWlFYWXVVeVN4Ykg3TEduLW5waEdfZEVNaVRGT1VQRlQxbTJNeUNzMGZ3QTZmNlFWYmJSY19nMGV6SjJFYURCUWp4dTFoMDN3RjhWd0xUcV8wbkM3cFZlQ0xwdnVrOXFQbWxDbjJCQVFDREpRSk5oMXpjVmxnSG9WOE1RaXQ0RkV5RDF0YzJ1bGRKcHRKckNCR2xmNF90OElxeEVZMmVFZ2E0SmtpeUFBNFloY3M4dXpxM3Y4VmxXY2FTWkJiTDV6VFJVaE1DQmFieXotcGd0Y0lCTXhXWVdiYm14UDVTY2VnTDJvUURGY3doMHhnU1dqUGFiWUJhLWJ3bzV1WXljR3YzSFRXeUxOQ09xUGF3dlBiMUk3cGciLCJyb2xlcyI6WyJETyJdLCJjbGllbnRJcCI6bnVsbCwiZW50aXRsZW1lbnQiOltdfQ.HPZJ3l5q8FXTHSM6Ca693pD4ByrwWy_UgcKmGuq3VkZby3_9PtTT-_61mCQHErcwgeefZP1GBLyu0mbagKrZ2A



==== 30/03/2026 10:51:50 - POST-URL ======

https://ebizapp01.licindia.in/BFFService/policy/policyInfo?_dc=1774848110164



==== 30/03/2026 10:51:51 - POST-URL ======

{"confirmationId":null,"status":"200","resultInfoList":null,"count":0,"policy":{"policyNumber":"327422111","planName":"LIC's New Jeevan Labh Plan","mode":"1","noOfDues":1,"premium":"878.00","commenceDate":"2025-03-14","nameOfAssured":"G . Bharathi","agencyCode":"0090976F ","developmentOfficerCode":"87070","plan":"736","policyTerm":"25","firstUnpaidPremiumDate":"2026-03-14","cdCharge":"0","serviceBranch":"76F ","sumAssured":"200000","policyStatus":"21","dob":"1992-11-23","ageAtEntry":32,"planDetails":{"plan":736,"planType":null,"planDesc":null,"premiumDueDuration":6,"premiumDueDurationType":"M","payPremiumAdvance":30,"payPremiumAdvanceType":"D","gracePeriod":15,"gracePeriodType":"D","serviceTaxRateFirstYr":4.5,"serviceTaxRateNextYrs":2.25,"serviceTaxRateEduCess":0.0,"topUpAllowed":null,"multiplyTopupAmt":null,"topupLimitCriteria":null,"topupNoPayBefMaturity":null,"planCategory":"NORM","freeCoverCond":null,"freeCoverFUP":null,"campaignStartDate":"2026-01-01","campaignEndDate":"2026-03-02","percentageofwaiver":30.0,"maxLimitofwaiver":3000.0,"waiversAllowedNum":1,"lateFeeWaiverInd":"Y","discountPercentFirstYr":null,"discountPercentSecondYr":null,"discountPercentThirdYr":null,"discountPercentSubYr":null,"discountFromDate":null,"discountToDate":null,"maxLimitWaiverFstYr":null,"maxLimitWaiverScndYr":null,"maxLimitWaiverThirdYr":null,"maxLimitWaiverSubYr":null,"discountParameter":null,"graceprdExtFlag":null,"graceprdExtFrmDate":null,"graceprdExtToDate":null,"graceprdPrcntWaiver":null,"maxWaiverLimitgraceprd":null,"gstCdCharge":0.0,"gstLateFeeRateFirstYr":18.0,"gstLateFeeRateNextYrs":18.0,"dateOfLaunch":"2/1/2020","beforeLaunch":"N","centralGSTPercentage":50,"discountPeriod":null,"discountPeriodType":null},"eligible":true,"lateFeeRequired":false,"recordId":"O","premiumPayingTerm":16,"policyBenefits":"200000","dueAmount":"878.00","taxExemption":false,"age":"34","eserviceEligible":false,"policyUlip":false,"dateOfLastPayment":"2041-02-14","dateOfMaturity":"2050-03-14","statusShortDesc":"In Force","nav":"For NAV details please contact your Servicing Branch / Customer Zone","altChannelId":"10","riderPolicy":false,"minorChild":false,"accountingBookCode":1,"payedPolicy":false,"advancePayedPolicy":false,"lastAccountDate":"2026-02-27","noBonusYears":99,"bonusInfo":{"totalRevBonus":0,"totalInterimBonus":0,"totalFAB":0,"totalGuaranty":0,"totalLoyalty":0,"totalOneTimeBonus":0.00,"messageCode":null,"calulationSheetHTML":"<table width=100% ><tr class=grey-bg><td>Please Check Data As After Conversion Bonus Year Cannot Be Zero</td></tr></table>","calulationSheetText":"Please Check Data As After Conversion Bonus Year Cannot Be Zero  "},"isSpotRevivalAllowed":false,"discountApplicable":false,"advancePaymetEligible":false,"maturitySumAssured":0,"gstInNumber":"null","transactionAllowed":true,"dateOfShowMaturity":"2050-03-14","panFlag":true,"neftFlag":true,"itPan":"FT******7H","neftStatus":"Y","titleCode":"1","premiumGapFlag":false,"dghPolicyFlag":false,"policyExitStatus":false,"serviceRequestFlag":false,"nriGstFlag":false,"fyEndDate":"2026-03-31"},"person":{"policyNo":327422111,"birthDate":"1992-11-23","fullName":"G . Bharathi","sex":"F","shortName":"Bharathi G","age":"32","profileMobileNo":null,"profileEmail":null,"profileUnMaskMobileNo":null,"profileUnMaskEmail":null},"address":{"policyNo":327422111,"address1":"W/O Mahendran, 16","address2":"Seerappalliyar Thottam, Thottiampatti","address3":"C.S.Puram-Po, Rasipuram-Tk, Nkl-D","addressId":1,"pin":637401},"branch":{"branchCode":"76F ","address1":"LIC OF INDIA - 76F","address2":"NAMAKKAL ROAD","address3":"RASIPURAM","branchIp":"10.128.42.194","branchName":"LIC of India, Rasipuram Br Office","city":null,"dcCode":"X070","divCode":70,"eaiIndication":"Y","emailId":"BO_76F@LICINDIA.COM","man":null,"odsIndication":"N","pin":null,"state":"null"},"agent":{"agencyCode":"0090976F ","address1":"D/O.K.Jayaraman,Jai Ganesh Lorry","address2":"Service,T.P.Kadu,Moolapallipatty.Po","address3":"Rasipuram.Tk & Namakkal .Dt.","agentName":"J.Renukadevi","birthDate":"1976-03-10","category":2,"city":null,"disabilityCode":1,"enteredDate":"2026-03-30T01:09:16.000+00:00","itaxPanNo":"ANZPR4228B","occupationCode":12,"pin":637406,"qualificationCode":3,"sex":"F"},"nominees":[{"policyNo":327422111,"nomineeAge":41,"nomineeDob":null,"nomineeId":1,"nomineeName":"G MAHENDRAN","nomineeRegistrationDate":null,"nomineeRelation":"H","nomineeShare":100,"nomineeStatus":"B"}],"billingInfo":{"policyNumber":"327422111","nameOfAssured":"G . Bharathi","planName":"LIC's New Jeevan Labh Plan","plan":736,"mode":"1","premium":878,"sumAssured":200000,"status":null,"firstUnpaidPremiumDate":"2026-03-14","nextFup":null,"dueAmount":"878.00","payedPolicy":false,"noOfDues":1,"eligible":true,"spotRevival":false},"policyContact":{"policyNo":327422111,"dataSource":"B","emailAddress":"bharathimahendran2311@gmail.com         ","enteredDate":"2026-02-28T20:00:17.924+00:00","mobileNo":"918124478666","countryCode":null,"telephoneNo":"null","panNo":null},"policyExtra":{"accumTerm":0},"policyAnnuity":null,"userRegistered":"N","assignmentDetails":[],"ulipExtra":{"giveCashAmount":0},"bonusErrorMessage":null,"qpayPolicy":{"policyNumber":"327422111","dob":"23/11/1992","emailId":"bharathimahendran2311@gmail.com","mobileNo":"8124478666","premium":"878","key":"512127"}}



==== 30/03/2026 10:51:59 - GET-URL ======

https://mk-channel.licindia.in/Landing/



==== 30/03/2026 10:52:19 - OSTATTUS-RESPONSE-TOKEN ======

8oS0bUnVUiZODo+1dZFnOzgpW00g/xZdgKWTnC4FBOkunCG3JPcWwAFezcxSG7AvFEfEpzCPAtlJpo2BJEN18rQkavof7DmPEglTlq3ye4N63QW6hNGX9ISdf38DaSTURWeHZGb/FjwH9CyJIXLLAhsIjMMCqEbcvDLO6pJbrYLq9Aa/8pBpwNULCuGZkRPDlN3qRyQh0jcfS5vQfCxmiOp5K7veEIeXnccJjrPiZ5yj+Yhf239ppAdeLjihymjVo180BcGxtobxRjpSNiywLAT0+1mo5lIgOQTYI79bn73vE3bkFywI33ZT7oMEjELVFVbRw4vK8JX0Y++NRB8V1uYo4OcB7rzaQ1Nfx8uv3H/wj9x8AA4OA87O1u7isL/CRfMLs7vxkKxYOLif/GYrRfpgESFo3X6PF4ZlEnHnbZUWVN6luVltzOWiQH8AfScvXb/Y2E6EdgreWaglnKrq14HrifY7OiEi0OltB1Gn9oA/dxZj7nlhzBb1eLCOoqFEg7ycN0eA17q/XAqiW0j6KsMolBjXSCZgfX2VhqqTyfwR1jtagHubFoje3gEF77b0HB0i9qH5B4LbcMSJ+tUA/C4BPW6FpOzygGTHHVHXcrWPrRPEoRfDLXN7EWwPn/DJfipIrmEAszrUkhRUBa63A8Uhd/K13Op9jUY8Mu6M9D8ohCbVrAr5KFJDQGctBKJKt6x2eG5/5EhmbZ0rCdaPe4fEEDRngkTpf4vjjcfEZhMcGImQSm1RpxQuTGZS5P+WBh/WI5tbkOVtHgrhYssN4X48BUquJaw0snd0Cf7gTx2MGIanzJzm9gHr6mP5XAEtCSwKuD+pDjTehRgaVuHJak0dX/KubQl7sUON3BW8VnMSGLqz1cAgCGpdbkx5WIkcHFH5FSc5IDbZQ0xu49FTnBP3V5ZWHEmuTcsh8CcLJlSQTqPN8wqzT5GiKUlqc1qZvDR6XyCnhYx3Vop4QS6YTAdGJZv65+89bHBPkyRYzotUbVoaapUOnLroNMYAiM2hsJnGabrFfO+NjYhu3zEAjCufqrEcxXvISvqA3W4RRsHYIMFdtOvrYz5G2wVe0nPi4EXYc+8L5MldsGRUzs9F+8Ytcm2qvSjfwQW12vIsr2+8hKNYuk9xOfL81KBF3YLbGSEP/MCTxESPEgf5UmhrqOU23nXQUosef0oJGwFe9ZNEWCbZfwM5q9pUnO0U/qMv10gaYj4UcWOK1FaTNYpi8xPN7ZhAr5ePMlTaUyGQ0zqne5FOYcE4a9XmRQS25o9VvnmC2j2UmT+mRjYBfNu4vzA5seJm0tijd65Z2E98/4TyWmUobu9Sm1G8SHOuoT/tl6NY4sgkWd13kuJIzKLyVITAVt5Pu1S2dqVzYLil8wYHooFLYglJpfubXOmDyJu8+Rxyywp5w99r/Rqiul6eH32qKilE2+hBQ7ZXxOsvbARKghU7flktHwnkV6f09C3QEzZaL/5g8gLAJiaH121hGDD6h2Ogd/JoiCxCabnH/UtqZrsABiyOGRBP65/op0MmiXhxFk+FBPQg07hkRwimeAH2kc5vr66Tkb/owy21AFqBDAg3Y40MfQD22FcAi2YheUSvBteQrnQISXue0Bmr8fLrvVBXfS7uQDlTRSQ0FE9EGvtGrxP2cH915siIkK4AVUoBOhdhryxg3c0UPdGbklhH1yMtqZUvPuhzASXgukztO1yTmIrz7kaXPiHtaIjx6QS7uyFM2RZ44Pm/qROCCIInGRtiAyo5Urtg6VCPuezVb5B2SQ1UBF+I/LfEy0U8G7VQoMTkRjAehht7EsvLqXj+gkVd/za+94rvuuuwP/UgBmwbl2ndfwlL9pwwbimLDO/eKD2s6EoAR4XwNlu7wS0f+owLcdSmFdwBe+HXmInDZeBr4UfBkPmmzHcSd+KGciPtBkSj3LU+AJqTP3QGPTgG1lou7APIFPLtvtCrNss1FeCSQJ8S



==== 30/03/2026 10:52:19 - OSTATTUS-RESPONSE-TOKEN ======

eyJhbGciOiJIUzUxMiJ9.eyJzdWIiOiJJREFNMDIxMjIwMjIzOTg4MzQ2IiwiYWdlbmN5X2NvZGUiOm51bGwsImNyZWF0ZWQiOjE3NzQ4NDc4MzY4MzAsImFjY2Vzc19jb2RlIjoiZXlKaGJHY2lPaUpTVXpJMU5pSXNJblI1Y0NJNklrcFhWQ0o5LmV5SnpkV0lpT2lKSlJFRk5NREl4TWpJd01qSXpPVGc0TXpRMklpd2labTVoYldVaU9pSkxRVlpKVkVFZ1RVRkpVa1ZOUWtGTklpd2lkWE5sY25OMFlYUjFjeUk2SWpFaUxDSmxiblJwZEhsc2FYTjBJanBiSWt4SlExOURWVk5VVDAxRlVsOVFUMUpVUVV3aVhTd2ljbTlzWlhNaU9sc2lSRThpWFN3aWFYTnpJam9pUVZKWUlpd2liVzlpYVd4bElqb2lPREV6TWpnNU9ERTFPQ0lzSW1GMVpDSTZJbVJsWm1GMWJIUWlMQ0pzYm1GdFpTSTZJa3RCVmtsVVFTQk5RVWxTUlUxQ1FVMGlMQ0oxYzJWeVZIbHdaU0k2SWpFaUxDSmxlSEFpT2pFM056UTROelkyTWpBc0ltbGhkQ0k2TVRjM05EZzBOemd5TUN3aWFuUnBJam9pTkRZME5XSmlNRFl0Tm1Vek15MDBaakpqTFdJME5qQXRabVl3TURCa05HTTVZMk5pSWl3aVpXNTBhWFI1SWpvaVRFbERYME5WVTFSUFRVVlNYMUJQVWxSQlRDSXNJbVZ0WVdsc0lqb2lhMkYyYVhSaExtMWhhWEpsYldKaGJVQnNhV05wYm1ScFlTNWpiMjBpZlEuZ3p4Rkp4cndQUFRUNXZCQVF6Q2hGeDhkbEU1cXZYYXM4cHBKUGx3R04tUHFRb3A1UVhRZDNRMFRuSmRNNTk0MzFHa1QzMGh1ZXR2WjNkenNaQlpIMkNMQkZ6a2hrYm5HNXQ2LW1RbWZhUTc4M2hyNGpFYlg1TnE2RnJhVld1WkIyYmFUcXFVdmROZVBfYUNkZnR4SkFMTUMtenVJaDFzaDU3eVBxcU5RMVhabHY0VG5HU3pRbXZFanVfVUJvdlJ5YXdtUkdXclF2Tm1mTWJzT21memdxc0ZuVi03alpnXzNwS01PRldKTVNrZjQ4ZzNUUFlpN1ZjVV9XeVZocUxjWmN3Yjg3cTdSQkxjTk5sTUJxam5aM3cyclhrVXVBc3hNc3l4QWl5VEV2U1lJWHRtREZTeXZWMW41eFIxZjY3ZlRkMXJDX2tJMzJrMXhiR3NzTTg1NDNnIiwicm9sZXMiOlsiRE8iXSwiY2xpZW50SXAiOm51bGwsImVudGl0bGVtZW50IjpbXX0.pdwwzmAbNN3EHVBGc9FEP9it9FGODc3sIOEcAB80Pi_lbdaGvLtc_OM4aE9NhNjlohQkT8U_hfc1ISRLU9eAWA



==== 30/03/2026 10:52:19 - POST-URL ======

https://ebizapp01.licindia.in/BFFService/policy/policyInfo?_dc=1774848139269



==== 30/03/2026 10:52:20 - POST-URL ======

{"confirmationId":null,"status":"200","resultInfoList":null,"count":0,"policy":{"policyNumber":"706219512","planName":"The Money Back Policy - 20 Years","mode":"6","noOfDues":1,"premium":"1794.00","commenceDate":"2013-09-17","nameOfAssured":"V . Gopalakrishnan","agencyCode":"0090976F ","developmentOfficerCode":"315076","plan":"75","policyTerm":"20","firstUnpaidPremiumDate":"2026-03-17","cdCharge":"0","serviceBranch":"76F ","sumAssured":"50000","policyStatus":"21","dob":"1973-06-21","ageAtEntry":40,"planDetails":{"plan":75,"planType":null,"planDesc":null,"premiumDueDuration":6,"premiumDueDurationType":"M","payPremiumAdvance":30,"payPremiumAdvanceType":"D","gracePeriod":1,"gracePeriodType":"M","serviceTaxRateFirstYr":4.5,"serviceTaxRateNextYrs":2.25,"serviceTaxRateEduCess":null,"topUpAllowed":null,"multiplyTopupAmt":null,"topupLimitCriteria":null,"topupNoPayBefMaturity":null,"planCategory":"NORM","freeCoverCond":null,"freeCoverFUP":null,"campaignStartDate":"2026-01-01","campaignEndDate":"2026-03-02","percentageofwaiver":30.0,"maxLimitofwaiver":3000.0,"waiversAllowedNum":1,"lateFeeWaiverInd":"Y","discountPercentFirstYr":null,"discountPercentSecondYr":null,"discountPercentThirdYr":null,"discountPercentSubYr":null,"discountFromDate":null,"discountToDate":null,"maxLimitWaiverFstYr":null,"maxLimitWaiverScndYr":null,"maxLimitWaiverThirdYr":null,"maxLimitWaiverSubYr":null,"discountParameter":null,"graceprdExtFlag":null,"graceprdExtFrmDate":null,"graceprdExtToDate":null,"graceprdPrcntWaiver":null,"maxWaiverLimitgraceprd":null,"gstCdCharge":0.0,"gstLateFeeRateFirstYr":18.0,"gstLateFeeRateNextYrs":18.0,"dateOfLaunch":"09/01/1978","beforeLaunch":"Y","centralGSTPercentage":50,"discountPeriod":null,"discountPeriodType":null},"eligible":true,"lateFeeRequired":false,"recordId":"O","premiumPayingTerm":20,"policyBenefits":"50000","dueAmount":"1794.00","taxExemption":false,"age":"53","eserviceEligible":false,"policyUlip":false,"dateOfLastPayment":"2033-03-17","dateOfMaturity":"2033-09-17","statusShortDesc":"In Force","nav":"For NAV details please contact your Servicing Branch / Customer Zone","altChannelId":"0 ","riderPolicy":false,"minorChild":false,"accountingBookCode":1,"payedPolicy":false,"advancePayedPolicy":false,"lastAccountDate":"2026-02-27","noBonusYears":0,"bonusInfo":{"totalRevBonus":22150,"totalInterimBonus":0,"totalFAB":0,"totalGuaranty":0,"totalLoyalty":0,"totalOneTimeBonus":0.00,"messageCode":null,"calulationSheetHTML":"<table border=1><tr class=grey-bg><td>From</td><td>Upto</td><td>Year</td><td>Type</td><td>Factor</td><td>Rate</td><td>Bonus </td></tr><tr class=grey-bg><td>2013-09-17</td><td>2014-09-17</td><td>2014</td><td>V</td><td>1.0</td><td>39.00</td><td>1950.00</td></tr><tr class=grey-bg><td>2014-09-17</td><td>2015-09-17</td><td>2015</td><td>V</td><td>1.0</td><td>39.00</td><td>1950.00</td></tr><tr class=grey-bg><td>2015-09-17</td><td>2016-09-17</td><td>2016</td><td>V</td><td>1.0</td><td>44.00</td><td>1950.00</td></tr><tr class=grey-bg><td>2015-09-17</td><td>2016-09-17</td><td>2016</td><td>O</td><td>1.0</td><td>5.00</td><td>250.00</td></tr><tr class=grey-bg><td>2016-09-17</td><td>2017-09-17</td><td>2017</td><td>V</td><td>1.0</td><td>39.00</td><td>1950.00</td></tr><tr class=grey-bg><td>2017-09-17</td><td>2018-09-17</td><td>2018</td><td>V</td><td>1.0</td><td>39.00</td><td>1950.00</td></tr><tr class=grey-bg><td>2018-09-17</td><td>2019-09-17</td><td>2019</td><td>V</td><td>1.0</td><td>39.00</td><td>1950.00</td></tr><tr class=grey-bg><td>2019-09-17</td><td>2020-09-17</td><td>2020</td><td>V</td><td>1.0</td><td>34.00</td><td>1700.00</td></tr><tr class=grey-bg><td>2020-09-17</td><td>2021-09-17</td><td>2021</td><td>V</td><td>1.0</td><td>34.00</td><td>1700.00</td></tr><tr class=grey-bg><td>2021-09-17</td><td>2022-09-17</td><td>2022</td><td>V</td><td>1.0</td><td>34.00</td><td>1700.00</td></tr><tr class=grey-bg><td>2022-09-17</td><td>2023-09-17</td><td>2023</td><td>V</td><td>1.0</td><td>34.00</td><td>1700.00</td></tr><tr class=grey-bg><td>2023-09-17</td><td>2024-09-17</td><td>2024</td><td>V</td><td>1.0</td><td>34.00</td><td>1700.00</td></tr><tr class=grey-bg><td>2024-09-17</td><td>2025-09-17</td><td>2025</td><td>V</td><td>1.0</td><td>34.00</td><td>1700.00</td></tr><tr class=grey-bg><td colspan=7>Total Rev Bonus : 22150.00   Total Interim Bonus : 0.00</td></tr></table> ","calulationSheetText":"From        Upto        Year Type Factor  Rate     Bonus \r\n2013-09-17  2014-09-17  2014  V     1.0   39.00    1950.00\r\n2014-09-17  2015-09-17  2015  V     1.0   39.00    1950.00\r\n2015-09-17  2016-09-17  2016  V     1.0   44.00    1950.00\r\n2015-09-17  2016-09-17  2016  O     1.0   5.00    250.00\r\n2016-09-17  2017-09-17  2017  V     1.0   39.00    1950.00\r\n2017-09-17  2018-09-17  2018  V     1.0   39.00    1950.00\r\n2018-09-17  2019-09-17  2019  V     1.0   39.00    1950.00\r\n2019-09-17  2020-09-17  2020  V     1.0   34.00    1700.00\r\n2020-09-17  2021-09-17  2021  V     1.0   34.00    1700.00\r\n2021-09-17  2022-09-17  2022  V     1.0   34.00    1700.00\r\n2022-09-17  2023-09-17  2023  V     1.0   34.00    1700.00\r\n2023-09-17  2024-09-17  2024  V     1.0   34.00    1700.00\r\n2024-09-17  2025-09-17  2025  V     1.0   34.00    1700.00\r\n   Total Rev Bonus : 22150.00   Total Interim Bonus : 0.00\r\n "},"isSpotRevivalAllowed":false,"discountApplicable":false,"advancePaymetEligible":false,"maturitySumAssured":0,"gstInNumber":"null","transactionAllowed":true,"dateOfShowMaturity":"2033-09-17","panFlag":false,"neftFlag":true,"itPan":"","neftStatus":"Y","titleCode":"1","premiumGapFlag":false,"dghPolicyFlag":false,"policyExitStatus":false,"serviceRequestFlag":false,"nriGstFlag":false,"fyEndDate":"2026-03-31"},"person":{"policyNo":706219512,"birthDate":"1973-06-21","fullName":"V . Gopalakrishnan","sex":"M","shortName":"Gopalakrishnan V","age":"40","profileMobileNo":null,"profileEmail":null,"profileUnMaskMobileNo":null,"profileUnMaskEmail":null},"address":{"policyNo":706219512,"address1":"S/O Viswanathan","address2":"17/37, Kamachiamman Koil Street","address3":"Rasipuram Po Tk, Nmkl Dt","addressId":1,"pin":637408},"branch":{"branchCode":"76F ","address1":"LIC OF INDIA - 76F","address2":"NAMAKKAL ROAD","address3":"RASIPURAM","branchIp":"10.128.42.194","branchName":"LIC of India, Rasipuram Br Office","city":null,"dcCode":"X070","divCode":70,"eaiIndication":"Y","emailId":"BO_76F@LICINDIA.COM","man":null,"odsIndication":"N","pin":null,"state":"null"},"agent":{"agencyCode":"0090976F ","address1":"D/O.K.Jayaraman,Jai Ganesh Lorry","address2":"Service,T.P.Kadu,Moolapallipatty.Po","address3":"Rasipuram.Tk & Namakkal .Dt.","agentName":"J.Renukadevi","birthDate":"1976-03-10","category":2,"city":null,"disabilityCode":1,"enteredDate":"2026-03-30T01:09:16.000+00:00","itaxPanNo":"ANZPR4228B","occupationCode":12,"pin":637406,"qualificationCode":3,"sex":"F"},"nominees":[{"policyNo":706219512,"nomineeAge":31,"nomineeDob":null,"nomineeId":1,"nomineeName":"G","nomineeRegistrationDate":null,"nomineeRelation":"W","nomineeShare":100,"nomineeStatus":"B"}],"billingInfo":{"policyNumber":"706219512","nameOfAssured":"V . Gopalakrishnan","planName":"The Money Back Policy - 20 Years","plan":75,"mode":"6","premium":1794,"sumAssured":50000,"status":null,"firstUnpaidPremiumDate":"2026-03-17","nextFup":null,"dueAmount":"1794.00","payedPolicy":false,"noOfDues":1,"eligible":true,"spotRevival":false},"policyContact":{"policyNo":706219512,"dataSource":"B","emailAddress":"null","enteredDate":"2026-02-28T20:00:17.924+00:00","mobileNo":"919942231985","countryCode":null,"telephoneNo":"null","panNo":null},"policyExtra":{"accumTerm":0},"policyAnnuity":null,"userRegistered":"N","assignmentDetails":[],"ulipExtra":{"giveCashAmount":null},"bonusErrorMessage":null,"qpayPolicy":{"policyNumber":"706219512","dob":"21/06/1973","emailId":null,"mobileNo":"9942231985","premium":"1794","key":"236863"}}



==== 30/03/2026 10:52:27 - GET-URL ======

https://mk-channel.licindia.in/Landing/



==== 04/04/2026 19:28:09 - Portal Data Download Background ======

startForegroundService() not allowed due to mAllowStartForeground false: service com.bliss.blissbma.pro/crc6479545b82ba044d57.CommissionService   at Java.Interop.JniEnvironment.InstanceMethods.CallNonvirtualObjectMethod(JniObjectReference , JniObjectReference , JniMethodInfo , JniArgumentValue* )
   at Java.Interop.JniPeerMembers.JniInstanceMethods.InvokeVirtualObjectMethod(String , IJavaPeerable , JniArgumentValue* )
   at Android.Content.ContextWrapper.StartForegroundService(Intent )
   at bma.commissionActivity.updateComm(Context c, String agcode, Boolean nodialog, String runsb)
  --- End of managed Java.Lang.IllegalStateException stack trace ---
android.app.ForegroundServiceStartNotAllowedException: startForegroundService() not allowed due to mAllowStartForeground false: service com.bliss.blissbma.pro/crc6479545b82ba044d57.CommissionService
	at android.app.ForegroundServiceStartNotAllowedException$1.createFromParcel(ForegroundServiceStartNotAllowedException.java:54)
	at android.app.ForegroundServiceStartNotAllowedException$1.createFromParcel(ForegroundServiceStartNotAllowedException.java:50)
	at android.os.Parcel.readParcelableInternal(Parcel.java:4809)
	at android.os.Parcel.readParcelable(Parcel.java:4777)
	at android.os.Parcel.createExceptionOrNull(Parcel.java:3040)
	at android.os.Parcel.createException(Parcel.java:3029)
	at android.os.Parcel.readException(Parcel.java:3012)
	at android.os.Parcel.readException(Parcel.java:2954)
	at android.app.IActivityManager$Stub$Proxy.startService(IActivityManager.java:6214)
	at android.app.ContextImpl.startServiceCommon(ContextImpl.java:1967)
	at android.app.ContextImpl.startForegroundService(ContextImpl.java:1933)
	at android.content.ContextWrapper.startForegroundService(ContextWrapper.java:839)
	at android.content.ContextWrapper.startForegroundService(ContextWrapper.java:839)
	at mono.java.lang.RunnableImplementor.n_run(Native Method)
	at mono.java.lang.RunnableImplementor.run(RunnableImplementor.java:29)
	at android.os.Handler.handleCallback(Handler.java:942)
	at android.os.Handler.dispatchMessage(Handler.java:99)
	at android.os.Looper.loopOnce(Looper.java:226)
	at android.os.Looper.loop(Looper.java:313)
	at android.app.ActivityThread.main(ActivityThread.java:8762)
	at java.lang.reflect.Method.invoke(Native Method)
	at com.android.internal.os.RuntimeInit$MethodAndArgsCaller.run(RuntimeInit.java:604)
	at com.android.internal.os.ZygoteInit.main(ZygoteInit.java:1067)




==== 05/04/2026 11:12:35 - S3 Cloud Backup Upload Error (2) ======

Connection failure   at Xamarin.Android.Net.AndroidMessageHandler.<>c__DisplayClass137_0.<ConnectAsync>b__0()
   at System.Threading.Tasks.Task.InnerInvoke()
   at System.Threading.Tasks.Task.<>c.<.cctor>b__292_0(Object obj)
   at System.Threading.ExecutionContext.RunFromThreadPoolDispatchLoop(Thread , ExecutionContext , ContextCallback , Object )
--- End of stack trace from previous location ---
   at System.Threading.ExecutionContext.RunFromThreadPoolDispatchLoop(Thread , ExecutionContext , ContextCallback , Object )
   at System.Threading.Tasks.Task.ExecuteWithThreadLocal(Task& , Thread )
--- End of stack trace from previous location ---
   at Xamarin.Android.Net.AndroidMessageHandler.DoProcessRequest(HttpRequestMessage , URL , HttpURLConnection , CancellationToken , RequestRedirectionState )
   at Xamarin.Android.Net.AndroidMessageHandler.DoSendAsync(HttpRequestMessage , CancellationToken )
   at System.Net.Http.HttpClient.<SendAsync>g__Core|83_0(HttpRequestMessage , HttpCompletionOption , CancellationTokenSource , Boolean , CancellationTokenSource , CancellationToken )
   at Amazon.Runtime.HttpWebRequestMessage.GetResponseAsync(CancellationToken cancellationToken)
   at Amazon.Runtime.Internal.HttpHandler`1.<InvokeAsync>d__9`1[[System.Net.Http.HttpContent, System.Net.Http, Version=9.0.0.0, Culture=neutral, PublicKeyToken=b03f5f7f11d50a3a],[Amazon.S3.Model.PutObjectResponse, AWSSDK.S3, Version=3.3.0.0, Culture=neutral, PublicKeyToken=885c28607f98e604]].MoveNext()
   at Amazon.Runtime.Internal.RedirectHandler.<InvokeAsync>d__1`1[[Amazon.S3.Model.PutObjectResponse, AWSSDK.S3, Version=3.3.0.0, Culture=neutral, PublicKeyToken=885c28607f98e604]].MoveNext()
   at Amazon.Runtime.Internal.Unmarshaller.<InvokeAsync>d__3`1[[Amazon.S3.Model.PutObjectResponse, AWSSDK.S3, Version=3.3.0.0, Culture=neutral, PublicKeyToken=885c28607f98e604]].MoveNext()
   at Amazon.S3.Internal.AmazonS3ResponseHandler.<InvokeAsync>d__1`1[[Amazon.S3.Model.PutObjectResponse, AWSSDK.S3, Version=3.3.0.0, Culture=neutral, PublicKeyToken=885c28607f98e604]].MoveNext()
   at Amazon.Runtime.Internal.ErrorHandler.<InvokeAsync>d__5`1[[Amazon.S3.Model.PutObjectResponse, AWSSDK.S3, Version=3.3.0.0, Culture=neutral, PublicKeyToken=885c28607f98e604]].MoveNext()
   at Amazon.Runtime.Internal.ErrorHandler.<InvokeAsync>d__5`1[[Amazon.S3.Model.PutObjectResponse, AWSSDK.S3, Version=3.3.0.0, Culture=neutral, PublicKeyToken=885c28607f98e604]].MoveNext()
   at Amazon.Runtime.Internal.CallbackHandler.<InvokeAsync>d__9`1[[Amazon.S3.Model.PutObjectResponse, AWSSDK.S3, Version=3.3.0.0, Culture=neutral, PublicKeyToken=885c28607f98e604]].MoveNext()
   at Amazon.Runtime.Internal.Signer.<InvokeAsync>d__1`1[[Amazon.S3.Model.PutObjectResponse, AWSSDK.S3, Version=3.3.0.0, Culture=neutral, PublicKeyToken=885c28607f98e604]].MoveNext()
   at Amazon.S3.Internal.S3Express.S3ExpressPreSigner.<InvokeAsync>d__5`1[[Amazon.S3.Model.PutObjectResponse, AWSSDK.S3, Version=3.3.0.0, Culture=neutral, PublicKeyToken=885c28607f98e604]].MoveNext()
   at Amazon.Runtime.Internal.EndpointDiscoveryHandler.<InvokeAsync>d__2`1[[Amazon.S3.Model.PutObjectResponse, AWSSDK.S3, Version=3.3.0.0, Culture=neutral, PublicKeyToken=885c28607f98e604]].MoveNext()
   at Amazon.Runtime.Internal.EndpointDiscoveryHandler.<InvokeAsync>d__2`1[[Amazon.S3.Model.PutObjectResponse, AWSSDK.S3, Version=3.3.0.0, Culture=neutral, PublicKeyToken=885c28607f98e604]].MoveNext()
   at Amazon.Runtime.Internal.CredentialsRetriever.<InvokeAsync>d__7`1[[Amazon.S3.Model.PutObjectResponse, AWSSDK.S3, Version=3.3.0.0, Culture=neutral, PublicKeyToken=885c28607f98e604]].MoveNext()
   at Amazon.Runtime.Internal.RetryHandler.<InvokeAsync>d__10`1[[Amazon.S3.Model.PutObjectResponse, AWSSDK.S3, Version=3.3.0.0, Culture=neutral, PublicKeyToken=885c28607f98e604]].MoveNext()
   at Amazon.Runtime.Internal.RetryHandler.<InvokeAsync>d__10`1[[Amazon.S3.Model.PutObjectResponse, AWSSDK.S3, Version=3.3.0.0, Culture=neutral, PublicKeyToken=885c28607f98e604]].MoveNext()
   at Amazon.Runtime.Internal.CallbackHandler.<InvokeAsync>d__9`1[[Amazon.S3.Model.PutObjectResponse, AWSSDK.S3, Version=3.3.0.0, Culture=neutral, PublicKeyToken=885c28607f98e604]].MoveNext()
   at Amazon.Runtime.Internal.CallbackHandler.<InvokeAsync>d__9`1[[Amazon.S3.Model.PutObjectResponse, AWSSDK.S3, Version=3.3.0.0, Culture=neutral, PublicKeyToken=885c28607f98e604]].MoveNext()
   at Amazon.S3.Internal.AmazonS3ExceptionHandler.<InvokeAsync>d__1`1[[Amazon.S3.Model.PutObjectResponse, AWSSDK.S3, Version=3.3.0.0, Culture=neutral, PublicKeyToken=885c28607f98e604]].MoveNext()
   at Amazon.Runtime.Internal.ErrorCallbackHandler.<InvokeAsync>d__5`1[[Amazon.S3.Model.PutObjectResponse, AWSSDK.S3, Version=3.3.0.0, Culture=neutral, PublicKeyToken=885c28607f98e604]].MoveNext()
   at Amazon.Runtime.Internal.MetricsHandler.<InvokeAsync>d__1`1[[Amazon.S3.Model.PutObjectResponse, AWSSDK.S3, Version=3.3.0.0, Culture=neutral, PublicKeyToken=885c28607f98e604]].MoveNext()
   at bma.BackupClass.takeCloudBackup(Context c, Boolean auto, String _mobile)



==== 06/04/2026 18:15:44 - OSTATTUS-RESPONSE-TOKEN ======

SnQKmlzS0/0nC5OXUee2ClWdxfhndD1a/rhE2u59qziWK0cNfKBAPIighbtlR6p3zLsnBVI2PcHweJjMOSdWeDRJRRzxkAVTI5WVGS1vfI/WItJdA7OGwZ0NEMB+PSTTg+WGylh3R69/+mC5QKDgpZUgkVXRMpbMvy3A+UuzFSqmyfbiCMNQi+D3++pU8/RxK7TLl8f6jR7iC6yEt7XcgR6fUJ/WypX6b4wRe9Dqu01vUWv3YXVbT0TLjMeNm6xjdy33FfTSE/jWbPnKDM2V17JkN05ZlG9ET9Y37Wch8P3tqhxcfpPSbWVLdZN1HuxxiOYw9hErZPDdHWQeSmVLhvqzFcXqbyek/FLeGYmmWkkPyyLPyfaRuraZQcKntXLijAh3fQmv+C2FngPXws0md9p0Sy5VGzGbKlsDxJ6bAe2z0MtvgId2DvGPVo3U+w934k280VwwdNVaT3kGXWac4l/e2sSkg3khQzWn6RvphpiIDDOQ8KY0mDuf5DPtaA80tRt8IyDPnkO6mXLNZSbtQOi2c8ZjUvM37cnYAcck6T19IcsdK9zT2vyh02cbZrkHQB9rY9ZdMHbFeCTY6JaGpxTzVZ+xzOXEuvUQ0mulTynqYrzf7+vHEcDVe8baqXP2CdbN/Tc5RbdvOK8Oq/KzG9nYrWZMVYohPB6TRRdMrENKABKKXPkaIAvOPNHC9nRhFb4UwGGgdUMm38UICxLg3nhvXl+mCEQsdRjZUt8/cwsu3AwR6t9GDvha0PHEsMPI2aqEgGSELMbDPyXycnzx4dL0685f7b9iJQJiG1yxU2I3OR2QrTLtClgUrFcK1XhMTI4Uf9ISeQTK8Yjo0N/Pfk5zfFalOP1zMJjM6E1G9RntRZ0HNX/UBekOhhZL0i/26eXr/r/Hbflq8i13ARUpPJtzT5LSmtXRCbEIiRVEOPDJKgZZqkdyrjmBdqhIPA0lSWGQIH2runHVfMfDvdlXvmYvsp+nTby336Wpon3cfM3RD1rBbfEi3cjf2vg+rbB23kXSiA/4k0byueg3zReYl8CGi1kfinIGJFCaee33B1MX2tjdMigEmOu5WxxSKpg0+qt9FEkRsId6Jnj+I8vi+5AeNH5mBc5d2Rk+rxe7HBh4wxrukoeu6OZtvBSn339zJ/1lLpiK0180l8z79oahAxFP/GnX4q7vd1oFl+bN0KlUlhchTuh8dxvS+rjH55Wk9Vo1JI7NZZhEoXC2W2ejAoaVEOhqDbykfUSA0mELAftR7KWnaj8ODGjaLdfZcXEJHaJJC7Ui72CVwmdSByunhm609bI1/Sa4QDNgZWW7ZlUWlOdedVX0CeuUKF13i5lRqgi37G1N8fppackAUMd7boywdTIkcwN/bZhEFiT4JLZS/NcyN+Jv5liTnZaf+z1hesL6ruV+uONFqz7y/sDbo7KCn3NaM954UkTqJePvYB/eLCn8HbrtIDUc6JJfvang5Z3Jboq/Gl95jTSUj+uQ4lt9cqB2Gylvags27ZY2/seNXH0SnWiBg2BwQ0uvypWdMGWWjcFKJ4/RCoG9sKNKVPB4EsZ9aqhM4xscgld+uZOHUX0n5a24KkE2ZYUefqEJX11IhXHucV0jrhLSblehYSxp5+JkNS27hxHjB2eMDYAI4ay/uxJIUi05rXXF5ojxwcuyQny3ZBIMLAdGhqTUmiJQl0uuLPMbMFcjkrbYMrG3H9loVqZeO34ghqO2S5YCGkZ4oyB27lDBTZV2mQsSzLrjBDz5PNpguRXGchN2VD7vy4T5H0EeJQ3y0ej3WacKs1mTHSN3uOT6+j0ZMrkTwYCWinZTNYQ0nxumUoSvJYFuxmM5C0okhYKuKr/PvBKvgdJZqEIXqLWQSn+dhqrdbjEuOlAURLjYVT+sOGvxQm/ibIL21oncUrkLXE4YICK34TQBicOpmc/4KEyoL6xPlcUhbhiUtTMvZnimfmP0miPmqeyV07BQ9rt8+L+JlH9vbCBP8AIPRbwPU1k=



==== 06/04/2026 18:15:44 - OSTATTUS-RESPONSE-TOKEN ======

eyJhbGciOiJIUzUxMiJ9.eyJzdWIiOiJJREFNMjkxMDIwMjMxMDQ2OTY2MCIsImFnZW5jeV9jb2RlIjpudWxsLCJjcmVhdGVkIjoxNzc1NDc5NDQzMTg4LCJhY2Nlc3NfY29kZSI6ImV5SmhiR2NpT2lKU1V6STFOaUlzSW5SNWNDSTZJa3BYVkNKOS5leUp6ZFdJaU9pSkpSRUZOTWpreE1ESXdNak14TURRMk9UWTJNQ0lzSW1adVlXMWxJam9pU1NCVFZWSkZUa1JTUVU1QlJFaEJJQ0JVUVVkUFVrVWlMQ0oxYzJWeWMzUmhkSFZ6SWpvaU1TSXNJbVZ1ZEdsMGVXeHBjM1FpT2xzaVRFbERYME5WVTFSUFRVVlNYMUJQVWxSQlRDSmRMQ0p5YjJ4bGN5STZXeUpFVHlKZExDSnBjM01pT2lKQlVsZ2lMQ0p0YjJKcGJHVWlPaUk1TXpreU1URTVPVGsxSWl3aVlYVmtJam9pWkdWbVlYVnNkQ0lzSW14dVlXMWxJam9pU1NCVFZWSkZUa1JTUVU1QlJFaEJJQ0JVUVVkUFVrVWlMQ0oxYzJWeVZIbHdaU0k2SWpFaUxDSmxlSEFpT2pFM056VTFNRGd4T0RFc0ltbGhkQ0k2TVRjM05UUTNPVE00TVN3aWFuUnBJam9pTTJZME1tWXhaVGt0T1RJNE1TMDBNak5pTFdJeU16QXRZamRrTmpGbE1HVmpZbUl4SWl3aVpXNTBhWFI1SWpvaVRFbERYME5WVTFSUFRVVlNYMUJQVWxSQlRDSXNJbVZ0WVdsc0lqb2lhWE51ZEdGbmIzSmxPVGt4UUd4cFkybHVaR2xoTG1OdmJTSjkuZ3VUZzlYNFROcHlSR21OQldjMEFVU0VCVGpqWmpwSHlHUzdLZjR4LTBPYTVpV2dMMG91eUxObXVPSzA2VDlXTXVDZ0VrcHktalFucGh0a0dIaUNoUUItM25ja3JESTdxckRRN2NVZVBMS2hRM1VyLXV0Z2JKWGozMDRnTWNmQkFuOEFMcFZFX1p6Tzg0UFpqcFJXU0dUVHV5QUQtTUhBYUxPM0JPSlB3QWJ6TFh2aDNrLVRBSzdLWm5kRVlKZVluZ1hZa1hfX1NFZEdlN3RmSlF6SlBPaDh2YkZwS3pCR1VCWDFrRVFBa0F0a3lqelptYXFHSzJ4VlIwaTZpXzNhQTYzcUtBcG10TjZabFR0NFRZSzFhUE8wY2g1ekdmUG43ZEZ2ZVRiZEVONFkxdUlrVEU1NzdIRV9UR3piS3Q1RENNR0h6MlMxNTk1WFZLa2VEaDhnbm5BIiwicm9sZXMiOlsiRE8iXSwiY2xpZW50SXAiOm51bGwsImVudGl0bGVtZW50IjpbXX0.fwWWk_ujvyUDpfhw1POIbrGMap-OxkT0AkE5SQya9WXwZ-M2AeHDAkNjHJPiiUvGb-f-WdXj8lbAdf3gs_VzUg



==== 06/04/2026 18:15:44 - POST-URL ======

https://ebizapp01.licindia.in/BFFService/policy/policyInfo?_dc=1775479544947



==== 06/04/2026 18:15:46 - POST-URL ======

{"confirmationId":null,"status":"200","resultInfoList":null,"count":0,"policy":{"policyNumber":"709805707","relationType":"Self","planName":"New Money Back Plan - 20 Years","mode":"12","noOfDues":1,"premium":"15167.00","commenceDate":"2017-03-28","nameOfAssured":"N Anithaa","agencyCode":"0090976F ","developmentOfficerCode":"315076","plan":"820","policyTerm":"20","firstUnpaidPremiumDate":"2027-03-28","cdCharge":"0","serviceBranch":"76F ","sumAssured":"200000","policyStatus":"21","dob":"1994-02-24","ageAtEntry":23,"planDetails":{"plan":820,"planType":null,"planDesc":null,"premiumDueDuration":6,"premiumDueDurationType":"M","payPremiumAdvance":30,"payPremiumAdvanceType":"D","gracePeriod":1,"gracePeriodType":"M","serviceTaxRateFirstYr":4.5,"serviceTaxRateNextYrs":2.25,"serviceTaxRateEduCess":0.0,"topUpAllowed":null,"multiplyTopupAmt":null,"topupLimitCriteria":null,"topupNoPayBefMaturity":null,"planCategory":"NORM","freeCoverCond":null,"freeCoverFUP":null,"campaignStartDate":"2026-01-01","campaignEndDate":"2026-03-02","percentageofwaiver":30.0,"maxLimitofwaiver":3000.0,"waiversAllowedNum":1,"lateFeeWaiverInd":"Y","discountPercentFirstYr":null,"discountPercentSecondYr":null,"discountPercentThirdYr":null,"discountPercentSubYr":null,"discountFromDate":null,"discountToDate":null,"maxLimitWaiverFstYr":null,"maxLimitWaiverScndYr":null,"maxLimitWaiverThirdYr":null,"maxLimitWaiverSubYr":null,"discountParameter":null,"graceprdExtFlag":null,"graceprdExtFrmDate":null,"graceprdExtToDate":null,"graceprdPrcntWaiver":null,"maxWaiverLimitgraceprd":null,"gstCdCharge":0.0,"gstLateFeeRateFirstYr":18.0,"gstLateFeeRateNextYrs":18.0,"dateOfLaunch":"01/06/2014","beforeLaunch":"N","centralGSTPercentage":50,"discountPeriod":null,"discountPeriodType":null},"eligible":false,"lateFeeRequired":false,"recordId":"O","premiumPayingTerm":15,"policyBenefits":"200000","dueAmount":"15167.00","taxExemption":false,"age":"32","eserviceEligible":false,"policyUlip":false,"dateOfLastPayment":"2031-03-28","dateOfMaturity":"2037-03-28","statusShortDesc":"In Force","nav":"For NAV details please contact your Servicing Branch / Customer Zone","altChannelId":"0 ","riderPolicy":false,"minorChild":false,"accountingBookCode":1,"payedPolicy":false,"advancePayedPolicy":false,"lastAccountDate":"2026-03-10","noBonusYears":0,"bonusInfo":{"totalRevBonus":66600,"totalInterimBonus":7200,"totalFAB":0,"totalGuaranty":0,"totalLoyalty":0,"totalOneTimeBonus":0.00,"messageCode":null,"calulationSheetHTML":"<table border=1><tr class=grey-bg><td>From</td><td>Upto</td><td>Year</td><td>Type</td><td>Factor</td><td>Rate</td><td>Bonus </td></tr><tr class=grey-bg><td>2017-03-28</td><td>2018-03-28</td><td>2017</td><td>V</td><td>1.0</td><td>39.00</td><td>7800.00</td></tr><tr class=grey-bg><td>2018-03-28</td><td>2019-03-28</td><td>2018</td><td>V</td><td>1.0</td><td>39.00</td><td>7800.00</td></tr><tr class=grey-bg><td>2019-03-28</td><td>2020-03-28</td><td>2019</td><td>V</td><td>1.0</td><td>39.00</td><td>7800.00</td></tr><tr class=grey-bg><td>2020-03-28</td><td>2021-03-28</td><td>2020</td><td>V</td><td>1.0</td><td>36.00</td><td>7200.00</td></tr><tr class=grey-bg><td>2021-03-28</td><td>2022-03-28</td><td>2021</td><td>V</td><td>1.0</td><td>36.00</td><td>7200.00</td></tr><tr class=grey-bg><td>2022-03-28</td><td>2023-03-28</td><td>2022</td><td>V</td><td>1.0</td><td>36.00</td><td>7200.00</td></tr><tr class=grey-bg><td>2023-03-28</td><td>2024-03-28</td><td>2023</td><td>V</td><td>1.0</td><td>36.00</td><td>7200.00</td></tr><tr class=grey-bg><td>2024-03-28</td><td>2025-03-28</td><td>2024</td><td>V</td><td>1.0</td><td>36.00</td><td>7200.00</td></tr><tr class=grey-bg><td>2025-03-28</td><td>2026-03-28</td><td>2025</td><td>V</td><td>1.0</td><td>36.00</td><td>7200.00</td></tr><tr class=grey-bg><td>2026-03-28</td><td>2027-03-28</td><td>2025</td><td>I</td><td>1.0</td><td>36.00</td><td>7200.00</td></tr><tr class=grey-bg><td colspan=7>Total Rev Bonus : 66600.00   Total Interim Bonus : 7200.00</td></tr></table> ","calulationSheetText":"From        Upto        Year Type Factor  Rate     Bonus \r\n2017-03-28  2018-03-28  2017  V     1.0   39.00    7800.00\r\n2018-03-28  2019-03-28  2018  V     1.0   39.00    7800.00\r\n2019-03-28  2020-03-28  2019  V     1.0   39.00    7800.00\r\n2020-03-28  2021-03-28  2020  V     1.0   36.00    7200.00\r\n2021-03-28  2022-03-28  2021  V     1.0   36.00    7200.00\r\n2022-03-28  2023-03-28  2022  V     1.0   36.00    7200.00\r\n2023-03-28  2024-03-28  2023  V     1.0   36.00    7200.00\r\n2024-03-28  2025-03-28  2024  V     1.0   36.00    7200.00\r\n2025-03-28  2026-03-28  2025  V     1.0   36.00    7200.00\r\n2026-03-28  2027-03-28  2025  I     1.0   36.00    7200.00\r\n   Total Rev Bonus : 66600.00   Total Interim Bonus : 7200.00\r\n "},"isSpotRevivalAllowed":false,"discountApplicable":false,"advancePaymetEligible":true,"maturitySumAssured":0,"gstInNumber":"null","lastTransactionDate":"2026-03-08T10:55:55.000+00:00","transactionNumber":"44831007","transactionAllowed":true,"dateOfShowMaturity":"2037-03-28","panFlag":true,"neftFlag":true,"itPan":"BB******1B","neftStatus":"Y","titleCode":"1","premiumGapFlag":false,"dghPolicyFlag":false,"policyExitStatus":false,"serviceRequestFlag":false,"nriGstFlag":false,"fyEndDate":"2027-03-31"},"person":{"policyNo":709805707,"birthDate":"1994-02-24","fullName":"N Anithaa","sex":"F","shortName":"Anithaa N","age":"23","profileMobileNo":null,"profileEmail":null,"profileUnMaskMobileNo":null,"profileUnMaskEmail":null},"address":{"policyNo":709805707,"address1":"D/O Nandakumar","address2":"44a. Thiyagarajaswamy Kovil Street","address3":"Rasipuram Po Tk, Namakkal Dt","addressId":1,"pin":637408},"branch":{"branchCode":"76F ","address1":"LIC OF INDIA - 76F","address2":"NAMAKKAL ROAD","address3":"RASIPURAM","branchIp":"10.128.42.194","branchName":"LIC of India, Rasipuram Br Office","city":null,"dcCode":"X070","divCode":70,"eaiIndication":"Y","emailId":"BO_76F@LICINDIA.COM","man":null,"odsIndication":"N","pin":null,"state":"null"},"agent":{"agencyCode":"0090976F ","address1":"D/O.K.Jayaraman,Jai Ganesh Lorry","address2":"Service,T.P.Kadu,Moolapallipatty.Po","address3":"Rasipuram.Tk & Namakkal .Dt.","agentName":"J.Renukadevi","birthDate":"1976-03-10","category":2,"city":null,"disabilityCode":1,"enteredDate":"2026-04-06T04:46:14.000+00:00","itaxPanNo":"ANZPR4228B","occupationCode":12,"pin":637406,"qualificationCode":3,"sex":"F"},"nominees":[{"policyNo":709805707,"nomineeAge":44,"nomineeDob":null,"nomineeId":1,"nomineeName":"N SUKANYA","nomineeRegistrationDate":null,"nomineeRelation":"M","nomineeShare":100,"nomineeStatus":"B"}],"billingInfo":{"policyNumber":"709805707","nameOfAssured":"N Anithaa","planName":"New Money Back Plan - 20 Years","plan":820,"mode":"12","premium":15167,"sumAssured":200000,"status":null,"firstUnpaidPremiumDate":"2027-03-28","nextFup":null,"dueAmount":"15167.00","payedPolicy":false,"noOfDues":1,"eligible":false,"spotRevival":false},"policyContact":{"policyNo":709805707,"dataSource":"B","emailAddress":"n_suganya@hotmail.com                   ","enteredDate":"2026-03-11T20:00:10.709+00:00","mobileNo":"919443336463","countryCode":null,"telephoneNo":"null","panNo":null},"policyExtra":{"accumTerm":0},"policyAnnuity":null,"userRegistered":"Y","assignmentDetails":[],"ulipExtra":{"giveCashAmount":null},"bonusErrorMessage":null,"qpayPolicy":{"policyNumber":"709805707","dob":"24/02/1994","emailId":"n_suganya@hotmail.com","mobileNo":"9443336463","premium":"15167","key":"969215"}}



==== 06/04/2026 18:15:56 - GET-URL ======

https://mk-channel.licindia.in/Landing/



==== 07/04/2026 10:23:32 - OSTATTUS-RESPONSE-TOKEN ======

GM84KUrT9dJoKYtAhjiP1c5GSE/yyTTNSiNX4Apxs6YoyLUVV00xncdA8gb2L0g7TxN+N2kvoALSo/tnj/RZjnMes3axPHs8OUxhTXdrK8uqK/Q2Gj1by1MtPhkaVTzpa9x8JGJOFa4dCWPCcuvan577qY6Afs/qHdWK9PIKAYJMEWx6SWo9gWC+ttyfwPR57+SidadqT0IWD/dmRMWV7wKqrECTwYdCFS6Rewjr/UVjVD1BfOJqKc7IQcLPZSAk1gJx472oqiusXaqdubNOFzQR9qIhhJAUfWDoWp4DBVjQduIePY3cjLXf+kvQBk1PozPO2z2GA9V62Yqy5f3ckVgldneFSjynrZKTZHm8UQ8RX3ZoVxsBZJ76lLK0mWeOgz3tdICF7u6H7cnOmrLSplwzbV8LzhdiNXLX+29zTcoAKsevWcPynprLl7bkx2mp1Tz0zze9tH/LB5IF/eA4BRlcr0AKk3oCINCdy0kyD6XQegoCSlpq2LR+HF8EeSiOXHjXYtAJjJ6UGoyCHFHmyoepDdNgUT4SrN+9HtmofyZK1N6VQnoYbsAC9fhgzmLqrskLseGbpo8xrLnt8GvAyhdkcwkyuSeSZHZFGzS0WM18VRxf8QDeP3Gs1y7Hkg/q98yEOzvE5vcoc91FAWmlY8zfF9QYjA5o7NTLqbDOPOIAp9iVEDE8P74O/sz7dSX5iyaVB6ACKhlAOpj49PqTJ0l4w8UKxCBCdzTV5+2a5EaEYmRCdCbFAma1uQff6MYpvMOisyRB4Fc070OSlfkFiiQKRSzHtJFAYJ89V5qR5NRE8Ex6Zk9E/1LH2NiGxueFqxl1EccN51xIK0pjtyXZS2tho4SFtokuava9585uGDEnCDYJmsDmU4jJ3dvGt0kM9uD8IqyDMEFEISwpNURmlmTNduJiwPugBV2LjX8bnc+2AeAq2Rk5dG3kJnDNvhF3a74VUoZJgt5wNATh6GFTpYck21Njir1XbAjGuPJg9rjOG4vCbNBt0vwrYVEoT5lYdKtKMfGE6wkxogMar+G1LRq+t2B7n4tOv7tfWXaffFh/oWWdmPTu0OUkg/OZ8r8PQWqnkMCZeJixHcDiV5ha5x3PyzPJY/4fvAg19sPgTnBT9zaLPk2y8xBjj4j/s2O8SY6pVy6Yu85x6ig9IwhnUVBI0iQYk9GNTpnqiwNCjWxF3luL/VOeR2uQwWF4lKxRlbUu/oFg5U64PUHbu8yn+J1uLhEPD4jIPQsBkZlc1w02JP/Tm6bsvk7mCuuZ7xnGTwvQg/3U6UrYw8RXaqY/RgpZsdUOtMQyuKq4MftZZtkMn7zm6gVdnNqUnx79ieHgoE3/T//DeBBXeJsj+8jIQSCfM9+EdSDODA3lKFRBZaFrtrXQ4I0ddNKroGhd11uMMVP1SPA8KKermI1zbkFNl665BQ00ESmnF4Z5h9Q6RSDqkpKnFofMOg6LwX4BKtLmDDvncTTN5Ogi9sRaz+Zk6CuVcG9YWw62mQP/795qMLhhr7HOj8CZcohtE3fBTBsgm9o/GeqR/7SNzOep9IzCoSBNV8qHxCiDZKFIuiKDU9pkdWunZYflWcHBBsisVPEFNG1NYAlGFSw5PwxpRUFQ6RRasODl0a36UIk66kBQwR9DVtfDrJQWFgh0n1rDrfFbaYkZpJmO90WK93foRWZECS3jBtV5bmaQGb8mRLUktub47kkD1vSPBFtyNuJ2ZZHcIfcqHUm+RiTZMsE9UEKOE1CK+He2pN4pJFgnkfm8xFw/yOG/gNNEycZmoOk465DEM1xix8le+r4G4W+gfpqroS3VSnZDBCe4AGEy9STF7uONPNO7xQJg09oSaIDcWcOpXWBMtPUxOkCmZpLomDV0rzkb9ebb3+82yT9Zphw+yWvoOk+2XWPRVgyJsrrnX4yw+Mec+naqQPtlYmnAl2e9mp3Au7jFxMRjRuju+uDk5B/UFvEJzaUBREXehmGbQHTvBZBS



==== 07/04/2026 10:23:32 - OSTATTUS-RESPONSE-TOKEN ======

eyJhbGciOiJIUzUxMiJ9.eyJzdWIiOiJJREFNMzAxMjIwMjMxMDg5NjU2NyIsImFnZW5jeV9jb2RlIjpudWxsLCJjcmVhdGVkIjoxNzc1NTM2MDc1ODA2LCJhY2Nlc3NfY29kZSI6ImV5SmhiR2NpT2lKU1V6STFOaUlzSW5SNWNDSTZJa3BYVkNKOS5leUp6ZFdJaU9pSkpSRUZOTXpBeE1qSXdNak14TURnNU5qVTJOeUlzSW1adVlXMWxJam9pVTFWRVNFRk9VMGhWSUZOSVJVdElRVklpTENKMWMyVnljM1JoZEhWeklqb2lNU0lzSW1WdWRHbDBlV3hwYzNRaU9sc2lURWxEWDBOVlUxUlBUVVZTWDFCUFVsUkJUQ0pkTENKeWIyeGxjeUk2V3lKRVR5SmRMQ0pwYzNNaU9pSkJVbGdpTENKdGIySnBiR1VpT2lJM05EZzROREk0TkRRMklpd2lZWFZrSWpvaVpHVm1ZWFZzZENJc0lteHVZVzFsSWpvaVUxVkVTRUZPVTBoVklGTklSVXRJUVZJaUxDSjFjMlZ5Vkhsd1pTSTZJakVpTENKbGVIQWlPakUzTnpVMU5qUTROREFzSW1saGRDSTZNVGMzTlRVek5qQTBNQ3dpYW5ScElqb2lZMkZtWm1RMU56TXRNR05tWmkwME5HTmtMV0l3T1RBdE16aGxNbVZrTlRRNE9UYzNJaXdpWlc1MGFYUjVJam9pVEVsRFgwTlZVMVJQVFVWU1gxQlBVbFJCVENJc0ltVnRZV2xzSWpvaWMzVmthR0Z1YzJoMWMyaGxhMmhoY2pRM01rQnNhV05wYm1ScFlTNWpiMjBpZlEuQnZPU2FuVjBVbVNxT3V5aThxWnlBWGd3OGVRX2hxT0E1VWdNckh3MksycjMzSmoyRE9IZEpXc1Y4QWljYmhTOEJoU2YyS0lGeENvYm9pbVZQemNSWTdGaTFpWUlXSHphWjV3a3duU2JYdDhBWkNDRm56SXI2UkcxR0VLZ2QtMzNFZGtlYzd2dWNJM29UODFLeXA5ejZJc3NBUzBJenNtN1hrcGlEa3dVRUYxbURVYU1YY3ZfYXhSMGdTS1ZfUzZmckZWUldIR2diYUJrOGNKcE5OLUd3V3VVd19Sd2swd09SYkIyMnM1QUR1QUozTTBXUWprVm9LQXUwMmI4OVktbkpmc2tlSmNkSHRFWnRjOUZuY2M2MVcwaURFdEJIbzdiel96NG5rTnpEVVYzQjVwZTAyNXVIczlPZ1hwUjB3emZnYUo0WUNlMU9FeWp0S3JzQ1AxaHpBIiwicm9sZXMiOlsiRE8iXSwiY2xpZW50SXAiOm51bGwsImVudGl0bGVtZW50IjpbXX0.7nG-2FRexRw9AxQGVQpGeMHUKIt-ab1jdTRR6wb2Cwqz6rNSnE6eGTN6qMJZIu3IZ5OTQZtcG4IsfytPU6A1_A



==== 07/04/2026 10:23:32 - POST-URL ======

https://ebizapp01.licindia.in/BFFService/policy/policyInfo?_dc=1775537612456



==== 07/04/2026 10:23:33 - POST-URL ======

{"confirmationId":null,"status":"200","resultInfoList":null,"count":0,"policy":{"policyNumber":"327421914","relationType":"Self","planName":"LIC's New Jeevan Labh Plan","mode":"1","noOfDues":1,"premium":"1012.00","commenceDate":"2025-03-07","nameOfAssured":"M Madhuvandhy","agencyCode":"0090976F ","developmentOfficerCode":"87070","plan":"736","policyTerm":"21","firstUnpaidPremiumDate":"2026-04-07","cdCharge":"0","serviceBranch":"76F ","sumAssured":"200000","policyStatus":"21","dob":"1998-07-26","ageAtEntry":27,"planDetails":{"plan":736,"planType":null,"planDesc":null,"premiumDueDuration":6,"premiumDueDurationType":"M","payPremiumAdvance":30,"payPremiumAdvanceType":"D","gracePeriod":15,"gracePeriodType":"D","serviceTaxRateFirstYr":4.5,"serviceTaxRateNextYrs":2.25,"serviceTaxRateEduCess":0.0,"topUpAllowed":null,"multiplyTopupAmt":null,"topupLimitCriteria":null,"topupNoPayBefMaturity":null,"planCategory":"NORM","freeCoverCond":null,"freeCoverFUP":null,"campaignStartDate":"2026-01-01","campaignEndDate":"2026-03-02","percentageofwaiver":30.0,"maxLimitofwaiver":3000.0,"waiversAllowedNum":1,"lateFeeWaiverInd":"Y","discountPercentFirstYr":null,"discountPercentSecondYr":null,"discountPercentThirdYr":null,"discountPercentSubYr":null,"discountFromDate":null,"discountToDate":null,"maxLimitWaiverFstYr":null,"maxLimitWaiverScndYr":null,"maxLimitWaiverThirdYr":null,"maxLimitWaiverSubYr":null,"discountParameter":null,"graceprdExtFlag":null,"graceprdExtFrmDate":null,"graceprdExtToDate":null,"graceprdPrcntWaiver":null,"maxWaiverLimitgraceprd":null,"gstCdCharge":0.0,"gstLateFeeRateFirstYr":18.0,"gstLateFeeRateNextYrs":18.0,"dateOfLaunch":"2/1/2020","beforeLaunch":"N","centralGSTPercentage":50,"discountPeriod":null,"discountPeriodType":null},"eligible":false,"lateFeeRequired":false,"recordId":"O","premiumPayingTerm":15,"policyBenefits":"200000","dueAmount":"1012.00","taxExemption":false,"age":"28","eserviceEligible":false,"policyUlip":false,"dateOfLastPayment":"2040-02-07","dateOfMaturity":"2046-03-07","statusShortDesc":"In Force","nav":"For NAV details please contact your Servicing Branch / Customer Zone","altChannelId":"02","riderPolicy":false,"minorChild":false,"accountingBookCode":1,"payedPolicy":false,"advancePayedPolicy":false,"lastAccountDate":"2026-03-04","noBonusYears":99,"bonusInfo":{"totalRevBonus":0,"totalInterimBonus":0,"totalFAB":0,"totalGuaranty":0,"totalLoyalty":0,"totalOneTimeBonus":0.00,"messageCode":null,"calulationSheetHTML":"<table width=100% ><tr class=grey-bg><td>Please Check Data As After Conversion Bonus Year Cannot Be Zero</td></tr></table>","calulationSheetText":"Please Check Data As After Conversion Bonus Year Cannot Be Zero  "},"isSpotRevivalAllowed":false,"discountApplicable":false,"advancePaymetEligible":false,"maturitySumAssured":0,"gstInNumber":"null","transactionAllowed":true,"dateOfShowMaturity":"2046-03-07","panFlag":true,"neftFlag":true,"itPan":"DE******2N","neftStatus":"Y","titleCode":"1","premiumGapFlag":false,"dghPolicyFlag":false,"policyExitStatus":false,"serviceRequestFlag":false,"nriGstFlag":false,"fyEndDate":"2027-03-31"},"person":{"policyNo":327421914,"birthDate":"1998-07-26","fullName":"M Madhuvandhy","sex":"F","shortName":"Madhuvandhy M","age":"27","profileMobileNo":null,"profileEmail":null,"profileUnMaskMobileNo":null,"profileUnMaskEmail":null},"address":{"policyNo":327421914,"address1":"D/O N Murali,","address2":"3/914, Extension No 1 Koneripatti","address3":"Rasipuram Po And Tk, Namakkal Dt","addressId":1,"pin":637408},"branch":{"branchCode":"76F ","address1":"LIC OF INDIA - 76F","address2":"NAMAKKAL ROAD","address3":"RASIPURAM","branchIp":"10.128.42.194","branchName":"LIC of India, Rasipuram Br Office","city":null,"dcCode":"X070","divCode":70,"eaiIndication":"Y","emailId":"BO_76F@LICINDIA.COM","man":null,"odsIndication":"N","pin":null,"state":"null"},"agent":{"agencyCode":"0090976F ","address1":"D/O.K.Jayaraman,Jai Ganesh Lorry","address2":"Service,T.P.Kadu,Moolapallipatty.Po","address3":"Rasipuram.Tk & Namakkal .Dt.","agentName":"J.Renukadevi","birthDate":"1976-03-10","category":2,"city":null,"disabilityCode":1,"enteredDate":"2026-04-07T01:10:57.000+00:00","itaxPanNo":"ANZPR4228B","occupationCode":12,"pin":637406,"qualificationCode":3,"sex":"F"},"nominees":[{"policyNo":327421914,"nomineeAge":50,"nomineeDob":null,"nomineeId":1,"nomineeName":"N MURALI","nomineeRegistrationDate":null,"nomineeRelation":"F","nomineeShare":100,"nomineeStatus":"B"}],"billingInfo":{"policyNumber":"327421914","nameOfAssured":"M Madhuvandhy","planName":"LIC's New Jeevan Labh Plan","plan":736,"mode":"1","premium":1012,"sumAssured":200000,"status":null,"firstUnpaidPremiumDate":"2026-04-07","nextFup":null,"dueAmount":"1012.00","payedPolicy":false,"noOfDues":1,"eligible":false,"spotRevival":false},"policyContact":{"policyNo":327421914,"dataSource":"B","emailAddress":"madhuvandhy.murali@gmail.com            ","enteredDate":"2026-03-05T20:00:09.180+00:00","mobileNo":"917010786064","countryCode":null,"telephoneNo":"null","panNo":null},"policyExtra":{"accumTerm":0},"policyAnnuity":null,"userRegistered":"Y","assignmentDetails":[],"ulipExtra":{"giveCashAmount":0},"bonusErrorMessage":null,"qpayPolicy":{"policyNumber":"327421914","dob":"26/07/1998","emailId":"madhuvandhy.murali@gmail.com","mobileNo":"7010786064","premium":"1012","key":"819263"}}



==== 07/04/2026 10:23:44 - GET-URL ======

https://mk-channel.licindia.in/Landing/



==== 07/04/2026 10:25:44 - OSTATTUS-RESPONSE-TOKEN ======

H+xwH6vv50UuL6/5z6IKli0dg6zeGjdVDolKVFUicAFA9M4h1xSgvI/TWCCO15a8DPrc4cz0Y5hdon79sIfoOpzmAmTIts1gOZxBymb7sYCMQJfMY11tHeaaux+/VP3nPoAnkGoQNQRNzG7wZ72QHe8Z/n3OrqVW1F2LZQPzV7J1tvnX3lCFt7ovp1h8q2PrufAZZEaXygkPwSLOWPm4alTd3EFWTddj3XzFB4kSWJ+qwzPpMf4Tw/ecCzTSk+JdP8h2YVu9vRl94GOeu4Lz6652d4/WPFfVhIvk1HjpYYmzVTfmYqeGK5XsPxAx2l/8q3bFAhcT9snnNv6Q3V3bcgPTRu2wT1sa1GqSMtfndOWPmce+TsYY/+diXz7V6r3U8hgYOqdxISI8EMQVwvtWtZ5lW29WYZII1SS4repk+hnvwYGtbrVlvly7SoKQLHbp5mEePTt1XbLLOZcbRSbELAs29Yq2UkbSndLhtM48eQolsf5t7AhVfGHg/HdDBo4nCGU/7JE/BuydZdCx80lkZHr/4QGMA00bJmvmyPCq//f9RAyl4JHcUlcXzHUL57eBnWKwdtLedxL3ncGgsQZg20hLdU5Kn6n94cVFIGIe6AGRyKO2mO92XmtxLIxUQzpoiW1Br6m6+Ghq0V5NPtCRTz/Q5MuSQJf+m09LMcCktF/qfpM3dwXTlwlZX9GhaUNJqTJOmdKCVpuotQDQN6XGk7Rr9pIS18MvfP6X1+aS0N/J6oyg0W/+BxJ44VYUS0yRKJI2IWQzONc7G6ORrerOxe251R9Daoi7+Aa+BveADIq7W/YwhV72yQKAgH389B3bJc+V86UdjiCykDGZFAIgZJehKLz2FH/4lriBxSchtaHamzMN4nAv6A1K3Uzcpcr056ff3BoNAOW45yp8DbC+J3rILKY7OnB17GlFi6mJGgm7xZtJrn3zY3XZGEzMNxWzH1Eo7bUit8yF7Mv4IFfjbKAaI5EJT0cKjhJNF5TnQILR0h2GzQP+9+YavlP2ReDETywXlL05vYVcVaAHIFkMEvZUd5XPB757y3AmECdNmCMk/GHaL6Juy0W5hIAwJTF4VkB/P9lrYKRcH8r7J/Q3EYEpEpvRdVqDXCP3HgCo0bp1uqYnTsSl02D0KBowmHulZHquZ08jUnRCeGcWSZo2GyWUEnUCJKYOqZSzvdM0K8jiveweL6FgHfMDqXtL/r1DlyvKAAG6Wp6jam72W8xBF1YxPiPi1WKCMp4qjEfSYk9gYTfRdF1niIFcBtGiBsbI3vanrf/G7oJtwyRl0H84Dne45Bo5KijCxRWWhvMdiCG31UcL4EVxeIUGJv4/iAo9DctTJVS4x71z9byyp/ajafE7Urm+34hYHqsoZ2tMSP1IGFFPA8YG7P0cbtm3xGP79+VMvfhAk6h2nbSVYltFtImPNkK3esNr2F0PneFkxKY7XOhTOm5CluTydI/ZKffx53ownInAt7wAiMlbCN1bdKVvYN2qlbdXjrfRnuwaiGQeap0A09cv5DEomuqgUo3QgmB8na4A8KijUufTgCEwIE5b/2eRHQSbd3pxuVEzRDuuyzD90nn6aC7hZv9Oo1pARVEn6GXNVDMDiEz6CAumHJwjQ+eKFEjsy2Sh1QTgMVOwuzomEsEWrlQql9iDp+FcwaiZ9HeK9bNnCGjcukQUFcah6Rm04nIMqrzju15tZHKvr7kNliSLWy+Mrcadfp03df3b/4BaZNDKGFiiFGAdBIqIjSpRrIB0elKGM/SkUNffKe65RwBwBJuGin4NmEiwcI1YzH9v17a0XfTX9RehOT3rOmotG2cVMbUD/XAAdQQ3kPwuVwbXydkhxGtGpmroLbV4wP+LUGT849maTOwePM1xCgFsiJ/W6XxQi5uup7U7JZZVbcfF3CC1W5okbhmrHVYhpGRSjVDqM0I4NLCg3cAn



==== 07/04/2026 10:25:44 - OSTATTUS-RESPONSE-TOKEN ======

eyJhbGciOiJIUzUxMiJ9.eyJzdWIiOiJJREFNMjgwNzIwMjIzMTk3ODMzIiwiYWdlbmN5X2NvZGUiOm51bGwsImNyZWF0ZWQiOjE3NzU1Mzc0ODE5MjgsImFjY2Vzc19jb2RlIjoiZXlKaGJHY2lPaUpTVXpJMU5pSXNJblI1Y0NJNklrcFhWQ0o5LmV5SnpkV0lpT2lKSlJFRk5Namd3TnpJd01qSXpNVGszT0RNeklpd2labTVoYldVaU9pSlRRVU5JU1U0Z1ZFbFhRVkpKSWl3aWRYTmxjbk4wWVhSMWN5STZJakVpTENKbGJuUnBkSGxzYVhOMElqcGJJa3hKUTE5RFZWTlVUMDFGVWw5UVQxSlVRVXdpWFN3aWNtOXNaWE1pT2xzaVJFOGlYU3dpYVhOeklqb2lRVkpZSWl3aWJXOWlhV3hsSWpvaU9EQTFNalkyTmpZMU15SXNJbUYxWkNJNkltUmxabUYxYkhRaUxDSnNibUZ0WlNJNklsTkJRMGhKVGlCVVNWZEJVa2tpTENKMWMyVnlWSGx3WlNJNklqRWlMQ0psZUhBaU9qRTNOelUxTmpZeU1Ua3NJbWxoZENJNk1UYzNOVFV6TnpReE9Td2lhblJwSWpvaVlUVXlaVFJrTVdZdE5URTFOaTAwWXpVMUxUa3lZelF0TnpBMU1UZ3dOakE0WmpoaElpd2laVzUwYVhSNUlqb2lURWxEWDBOVlUxUlBUVVZTWDFCUFVsUkJUQ0lzSW1WdFlXbHNJam9pYzE5MGFYZGhjbWsyTWtCc2FXTnBibVJwWVM1amIyMGlmUS5sTFlyekdWczZYTmd4T0hFRnh3b2JyU1VPNnZJWEZDb2sycFhXMHo2TDJVY2V1Z2ZfQ09pcHA2c3dqS2ZSQ3JaUnNLQ1JIZzBIdEZxYXZTMndIYTlocWVBS0RTMXBWSGN0a1JzYkFwNE1YVER4dUVzN3ZoR1o4UWVQMkxnTkN4cUgzUEt4ME5hVnF4NmtlNGJhc1ZfTHNXNUo3dGdzU3JtTFhGbEI5R2RNT3NxRDZteV9UdlhxZFhubVlBc2tYdjJmX291VnNwbHRVc0dWQmN2Y09ISXNWQnhHWWVzZElDbXVUZ0pQM3UwMFpUb1VsdFRrNnRRMVpjMzduamcxYml0bjgyTGxaU1Q0ajU4RTc1OW4tZVBURzhRbjZpMXg3NXozdzFyQ3ZtQWZiTmdnVEdtLWZ6cUNlQl9YZDlCSkZQa09vVnktSllCRnNwZzQyVFZGWGdTY0EiLCJyb2xlcyI6WyJETyJdLCJjbGllbnRJcCI6bnVsbCwiZW50aXRsZW1lbnQiOltdfQ.QLkDApOpXpXINVyohB_3faCI81w9XhaH7F76dnw_Rq8pXKSI3nHeohJlH6Nc5lo0Wx7zSEdp-AljiA4Be5cklA



==== 07/04/2026 10:25:44 - POST-URL ======

https://ebizapp01.licindia.in/BFFService/policy/policyInfo?_dc=1775537744657



==== 07/04/2026 10:25:45 - POST-URL ======

{"confirmationId":null,"status":"200","resultInfoList":null,"count":0,"policy":{"policyNumber":"325232952","planName":"LIC's New Jeevan Labh Plan","mode":"1","noOfDues":1,"premium":"897.00","commenceDate":"2023-03-15","nameOfAssured":"J.Renukadevi","agencyCode":"0090976F ","developmentOfficerCode":"87070","plan":"936","policyTerm":"25","firstUnpaidPremiumDate":"2026-03-15","cdCharge":"0","serviceBranch":"76F ","sumAssured":"200000","policyStatus":"21","dob":"1976-03-10","ageAtEntry":47,"planDetails":{"plan":936,"planType":null,"planDesc":null,"premiumDueDuration":6,"premiumDueDurationType":"M","payPremiumAdvance":30,"payPremiumAdvanceType":"D","gracePeriod":15,"gracePeriodType":"D","serviceTaxRateFirstYr":4.5,"serviceTaxRateNextYrs":2.25,"serviceTaxRateEduCess":0.0,"topUpAllowed":null,"multiplyTopupAmt":null,"topupLimitCriteria":null,"topupNoPayBefMaturity":null,"planCategory":"NORM","freeCoverCond":null,"freeCoverFUP":null,"campaignStartDate":"2026-01-01","campaignEndDate":"2026-03-02","percentageofwaiver":30.0,"maxLimitofwaiver":3000.0,"waiversAllowedNum":1,"lateFeeWaiverInd":"Y","discountPercentFirstYr":null,"discountPercentSecondYr":null,"discountPercentThirdYr":null,"discountPercentSubYr":null,"discountFromDate":null,"discountToDate":null,"maxLimitWaiverFstYr":null,"maxLimitWaiverScndYr":null,"maxLimitWaiverThirdYr":null,"maxLimitWaiverSubYr":null,"discountParameter":null,"graceprdExtFlag":null,"graceprdExtFrmDate":null,"graceprdExtToDate":null,"graceprdPrcntWaiver":null,"maxWaiverLimitgraceprd":null,"gstCdCharge":0.0,"gstLateFeeRateFirstYr":18.0,"gstLateFeeRateNextYrs":18.0,"dateOfLaunch":"01/02/2020","beforeLaunch":"N","centralGSTPercentage":50,"discountPeriod":null,"discountPeriodType":null},"eligible":true,"lateFeeRequired":false,"recordId":"O","premiumPayingTerm":16,"policyBenefits":"200000","dueAmount":"897.00","taxExemption":false,"age":"50","eserviceEligible":false,"policyUlip":false,"dateOfLastPayment":"2039-02-15","dateOfMaturity":"2048-03-15","statusShortDesc":"In Force","nav":"For NAV details please contact your Servicing Branch / Customer Zone","altChannelId":"10","riderPolicy":false,"minorChild":false,"accountingBookCode":1,"payedPolicy":false,"advancePayedPolicy":false,"lastAccountDate":"2026-02-27","noBonusYears":0,"bonusInfo":{"totalRevBonus":28200,"totalInterimBonus":0,"totalFAB":0,"totalGuaranty":0,"totalLoyalty":0,"totalOneTimeBonus":0.00,"messageCode":null,"calulationSheetHTML":"<table border=1><tr class=grey-bg><td>From</td><td>Upto</td><td>Year</td><td>Type</td><td>Factor</td><td>Rate</td><td>Bonus </td></tr><tr class=grey-bg><td>2023-03-15</td><td>2024-03-15</td><td>2023</td><td>V</td><td>1.0</td><td>47.00</td><td>9400.00</td></tr><tr class=grey-bg><td>2024-03-15</td><td>2025-03-15</td><td>2024</td><td>V</td><td>1.0</td><td>47.00</td><td>9400.00</td></tr><tr class=grey-bg><td>2025-03-15</td><td>2026-03-15</td><td>2025</td><td>V</td><td>1.0</td><td>47.00</td><td>9400.00</td></tr><tr class=grey-bg><td colspan=7>Total Rev Bonus : 28200.00   Total Interim Bonus : 0.00</td></tr></table> ","calulationSheetText":"From        Upto        Year Type Factor  Rate     Bonus \r\n2023-03-15  2024-03-15  2023  V     1.0   47.00    9400.00\r\n2024-03-15  2025-03-15  2024  V     1.0   47.00    9400.00\r\n2025-03-15  2026-03-15  2025  V     1.0   47.00    9400.00\r\n   Total Rev Bonus : 28200.00   Total Interim Bonus : 0.00\r\n "},"isSpotRevivalAllowed":false,"discountApplicable":false,"advancePaymetEligible":false,"maturitySumAssured":0,"gstInNumber":"null","lastTransactionDate":"2025-10-09T10:22:12.000+00:00","transactionNumber":"24327892","transactionAllowed":true,"dateOfShowMaturity":"2048-03-15","panFlag":true,"neftFlag":false,"itPan":"AN******8B","neftStatus":"N","titleCode":"1","premiumGapFlag":false,"dghPolicyFlag":false,"policyExitStatus":false,"serviceRequestFlag":false,"nriGstFlag":false,"fyEndDate":"2027-03-31"},"person":{"policyNo":325232952,"birthDate":"1976-03-10","fullName":"J.Renukadevi","sex":"F","shortName":"Renukadevi J","age":"47","profileMobileNo":null,"profileEmail":null,"profileUnMaskMobileNo":null,"profileUnMaskEmail":null},"address":{"policyNo":325232952,"address1":"W/O N Murali, 55h/3","address2":"Surendhar Illam , Ramnagar,","address3":"Koneripatti , Rasipuram Tk, Namakk","addressId":1,"pin":637408},"branch":{"branchCode":"76F ","address1":"LIC OF INDIA - 76F","address2":"NAMAKKAL ROAD","address3":"RASIPURAM","branchIp":"10.128.42.194","branchName":"LIC of India, Rasipuram Br Office","city":null,"dcCode":"X070","divCode":70,"eaiIndication":"Y","emailId":"BO_76F@LICINDIA.COM","man":null,"odsIndication":"N","pin":null,"state":"null"},"agent":{"agencyCode":"0090976F ","address1":"D/O.K.Jayaraman,Jai Ganesh Lorry","address2":"Service,T.P.Kadu,Moolapallipatty.Po","address3":"Rasipuram.Tk & Namakkal .Dt.","agentName":"J.Renukadevi","birthDate":"1976-03-10","category":2,"city":null,"disabilityCode":1,"enteredDate":"2026-04-07T01:10:57.000+00:00","itaxPanNo":"ANZPR4228B","occupationCode":12,"pin":637406,"qualificationCode":3,"sex":"F"},"nominees":[{"policyNo":325232952,"nomineeAge":49,"nomineeDob":null,"nomineeId":1,"nomineeName":"N MURALI","nomineeRegistrationDate":null,"nomineeRelation":"H","nomineeShare":100,"nomineeStatus":"B"}],"billingInfo":{"policyNumber":"325232952","nameOfAssured":"J.Renukadevi","planName":"LIC's New Jeevan Labh Plan","plan":936,"mode":"1","premium":897,"sumAssured":200000,"status":null,"firstUnpaidPremiumDate":"2026-03-15","nextFup":null,"dueAmount":"897.00","payedPolicy":false,"noOfDues":1,"eligible":true,"spotRevival":false},"policyContact":{"policyNo":325232952,"dataSource":"B","emailAddress":"priyahithesh@gmail.com                  ","enteredDate":"2026-02-28T20:00:17.924+00:00","mobileNo":"919865143555","countryCode":null,"telephoneNo":"null","panNo":null},"policyExtra":{"accumTerm":0},"policyAnnuity":null,"userRegistered":"N","assignmentDetails":[],"ulipExtra":{"giveCashAmount":0},"bonusErrorMessage":null,"qpayPolicy":{"policyNumber":"325232952","dob":"10/03/1976","emailId":"priyahithesh@gmail.com","mobileNo":"9865143555","premium":"897","key":"958463"}}



==== 07/04/2026 10:25:54 - GET-URL ======

https://mk-channel.licindia.in/Landing/



==== 09/04/2026 18:41:56 - Skipped 1 policy at offset 200 ======





==== 09/04/2026 18:42:13 - Skipped 1 policy at offset 201 ======





==== 09/04/2026 18:42:38 - Skipped 1 policy at offset 203 ======





==== 09/04/2026 18:43:15 - Skipped 1 policy at offset 204 ======





==== 09/04/2026 18:43:20 - Skipped 1 policy at offset 206 ======





==== 09/04/2026 18:44:08 - Skipped 1 policy at offset 207 ======





==== 09/04/2026 18:44:50 - Skipped 1 policy at offset 209 ======





==== 09/04/2026 18:45:50 - Skipped 1 policy at offset 210 ======





==== 09/04/2026 18:46:32 - Skipped 1 policy at offset 212 ======





==== 09/04/2026 18:47:20 - Skipped 1 policy at offset 213 ======





==== 09/04/2026 18:48:09 - Skipped 1 policy at offset 215 ======





==== 09/04/2026 18:48:32 - Skipped 1 policy at offset 216 ======





==== 09/04/2026 18:49:02 - Skipped 1 policy at offset 218 ======





==== 09/04/2026 18:49:44 - Skipped 1 policy at offset 219 ======





==== 09/04/2026 18:50:38 - Skipped 1 policy at offset 221 ======





==== 09/04/2026 18:50:54 - Skipped 1 policy at offset 222 ======





==== 09/04/2026 18:51:38 - Skipped 1 policy at offset 225 ======





==== 09/04/2026 18:51:43 - Skipped 1 policy at offset 226 ======





==== 09/04/2026 18:51:48 - Skipped 1 policy at offset 228 ======





==== 09/04/2026 18:51:53 - Skipped 1 policy at offset 229 ======





==== 09/04/2026 18:51:58 - Skipped 1 policy at offset 231 ======





==== 09/04/2026 18:52:03 - Skipped 1 policy at offset 232 ======





==== 09/04/2026 18:52:08 - Skipped 1 policy at offset 234 ======





==== 09/04/2026 18:52:26 - Skipped 1 policy at offset 235 ======





==== 09/04/2026 18:52:42 - Skipped 1 policy at offset 237 ======





==== 09/04/2026 18:52:53 - Skipped 1 policy at offset 238 ======





==== 09/04/2026 18:53:01 - Skipped 1 policy at offset 240 ======





==== 09/04/2026 18:53:20 - Skipped 1 policy at offset 241 ======





==== 09/04/2026 18:53:39 - Skipped 1 policy at offset 243 ======





==== 09/04/2026 18:53:47 - Skipped 1 policy at offset 244 ======





==== 09/04/2026 18:53:52 - Skipped 1 policy at offset 246 ======





==== 09/04/2026 18:54:08 - Skipped 1 policy at offset 247 ======





==== 09/04/2026 18:54:42 - Skipped 1 policy at offset 250 ======





==== 09/04/2026 18:55:08 - Skipped 1 policy at offset 251 ======





==== 09/04/2026 18:55:48 - Skipped 1 policy at offset 253 ======





==== 09/04/2026 18:56:20 - Skipped 1 policy at offset 254 ======





==== 09/04/2026 18:56:50 - Skipped 1 policy at offset 256 ======





==== 09/04/2026 18:57:38 - Skipped 1 policy at offset 257 ======





==== 09/04/2026 18:58:20 - Skipped 1 policy at offset 259 ======





==== 09/04/2026 18:58:55 - Skipped 1 policy at offset 260 ======





==== 09/04/2026 18:59:38 - Skipped 1 policy at offset 262 ======





==== 09/04/2026 19:00:08 - Skipped 1 policy at offset 263 ======





==== 09/04/2026 19:00:51 - Skipped 1 policy at offset 265 ======





==== 09/04/2026 19:01:13 - Skipped 1 policy at offset 266 ======





==== 09/04/2026 19:01:21 - Skipped 1 policy at offset 268 ======





==== 09/04/2026 19:01:38 - Skipped 1 policy at offset 269 ======





==== 09/04/2026 19:01:54 - Skipped 1 policy at offset 271 ======





==== 09/04/2026 19:02:20 - Skipped 1 policy at offset 272 ======





==== 09/04/2026 19:02:40 - Skipped 1 policy at offset 275 ======





==== 09/04/2026 19:03:26 - Skipped 1 policy at offset 276 ======





==== 09/04/2026 19:04:09 - Skipped 1 policy at offset 278 ======





==== 09/04/2026 19:04:50 - Skipped 1 policy at offset 279 ======





==== 09/04/2026 19:05:44 - Skipped 1 policy at offset 281 ======





==== 09/04/2026 19:06:17 - Skipped 1 policy at offset 282 ======





==== 09/04/2026 19:07:02 - Skipped 1 policy at offset 284 ======





==== 09/04/2026 19:07:22 - Skipped 1 policy at offset 285 ======





==== 09/04/2026 19:07:27 - Skipped 1 policy at offset 287 ======





==== 09/04/2026 19:07:32 - Skipped 1 policy at offset 288 ======





==== 09/04/2026 19:07:37 - Skipped 1 policy at offset 290 ======





==== 09/04/2026 19:07:42 - Skipped 1 policy at offset 291 ======





==== 09/04/2026 19:07:48 - Skipped 1 policy at offset 293 ======





==== 09/04/2026 19:07:53 - Skipped 1 policy at offset 294 ======





==== 09/04/2026 19:07:58 - Skipped 1 policy at offset 296 ======





==== 09/04/2026 19:08:03 - Skipped 1 policy at offset 297 ======





==== 09/04/2026 19:08:08 - Skipped 1 policy at offset 300 ======





==== 09/04/2026 19:08:13 - Skipped 1 policy at offset 301 ======





==== 09/04/2026 19:08:18 - Skipped 1 policy at offset 303 ======





==== 09/04/2026 19:08:23 - Skipped 1 policy at offset 304 ======





==== 09/04/2026 19:08:28 - Skipped 1 policy at offset 306 ======





==== 09/04/2026 19:08:33 - Skipped 1 policy at offset 307 ======





==== 09/04/2026 19:08:38 - Skipped 1 policy at offset 309 ======





==== 09/04/2026 19:08:43 - Skipped 1 policy at offset 310 ======





==== 09/04/2026 19:08:48 - Skipped 1 policy at offset 312 ======





==== 09/04/2026 19:08:53 - Skipped 1 policy at offset 313 ======





==== 09/04/2026 19:08:58 - Skipped 1 policy at offset 315 ======





==== 09/04/2026 19:09:03 - Skipped 1 policy at offset 316 ======





==== 09/04/2026 19:09:08 - Skipped 1 policy at offset 318 ======





==== 09/04/2026 19:09:13 - Skipped 1 policy at offset 319 ======





==== 09/04/2026 19:09:19 - Skipped 1 policy at offset 321 ======





==== 09/04/2026 19:09:24 - Skipped 1 policy at offset 322 ======





==== 09/04/2026 19:09:29 - Skipped 1 policy at offset 325 ======





==== 09/04/2026 19:09:34 - Skipped 1 policy at offset 326 ======





==== 09/04/2026 19:09:39 - Skipped 1 policy at offset 328 ======





==== 09/04/2026 19:09:44 - Skipped 1 policy at offset 329 ======





==== 09/04/2026 19:09:49 - Skipped 1 policy at offset 331 ======





==== 09/04/2026 19:09:54 - Skipped 1 policy at offset 332 ======





==== 09/04/2026 19:09:59 - Skipped 1 policy at offset 334 ======





==== 09/04/2026 19:10:05 - Skipped 1 policy at offset 335 ======





==== 09/04/2026 19:10:10 - Skipped 1 policy at offset 337 ======





==== 09/04/2026 19:10:15 - Skipped 1 policy at offset 338 ======





==== 09/04/2026 19:10:20 - Skipped 1 policy at offset 340 ======





==== 09/04/2026 19:10:25 - Skipped 1 policy at offset 341 ======





==== 09/04/2026 19:10:30 - Skipped 1 policy at offset 343 ======





==== 09/04/2026 19:10:35 - Skipped 1 policy at offset 344 ======





==== 09/04/2026 19:10:40 - Skipped 1 policy at offset 346 ======





==== 09/04/2026 19:10:45 - Skipped 1 policy at offset 347 ======





==== 09/04/2026 19:10:50 - Skipped 1 policy at offset 350 ======





==== 09/04/2026 19:10:55 - Skipped 1 policy at offset 351 ======





==== 09/04/2026 19:11:00 - Skipped 1 policy at offset 353 ======





==== 09/04/2026 19:11:05 - Skipped 1 policy at offset 354 ======





==== 09/04/2026 19:11:10 - Skipped 1 policy at offset 356 ======





==== 09/04/2026 19:11:15 - Skipped 1 policy at offset 357 ======





==== 09/04/2026 19:11:20 - Skipped 1 policy at offset 359 ======





==== 09/04/2026 19:11:25 - Skipped 1 policy at offset 360 ======





==== 09/04/2026 19:11:30 - Skipped 1 policy at offset 362 ======





==== 09/04/2026 19:11:36 - Skipped 1 policy at offset 363 ======





==== 09/04/2026 19:11:41 - Skipped 1 policy at offset 365 ======





==== 09/04/2026 19:11:46 - Skipped 1 policy at offset 366 ======





==== 09/04/2026 19:11:51 - Skipped 1 policy at offset 368 ======





==== 09/04/2026 19:11:56 - Skipped 1 policy at offset 369 ======





==== 09/04/2026 19:12:01 - Skipped 1 policy at offset 371 ======





==== 09/04/2026 19:12:06 - Skipped 1 policy at offset 372 ======





==== 09/04/2026 19:12:11 - Skipped 1 policy at offset 375 ======





==== 09/04/2026 19:12:16 - Skipped 1 policy at offset 376 ======





==== 09/04/2026 19:12:21 - Skipped 1 policy at offset 378 ======





==== 09/04/2026 19:12:26 - Skipped 1 policy at offset 379 ======





==== 09/04/2026 19:12:31 - Skipped 1 policy at offset 381 ======





==== 09/04/2026 19:12:36 - Skipped 1 policy at offset 382 ======





==== 09/04/2026 19:12:41 - Skipped 1 policy at offset 384 ======





==== 09/04/2026 19:12:46 - Skipped 1 policy at offset 385 ======





==== 09/04/2026 19:12:51 - Skipped 1 policy at offset 387 ======





==== 09/04/2026 19:12:56 - Skipped 1 policy at offset 388 ======





==== 09/04/2026 19:13:02 - Skipped 1 policy at offset 390 ======





==== 09/04/2026 19:13:07 - Skipped 1 policy at offset 391 ======





==== 09/04/2026 19:13:12 - Skipped 1 policy at offset 393 ======





==== 09/04/2026 19:13:17 - Skipped 1 policy at offset 394 ======





==== 09/04/2026 19:13:22 - Skipped 1 policy at offset 396 ======





==== 09/04/2026 19:13:27 - Skipped 1 policy at offset 397 ======





==== 09/04/2026 19:13:39 - Portal Data Download Background ======

startForegroundService() not allowed due to mAllowStartForeground false: service com.bliss.blissbma.pro/crc6479545b82ba044d57.CommissionService   at Java.Interop.JniEnvironment.InstanceMethods.CallNonvirtualObjectMethod(JniObjectReference , JniObjectReference , JniMethodInfo , JniArgumentValue* )
   at Java.Interop.JniPeerMembers.JniInstanceMethods.InvokeVirtualObjectMethod(String , IJavaPeerable , JniArgumentValue* )
   at Android.Content.ContextWrapper.StartForegroundService(Intent )
   at bma.commissionActivity.updateComm(Context c, String agcode, Boolean nodialog, String runsb)
  --- End of managed Java.Lang.IllegalStateException stack trace ---
android.app.ForegroundServiceStartNotAllowedException: startForegroundService() not allowed due to mAllowStartForeground false: service com.bliss.blissbma.pro/crc6479545b82ba044d57.CommissionService
	at android.app.ForegroundServiceStartNotAllowedException$1.createFromParcel(ForegroundServiceStartNotAllowedException.java:54)
	at android.app.ForegroundServiceStartNotAllowedException$1.createFromParcel(ForegroundServiceStartNotAllowedException.java:50)
	at android.os.Parcel.readParcelableInternal(Parcel.java:4809)
	at android.os.Parcel.readParcelable(Parcel.java:4777)
	at android.os.Parcel.createExceptionOrNull(Parcel.java:3040)
	at android.os.Parcel.createException(Parcel.java:3029)
	at android.os.Parcel.readException(Parcel.java:3012)
	at android.os.Parcel.readException(Parcel.java:2954)
	at android.app.IActivityManager$Stub$Proxy.startService(IActivityManager.java:6214)
	at android.app.ContextImpl.startServiceCommon(ContextImpl.java:1967)
	at android.app.ContextImpl.startForegroundService(ContextImpl.java:1933)
	at android.content.ContextWrapper.startForegroundService(ContextWrapper.java:839)
	at android.content.ContextWrapper.startForegroundService(ContextWrapper.java:839)
	at mono.java.lang.RunnableImplementor.n_run(Native Method)
	at mono.java.lang.RunnableImplementor.run(RunnableImplementor.java:29)
	at android.os.Handler.handleCallback(Handler.java:942)
	at android.os.Handler.dispatchMessage(Handler.java:99)
	at android.os.Looper.loopOnce(Looper.java:226)
	at android.os.Looper.loop(Looper.java:313)
	at android.app.ActivityThread.main(ActivityThread.java:8762)
	at java.lang.reflect.Method.invoke(Native Method)
	at com.android.internal.os.RuntimeInit$MethodAndArgsCaller.run(RuntimeInit.java:604)
	at com.android.internal.os.ZygoteInit.main(ZygoteInit.java:1067)




==== 10/04/2026 14:40:58 - S3 Cloud Backup Upload Error (2) ======

Connection failure   at Xamarin.Android.Net.AndroidMessageHandler.<>c__DisplayClass137_0.<ConnectAsync>b__0()
   at System.Threading.Tasks.Task.InnerInvoke()
   at System.Threading.Tasks.Task.<>c.<.cctor>b__292_0(Object obj)
   at System.Threading.ExecutionContext.RunFromThreadPoolDispatchLoop(Thread , ExecutionContext , ContextCallback , Object )
--- End of stack trace from previous location ---
   at System.Threading.ExecutionContext.RunFromThreadPoolDispatchLoop(Thread , ExecutionContext , ContextCallback , Object )
   at System.Threading.Tasks.Task.ExecuteWithThreadLocal(Task& , Thread )
--- End of stack trace from previous location ---
   at Xamarin.Android.Net.AndroidMessageHandler.DoProcessRequest(HttpRequestMessage , URL , HttpURLConnection , CancellationToken , RequestRedirectionState )
   at Xamarin.Android.Net.AndroidMessageHandler.DoSendAsync(HttpRequestMessage , CancellationToken )
   at System.Net.Http.HttpClient.<SendAsync>g__Core|83_0(HttpRequestMessage , HttpCompletionOption , CancellationTokenSource , Boolean , CancellationTokenSource , CancellationToken )
   at Amazon.Runtime.HttpWebRequestMessage.GetResponseAsync(CancellationToken cancellationToken)
   at Amazon.Runtime.Internal.HttpHandler`1.<InvokeAsync>d__9`1[[System.Net.Http.HttpContent, System.Net.Http, Version=9.0.0.0, Culture=neutral, PublicKeyToken=b03f5f7f11d50a3a],[Amazon.S3.Model.PutObjectResponse, AWSSDK.S3, Version=3.3.0.0, Culture=neutral, PublicKeyToken=885c28607f98e604]].MoveNext()
   at Amazon.Runtime.Internal.RedirectHandler.<InvokeAsync>d__1`1[[Amazon.S3.Model.PutObjectResponse, AWSSDK.S3, Version=3.3.0.0, Culture=neutral, PublicKeyToken=885c28607f98e604]].MoveNext()
   at Amazon.Runtime.Internal.Unmarshaller.<InvokeAsync>d__3`1[[Amazon.S3.Model.PutObjectResponse, AWSSDK.S3, Version=3.3.0.0, Culture=neutral, PublicKeyToken=885c28607f98e604]].MoveNext()
   at Amazon.S3.Internal.AmazonS3ResponseHandler.<InvokeAsync>d__1`1[[Amazon.S3.Model.PutObjectResponse, AWSSDK.S3, Version=3.3.0.0, Culture=neutral, PublicKeyToken=885c28607f98e604]].MoveNext()
   at Amazon.Runtime.Internal.ErrorHandler.<InvokeAsync>d__5`1[[Amazon.S3.Model.PutObjectResponse, AWSSDK.S3, Version=3.3.0.0, Culture=neutral, PublicKeyToken=885c28607f98e604]].MoveNext()
   at Amazon.Runtime.Internal.ErrorHandler.<InvokeAsync>d__5`1[[Amazon.S3.Model.PutObjectResponse, AWSSDK.S3, Version=3.3.0.0, Culture=neutral, PublicKeyToken=885c28607f98e604]].MoveNext()
   at Amazon.Runtime.Internal.CallbackHandler.<InvokeAsync>d__9`1[[Amazon.S3.Model.PutObjectResponse, AWSSDK.S3, Version=3.3.0.0, Culture=neutral, PublicKeyToken=885c28607f98e604]].MoveNext()
   at Amazon.Runtime.Internal.Signer.<InvokeAsync>d__1`1[[Amazon.S3.Model.PutObjectResponse, AWSSDK.S3, Version=3.3.0.0, Culture=neutral, PublicKeyToken=885c28607f98e604]].MoveNext()
   at Amazon.S3.Internal.S3Express.S3ExpressPreSigner.<InvokeAsync>d__5`1[[Amazon.S3.Model.PutObjectResponse, AWSSDK.S3, Version=3.3.0.0, Culture=neutral, PublicKeyToken=885c28607f98e604]].MoveNext()
   at Amazon.Runtime.Internal.EndpointDiscoveryHandler.<InvokeAsync>d__2`1[[Amazon.S3.Model.PutObjectResponse, AWSSDK.S3, Version=3.3.0.0, Culture=neutral, PublicKeyToken=885c28607f98e604]].MoveNext()
   at Amazon.Runtime.Internal.EndpointDiscoveryHandler.<InvokeAsync>d__2`1[[Amazon.S3.Model.PutObjectResponse, AWSSDK.S3, Version=3.3.0.0, Culture=neutral, PublicKeyToken=885c28607f98e604]].MoveNext()
   at Amazon.Runtime.Internal.CredentialsRetriever.<InvokeAsync>d__7`1[[Amazon.S3.Model.PutObjectResponse, AWSSDK.S3, Version=3.3.0.0, Culture=neutral, PublicKeyToken=885c28607f98e604]].MoveNext()
   at Amazon.Runtime.Internal.RetryHandler.<InvokeAsync>d__10`1[[Amazon.S3.Model.PutObjectResponse, AWSSDK.S3, Version=3.3.0.0, Culture=neutral, PublicKeyToken=885c28607f98e604]].MoveNext()
   at Amazon.Runtime.Internal.RetryHandler.<InvokeAsync>d__10`1[[Amazon.S3.Model.PutObjectResponse, AWSSDK.S3, Version=3.3.0.0, Culture=neutral, PublicKeyToken=885c28607f98e604]].MoveNext()
   at Amazon.Runtime.Internal.CallbackHandler.<InvokeAsync>d__9`1[[Amazon.S3.Model.PutObjectResponse, AWSSDK.S3, Version=3.3.0.0, Culture=neutral, PublicKeyToken=885c28607f98e604]].MoveNext()
   at Amazon.Runtime.Internal.CallbackHandler.<InvokeAsync>d__9`1[[Amazon.S3.Model.PutObjectResponse, AWSSDK.S3, Version=3.3.0.0, Culture=neutral, PublicKeyToken=885c28607f98e604]].MoveNext()
   at Amazon.S3.Internal.AmazonS3ExceptionHandler.<InvokeAsync>d__1`1[[Amazon.S3.Model.PutObjectResponse, AWSSDK.S3, Version=3.3.0.0, Culture=neutral, PublicKeyToken=885c28607f98e604]].MoveNext()
   at Amazon.Runtime.Internal.ErrorCallbackHandler.<InvokeAsync>d__5`1[[Amazon.S3.Model.PutObjectResponse, AWSSDK.S3, Version=3.3.0.0, Culture=neutral, PublicKeyToken=885c28607f98e604]].MoveNext()
   at Amazon.Runtime.Internal.MetricsHandler.<InvokeAsync>d__1`1[[Amazon.S3.Model.PutObjectResponse, AWSSDK.S3, Version=3.3.0.0, Culture=neutral, PublicKeyToken=885c28607f98e604]].MoveNext()
   at bma.BackupClass.takeCloudBackup(Context c, Boolean auto, String _mobile)



==== 15/04/2026 15:31:46 - S3 Cloud Backup Upload Error (2) ======

Connection failure   at Xamarin.Android.Net.AndroidMessageHandler.<>c__DisplayClass137_0.<ConnectAsync>b__0()
   at System.Threading.Tasks.Task.InnerInvoke()
   at System.Threading.Tasks.Task.<>c.<.cctor>b__292_0(Object obj)
   at System.Threading.ExecutionContext.RunFromThreadPoolDispatchLoop(Thread , ExecutionContext , ContextCallback , Object )
--- End of stack trace from previous location ---
   at System.Threading.ExecutionContext.RunFromThreadPoolDispatchLoop(Thread , ExecutionContext , ContextCallback , Object )
   at System.Threading.Tasks.Task.ExecuteWithThreadLocal(Task& , Thread )
--- End of stack trace from previous location ---
   at Xamarin.Android.Net.AndroidMessageHandler.DoProcessRequest(HttpRequestMessage , URL , HttpURLConnection , CancellationToken , RequestRedirectionState )
   at Xamarin.Android.Net.AndroidMessageHandler.DoSendAsync(HttpRequestMessage , CancellationToken )
   at System.Net.Http.HttpClient.<SendAsync>g__Core|83_0(HttpRequestMessage , HttpCompletionOption , CancellationTokenSource , Boolean , CancellationTokenSource , CancellationToken )
   at Amazon.Runtime.HttpWebRequestMessage.GetResponseAsync(CancellationToken cancellationToken)
   at Amazon.Runtime.Internal.HttpHandler`1.<InvokeAsync>d__9`1[[System.Net.Http.HttpContent, System.Net.Http, Version=9.0.0.0, Culture=neutral, PublicKeyToken=b03f5f7f11d50a3a],[Amazon.S3.Model.PutObjectResponse, AWSSDK.S3, Version=3.3.0.0, Culture=neutral, PublicKeyToken=885c28607f98e604]].MoveNext()
   at Amazon.Runtime.Internal.RedirectHandler.<InvokeAsync>d__1`1[[Amazon.S3.Model.PutObjectResponse, AWSSDK.S3, Version=3.3.0.0, Culture=neutral, PublicKeyToken=885c28607f98e604]].MoveNext()
   at Amazon.Runtime.Internal.Unmarshaller.<InvokeAsync>d__3`1[[Amazon.S3.Model.PutObjectResponse, AWSSDK.S3, Version=3.3.0.0, Culture=neutral, PublicKeyToken=885c28607f98e604]].MoveNext()
   at Amazon.S3.Internal.AmazonS3ResponseHandler.<InvokeAsync>d__1`1[[Amazon.S3.Model.PutObjectResponse, AWSSDK.S3, Version=3.3.0.0, Culture=neutral, PublicKeyToken=885c28607f98e604]].MoveNext()
   at Amazon.Runtime.Internal.ErrorHandler.<InvokeAsync>d__5`1[[Amazon.S3.Model.PutObjectResponse, AWSSDK.S3, Version=3.3.0.0, Culture=neutral, PublicKeyToken=885c28607f98e604]].MoveNext()
   at Amazon.Runtime.Internal.ErrorHandler.<InvokeAsync>d__5`1[[Amazon.S3.Model.PutObjectResponse, AWSSDK.S3, Version=3.3.0.0, Culture=neutral, PublicKeyToken=885c28607f98e604]].MoveNext()
   at Amazon.Runtime.Internal.CallbackHandler.<InvokeAsync>d__9`1[[Amazon.S3.Model.PutObjectResponse, AWSSDK.S3, Version=3.3.0.0, Culture=neutral, PublicKeyToken=885c28607f98e604]].MoveNext()
   at Amazon.Runtime.Internal.Signer.<InvokeAsync>d__1`1[[Amazon.S3.Model.PutObjectResponse, AWSSDK.S3, Version=3.3.0.0, Culture=neutral, PublicKeyToken=885c28607f98e604]].MoveNext()
   at Amazon.S3.Internal.S3Express.S3ExpressPreSigner.<InvokeAsync>d__5`1[[Amazon.S3.Model.PutObjectResponse, AWSSDK.S3, Version=3.3.0.0, Culture=neutral, PublicKeyToken=885c28607f98e604]].MoveNext()
   at Amazon.Runtime.Internal.EndpointDiscoveryHandler.<InvokeAsync>d__2`1[[Amazon.S3.Model.PutObjectResponse, AWSSDK.S3, Version=3.3.0.0, Culture=neutral, PublicKeyToken=885c28607f98e604]].MoveNext()
   at Amazon.Runtime.Internal.EndpointDiscoveryHandler.<InvokeAsync>d__2`1[[Amazon.S3.Model.PutObjectResponse, AWSSDK.S3, Version=3.3.0.0, Culture=neutral, PublicKeyToken=885c28607f98e604]].MoveNext()
   at Amazon.Runtime.Internal.CredentialsRetriever.<InvokeAsync>d__7`1[[Amazon.S3.Model.PutObjectResponse, AWSSDK.S3, Version=3.3.0.0, Culture=neutral, PublicKeyToken=885c28607f98e604]].MoveNext()
   at Amazon.Runtime.Internal.RetryHandler.<InvokeAsync>d__10`1[[Amazon.S3.Model.PutObjectResponse, AWSSDK.S3, Version=3.3.0.0, Culture=neutral, PublicKeyToken=885c28607f98e604]].MoveNext()
   at Amazon.Runtime.Internal.RetryHandler.<InvokeAsync>d__10`1[[Amazon.S3.Model.PutObjectResponse, AWSSDK.S3, Version=3.3.0.0, Culture=neutral, PublicKeyToken=885c28607f98e604]].MoveNext()
   at Amazon.Runtime.Internal.CallbackHandler.<InvokeAsync>d__9`1[[Amazon.S3.Model.PutObjectResponse, AWSSDK.S3, Version=3.3.0.0, Culture=neutral, PublicKeyToken=885c28607f98e604]].MoveNext()
   at Amazon.Runtime.Internal.CallbackHandler.<InvokeAsync>d__9`1[[Amazon.S3.Model.PutObjectResponse, AWSSDK.S3, Version=3.3.0.0, Culture=neutral, PublicKeyToken=885c28607f98e604]].MoveNext()
   at Amazon.S3.Internal.AmazonS3ExceptionHandler.<InvokeAsync>d__1`1[[Amazon.S3.Model.PutObjectResponse, AWSSDK.S3, Version=3.3.0.0, Culture=neutral, PublicKeyToken=885c28607f98e604]].MoveNext()
   at Amazon.Runtime.Internal.ErrorCallbackHandler.<InvokeAsync>d__5`1[[Amazon.S3.Model.PutObjectResponse, AWSSDK.S3, Version=3.3.0.0, Culture=neutral, PublicKeyToken=885c28607f98e604]].MoveNext()
   at Amazon.Runtime.Internal.MetricsHandler.<InvokeAsync>d__1`1[[Amazon.S3.Model.PutObjectResponse, AWSSDK.S3, Version=3.3.0.0, Culture=neutral, PublicKeyToken=885c28607f98e604]].MoveNext()
   at bma.BackupClass.takeCloudBackup(Context c, Boolean auto, String _mobile)



==== 16/04/2026 09:09:22 - OSTATTUS-RESPONSE-TOKEN ======

rF6mW+ju3Ds8nCBAoEpzJLqUKjQqonkWnjPhj87LR7OD88g4NexexSNpFiG5YhfAx/FmzAIL1sZ4yEcLy+B0QNoJQtPJQHzjeuAFPUy1mFQfRDbObCpfHA+pq+Ns5sGXsMAXpVaq3muMhVKjnAalr5eeGdV+gTfnFg7AWeh+uMotdMeIPi4E5Fb7JOERYrbCCXVRkjNjMxWIkKUj6shqfFY47X90fZ78bWR40bu8QGkjhXNy5zkYUaXm9Qyha7TrAbB7/dHfr8Hwii6WBMYILMVdiI4Na7xOd+bI6JDIpgZMd5t+5fKQh7qKgQhFBLl5b3nhp+XcbPmHNaSySEBlg0DZWkZYxAGwAma5HAvFad7CXr+bf2EaKIg8ypsglYxL1zik7zmgqDwa+xfCv5hQaH3Y9gjSyYN/dK08jh4HmDXHKxIua0C7qx4Hn6W6EH8Mio1K0shR259YlkxCpK+uvAqu69R6fu0HMXDCkH+8h3LeMD68s2VKOSxldtWyP16ISUCSd00xsAHDDmLdNpEokF7p9LCzJGPsmVm2BvX7yyCqlSehDPJqCDIUNi1NRbNaACcam+CeOUnWBppCvGZTtt4u/nanaN+VT1+5w4m4L0UQydjru4/gxmQLg7ErU+gAa7WIJXLse8Igd/e5pNNorJgUTYNGfIrlUd8dTDssEco/JgS3dNBhclho/8kS6TWHUUZDYPIXSUvn+hNjACCEtqrOeSHJOtTHMP0JugFh+IPBfC6Fy5omG4FwPwr+9IesnKpnZnaUuNlq7p6vhcY4/Xuyw9/Bgl/76yAygGm3Tx7na5vIGVjpxc2LObEoGDqhrCCpQd/v1TsrVzaMi5k4HL7fZ9EekB1ybPNl2uwWHWsJr5oyJg+TSYeXCZ6AxMXi9ZwSlTWZnyTLMqC292Dbf9GBMZ/obp4JV9wkbPDDKWiRAkUXkeUmLkzQQxElZYScqTAC7dlRo6aAQE2Zs4h56Ujno1bGB57YYM4J/s/CmkcWgzcGsjDS7U0AVvQsYhlFI26vEOPZ61FeJ161d10wstCAx1XCOiw9xXvArptdjX7U92wa1mDkPMwubsd63/UxWs+MxUgodTd6TCC3y0xMwpjBKUgkYs38/DfCVRwVz4qxiShcIT+FLuphuKaX0dsrXG8dEiiVO4plKDf+dH4eYpcIYOMIhM7CqqAYp9bghvejWU03uG4nGjBZJoMEGV9YtlWCJbVgI1tTeqRpBUC7L76Ij4fz+uvuj9ygp82he/IdyWcF9MBAFcB54WpgzKK2zMULPngBiaQFVt60YHYtJpQMp49tBTv8Dl+0E/HbsbFOa5U6TZR0aOQ4QRg29tsv/j1ysb27zOQgcOLBYTqnE/fR+HgEiNhiePKbpTgVFs2NicjQmbaMiLdOqJiltko6BvastSfu2EJD7Ctrcz0UjcomL2uh+dcXFFe/XCPurk+vA+SmM024Ow8Eze/nvfoQ3ZtXbOLDeWCL0u1tSm6AEEYEded8OJbj1Kd3tgqQHTQQZfhQt4C7YLz/uW+2s3EZriUmCGAAl0bQR6n//2Ua8adhA4CAjTQoUECvCsN58I1HI0vXz2QdtPdgdFrGo9pRptY70g7XPKBR0r8Y7CwgAU32rs5fket8+k8CpM2gRbX5VF2j8t9FQpWweX+gr7pg9+wBoiWMAGT6zmpVfwbTQaxfuBQlj7fYfuB1fx1Sp1Uoo92wLbGb8YMbLuknEMI6RiXoiNieDQbvNic7WZY6R1nKIT4tCPAqJZEfivXrLfwI56g2XgBxNsnt3NmWpLA+57fOAkPlQiNAJPQmfR6GTTDxTeEkie6jJ8W241h06WMgJrn6iGTegVZQgpEa25OdckNijFg3poIK938wW281QSphVk+je2mV72OhOc7wU0SUNMeTpS7wipM1vjSMCfx8codMAMDffhold+9cVV1ZFWzw/GtkQkPSXQfQ/oxpcjwTYx7lgID4ybUQfHgcH6d5tCLREkio1t4=



==== 16/04/2026 09:09:22 - OSTATTUS-RESPONSE-TOKEN ======

eyJhbGciOiJIUzUxMiJ9.eyJzdWIiOiJJREFNMDkxMjIwMjI0MDQzMDEyIiwiYWdlbmN5X2NvZGUiOm51bGwsImNyZWF0ZWQiOjE3NzYzMDgxNjA4MzMsImFjY2Vzc19jb2RlIjoiZXlKaGJHY2lPaUpTVXpJMU5pSXNJblI1Y0NJNklrcFhWQ0o5LmV5SnpkV0lpT2lKSlJFRk5NRGt4TWpJd01qSTBNRFF6TURFeUlpd2labTVoYldVaU9pSk5SQzVOVDBoSklGVkVSRWxPSUVOSVQxVkVTRlZTV1NJc0luVnpaWEp6ZEdGMGRYTWlPaUl4SWl3aVpXNTBhWFI1YkdsemRDSTZXeUpNU1VOZlExVlRWRTlOUlZKZlVFOVNWRUZNSWwwc0luSnZiR1Z6SWpwYklrUlBJbDBzSW1semN5STZJa0ZTV0NJc0ltMXZZbWxzWlNJNklqazBNelV3TnpBeE9UWWlMQ0poZFdRaU9pSmtaV1poZFd4MElpd2liRzVoYldVaU9pSk5SQzVOVDBoSklGVkVSRWxPSUVOSVQxVkVTRlZTV1NJc0luVnpaWEpVZVhCbElqb2lNU0lzSW1WNGNDSTZNVGMzTmpNek5qazFOQ3dpYVdGMElqb3hOemMyTXpBNE1UVTBMQ0pxZEdraU9pSTNaall4WVdKall5MHhPRFV4TFRRM056TXRPVFU1TVMxbE9ERmpZVGRoTjJVNFpUWWlMQ0psYm5ScGRIa2lPaUpNU1VOZlExVlRWRTlOUlZKZlVFOVNWRUZNSWl3aVpXMWhhV3dpT2lKdGRWOWphRzkxWkdoMWNubEFiR2xqYVc1a2FXRXVZMjl0SW4wLmhTQ2NNY1JfWkVoUEpuU3kydUg4VHJITmF4Y3RVUkFleGpodnkycDVlcWExRDVaeEVaM1FWQXdoemhuT1FWVElWM0RiTVBBWEpzdTdWZnphYmlhRURuNmZFR2c3Y0RGbzR6SE81Nm1nODJ1MWhfS2gwOU9rNjF4VFE0clFQMkVxUjhNbVhYalQ3WVZodW9idmxTNks1NjZvX0lUMHdTeGdjUF9zTXBNbXJabnVVeDgwNWdBcTlBcU9wblZTaUZ5VWNtV3VoSmtOX0J2eGp6d05EcUtSdGlNbURUUnktUGpYb1h4clJKSnpRZ3BIZ2VRSXgzMzVSblFBRlR3SDhNdFlhR3NscjYtZm00RmlINGlXcUJidGRDbTZ5QW5JLWQ0UElXRHBUQ1plUXNOaDlzcDg0c2FnMktfbnhqOWVIUklSYUJwOU9Cb0dHV1gtTDgyZmI5alFpUSIsInJvbGVzIjpbIkRPIl0sImNsaWVudElwIjpudWxsLCJlbnRpdGxlbWVudCI6W119.lSXST7pr0FeMy8HRjHFwtYJc2lXZsinylaM7TzlmU_3ZfCTN478jmQtlFNMqFAv0mRY0a03jv0J1OYcaOZXfWQ



==== 16/04/2026 09:09:22 - POST-URL ======

https://ebizapp01.licindia.in/BFFService/policy/policyInfo?_dc=1776310762498



==== 16/04/2026 09:09:24 - POST-URL ======

{"confirmationId":null,"status":"200","resultInfoList":null,"count":0,"policy":{"policyNumber":"308662424","planName":"LIC's Aadhaar Shila Plan","mode":"3","noOfDues":1,"premium":"1335.00","commenceDate":"2020-07-17","nameOfAssured":"K Parvathy","agencyCode":"0090976F ","developmentOfficerCode":"315076","plan":"944","policyTerm":"16","firstUnpaidPremiumDate":"2026-01-17","cdCharge":"0","serviceBranch":"76F ","sumAssured":"100000","policyStatus":"21","dob":"1975-04-19","ageAtEntry":45,"planDetails":{"plan":944,"planType":null,"planDesc":null,"premiumDueDuration":6,"premiumDueDurationType":"M","payPremiumAdvance":30,"payPremiumAdvanceType":"D","gracePeriod":30,"gracePeriodType":"D","serviceTaxRateFirstYr":4.5,"serviceTaxRateNextYrs":2.25,"serviceTaxRateEduCess":null,"topUpAllowed":null,"multiplyTopupAmt":null,"topupLimitCriteria":null,"topupNoPayBefMaturity":null,"planCategory":null,"freeCoverCond":null,"freeCoverFUP":null,"campaignStartDate":"2026-01-01","campaignEndDate":"2026-03-02","percentageofwaiver":30.0,"maxLimitofwaiver":3000.0,"waiversAllowedNum":1,"lateFeeWaiverInd":"Y","discountPercentFirstYr":null,"discountPercentSecondYr":null,"discountPercentThirdYr":null,"discountPercentSubYr":null,"discountFromDate":null,"discountToDate":null,"maxLimitWaiverFstYr":null,"maxLimitWaiverScndYr":null,"maxLimitWaiverThirdYr":null,"maxLimitWaiverSubYr":null,"discountParameter":null,"graceprdExtFlag":null,"graceprdExtFrmDate":null,"graceprdExtToDate":null,"graceprdPrcntWaiver":null,"maxWaiverLimitgraceprd":null,"gstCdCharge":0.0,"gstLateFeeRateFirstYr":18.0,"gstLateFeeRateNextYrs":18.0,"dateOfLaunch":"01/02/2020","beforeLaunch":"N","centralGSTPercentage":50,"discountPeriod":null,"discountPeriodType":null},"eligible":true,"lateFeeRequired":false,"recordId":"O","premiumPayingTerm":16,"policyBenefits":"100000","dueAmount":"1335.00","taxExemption":false,"age":"51","eserviceEligible":false,"policyUlip":false,"dateOfLastPayment":"2036-04-17","dateOfMaturity":"2036-07-17","statusShortDesc":"In Force","nav":"For NAV details please contact your Servicing Branch / Customer Zone","altChannelId":"0 ","riderPolicy":false,"minorChild":false,"accountingBookCode":1,"payedPolicy":false,"advancePayedPolicy":false,"lastAccountDate":"2025-10-15","noBonusYears":99,"bonusInfo":{"totalRevBonus":0,"totalInterimBonus":0,"totalFAB":0,"totalGuaranty":0,"totalLoyalty":500,"totalOneTimeBonus":0.00,"messageCode":null,"calulationSheetHTML":"<tr class=grey-bg><td> Valuation Year   </td><td> 2025</td></tr><tr class=grey-bg><td> Sum Assured      </td><td> 100000</td></tr><tr class=grey-bg><td> Term             </td><td> 5</td></tr><tr class=grey-bg><td> Rate             </td><td> 5</td></tr><tr class=grey-bg><td> Loyalty Addition </td><td> 500</td></tr><tr class=grey-bg><td> ---------------------------------------------</td></tr><tr class=grey-bg><td>\r\n ----------------------\r\n</td></tr></table>","calulationSheetText":" Valuation Year   : 2025\r\n Sum Assured      : 100000\r\n Term             : 5\r\n Rate             : 5\r\n Loyalty Addition : 500\r\n---------------------------------------------\r\n\r\n ----------------------\r\n"},"isSpotRevivalAllowed":false,"discountApplicable":false,"advancePaymetEligible":false,"maturitySumAssured":0,"gstInNumber":"null","transactionAllowed":true,"dateOfShowMaturity":"2036-07-17","panFlag":false,"neftFlag":false,"itPan":"","neftStatus":"N","titleCode":"A","premiumGapFlag":false,"dghPolicyFlag":false,"policyExitStatus":false,"serviceRequestFlag":false,"nriGstFlag":false,"fyEndDate":"2027-03-31"},"person":{"policyNo":308662424,"birthDate":"1975-04-19","fullName":"K Parvathy","sex":"F","shortName":"Parvathy K","age":"45","profileMobileNo":null,"profileEmail":null,"profileUnMaskMobileNo":null,"profileUnMaskEmail":null},"address":{"policyNo":308662424,"address1":"W/O Kannan, No.14,","address2":"Nandhavanam St., Varathan St.","address3":"Rasipuram, Namakkal Dt.","addressId":1,"pin":637408},"branch":{"branchCode":"76F ","address1":"LIC OF INDIA - 76F","address2":"NAMAKKAL ROAD","address3":"RASIPURAM","branchIp":"10.128.42.194","branchName":"LIC of India, Rasipuram Br Office","city":null,"dcCode":"X070","divCode":70,"eaiIndication":"Y","emailId":"BO_76F@LICINDIA.COM","man":null,"odsIndication":"N","pin":null,"state":"null"},"agent":{"agencyCode":"0090976F ","address1":"D/O.K.Jayaraman,Jai Ganesh Lorry","address2":"Service,T.P.Kadu,Moolapallipatty.Po","address3":"Rasipuram.Tk & Namakkal .Dt.","agentName":"J.Renukadevi","birthDate":"1976-03-10","category":2,"city":null,"disabilityCode":1,"enteredDate":"2026-04-16T01:39:21.000+00:00","itaxPanNo":"ANZPR4228B","occupationCode":12,"pin":637406,"qualificationCode":3,"sex":"F"},"nominees":[{"policyNo":308662424,"nomineeAge":25,"nomineeDob":null,"nomineeId":1,"nomineeName":"K Sivasakthi","nomineeRegistrationDate":null,"nomineeRelation":"S","nomineeShare":0,"nomineeStatus":"B"},{"policyNo":308662424,"nomineeAge":23,"nomineeDob":null,"nomineeId":2,"nomineeName":"K  Muthukumar","nomineeRegistrationDate":null,"nomineeRelation":"S","nomineeShare":0,"nomineeStatus":"B"}],"billingInfo":{"policyNumber":"308662424","nameOfAssured":"K Parvathy","planName":"LIC's Aadhaar Shila Plan","plan":944,"mode":"3","premium":1335,"sumAssured":100000,"status":null,"firstUnpaidPremiumDate":"2026-01-17","nextFup":null,"dueAmount":"1335.00","payedPolicy":false,"noOfDues":1,"eligible":true,"spotRevival":false},"policyContact":{"policyNo":308662424,"dataSource":"B","emailAddress":"null","enteredDate":"2025-10-16T20:00:14.010+00:00","mobileNo":"919942275713","countryCode":null,"telephoneNo":"null","panNo":null},"policyExtra":{"accumTerm":0},"policyAnnuity":null,"userRegistered":"N","assignmentDetails":[],"ulipExtra":{"giveCashAmount":0},"bonusErrorMessage":null,"qpayPolicy":{"policyNumber":"308662424","dob":"19/04/1975","emailId":null,"mobileNo":"9942275713","premium":"1335","key":"289727"}}



==== 16/04/2026 09:09:34 - GET-URL ======

https://mk-channel.licindia.in/Landing/



==== 16/04/2026 20:38:24 - S3 Cloud Backup Upload Error (2) ======

Connection failure   at Xamarin.Android.Net.AndroidMessageHandler.<>c__DisplayClass137_0.<ConnectAsync>b__0()
   at System.Threading.Tasks.Task.InnerInvoke()
   at System.Threading.Tasks.Task.<>c.<.cctor>b__292_0(Object obj)
   at System.Threading.ExecutionContext.RunFromThreadPoolDispatchLoop(Thread , ExecutionContext , ContextCallback , Object )
--- End of stack trace from previous location ---
   at System.Threading.ExecutionContext.RunFromThreadPoolDispatchLoop(Thread , ExecutionContext , ContextCallback , Object )
   at System.Threading.Tasks.Task.ExecuteWithThreadLocal(Task& , Thread )
--- End of stack trace from previous location ---
   at Xamarin.Android.Net.AndroidMessageHandler.DoProcessRequest(HttpRequestMessage , URL , HttpURLConnection , CancellationToken , RequestRedirectionState )
   at Xamarin.Android.Net.AndroidMessageHandler.DoSendAsync(HttpRequestMessage , CancellationToken )
   at System.Net.Http.HttpClient.<SendAsync>g__Core|83_0(HttpRequestMessage , HttpCompletionOption , CancellationTokenSource , Boolean , CancellationTokenSource , CancellationToken )
   at Amazon.Runtime.HttpWebRequestMessage.GetResponseAsync(CancellationToken cancellationToken)
   at Amazon.Runtime.Internal.HttpHandler`1.<InvokeAsync>d__9`1[[System.Net.Http.HttpContent, System.Net.Http, Version=9.0.0.0, Culture=neutral, PublicKeyToken=b03f5f7f11d50a3a],[Amazon.S3.Model.PutObjectResponse, AWSSDK.S3, Version=3.3.0.0, Culture=neutral, PublicKeyToken=885c28607f98e604]].MoveNext()
   at Amazon.Runtime.Internal.RedirectHandler.<InvokeAsync>d__1`1[[Amazon.S3.Model.PutObjectResponse, AWSSDK.S3, Version=3.3.0.0, Culture=neutral, PublicKeyToken=885c28607f98e604]].MoveNext()
   at Amazon.Runtime.Internal.Unmarshaller.<InvokeAsync>d__3`1[[Amazon.S3.Model.PutObjectResponse, AWSSDK.S3, Version=3.3.0.0, Culture=neutral, PublicKeyToken=885c28607f98e604]].MoveNext()
   at Amazon.S3.Internal.AmazonS3ResponseHandler.<InvokeAsync>d__1`1[[Amazon.S3.Model.PutObjectResponse, AWSSDK.S3, Version=3.3.0.0, Culture=neutral, PublicKeyToken=885c28607f98e604]].MoveNext()
   at Amazon.Runtime.Internal.ErrorHandler.<InvokeAsync>d__5`1[[Amazon.S3.Model.PutObjectResponse, AWSSDK.S3, Version=3.3.0.0, Culture=neutral, PublicKeyToken=885c28607f98e604]].MoveNext()
   at Amazon.Runtime.Internal.ErrorHandler.<InvokeAsync>d__5`1[[Amazon.S3.Model.PutObjectResponse, AWSSDK.S3, Version=3.3.0.0, Culture=neutral, PublicKeyToken=885c28607f98e604]].MoveNext()
   at Amazon.Runtime.Internal.CallbackHandler.<InvokeAsync>d__9`1[[Amazon.S3.Model.PutObjectResponse, AWSSDK.S3, Version=3.3.0.0, Culture=neutral, PublicKeyToken=885c28607f98e604]].MoveNext()
   at Amazon.Runtime.Internal.Signer.<InvokeAsync>d__1`1[[Amazon.S3.Model.PutObjectResponse, AWSSDK.S3, Version=3.3.0.0, Culture=neutral, PublicKeyToken=885c28607f98e604]].MoveNext()
   at Amazon.S3.Internal.S3Express.S3ExpressPreSigner.<InvokeAsync>d__5`1[[Amazon.S3.Model.PutObjectResponse, AWSSDK.S3, Version=3.3.0.0, Culture=neutral, PublicKeyToken=885c28607f98e604]].MoveNext()
   at Amazon.Runtime.Internal.EndpointDiscoveryHandler.<InvokeAsync>d__2`1[[Amazon.S3.Model.PutObjectResponse, AWSSDK.S3, Version=3.3.0.0, Culture=neutral, PublicKeyToken=885c28607f98e604]].MoveNext()
   at Amazon.Runtime.Internal.EndpointDiscoveryHandler.<InvokeAsync>d__2`1[[Amazon.S3.Model.PutObjectResponse, AWSSDK.S3, Version=3.3.0.0, Culture=neutral, PublicKeyToken=885c28607f98e604]].MoveNext()
   at Amazon.Runtime.Internal.CredentialsRetriever.<InvokeAsync>d__7`1[[Amazon.S3.Model.PutObjectResponse, AWSSDK.S3, Version=3.3.0.0, Culture=neutral, PublicKeyToken=885c28607f98e604]].MoveNext()
   at Amazon.Runtime.Internal.RetryHandler.<InvokeAsync>d__10`1[[Amazon.S3.Model.PutObjectResponse, AWSSDK.S3, Version=3.3.0.0, Culture=neutral, PublicKeyToken=885c28607f98e604]].MoveNext()
   at Amazon.Runtime.Internal.RetryHandler.<InvokeAsync>d__10`1[[Amazon.S3.Model.PutObjectResponse, AWSSDK.S3, Version=3.3.0.0, Culture=neutral, PublicKeyToken=885c28607f98e604]].MoveNext()
   at Amazon.Runtime.Internal.CallbackHandler.<InvokeAsync>d__9`1[[Amazon.S3.Model.PutObjectResponse, AWSSDK.S3, Version=3.3.0.0, Culture=neutral, PublicKeyToken=885c28607f98e604]].MoveNext()
   at Amazon.Runtime.Internal.CallbackHandler.<InvokeAsync>d__9`1[[Amazon.S3.Model.PutObjectResponse, AWSSDK.S3, Version=3.3.0.0, Culture=neutral, PublicKeyToken=885c28607f98e604]].MoveNext()
   at Amazon.S3.Internal.AmazonS3ExceptionHandler.<InvokeAsync>d__1`1[[Amazon.S3.Model.PutObjectResponse, AWSSDK.S3, Version=3.3.0.0, Culture=neutral, PublicKeyToken=885c28607f98e604]].MoveNext()
   at Amazon.Runtime.Internal.ErrorCallbackHandler.<InvokeAsync>d__5`1[[Amazon.S3.Model.PutObjectResponse, AWSSDK.S3, Version=3.3.0.0, Culture=neutral, PublicKeyToken=885c28607f98e604]].MoveNext()
   at Amazon.Runtime.Internal.MetricsHandler.<InvokeAsync>d__1`1[[Amazon.S3.Model.PutObjectResponse, AWSSDK.S3, Version=3.3.0.0, Culture=neutral, PublicKeyToken=885c28607f98e604]].MoveNext()
   at bma.BackupClass.takeCloudBackup(Context c, Boolean auto, String _mobile)



==== 20/04/2026 06:42:21 - S3 Cloud Backup Upload Error (2) ======

Connection failure   at Xamarin.Android.Net.AndroidMessageHandler.<>c__DisplayClass137_0.<ConnectAsync>b__0()
   at System.Threading.Tasks.Task.InnerInvoke()
   at System.Threading.Tasks.Task.<>c.<.cctor>b__292_0(Object obj)
   at System.Threading.ExecutionContext.RunFromThreadPoolDispatchLoop(Thread , ExecutionContext , ContextCallback , Object )
--- End of stack trace from previous location ---
   at System.Threading.ExecutionContext.RunFromThreadPoolDispatchLoop(Thread , ExecutionContext , ContextCallback , Object )
   at System.Threading.Tasks.Task.ExecuteWithThreadLocal(Task& , Thread )
--- End of stack trace from previous location ---
   at Xamarin.Android.Net.AndroidMessageHandler.DoProcessRequest(HttpRequestMessage , URL , HttpURLConnection , CancellationToken , RequestRedirectionState )
   at Xamarin.Android.Net.AndroidMessageHandler.DoSendAsync(HttpRequestMessage , CancellationToken )
   at System.Net.Http.HttpClient.<SendAsync>g__Core|83_0(HttpRequestMessage , HttpCompletionOption , CancellationTokenSource , Boolean , CancellationTokenSource , CancellationToken )
   at Amazon.Runtime.HttpWebRequestMessage.GetResponseAsync(CancellationToken cancellationToken)
   at Amazon.Runtime.Internal.HttpHandler`1.<InvokeAsync>d__9`1[[System.Net.Http.HttpContent, System.Net.Http, Version=9.0.0.0, Culture=neutral, PublicKeyToken=b03f5f7f11d50a3a],[Amazon.S3.Model.PutObjectResponse, AWSSDK.S3, Version=3.3.0.0, Culture=neutral, PublicKeyToken=885c28607f98e604]].MoveNext()
   at Amazon.Runtime.Internal.RedirectHandler.<InvokeAsync>d__1`1[[Amazon.S3.Model.PutObjectResponse, AWSSDK.S3, Version=3.3.0.0, Culture=neutral, PublicKeyToken=885c28607f98e604]].MoveNext()
   at Amazon.Runtime.Internal.Unmarshaller.<InvokeAsync>d__3`1[[Amazon.S3.Model.PutObjectResponse, AWSSDK.S3, Version=3.3.0.0, Culture=neutral, PublicKeyToken=885c28607f98e604]].MoveNext()
   at Amazon.S3.Internal.AmazonS3ResponseHandler.<InvokeAsync>d__1`1[[Amazon.S3.Model.PutObjectResponse, AWSSDK.S3, Version=3.3.0.0, Culture=neutral, PublicKeyToken=885c28607f98e604]].MoveNext()
   at Amazon.Runtime.Internal.ErrorHandler.<InvokeAsync>d__5`1[[Amazon.S3.Model.PutObjectResponse, AWSSDK.S3, Version=3.3.0.0, Culture=neutral, PublicKeyToken=885c28607f98e604]].MoveNext()
   at Amazon.Runtime.Internal.ErrorHandler.<InvokeAsync>d__5`1[[Amazon.S3.Model.PutObjectResponse, AWSSDK.S3, Version=3.3.0.0, Culture=neutral, PublicKeyToken=885c28607f98e604]].MoveNext()
   at Amazon.Runtime.Internal.CallbackHandler.<InvokeAsync>d__9`1[[Amazon.S3.Model.PutObjectResponse, AWSSDK.S3, Version=3.3.0.0, Culture=neutral, PublicKeyToken=885c28607f98e604]].MoveNext()
   at Amazon.Runtime.Internal.Signer.<InvokeAsync>d__1`1[[Amazon.S3.Model.PutObjectResponse, AWSSDK.S3, Version=3.3.0.0, Culture=neutral, PublicKeyToken=885c28607f98e604]].MoveNext()
   at Amazon.S3.Internal.S3Express.S3ExpressPreSigner.<InvokeAsync>d__5`1[[Amazon.S3.Model.PutObjectResponse, AWSSDK.S3, Version=3.3.0.0, Culture=neutral, PublicKeyToken=885c28607f98e604]].MoveNext()
   at Amazon.Runtime.Internal.EndpointDiscoveryHandler.<InvokeAsync>d__2`1[[Amazon.S3.Model.PutObjectResponse, AWSSDK.S3, Version=3.3.0.0, Culture=neutral, PublicKeyToken=885c28607f98e604]].MoveNext()
   at Amazon.Runtime.Internal.EndpointDiscoveryHandler.<InvokeAsync>d__2`1[[Amazon.S3.Model.PutObjectResponse, AWSSDK.S3, Version=3.3.0.0, Culture=neutral, PublicKeyToken=885c28607f98e604]].MoveNext()
   at Amazon.Runtime.Internal.CredentialsRetriever.<InvokeAsync>d__7`1[[Amazon.S3.Model.PutObjectResponse, AWSSDK.S3, Version=3.3.0.0, Culture=neutral, PublicKeyToken=885c28607f98e604]].MoveNext()
   at Amazon.Runtime.Internal.RetryHandler.<InvokeAsync>d__10`1[[Amazon.S3.Model.PutObjectResponse, AWSSDK.S3, Version=3.3.0.0, Culture=neutral, PublicKeyToken=885c28607f98e604]].MoveNext()
   at Amazon.Runtime.Internal.RetryHandler.<InvokeAsync>d__10`1[[Amazon.S3.Model.PutObjectResponse, AWSSDK.S3, Version=3.3.0.0, Culture=neutral, PublicKeyToken=885c28607f98e604]].MoveNext()
   at Amazon.Runtime.Internal.CallbackHandler.<InvokeAsync>d__9`1[[Amazon.S3.Model.PutObjectResponse, AWSSDK.S3, Version=3.3.0.0, Culture=neutral, PublicKeyToken=885c28607f98e604]].MoveNext()
   at Amazon.Runtime.Internal.CallbackHandler.<InvokeAsync>d__9`1[[Amazon.S3.Model.PutObjectResponse, AWSSDK.S3, Version=3.3.0.0, Culture=neutral, PublicKeyToken=885c28607f98e604]].MoveNext()
   at Amazon.S3.Internal.AmazonS3ExceptionHandler.<InvokeAsync>d__1`1[[Amazon.S3.Model.PutObjectResponse, AWSSDK.S3, Version=3.3.0.0, Culture=neutral, PublicKeyToken=885c28607f98e604]].MoveNext()
   at Amazon.Runtime.Internal.ErrorCallbackHandler.<InvokeAsync>d__5`1[[Amazon.S3.Model.PutObjectResponse, AWSSDK.S3, Version=3.3.0.0, Culture=neutral, PublicKeyToken=885c28607f98e604]].MoveNext()
   at Amazon.Runtime.Internal.MetricsHandler.<InvokeAsync>d__1`1[[Amazon.S3.Model.PutObjectResponse, AWSSDK.S3, Version=3.3.0.0, Culture=neutral, PublicKeyToken=885c28607f98e604]].MoveNext()
   at bma.BackupClass.takeCloudBackup(Context c, Boolean auto, String _mobile)



==== 20/04/2026 10:30:40 - S3 Cloud Backup Upload Error (2) ======

Connection failure   at Xamarin.Android.Net.AndroidMessageHandler.<>c__DisplayClass137_0.<ConnectAsync>b__0()
   at System.Threading.Tasks.Task.InnerInvoke()
   at System.Threading.Tasks.Task.<>c.<.cctor>b__292_0(Object obj)
   at System.Threading.ExecutionContext.RunFromThreadPoolDispatchLoop(Thread , ExecutionContext , ContextCallback , Object )
--- End of stack trace from previous location ---
   at System.Threading.ExecutionContext.RunFromThreadPoolDispatchLoop(Thread , ExecutionContext , ContextCallback , Object )
   at System.Threading.Tasks.Task.ExecuteWithThreadLocal(Task& , Thread )
--- End of stack trace from previous location ---
   at Xamarin.Android.Net.AndroidMessageHandler.DoProcessRequest(HttpRequestMessage , URL , HttpURLConnection , CancellationToken , RequestRedirectionState )
   at Xamarin.Android.Net.AndroidMessageHandler.DoSendAsync(HttpRequestMessage , CancellationToken )
   at System.Net.Http.HttpClient.<SendAsync>g__Core|83_0(HttpRequestMessage , HttpCompletionOption , CancellationTokenSource , Boolean , CancellationTokenSource , CancellationToken )
   at Amazon.Runtime.HttpWebRequestMessage.GetResponseAsync(CancellationToken cancellationToken)
   at Amazon.Runtime.Internal.HttpHandler`1.<InvokeAsync>d__9`1[[System.Net.Http.HttpContent, System.Net.Http, Version=9.0.0.0, Culture=neutral, PublicKeyToken=b03f5f7f11d50a3a],[Amazon.S3.Model.PutObjectResponse, AWSSDK.S3, Version=3.3.0.0, Culture=neutral, PublicKeyToken=885c28607f98e604]].MoveNext()
   at Amazon.Runtime.Internal.RedirectHandler.<InvokeAsync>d__1`1[[Amazon.S3.Model.PutObjectResponse, AWSSDK.S3, Version=3.3.0.0, Culture=neutral, PublicKeyToken=885c28607f98e604]].MoveNext()
   at Amazon.Runtime.Internal.Unmarshaller.<InvokeAsync>d__3`1[[Amazon.S3.Model.PutObjectResponse, AWSSDK.S3, Version=3.3.0.0, Culture=neutral, PublicKeyToken=885c28607f98e604]].MoveNext()
   at Amazon.S3.Internal.AmazonS3ResponseHandler.<InvokeAsync>d__1`1[[Amazon.S3.Model.PutObjectResponse, AWSSDK.S3, Version=3.3.0.0, Culture=neutral, PublicKeyToken=885c28607f98e604]].MoveNext()
   at Amazon.Runtime.Internal.ErrorHandler.<InvokeAsync>d__5`1[[Amazon.S3.Model.PutObjectResponse, AWSSDK.S3, Version=3.3.0.0, Culture=neutral, PublicKeyToken=885c28607f98e604]].MoveNext()
   at Amazon.Runtime.Internal.ErrorHandler.<InvokeAsync>d__5`1[[Amazon.S3.Model.PutObjectResponse, AWSSDK.S3, Version=3.3.0.0, Culture=neutral, PublicKeyToken=885c28607f98e604]].MoveNext()
   at Amazon.Runtime.Internal.CallbackHandler.<InvokeAsync>d__9`1[[Amazon.S3.Model.PutObjectResponse, AWSSDK.S3, Version=3.3.0.0, Culture=neutral, PublicKeyToken=885c28607f98e604]].MoveNext()
   at Amazon.Runtime.Internal.Signer.<InvokeAsync>d__1`1[[Amazon.S3.Model.PutObjectResponse, AWSSDK.S3, Version=3.3.0.0, Culture=neutral, PublicKeyToken=885c28607f98e604]].MoveNext()
   at Amazon.S3.Internal.S3Express.S3ExpressPreSigner.<InvokeAsync>d__5`1[[Amazon.S3.Model.PutObjectResponse, AWSSDK.S3, Version=3.3.0.0, Culture=neutral, PublicKeyToken=885c28607f98e604]].MoveNext()
   at Amazon.Runtime.Internal.EndpointDiscoveryHandler.<InvokeAsync>d__2`1[[Amazon.S3.Model.PutObjectResponse, AWSSDK.S3, Version=3.3.0.0, Culture=neutral, PublicKeyToken=885c28607f98e604]].MoveNext()
   at Amazon.Runtime.Internal.EndpointDiscoveryHandler.<InvokeAsync>d__2`1[[Amazon.S3.Model.PutObjectResponse, AWSSDK.S3, Version=3.3.0.0, Culture=neutral, PublicKeyToken=885c28607f98e604]].MoveNext()
   at Amazon.Runtime.Internal.CredentialsRetriever.<InvokeAsync>d__7`1[[Amazon.S3.Model.PutObjectResponse, AWSSDK.S3, Version=3.3.0.0, Culture=neutral, PublicKeyToken=885c28607f98e604]].MoveNext()
   at Amazon.Runtime.Internal.RetryHandler.<InvokeAsync>d__10`1[[Amazon.S3.Model.PutObjectResponse, AWSSDK.S3, Version=3.3.0.0, Culture=neutral, PublicKeyToken=885c28607f98e604]].MoveNext()
   at Amazon.Runtime.Internal.RetryHandler.<InvokeAsync>d__10`1[[Amazon.S3.Model.PutObjectResponse, AWSSDK.S3, Version=3.3.0.0, Culture=neutral, PublicKeyToken=885c28607f98e604]].MoveNext()
   at Amazon.Runtime.Internal.CallbackHandler.<InvokeAsync>d__9`1[[Amazon.S3.Model.PutObjectResponse, AWSSDK.S3, Version=3.3.0.0, Culture=neutral, PublicKeyToken=885c28607f98e604]].MoveNext()
   at Amazon.Runtime.Internal.CallbackHandler.<InvokeAsync>d__9`1[[Amazon.S3.Model.PutObjectResponse, AWSSDK.S3, Version=3.3.0.0, Culture=neutral, PublicKeyToken=885c28607f98e604]].MoveNext()
   at Amazon.S3.Internal.AmazonS3ExceptionHandler.<InvokeAsync>d__1`1[[Amazon.S3.Model.PutObjectResponse, AWSSDK.S3, Version=3.3.0.0, Culture=neutral, PublicKeyToken=885c28607f98e604]].MoveNext()
   at Amazon.Runtime.Internal.ErrorCallbackHandler.<InvokeAsync>d__5`1[[Amazon.S3.Model.PutObjectResponse, AWSSDK.S3, Version=3.3.0.0, Culture=neutral, PublicKeyToken=885c28607f98e604]].MoveNext()
   at Amazon.Runtime.Internal.MetricsHandler.<InvokeAsync>d__1`1[[Amazon.S3.Model.PutObjectResponse, AWSSDK.S3, Version=3.3.0.0, Culture=neutral, PublicKeyToken=885c28607f98e604]].MoveNext()
   at bma.BackupClass.takeCloudBackup(Context c, Boolean auto, String _mobile)



==== 21/04/2026 07:38:52 - OSTATTUS-RESPONSE-TOKEN ======

W2+n7m8w2InxnuCn6EY38bNFCZbniONHTSQIUAhx73hKAqIgxfApAruD1RO7S0DHSYlGbuWKeq8RiulnUrkh55E8RBRqK3DZe0dnd0HxVByY4Amy2/ufK9Craqci/CpfUhx4KrOKlvFq9LS4OcF8t+OsYmbDXEg3Mqg54NM/D6xtdgL90oC1GOdoJY1Wfyz4RvjV69sUWXjhyqEmUtIXWrHZlBApd1biaU+6XUa8iJq6I1+Y1wShivunu3TZG5YsaKwqgJDVh0TOP1wlxf6HGIMYKKDBgzHFtEoobbb87VRhF/ZTKR4ODpIe2gGmu9EOm7Ct/PhJVXmbTcLb7SVijDDVO4b2Z5/V230hZI5gtRh1wxkWfnYWh0RaslLZ/QqJsNcdo5e+8x4iu4BSq/NckRnS08wOWwHQAphh8BbrGKR6SvhLCIYhLvzU1h4rw2AmsS/E9VMP4Z083TWqQbg+72ikjzYF9GAmBBmf5dBLWbpoApcwJ8B4/VZiwpwrT6U7ZdD0TC0SKktTcoJ8q340oAOGZLr88JYt0Nnb9aTHVpAc5Ajs3Niya6kGEHDVOKPQ0XsTEEQx/p3wD++neWBQtJyoMdMeS5uwQ0ZHo7KYnSeAM/3qMeidG014iQ2aiHmaGIdFf8+ghaCmrwaJObFLMNK8Dhs28ml7OD7BMRqKn1k6RIAmz8Co4m8s80SukptlPVpWIanZ0orav3FobORvzTaMj68UtvS9B7ngczY1GlopEJuo8Uzov7LrcLMZaIyWdIxC9SR0Qc50CXMMe9A/kcoIlI5nJEFBxCreCNNUuzMIO+QZfitupy2W1G2yMfWCwkn5fYswCKjYLkdj/glTo/qSaBuY6SQKWoBcjGoe6HhyB1z0NqWanl2S4fmTWDQhoLVEPFcF9TU12CrCAmS0iqW9Ve0+/tDfegstvxmQ0gpPPA5dDbvh4o5X7sHE4UBcpkk7/nLNTkR/iK5NBcj8kCNW7vLLmBiE0cwctcngjRdf99p1Z+Uw0aKCpbecFNsOqgpyAmU4OzROJ6cOh7zWytDh7YaEAuPG5Hn1zRYY7b5IYSAQNdGEYo6gW1SVvRAHNYo1Z9PaXJFC0w6eyilTSGanxiiKfEShAXHFN2zkN8a07dNJGIRAjbg0XqrUFuddzOmwKNrhRpXywU5vyyxY6QaYhFaoc+Z88XdUCu2Of00OVRBA+FsPOPBC/PtyrvaLl7hMFSFJN6lQ9R+yQjTWXoEweTwZUvP5KmK5ZELioD4FcLUpMd+vg1FU2qtaNTIIheZzj4YxJg8VA/vDsBwKlk7k54AKTbpGOJeX5t54eJVlhNgMscxadh98TzDPSirLv1a3XGPJYkBMGp9AVag3iJAnxMTM9Ldhfl5zOstAfGqtrVByycKtsJR/lM0p4oSqO0lIYqO1I04EtppUv5ofUrz1qim/kJEQGOT607MyjXyBnYlRkumduU/ZN3kK6F0KIxhBmWn50EmBrxBMaQdY5nHZVKGOjlu64VNe6YOEBwtL4o85Vv1MQdiwDxzpfLhS5aKpXiLgZY1t9ZnqImsikxrnwtj6A8nSy3zVVvbJyGIftLpSuPZKjwod04+2yOYJMZUhC+zYw4z89gyf2+hina3t4fBzJbAQKpHE1LjcXxcWinIfR9gWXZZhgURiqYWYtAp78n3B7jLi3HJhP1nbaNtRbcgqtZCktJ6RQJUgQNGvxqPoMr/Ujf5aVBdLnYuP5DK3RVA1SI8o7apuB00leKP6/jlPoASsEwRVByvPn0qEdPRc26GA8hS7clauEKiHNqTjUPxXCrshJMwCL9uf4BzsJFLQK5e/18jye1Y0HHU6SPiXLIp9hiIvF2CALrCkHJaFa+xPDfs1SwtVCC5Q1YpmPdDnhY7dbPTezUZ39w/3bOFdLbFQeUrguWQhlUxqRcN4iSKsKHOZNPVOuNQxsTgX0Q2gOq02aCqq675Q



==== 21/04/2026 07:38:52 - OSTATTUS-RESPONSE-TOKEN ======

eyJhbGciOiJIUzUxMiJ9.eyJzdWIiOiJJREFNMjcxMDIwMjMxMDQ1NDE4NSIsImFnZW5jeV9jb2RlIjpudWxsLCJjcmVhdGVkIjoxNzc2NzM2NjE3NjkxLCJhY2Nlc3NfY29kZSI6ImV5SmhiR2NpT2lKU1V6STFOaUlzSW5SNWNDSTZJa3BYVkNKOS5leUp6ZFdJaU9pSkpSRUZOTWpjeE1ESXdNak14TURRMU5ERTROU0lzSW1adVlXMWxJam9pVlZCRlRrUkZVaUJUU1U1SFNDSXNJblZ6WlhKemRHRjBkWE1pT2lJeElpd2laVzUwYVhSNWJHbHpkQ0k2V3lKTVNVTmZRMVZUVkU5TlJWSmZVRTlTVkVGTUlsMHNJbkp2YkdWeklqcGJJa1JQSWwwc0ltbHpjeUk2SWtGU1dDSXNJbTF2WW1sc1pTSTZJams1TlRNME9ESTJNamtpTENKaGRXUWlPaUprWldaaGRXeDBJaXdpYkc1aGJXVWlPaUpWVUVWT1JFVlNJRk5KVGtkSUlpd2lkWE5sY2xSNWNHVWlPaUl4SWl3aVpYaHdJam94TnpjMk56WTFOREEyTENKcFlYUWlPakUzTnpZM016WTJNRFlzSW1wMGFTSTZJbUZsTXpCbU5USXlMV00wTkRBdE5EUmtZeTA0TkRNNUxUQXpNbUUwTnpnME9UQXpNU0lzSW1WdWRHbDBlU0k2SWt4SlExOURWVk5VVDAxRlVsOVFUMUpVUVV3aUxDSmxiV0ZwYkNJNkluVndaVzVrWlhKemFXNW5hRFF5TjBCc2FXTnBibVJwWVM1amIyMGlmUS5hcEZwNHRGMll2cF9uZEhSaUZKOUZwR2djRGZvQWQzM2xaU0ZDMXd5R3ZsZEJ4ODZnc05qekxETXR3azJhYzlHSzNsOS15OHV4N0k2ZUx4dUtpLTRpYWlFcXFtN2J0bE5zZzlXOFh5WkFRTjRoV1FGTGg5U090UnZQWWF1MEJkTGE0ZjVtV3NwbDJLem1jOHVmand1S2dIQzJvOFh6bE9heEVfeVR6Smx2bnQ0MUcwNjlOWUpSY080TlNoZkN3RjNjTlZrS1RrRXpoSS1kb0pTVGdqYW43Skx6Yk4zVUpBSThZcmUwT0t6Q3paUDA2Y1ZDNUxwZlJOQm5zODRlYWpEaEJiTUpDU3JPT3ZqWnpDTGp4cE5penhrREczNVBGR2cydE5GMkZGSkdhN2p3cDJoeVo3dEZQcHFMMGN0bTdUVi1IaFpsempTcTdNV1k1US15MUp1eUEiLCJyb2xlcyI6WyJETyJdLCJjbGllbnRJcCI6bnVsbCwiZW50aXRsZW1lbnQiOltdfQ.dBEiI6ZleR1xnACKbh2HRxTXT9cXLIQP_UC35vyRW8y4HNFMrW_0jiQqkRyKJy6cAjL1DIEVbWE2oZqaN0YMfA



==== 21/04/2026 07:38:52 - POST-URL ======

https://ebizapp01.licindia.in/BFFService/policy/policyInfo?_dc=1776737332185



==== 21/04/2026 07:38:54 - POST-URL ======

{"confirmationId":null,"status":"200","resultInfoList":null,"count":0,"policy":{"policyNumber":"709588055","planName":"Jeevan Rakshak","mode":"3","noOfDues":8,"premium":"880.00","commenceDate":"2015-03-06","nameOfAssured":"M Sabari","agencyCode":"0090976F ","developmentOfficerCode":"315076","plan":"827","policyTerm":"20","firstUnpaidPremiumDate":"2024-06-06","cdCharge":"0","serviceBranch":"76F ","sumAssured":"100000","policyStatus":"31","dob":"2005-08-22","ageAtEntry":10,"planDetails":{"plan":827,"planType":null,"planDesc":null,"premiumDueDuration":6,"premiumDueDurationType":"M","payPremiumAdvance":30,"payPremiumAdvanceType":"D","gracePeriod":1,"gracePeriodType":"M","serviceTaxRateFirstYr":4.5,"serviceTaxRateNextYrs":2.25,"serviceTaxRateEduCess":0.0,"topUpAllowed":null,"multiplyTopupAmt":null,"topupLimitCriteria":null,"topupNoPayBefMaturity":null,"planCategory":"EN","freeCoverCond":null,"freeCoverFUP":null,"campaignStartDate":"2026-01-01","campaignEndDate":"2026-03-02","percentageofwaiver":30.0,"maxLimitofwaiver":3000.0,"waiversAllowedNum":1,"lateFeeWaiverInd":"Y","discountPercentFirstYr":null,"discountPercentSecondYr":null,"discountPercentThirdYr":null,"discountPercentSubYr":null,"discountFromDate":null,"discountToDate":null,"maxLimitWaiverFstYr":null,"maxLimitWaiverScndYr":null,"maxLimitWaiverThirdYr":null,"maxLimitWaiverSubYr":null,"discountParameter":null,"graceprdExtFlag":null,"graceprdExtFrmDate":null,"graceprdExtToDate":null,"graceprdPrcntWaiver":null,"maxWaiverLimitgraceprd":null,"gstCdCharge":0.0,"gstLateFeeRateFirstYr":18.0,"gstLateFeeRateNextYrs":18.0,"dateOfLaunch":"19/08/2014","beforeLaunch":"N","centralGSTPercentage":50,"discountPeriod":null,"discountPeriodType":null},"eligible":false,"lateFeeRequired":false,"recordId":"O","premiumPayingTerm":20,"policyBenefits":"100000","dueAmount":"7040.00","taxExemption":false,"age":"21","eserviceEligible":false,"policyUlip":false,"dateOfLastPayment":"2034-12-06","dateOfMaturity":"2035-03-06","statusShortDesc":"Reduced Paid-up","nav":"For NAV details please contact your Servicing Branch / Customer Zone","altChannelId":"0 ","riderPolicy":false,"minorChild":false,"accountingBookCode":1,"payedPolicy":false,"advancePayedPolicy":false,"lastAccountDate":"2024-05-13","noBonusYears":99,"bonusInfo":{"totalRevBonus":0,"totalInterimBonus":0,"totalFAB":0,"totalGuaranty":0,"totalLoyalty":0,"totalOneTimeBonus":0.00,"messageCode":null,"calulationSheetHTML":"","calulationSheetText":""},"isSpotRevivalAllowed":false,"discountApplicable":false,"advancePaymetEligible":false,"maturitySumAssured":0,"gstInNumber":"null","transactionAllowed":true,"dateOfShowMaturity":"2035-03-06","panFlag":true,"neftFlag":true,"itPan":"IU******7L","neftStatus":"Y","titleCode":"null","premiumGapFlag":false,"dghPolicyFlag":false,"policyExitStatus":false,"serviceRequestFlag":false,"nriGstFlag":false,"fyEndDate":"2027-03-31"},"person":{"policyNo":709588055,"birthDate":"2005-08-22","fullName":"M Sabari","sex":"M","shortName":"Sabari M","age":"10","profileMobileNo":null,"profileEmail":null,"profileUnMaskMobileNo":null,"profileUnMaskEmail":null},"address":{"policyNo":709588055,"address1":"S/O T Tamilarasi","address2":"W/O Manoharan,26 Senthil Velavan House","address3":"Koneripatti Extn 2 Rasipuram","addressId":1,"pin":637409},"branch":{"branchCode":"76F ","address1":"LIC OF INDIA - 76F","address2":"NAMAKKAL ROAD","address3":"RASIPURAM","branchIp":"10.128.42.194","branchName":"LIC of India, Rasipuram Br Office","city":null,"dcCode":"X070","divCode":70,"eaiIndication":"Y","emailId":"BO_76F@LICINDIA.COM","man":null,"odsIndication":"N","pin":null,"state":"null"},"agent":{"agencyCode":"0090976F ","address1":"D/O.K.Jayaraman,Jai Ganesh Lorry","address2":"Service,T.P.Kadu,Moolapallipatty.Po","address3":"Rasipuram.Tk & Namakkal .Dt.","agentName":"J.Renukadevi","birthDate":"1976-03-10","category":2,"city":null,"disabilityCode":1,"enteredDate":"2026-04-21T01:23:07.000+00:00","itaxPanNo":"ANZPR4228B","occupationCode":12,"pin":637406,"qualificationCode":3,"sex":"F"},"nominees":[],"billingInfo":{"policyNumber":"709588055","nameOfAssured":"M Sabari","planName":"Jeevan Rakshak","plan":827,"mode":"3","premium":880,"sumAssured":100000,"status":null,"firstUnpaidPremiumDate":"2024-06-06","nextFup":null,"dueAmount":"7040.00","payedPolicy":false,"noOfDues":8,"eligible":false,"spotRevival":false},"policyContact":{"policyNo":709588055,"dataSource":"B","emailAddress":"null","enteredDate":"2025-01-01T20:00:12.233+00:00","mobileNo":"919944824529","countryCode":null,"telephoneNo":"null","panNo":null},"policyExtra":{"accumTerm":0},"policyAnnuity":null,"userRegistered":"N","assignmentDetails":[],"ulipExtra":{"giveCashAmount":null},"bonusErrorMessage":null,"qpayPolicy":{"policyNumber":"709588055","dob":"22/08/2005","emailId":null,"mobileNo":"9944824529","premium":"880","key":"399487"}}



==== 21/04/2026 07:39:01 - GET-URL ======

https://mk-channel.licindia.in/Landing/



==== 21/04/2026 18:43:18 - POST-URL ======

https://ebizapp01.licindia.in/BFFService/biometric/biometricLogin



==== 21/04/2026 18:43:26 - POST-URL ======

https://mk-channel.licindia.in/BFFService/timestamp/generate



==== 21/04/2026 18:43:29 - POST-URL ======

https://mk-channel.licindia.in/login/agent/userauthenticate



==== 21/04/2026 18:43:31 - POST-URL ======

https://mk-channel.licindia.in/BFFService/login/generateotp



==== 24/04/2026 20:37:50 - S3 Cloud Backup Upload Error (2) ======

Connection failure   at Xamarin.Android.Net.AndroidMessageHandler.<>c__DisplayClass137_0.<ConnectAsync>b__0()
   at System.Threading.Tasks.Task.InnerInvoke()
   at System.Threading.Tasks.Task.<>c.<.cctor>b__292_0(Object obj)
   at System.Threading.ExecutionContext.RunFromThreadPoolDispatchLoop(Thread , ExecutionContext , ContextCallback , Object )
--- End of stack trace from previous location ---
   at System.Threading.ExecutionContext.RunFromThreadPoolDispatchLoop(Thread , ExecutionContext , ContextCallback , Object )
   at System.Threading.Tasks.Task.ExecuteWithThreadLocal(Task& , Thread )
--- End of stack trace from previous location ---
   at Xamarin.Android.Net.AndroidMessageHandler.DoProcessRequest(HttpRequestMessage , URL , HttpURLConnection , CancellationToken , RequestRedirectionState )
   at Xamarin.Android.Net.AndroidMessageHandler.DoSendAsync(HttpRequestMessage , CancellationToken )
   at System.Net.Http.HttpClient.<SendAsync>g__Core|83_0(HttpRequestMessage , HttpCompletionOption , CancellationTokenSource , Boolean , CancellationTokenSource , CancellationToken )
   at Amazon.Runtime.HttpWebRequestMessage.GetResponseAsync(CancellationToken cancellationToken)
   at Amazon.Runtime.Internal.HttpHandler`1.<InvokeAsync>d__9`1[[System.Net.Http.HttpContent, System.Net.Http, Version=9.0.0.0, Culture=neutral, PublicKeyToken=b03f5f7f11d50a3a],[Amazon.S3.Model.PutObjectResponse, AWSSDK.S3, Version=3.3.0.0, Culture=neutral, PublicKeyToken=885c28607f98e604]].MoveNext()
   at Amazon.Runtime.Internal.RedirectHandler.<InvokeAsync>d__1`1[[Amazon.S3.Model.PutObjectResponse, AWSSDK.S3, Version=3.3.0.0, Culture=neutral, PublicKeyToken=885c28607f98e604]].MoveNext()
   at Amazon.Runtime.Internal.Unmarshaller.<InvokeAsync>d__3`1[[Amazon.S3.Model.PutObjectResponse, AWSSDK.S3, Version=3.3.0.0, Culture=neutral, PublicKeyToken=885c28607f98e604]].MoveNext()
   at Amazon.S3.Internal.AmazonS3ResponseHandler.<InvokeAsync>d__1`1[[Amazon.S3.Model.PutObjectResponse, AWSSDK.S3, Version=3.3.0.0, Culture=neutral, PublicKeyToken=885c28607f98e604]].MoveNext()
   at Amazon.Runtime.Internal.ErrorHandler.<InvokeAsync>d__5`1[[Amazon.S3.Model.PutObjectResponse, AWSSDK.S3, Version=3.3.0.0, Culture=neutral, PublicKeyToken=885c28607f98e604]].MoveNext()
   at Amazon.Runtime.Internal.ErrorHandler.<InvokeAsync>d__5`1[[Amazon.S3.Model.PutObjectResponse, AWSSDK.S3, Version=3.3.0.0, Culture=neutral, PublicKeyToken=885c28607f98e604]].MoveNext()
   at Amazon.Runtime.Internal.CallbackHandler.<InvokeAsync>d__9`1[[Amazon.S3.Model.PutObjectResponse, AWSSDK.S3, Version=3.3.0.0, Culture=neutral, PublicKeyToken=885c28607f98e604]].MoveNext()
   at Amazon.Runtime.Internal.Signer.<InvokeAsync>d__1`1[[Amazon.S3.Model.PutObjectResponse, AWSSDK.S3, Version=3.3.0.0, Culture=neutral, PublicKeyToken=885c28607f98e604]].MoveNext()
   at Amazon.S3.Internal.S3Express.S3ExpressPreSigner.<InvokeAsync>d__5`1[[Amazon.S3.Model.PutObjectResponse, AWSSDK.S3, Version=3.3.0.0, Culture=neutral, PublicKeyToken=885c28607f98e604]].MoveNext()
   at Amazon.Runtime.Internal.EndpointDiscoveryHandler.<InvokeAsync>d__2`1[[Amazon.S3.Model.PutObjectResponse, AWSSDK.S3, Version=3.3.0.0, Culture=neutral, PublicKeyToken=885c28607f98e604]].MoveNext()
   at Amazon.Runtime.Internal.EndpointDiscoveryHandler.<InvokeAsync>d__2`1[[Amazon.S3.Model.PutObjectResponse, AWSSDK.S3, Version=3.3.0.0, Culture=neutral, PublicKeyToken=885c28607f98e604]].MoveNext()
   at Amazon.Runtime.Internal.CredentialsRetriever.<InvokeAsync>d__7`1[[Amazon.S3.Model.PutObjectResponse, AWSSDK.S3, Version=3.3.0.0, Culture=neutral, PublicKeyToken=885c28607f98e604]].MoveNext()
   at Amazon.Runtime.Internal.RetryHandler.<InvokeAsync>d__10`1[[Amazon.S3.Model.PutObjectResponse, AWSSDK.S3, Version=3.3.0.0, Culture=neutral, PublicKeyToken=885c28607f98e604]].MoveNext()
   at Amazon.Runtime.Internal.RetryHandler.<InvokeAsync>d__10`1[[Amazon.S3.Model.PutObjectResponse, AWSSDK.S3, Version=3.3.0.0, Culture=neutral, PublicKeyToken=885c28607f98e604]].MoveNext()
   at Amazon.Runtime.Internal.CallbackHandler.<InvokeAsync>d__9`1[[Amazon.S3.Model.PutObjectResponse, AWSSDK.S3, Version=3.3.0.0, Culture=neutral, PublicKeyToken=885c28607f98e604]].MoveNext()
   at Amazon.Runtime.Internal.CallbackHandler.<InvokeAsync>d__9`1[[Amazon.S3.Model.PutObjectResponse, AWSSDK.S3, Version=3.3.0.0, Culture=neutral, PublicKeyToken=885c28607f98e604]].MoveNext()
   at Amazon.S3.Internal.AmazonS3ExceptionHandler.<InvokeAsync>d__1`1[[Amazon.S3.Model.PutObjectResponse, AWSSDK.S3, Version=3.3.0.0, Culture=neutral, PublicKeyToken=885c28607f98e604]].MoveNext()
   at Amazon.Runtime.Internal.ErrorCallbackHandler.<InvokeAsync>d__5`1[[Amazon.S3.Model.PutObjectResponse, AWSSDK.S3, Version=3.3.0.0, Culture=neutral, PublicKeyToken=885c28607f98e604]].MoveNext()
   at Amazon.Runtime.Internal.MetricsHandler.<InvokeAsync>d__1`1[[Amazon.S3.Model.PutObjectResponse, AWSSDK.S3, Version=3.3.0.0, Culture=neutral, PublicKeyToken=885c28607f98e604]].MoveNext()
   at bma.BackupClass.takeCloudBackup(Context c, Boolean auto, String _mobile)



==== 27/04/2026 12:29:22 - Skipped 1 policy at offset 200 ======





==== 27/04/2026 12:29:28 - Skipped 1 policy at offset 201 ======





==== 27/04/2026 12:29:33 - Skipped 1 policy at offset 203 ======





==== 27/04/2026 12:29:38 - Skipped 1 policy at offset 204 ======





==== 27/04/2026 12:29:43 - Skipped 1 policy at offset 206 ======





==== 27/04/2026 12:29:48 - Skipped 1 policy at offset 207 ======





==== 27/04/2026 12:29:53 - Skipped 1 policy at offset 209 ======





==== 27/04/2026 12:29:58 - Skipped 1 policy at offset 210 ======





==== 27/04/2026 12:30:03 - Skipped 1 policy at offset 212 ======





==== 27/04/2026 12:30:08 - Skipped 1 policy at offset 213 ======





==== 27/04/2026 12:30:13 - Skipped 1 policy at offset 215 ======





==== 27/04/2026 12:30:18 - Skipped 1 policy at offset 216 ======





==== 27/04/2026 12:30:23 - Skipped 1 policy at offset 218 ======





==== 27/04/2026 12:30:28 - Skipped 1 policy at offset 219 ======





==== 27/04/2026 12:30:33 - Skipped 1 policy at offset 221 ======





==== 27/04/2026 12:30:38 - Skipped 1 policy at offset 222 ======





==== 27/04/2026 12:30:43 - Skipped 1 policy at offset 225 ======





==== 27/04/2026 12:30:49 - Skipped 1 policy at offset 226 ======





==== 27/04/2026 12:30:54 - Skipped 1 policy at offset 228 ======





==== 27/04/2026 12:30:59 - Skipped 1 policy at offset 229 ======





==== 27/04/2026 12:31:04 - Skipped 1 policy at offset 231 ======





==== 27/04/2026 12:31:09 - Skipped 1 policy at offset 232 ======





==== 27/04/2026 12:31:14 - Skipped 1 policy at offset 234 ======





==== 27/04/2026 12:31:19 - Skipped 1 policy at offset 235 ======





==== 27/04/2026 12:31:24 - Skipped 1 policy at offset 237 ======





==== 27/04/2026 12:31:29 - Skipped 1 policy at offset 238 ======





==== 27/04/2026 12:31:34 - Skipped 1 policy at offset 240 ======





==== 27/04/2026 12:31:39 - Skipped 1 policy at offset 241 ======





==== 27/04/2026 12:31:44 - Skipped 1 policy at offset 243 ======





==== 27/04/2026 12:31:49 - Skipped 1 policy at offset 244 ======





==== 27/04/2026 12:31:54 - Skipped 1 policy at offset 246 ======





==== 27/04/2026 12:31:59 - Skipped 1 policy at offset 247 ======





==== 27/04/2026 12:32:04 - Skipped 1 policy at offset 250 ======





==== 27/04/2026 12:32:09 - Skipped 1 policy at offset 251 ======





==== 27/04/2026 12:32:14 - Skipped 1 policy at offset 253 ======





==== 27/04/2026 12:32:20 - Skipped 1 policy at offset 254 ======





==== 27/04/2026 12:32:25 - Skipped 1 policy at offset 256 ======





==== 27/04/2026 12:32:30 - Skipped 1 policy at offset 257 ======





==== 27/04/2026 12:32:35 - Skipped 1 policy at offset 259 ======





==== 27/04/2026 12:32:40 - Skipped 1 policy at offset 260 ======





==== 27/04/2026 12:32:45 - Skipped 1 policy at offset 262 ======





==== 27/04/2026 12:32:50 - Skipped 1 policy at offset 263 ======





==== 27/04/2026 12:32:55 - Skipped 1 policy at offset 265 ======





==== 27/04/2026 12:33:00 - Skipped 1 policy at offset 266 ======





==== 27/04/2026 12:33:05 - Skipped 1 policy at offset 268 ======





==== 27/04/2026 12:33:10 - Skipped 1 policy at offset 269 ======





==== 27/04/2026 12:33:15 - Skipped 1 policy at offset 271 ======





==== 27/04/2026 12:33:20 - Skipped 1 policy at offset 272 ======





==== 27/04/2026 12:33:25 - Skipped 1 policy at offset 275 ======





==== 27/04/2026 12:33:30 - Skipped 1 policy at offset 276 ======





==== 27/04/2026 12:33:35 - Skipped 1 policy at offset 278 ======





==== 27/04/2026 12:33:40 - Skipped 1 policy at offset 279 ======





==== 27/04/2026 12:33:46 - Skipped 1 policy at offset 281 ======





==== 27/04/2026 12:33:51 - Skipped 1 policy at offset 282 ======





==== 27/04/2026 12:33:56 - Skipped 1 policy at offset 284 ======





==== 27/04/2026 12:34:01 - Skipped 1 policy at offset 285 ======





==== 27/04/2026 12:34:06 - Skipped 1 policy at offset 287 ======





==== 27/04/2026 12:34:11 - Skipped 1 policy at offset 288 ======





==== 27/04/2026 12:34:16 - Skipped 1 policy at offset 290 ======





==== 27/04/2026 12:34:21 - Skipped 1 policy at offset 291 ======





==== 27/04/2026 12:34:26 - Skipped 1 policy at offset 293 ======





==== 27/04/2026 12:34:31 - Skipped 1 policy at offset 294 ======





==== 27/04/2026 12:34:36 - Skipped 1 policy at offset 296 ======





==== 27/04/2026 12:34:41 - Skipped 1 policy at offset 297 ======





==== 27/04/2026 12:34:47 - Skipped 1 policy at offset 300 ======





==== 27/04/2026 12:34:52 - Skipped 1 policy at offset 301 ======





==== 27/04/2026 12:34:57 - Skipped 1 policy at offset 303 ======





==== 27/04/2026 12:35:02 - Skipped 1 policy at offset 304 ======





==== 27/04/2026 12:35:07 - Skipped 1 policy at offset 306 ======





==== 27/04/2026 12:35:12 - Skipped 1 policy at offset 307 ======





==== 27/04/2026 12:35:17 - Skipped 1 policy at offset 309 ======





==== 27/04/2026 12:35:22 - Skipped 1 policy at offset 310 ======





==== 27/04/2026 12:35:27 - Skipped 1 policy at offset 312 ======





==== 27/04/2026 12:35:32 - Skipped 1 policy at offset 313 ======





==== 27/04/2026 12:35:37 - Skipped 1 policy at offset 315 ======





==== 27/04/2026 12:35:42 - Skipped 1 policy at offset 316 ======





==== 27/04/2026 12:35:47 - Skipped 1 policy at offset 318 ======





==== 27/04/2026 12:35:53 - Skipped 1 policy at offset 319 ======





==== 27/04/2026 12:35:58 - Skipped 1 policy at offset 321 ======





==== 27/04/2026 12:36:03 - Skipped 1 policy at offset 322 ======





==== 27/04/2026 12:36:08 - Skipped 1 policy at offset 325 ======





==== 27/04/2026 12:36:13 - Skipped 1 policy at offset 326 ======





==== 27/04/2026 12:36:18 - Skipped 1 policy at offset 328 ======





==== 27/04/2026 12:36:23 - Skipped 1 policy at offset 329 ======





==== 27/04/2026 12:36:28 - Skipped 1 policy at offset 331 ======





==== 27/04/2026 12:36:33 - Skipped 1 policy at offset 332 ======





==== 27/04/2026 12:36:38 - Skipped 1 policy at offset 334 ======





==== 27/04/2026 12:36:43 - Skipped 1 policy at offset 335 ======





==== 27/04/2026 12:36:48 - Skipped 1 policy at offset 337 ======





==== 27/04/2026 12:36:53 - Skipped 1 policy at offset 338 ======





==== 27/04/2026 12:36:58 - Skipped 1 policy at offset 340 ======





==== 27/04/2026 12:37:03 - Skipped 1 policy at offset 341 ======





==== 27/04/2026 12:37:09 - Skipped 1 policy at offset 343 ======





==== 27/04/2026 12:37:14 - Skipped 1 policy at offset 344 ======





==== 27/04/2026 12:37:19 - Skipped 1 policy at offset 346 ======





==== 27/04/2026 12:37:24 - Skipped 1 policy at offset 347 ======





==== 27/04/2026 12:37:29 - Skipped 1 policy at offset 350 ======





==== 27/04/2026 12:37:34 - Skipped 1 policy at offset 351 ======





==== 27/04/2026 12:37:39 - Skipped 1 policy at offset 353 ======





==== 27/04/2026 12:37:44 - Skipped 1 policy at offset 354 ======





==== 27/04/2026 12:37:49 - Skipped 1 policy at offset 356 ======





==== 27/04/2026 12:37:54 - Skipped 1 policy at offset 357 ======





==== 27/04/2026 12:37:59 - Skipped 1 policy at offset 359 ======





==== 27/04/2026 12:38:04 - Skipped 1 policy at offset 360 ======





==== 27/04/2026 12:38:09 - Skipped 1 policy at offset 362 ======





==== 27/04/2026 12:38:15 - Skipped 1 policy at offset 363 ======





==== 27/04/2026 12:38:20 - Skipped 1 policy at offset 365 ======





==== 27/04/2026 12:38:25 - Skipped 1 policy at offset 366 ======





==== 27/04/2026 12:38:30 - Skipped 1 policy at offset 368 ======





==== 27/04/2026 12:38:35 - Skipped 1 policy at offset 369 ======





==== 27/04/2026 12:38:40 - Skipped 1 policy at offset 371 ======





==== 27/04/2026 12:38:45 - Skipped 1 policy at offset 372 ======





==== 27/04/2026 12:38:50 - Skipped 1 policy at offset 375 ======





==== 27/04/2026 12:38:55 - Skipped 1 policy at offset 376 ======





==== 27/04/2026 12:39:00 - Skipped 1 policy at offset 378 ======





==== 27/04/2026 12:39:05 - Skipped 1 policy at offset 379 ======





==== 27/04/2026 12:39:11 - Skipped 1 policy at offset 381 ======





==== 27/04/2026 12:39:16 - Skipped 1 policy at offset 382 ======





==== 27/04/2026 12:39:21 - Skipped 1 policy at offset 384 ======





==== 27/04/2026 12:39:26 - Skipped 1 policy at offset 385 ======





==== 27/04/2026 12:39:31 - Skipped 1 policy at offset 387 ======





==== 27/04/2026 12:39:36 - Skipped 1 policy at offset 388 ======





==== 27/04/2026 12:39:41 - Skipped 1 policy at offset 390 ======





==== 27/04/2026 12:39:46 - Skipped 1 policy at offset 391 ======





==== 27/04/2026 12:39:51 - Skipped 1 policy at offset 393 ======





==== 27/04/2026 12:39:56 - Skipped 1 policy at offset 394 ======





==== 27/04/2026 12:40:01 - Skipped 1 policy at offset 396 ======





==== 27/04/2026 12:40:06 - Skipped 1 policy at offset 397 ======





==== 27/04/2026 12:40:17 - Portal Data Download Background ======

startForegroundService() not allowed due to mAllowStartForeground false: service com.bliss.blissbma.pro/crc6479545b82ba044d57.CommissionService   at Java.Interop.JniEnvironment.InstanceMethods.CallNonvirtualObjectMethod(JniObjectReference , JniObjectReference , JniMethodInfo , JniArgumentValue* )
   at Java.Interop.JniPeerMembers.JniInstanceMethods.InvokeVirtualObjectMethod(String , IJavaPeerable , JniArgumentValue* )
   at Android.Content.ContextWrapper.StartForegroundService(Intent )
   at bma.commissionActivity.updateComm(Context c, String agcode, Boolean nodialog, String runsb)
  --- End of managed Java.Lang.IllegalStateException stack trace ---
android.app.ForegroundServiceStartNotAllowedException: startForegroundService() not allowed due to mAllowStartForeground false: service com.bliss.blissbma.pro/crc6479545b82ba044d57.CommissionService
	at android.app.ForegroundServiceStartNotAllowedException$1.createFromParcel(ForegroundServiceStartNotAllowedException.java:54)
	at android.app.ForegroundServiceStartNotAllowedException$1.createFromParcel(ForegroundServiceStartNotAllowedException.java:50)
	at android.os.Parcel.readParcelableInternal(Parcel.java:4809)
	at android.os.Parcel.readParcelable(Parcel.java:4777)
	at android.os.Parcel.createExceptionOrNull(Parcel.java:3040)
	at android.os.Parcel.createException(Parcel.java:3029)
	at android.os.Parcel.readException(Parcel.java:3012)
	at android.os.Parcel.readException(Parcel.java:2954)
	at android.app.IActivityManager$Stub$Proxy.startService(IActivityManager.java:6214)
	at android.app.ContextImpl.startServiceCommon(ContextImpl.java:1967)
	at android.app.ContextImpl.startForegroundService(ContextImpl.java:1933)
	at android.content.ContextWrapper.startForegroundService(ContextWrapper.java:839)
	at android.content.ContextWrapper.startForegroundService(ContextWrapper.java:839)
	at mono.java.lang.RunnableImplementor.n_run(Native Method)
	at mono.java.lang.RunnableImplementor.run(RunnableImplementor.java:29)
	at android.os.Handler.handleCallback(Handler.java:942)
	at android.os.Handler.dispatchMessage(Handler.java:99)
	at android.os.Looper.loopOnce(Looper.java:226)
	at android.os.Looper.loop(Looper.java:313)
	at android.app.ActivityThread.main(ActivityThread.java:8762)
	at java.lang.reflect.Method.invoke(Native Method)
	at com.android.internal.os.RuntimeInit$MethodAndArgsCaller.run(RuntimeInit.java:604)
	at com.android.internal.os.ZygoteInit.main(ZygoteInit.java:1067)




==== 27/04/2026 21:11:10 - Portal Data Download Background ======

startForegroundService() not allowed due to mAllowStartForeground false: service com.bliss.blissbma.pro/crc6479545b82ba044d57.CommissionService   at Java.Interop.JniEnvironment.InstanceMethods.CallNonvirtualObjectMethod(JniObjectReference , JniObjectReference , JniMethodInfo , JniArgumentValue* )
   at Java.Interop.JniPeerMembers.JniInstanceMethods.InvokeVirtualObjectMethod(String , IJavaPeerable , JniArgumentValue* )
   at Android.Content.ContextWrapper.StartForegroundService(Intent )
   at bma.commissionActivity.updateComm(Context c, String agcode, Boolean nodialog, String runsb)
  --- End of managed Java.Lang.IllegalStateException stack trace ---
android.app.ForegroundServiceStartNotAllowedException: startForegroundService() not allowed due to mAllowStartForeground false: service com.bliss.blissbma.pro/crc6479545b82ba044d57.CommissionService
	at android.app.ForegroundServiceStartNotAllowedException$1.createFromParcel(ForegroundServiceStartNotAllowedException.java:54)
	at android.app.ForegroundServiceStartNotAllowedException$1.createFromParcel(ForegroundServiceStartNotAllowedException.java:50)
	at android.os.Parcel.readParcelableInternal(Parcel.java:4809)
	at android.os.Parcel.readParcelable(Parcel.java:4777)
	at android.os.Parcel.createExceptionOrNull(Parcel.java:3040)
	at android.os.Parcel.createException(Parcel.java:3029)
	at android.os.Parcel.readException(Parcel.java:3012)
	at android.os.Parcel.readException(Parcel.java:2954)
	at android.app.IActivityManager$Stub$Proxy.startService(IActivityManager.java:6214)
	at android.app.ContextImpl.startServiceCommon(ContextImpl.java:1967)
	at android.app.ContextImpl.startForegroundService(ContextImpl.java:1933)
	at android.content.ContextWrapper.startForegroundService(ContextWrapper.java:839)
	at android.content.ContextWrapper.startForegroundService(ContextWrapper.java:839)
	at mono.java.lang.RunnableImplementor.n_run(Native Method)
	at mono.java.lang.RunnableImplementor.run(RunnableImplementor.java:29)
	at android.os.Handler.handleCallback(Handler.java:942)
	at android.os.Handler.dispatchMessage(Handler.java:99)
	at android.os.Looper.loopOnce(Looper.java:226)
	at android.os.Looper.loop(Looper.java:313)
	at android.app.ActivityThread.main(ActivityThread.java:8762)
	at java.lang.reflect.Method.invoke(Native Method)
	at com.android.internal.os.RuntimeInit$MethodAndArgsCaller.run(RuntimeInit.java:604)
	at com.android.internal.os.ZygoteInit.main(ZygoteInit.java:1067)




==== 28/04/2026 11:44:18 - OSTATTUS-RESPONSE-TOKEN ======

uOIT53y+59wWwgcRttq5Fqy0PTM1hZ/HMvKusiEZgLWGTodbPoQ2AirB8b4H0vnjiXFQJPRSMWX1HBTZOhcexr3Y/fuxDPqfXhfDXDZPjybSuQ0nJ9IbEHj2H7eaKo6WcO4jC2hrnaY8/Sw54R8VKOLOvh49i8z/0LZP+nttIUtG2/qQitAHeWCJbg/fRUsutgmtvcjWOPN6epwp5HRtTCJKpEb+cfT/2ot4aCw0c8f/MlVuuFJC+A6Ne/IVcpgPLYq3XszMgVUbF0x2QLWTOd1/mQw3/X6FAkXeeH8aqORTvi48OeUQ5xxh5gcQiF3fLLvkCR1cKN+qKaVzXd/Ecgakx2zZeSdLLlwAHZLf68oM1M3Fkf3kf9YDQxpyw93ZmP1C0Q3Wbnm11KvTBOyv1pmtH5itFelIcmBvyOMWZiD4d6so86zyMIf/4BL4uKNQNKpqwH0ve4FJiHLUoNVKo6WJm47QSpzZOn9JXks2sQ2r9Yamcau7pbg4NNLum3IK5usDA0PwMpJNINfmp6S482nclCMh8GuVNCH/qFp8vuNFih1ApHUQVEk7JygTT69wNfkTuKsSoCcFqDPLZinz5gNz2K5bh+RWhOCu8vh/eOX5S660pGXiC2nz21r9tycEx0AkafZEJP0hTko0tft/5j8KixgCnk094TjxslsSuCjd49csUwEI9UqYKYx9iOAdSfJNthErBw3tsNT1DHEAwhJxq5Gmoq8Q2A7Asrg6dmfuy3wFTaK6tiUD4FjsBRxNdY0GpRGNPNTePtRK4CtzQg8ZyVJ+DbDvw8OUFhMf+ye4IL9av2Iv5ZwhFFbHTouuBvTGeb0GA/e5trhwhngPA2IAR3AGull6bapHk2EgB45sIkrIMDzAFcQadGxAsa+1gNQS657ABrTKbVbMvD0rrH+zwXg1azMihh0TlG/czxJZ4yG2VAZpfBQ60ShBOtu9vUBcqQuLF4kVLz1B+ZtDd+QILLuBZKZshOCcNFESI/K5ANdRvCz0DMBpQ1P17xk5IgYqjK4qsn0jb1MP8C68sRrcvPPKgAvO69ktLdKDc+QWQGY2fIRIazVIxnAROoeHJ0B2oR7kTSJX5jX9VFraQ0rymVLUBJdvr5Y1v8T2yWbFg09qh3gMLCUcYjwlscJVP7Pc3tIQmSNV8TIOKPjOyQrxtlw1JiviGRc22INU04233tB5/l6tYKh0MwtMMQeAHN/AfElizBBTUAhDq6VvITJxy9aa1BR7KGmWFWEjThwcxQMKLYZ5sHv2ycrulKVpzgXctwxLKd3zq7IblPbiBIEZjiUbAlYGTToFHhfSfphy7UAytdFxYWD0S5pY2Zep9vhICnRnsUdU6tn0YGkSeCzv8hSnMbqIRBTWfQklI2G2kTI3f6iNlcjkxuu7N+qOjCPI3kwCx38sUmBLWNaFDSEjBDnPqLjUECTFq5r7fRI6lMujGniNuj8rwzybsr9wgtlbnzgXzq19s1s0HgcVII5O8Dil3qv8GYt4UFKtGubMfINGsEfyEQO1btPSjX68B2yg9C06cuV+I3B5AbSC5mnSXIAsODhUWbEdLK0nZW1GdWPBP+PCi8Xy+Soc62LyiNGbLclGb7PlOPIeXb2mUueJ6oDIISSkezwIJ7A9ib7ijrCO1uiqmAQ46qDoqi7dacTHMoZf7UE6OeKlW1JNMsYxjp3vxbIbk9HeGpkJwnIlKRhuCD2E84vLSG3zFvAvJzJqzNJCTjVlhpFUA+nou8fUQZWsOimOTZr96Gs3LEyrUpix0/Xuwcx3UCVvgisTlCv9MYzT1pGOF6CM4oqqX4Ei71mwf54NAMmE1PaygHfG5auj5fVwW4tSJxSn8vMrjDnjPyicz/91MyGe5yjgxymFzZr3qv+82q9tKUPBJBaNrhxlixc+Ug1/Wzny5xPsJ+1Qv5byg9fPEFd6viflPDUE



==== 28/04/2026 11:44:18 - OSTATTUS-RESPONSE-TOKEN ======

eyJhbGciOiJIUzUxMiJ9.eyJzdWIiOiJJREFNMjgwNzIwMjIzMTk3ODMzIiwiYWdlbmN5X2NvZGUiOm51bGwsImNyZWF0ZWQiOjE3NzczNTUxMDM2ODksImFjY2Vzc19jb2RlIjoiZXlKaGJHY2lPaUpTVXpJMU5pSXNJblI1Y0NJNklrcFhWQ0o5LmV5SnpkV0lpT2lKSlJFRk5Namd3TnpJd01qSXpNVGszT0RNeklpd2labTVoYldVaU9pSlRRVU5JU1U0Z1ZFbFhRVkpKSWl3aWRYTmxjbk4wWVhSMWN5STZJakVpTENKbGJuUnBkSGxzYVhOMElqcGJJa3hKUTE5RFZWTlVUMDFGVWw5UVQxSlVRVXdpWFN3aWNtOXNaWE1pT2xzaVJFOGlYU3dpYVhOeklqb2lRVkpZSWl3aWJXOWlhV3hsSWpvaU9EQTFNalkyTmpZMU15SXNJbUYxWkNJNkltUmxabUYxYkhRaUxDSnNibUZ0WlNJNklsTkJRMGhKVGlCVVNWZEJVa2tpTENKMWMyVnlWSGx3WlNJNklqRWlMQ0psZUhBaU9qRTNOemN6T0RNMk5UTXNJbWxoZENJNk1UYzNOek0xTkRnMU15d2lhblJwSWpvaU1EWTJOV1EwTW1JdE9ERmxPUzAwTTJObUxUbGtOamN0T1dFM04yUTJNVGsyWkdJeklpd2laVzUwYVhSNUlqb2lURWxEWDBOVlUxUlBUVVZTWDFCUFVsUkJUQ0lzSW1WdFlXbHNJam9pYzE5MGFYZGhjbWsyTWtCc2FXTnBibVJwWVM1amIyMGlmUS5jbUVZUUZlOVVBbjhxWXNPZy0xcFpheU1zM3pYa3U2c2dXMXplcnl3a1VFa0JhSzM0VmQ3UUdtNXd5NE90bGw4R0RtRUtpYW1wUnhEM2lqbXA2ZkpvYW1IVFNodjRPOTlaTDQ0dHQyVC1jLUFxNk1CeWNJMmVlNkh5VWM4Rk5WV2xKMlh4ZWkySHc4bTNHbl9FQWZaSXBKa1l6NXppSHgzaVJidGpBVkR0NEZLc0JpS3ZkMnkwXzFjeU5mblRuSEk4NGREUm1hUFhzY1BfZlFSNi1UVnA0eGNkd003LXp5X3Q5aVFZcDRlbUJDdWc4aFJkdDdSMEYzNm83bVBMSkIxWGh2cVZrTWlsdHg4NndaXzlSQ2t1QVZWOTcwT3k3dUY3OHh3RWFyVllGRXJxM3B5TXllYjNrSmVydUpMRWVhZml3Vl95aVh2akRUaGNScUVRQkdxRmciLCJyb2xlcyI6WyJETyJdLCJjbGllbnRJcCI6bnVsbCwiZW50aXRsZW1lbnQiOltdfQ.mEWtdryuXWYSWwUeAxVj388sHHy-2AsAKPn0QC0K5QGZZg8ojEYYcMxSeHRBEPmpRwoWTEG6I7RfXf0U5wFPLw



==== 28/04/2026 11:44:18 - POST-URL ======

https://ebizapp01.licindia.in/BFFService/policy/policyInfo?_dc=1777356858044



==== 28/04/2026 11:44:19 - POST-URL ======

{"confirmationId":null,"status":"200","resultInfoList":null,"count":0,"policy":{"policyNumber":"327421914","relationType":"Self","planName":"LIC's New Jeevan Labh Plan","mode":"1","noOfDues":2,"premium":"1012.00","commenceDate":"2025-03-07","nameOfAssured":"M Madhuvandhy","agencyCode":"0090976F ","developmentOfficerCode":"87070","plan":"736","policyTerm":"21","firstUnpaidPremiumDate":"2026-04-07","cdCharge":"125","serviceBranch":"76F ","sumAssured":"200000","policyStatus":"21","dob":"1998-07-26","ageAtEntry":27,"planDetails":{"plan":736,"planType":null,"planDesc":null,"premiumDueDuration":6,"premiumDueDurationType":"M","payPremiumAdvance":30,"payPremiumAdvanceType":"D","gracePeriod":15,"gracePeriodType":"D","serviceTaxRateFirstYr":4.5,"serviceTaxRateNextYrs":2.25,"serviceTaxRateEduCess":0.0,"topUpAllowed":null,"multiplyTopupAmt":null,"topupLimitCriteria":null,"topupNoPayBefMaturity":null,"planCategory":"NORM","freeCoverCond":null,"freeCoverFUP":null,"campaignStartDate":"2026-01-01","campaignEndDate":"2026-03-02","percentageofwaiver":30.0,"maxLimitofwaiver":3000.0,"waiversAllowedNum":1,"lateFeeWaiverInd":"Y","discountPercentFirstYr":null,"discountPercentSecondYr":null,"discountPercentThirdYr":null,"discountPercentSubYr":null,"discountFromDate":null,"discountToDate":null,"maxLimitWaiverFstYr":null,"maxLimitWaiverScndYr":null,"maxLimitWaiverThirdYr":null,"maxLimitWaiverSubYr":null,"discountParameter":null,"graceprdExtFlag":null,"graceprdExtFrmDate":null,"graceprdExtToDate":null,"graceprdPrcntWaiver":null,"maxWaiverLimitgraceprd":null,"gstCdCharge":0.0,"gstLateFeeRateFirstYr":18.0,"gstLateFeeRateNextYrs":18.0,"dateOfLaunch":"2/1/2020","beforeLaunch":"N","centralGSTPercentage":50,"discountPeriod":null,"discountPeriodType":null},"eligible":true,"lateFeeRequired":false,"recordId":"O","premiumPayingTerm":15,"policyBenefits":"200000","dueAmount":"2024.00","taxExemption":false,"age":"28","eserviceEligible":false,"policyUlip":false,"dateOfLastPayment":"2040-02-07","dateOfMaturity":"2046-03-07","statusShortDesc":"In Force","nav":"For NAV details please contact your Servicing Branch / Customer Zone","altChannelId":"02","riderPolicy":false,"minorChild":false,"accountingBookCode":9,"payedPolicy":false,"advancePayedPolicy":false,"lastAccountDate":"2026-03-04","noBonusYears":99,"bonusInfo":{"totalRevBonus":0,"totalInterimBonus":0,"totalFAB":0,"totalGuaranty":0,"totalLoyalty":0,"totalOneTimeBonus":0.00,"messageCode":null,"calulationSheetHTML":"<table width=100% ><tr class=grey-bg><td>Please Check Data As After Conversion Bonus Year Cannot Be Zero</td></tr></table>","calulationSheetText":"Please Check Data As After Conversion Bonus Year Cannot Be Zero  "},"isSpotRevivalAllowed":false,"discountApplicable":false,"advancePaymetEligible":false,"maturitySumAssured":0,"gstInNumber":"null","transactionAllowed":true,"dateOfShowMaturity":"2046-03-07","panFlag":true,"neftFlag":true,"itPan":"DE******2N","neftStatus":"Y","titleCode":"1","premiumGapFlag":false,"dghPolicyFlag":false,"policyExitStatus":false,"serviceRequestFlag":false,"nriGstFlag":false,"fyEndDate":"2027-03-31"},"person":{"policyNo":327421914,"birthDate":"1998-07-26","fullName":"M Madhuvandhy","sex":"F","shortName":"Madhuvandhy M","age":"27","profileMobileNo":null,"profileEmail":null,"profileUnMaskMobileNo":null,"profileUnMaskEmail":null},"address":{"policyNo":327421914,"address1":"D/O N Murali,","address2":"3/914, Extension No 1 Koneripatti","address3":"Rasipuram Po And Tk, Namakkal Dt","addressId":1,"pin":637408},"branch":{"branchCode":"76F ","address1":"LIC OF INDIA - 76F","address2":"NAMAKKAL ROAD","address3":"RASIPURAM","branchIp":"10.128.42.194","branchName":"LIC of India, Rasipuram Br Office","city":null,"dcCode":"X070","divCode":70,"eaiIndication":"Y","emailId":"BO_76F@LICINDIA.COM","man":null,"odsIndication":"N","pin":null,"state":"null"},"agent":{"agencyCode":"0090976F ","address1":"D/O.K.Jayaraman,Jai Ganesh Lorry","address2":"Service,T.P.Kadu,Moolapallipatty.Po","address3":"Rasipuram.Tk & Namakkal .Dt.","agentName":"J.Renukadevi","birthDate":"1976-03-10","category":2,"city":null,"disabilityCode":1,"enteredDate":"2026-04-28T01:28:47.000+00:00","itaxPanNo":"ANZPR4228B","occupationCode":12,"pin":637406,"qualificationCode":3,"sex":"F"},"nominees":[{"policyNo":327421914,"nomineeAge":50,"nomineeDob":null,"nomineeId":1,"nomineeName":"N MURALI","nomineeRegistrationDate":null,"nomineeRelation":"F","nomineeShare":100,"nomineeStatus":"B"}],"billingInfo":{"policyNumber":"327421914","nameOfAssured":"M Madhuvandhy","planName":"LIC's New Jeevan Labh Plan","plan":736,"mode":"1","premium":1012,"sumAssured":200000,"status":null,"firstUnpaidPremiumDate":"2026-04-07","nextFup":null,"dueAmount":"2024.00","payedPolicy":false,"noOfDues":2,"eligible":true,"spotRevival":false},"policyContact":{"policyNo":327421914,"dataSource":"B","emailAddress":"madhuvandhy.murali@gmail.com            ","enteredDate":"2026-04-09T20:00:06.570+00:00","mobileNo":"917010786064","countryCode":null,"telephoneNo":"null","panNo":null},"policyExtra":{"accumTerm":0},"policyAnnuity":null,"userRegistered":"Y","assignmentDetails":[],"ulipExtra":{"giveCashAmount":0},"bonusErrorMessage":null,"qpayPolicy":{"policyNumber":"327421914","dob":"26/07/1998","emailId":"madhuvandhy.murali@gmail.com","mobileNo":"7010786064","premium":"1012","key":"819263"}}



==== 28/04/2026 11:44:29 - GET-URL ======

https://mk-channel.licindia.in/Landing/



==== 28/04/2026 13:06:49 - OSTATTUS-RESPONSE-TOKEN ======

vsNH3168RboJu8vFV1g8FyMBZ0iO22YWqNkq3h/VY2Wi11cR87i5rro18yiEk4WuG5XSou1XFmbRF/MsqDWSwfNNFyK0ehiIvxYd1j9V6PXKeOjLs+59vmU5yPZj9cHIfX95Qszh72geRsNOEzin02Tglx6X3Hz/fdR3TgwZgUIB7n1QVKVb0/H20oeJce8X8H2ARHktkk2dZaaH1pYyL7eU6PnctEquKxJDSrM+YveFmilFJUEqUZ+cJzSVNWtUkaN9HjizCDxtpf/Co+8xAeqR9zKUaGUsw1mg0EOrpV0aAAhb+IklFgIgHDGwV3cpXaOTi9V4MPeX0pcTmWQQo2UrPGoGlRPtz/84AlfM7oeyPA7Ns5WsEFG7WT7JrDuXWxeMszsoLBZc5xrwMdx3J+X06qMmryCXYJF8+CkAVeVqB45nwaGRDIeZ5S6MGq3DLujztNkIg9ZFXbNpOfy7S+hu5+sXAf2pfpDIFNh0jBp0hYvk8hoZxaPozAyLb4UOVchZovJj5AqvtTkKyyuzFxgY1F9ONgE7+rdQbHLGX63DcYc+377n+Gl7Wk74gbTV/yO1UECijVzcQ/iibGymdPZcqqD8jMQie9n4pyrEiBbvfBpsUFirVVKhG6W1fxvQQ3BmCWeROxqEYvDIfGmOsnYLYWgoAXvmDm5QgO+hY69p4G50WCuDEakPku2u0kQ+ANmFcYmxBqn6ypOWXCnbkypEERj2TpipTDKmRPFt00JBFZr7vCCnjoFo8vhLoMNJsINeFF3RiIHaH0g8T7hB8oIaYAoahone9PRp7ZsU26JuSP3qe0dGUkdMa0ajWpl5wF4S1FwZh0dXGtAlBcezIkvCxh2VP3XJHpRuYrnYWKtR5+T7FY+ki9n6dhiFe20LFt5xCkMUpnEJJg6odGBE5VTOliaT0IOqPqGdKnuQDjUvDkENR5z11qw1+kHHAZx/ZMs6uWIAwzORhI9HOIrWXCBTSG7AW7hmJnUyHJxEAJVprBXinU7piEujf7C3kpNEUPLy0E1aT9gvS/vpZozONV4P/y72kTj39f25WlZ0k44hdFcbIqax8dKSbYzUoQy+uQ3/lPBCybQJjKsVJstWgjwx0OYXBibY845rvcODh3G7kE71LapMcNdYyL6ph80YQQJ+ZH1ePDH6kgd7rmr8g9aCLjdayNEc/O2zVqnZogu0k2L50hQCkKH7J20tYPDjJkN5/Gl3SyvsGe80Irv7SBi0HkA3V+VKxkTE0UOgImxceH+uxpwq21mUJB05yVlhUj77386YiAUMUsZYxJY+ePrsA4HOxYuQjpnVneWe+cvfUy0c9laNccc8E5nsobr3XM66C79sGUHuKTz42Ncrb1FXapO49yeC6g8paWCojmwqQ3korZkgXYpfAkPFCth4AQGbt8cfaHHSWBiJO/O45Pvkx9ad9fPZiCB4galZLwaUtZJQAGgV9SHDUlcTup1NF8UU+NkxEBtRB5mmbRiCusv39uOmcnwiYfpNboGc5/afUjCD25mlIHN2tPLyhc+aEsaifxcogKFiu4YLt3Lq3tMa/cfaHJ+Y8LAljvWEGAzhXQyrMC/lSpKshIqWu9dQUdSjRiJv/TvNEzDqDZzYL5KbZyFA3tlZ55tYESsrfJP3FJ0mbnU/12dZ1NsDehGXKdgZ7FrFU7MjD7kEAjXUnvu5dn8/74mpid/eH+gYBtrJ3STynCFN0tXn6rdlrq/gqwDfsG+wHibyjRlI3Z0wi07Nx4GwE0H86Thhisi/RnFYKIui0fDCjjWfynadcvGiVxuIbvxYhfr4k+9Sefx1mM7l/jAnSxU861kBPcpBpaqcgHf3mLIbSOtRTHQo+MpXf1P4oLSrNGgfNn2MRWtIcsm2wXeqo3SpWh0XHY+hVX36gbIAk8am2jgimaDXIyiE41cWCSp/FMACWrqYIzN6xz5Q



==== 28/04/2026 13:06:49 - OSTATTUS-RESPONSE-TOKEN ======

eyJhbGciOiJIUzUxMiJ9.eyJzdWIiOiJJREFNMjYwNzIwMjIzMTgzODU5IiwiYWdlbmN5X2NvZGUiOm51bGwsImNyZWF0ZWQiOjE3NzczNjE2MDU3MjEsImFjY2Vzc19jb2RlIjoiZXlKaGJHY2lPaUpTVXpJMU5pSXNJblI1Y0NJNklrcFhWQ0o5LmV5SnpkV0lpT2lKSlJFRk5Nall3TnpJd01qSXpNVGd6T0RVNUlpd2labTVoYldVaU9pSlRMa2RKVWtsRVNFRlNRVTRpTENKMWMyVnljM1JoZEhWeklqb2lNU0lzSW1WdWRHbDBlV3hwYzNRaU9sc2lURWxEWDBOVlUxUlBUVVZTWDFCUFVsUkJUQ0pkTENKeWIyeGxjeUk2V3lKRVR5SmRMQ0pwYzNNaU9pSkJVbGdpTENKdGIySnBiR1VpT2lJNU5EUXpPREkyTlRRNElpd2lZWFZrSWpvaVpHVm1ZWFZzZENJc0lteHVZVzFsSWpvaVV5NUhTVkpKUkVoQlVrRk9JaXdpZFhObGNsUjVjR1VpT2lJeElpd2laWGh3SWpveE56YzNNemt3TXpjM0xDSnBZWFFpT2pFM056Y3pOakUxTnpjc0ltcDBhU0k2SWpSaVpqTmxZV1V4TFdObVpqY3ROR0k1TUMwNE5qVTJMV1ZtWVdVMU5UazBOekpsT0NJc0ltVnVkR2wwZVNJNklreEpRMTlEVlZOVVQwMUZVbDlRVDFKVVFVd2lMQ0psYldGcGJDSTZJbk11WjJseWFXUm9ZWEpoYmtCc2FXTnBibVJwWVM1amIyMGlmUS5rNWJsRFVtTE11Tmk5UkxZbDBIUGEwLTJ6ZVp2UWxLV1ctMm8xZGM4Sy1ENDA2QjllMkJ5SUhqOW54bDZvSldNMUk0TUJwcHhNM3Byd1Q4X1V2bVJWNmdkVG5TOHRqMDB0eW83SzQwQXBOTFY2NWJ6NnFlektHQ1lERUpaNXQwLVBzVDJHc1BwTkJFZmlISVlodUJnNWprQk13bzdjamhkbkdfR01nci1OMWNxeW51UUJCMDV4REYyeFRRRm9ldkdQZUFoWXlrbkFqWmJJdkdkd1NMTG9faVZ0TGVwcW5tbXp6dkRnekdCM2FoUUI3MWE3cmNrVzJiMmowbE5tbkVZT2RjZVRTYVBOczZVN2dTTUZLVjBaZlJKVEE0QUljU3o5bEdlMFEtWWJrRXBMWF91N01OdWs4RTZ4OC1pMUQ5dm9GOGdzSDZjaU5fdWpMNi1VaHd5N0EiLCJyb2xlcyI6WyJETyJdLCJjbGllbnRJcCI6bnVsbCwiZW50aXRsZW1lbnQiOltdfQ.M9nMNrzprzTRcDIIQvQTuxIWuc2W8TERoipNhDcz4k24gp6PlUtYY5GKsqRa_i0yjJ8IMDZxB1HK359gKblWLQ



==== 28/04/2026 13:06:49 - POST-URL ======

https://ebizapp01.licindia.in/BFFService/policy/policyInfo?_dc=1777361809778



==== 28/04/2026 13:06:50 - POST-URL ======

<!DOCTYPE html>
<!--[if lt IE 7]> <html class="no-js ie6 oldie" lang="en-US"> <![endif]-->
<!--[if IE 7]>    <html class="no-js ie7 oldie" lang="en-US"> <![endif]-->
<!--[if IE 8]>    <html class="no-js ie8 oldie" lang="en-US"> <![endif]-->
<!--[if gt IE 8]><!--> <html class="no-js" lang="en-US"> <!--<![endif]-->
<head>
<title>Attention Required! | Cloudflare</title>
<meta charset="UTF-8" />
<meta http-equiv="Content-Type" content="text/html; charset=UTF-8" />
<meta http-equiv="X-UA-Compatible" content="IE=Edge" />
<meta name="robots" content="noindex, nofollow" />
<meta name="viewport" content="width=device-width,initial-scale=1" />
<link rel="stylesheet" id="cf_styles-css" href="/cdn-cgi/styles/cf.errors.css" />
<!--[if lt IE 9]><link rel="stylesheet" id='cf_styles-ie-css' href="/cdn-cgi/styles/cf.errors.ie.css" /><![endif]-->
<style>body{margin:0;padding:0}</style>


<!--[if gte IE 10]><!-->
<script>
  if (!navigator.cookieEnabled) {
    window.addEventListener('DOMContentLoaded', function () {
      var cookieEl = document.getElementById('cookie-alert');
      cookieEl.style.display = 'block';
    })
  }
</script>
<!--<![endif]-->

</head>
<body>
  <div id="cf-wrapper">
    <div class="cf-alert cf-alert-error cf-cookie-error" id="cookie-alert" data-translate="enable_cookies">Please enable cookies.</div>
    <div id="cf-error-details" class="cf-error-details-wrapper">
      <div class="cf-wrapper cf-header cf-error-overview">
        <h1 data-translate="block_headline">Sorry, you have been blocked</h1>
        <h2 class="cf-subheadline"><span data-translate="unable_to_access">You are unable to access</span> licindia.in</h2>
      </div><!-- /.header -->

      <div class="cf-section cf-highlight">
        <div class="cf-wrapper">
          <div class="cf-screenshot-container cf-screenshot-full">
            
              <span class="cf-no-screenshot error"></span>
            
          </div>
        </div>
      </div><!-- /.captcha-container -->

      <div class="cf-section cf-wrapper">
        <div class="cf-columns two">
          <div class="cf-column">
            <h2 data-translate="blocked_why_headline">Why have I been blocked?</h2>

            <p data-translate="blocked_why_detail">This website is using a security service to protect itself from online attacks. The action you just performed triggered the security solution. There are several actions that could trigger this block including submitting a certain word or phrase, a SQL command or malformed data.</p>
          </div>

          <div class="cf-column">
            <h2 data-translate="blocked_resolve_headline">What can I do to resolve this?</h2>

            <p data-translate="blocked_resolve_detail">You can email the site owner to let them know you were blocked. Please include what you were doing when this page came up and the Cloudflare Ray ID found at the bottom of this page.</p>
          </div>
        </div>
      </div><!-- /.section -->

      <div class="cf-error-footer cf-wrapper w-240 lg:w-full py-10 sm:py-4 sm:px-8 mx-auto text-center sm:text-left border-solid border-0 border-t border-gray-300">
    <p class="text-13">
      <span class="cf-footer-item sm:block sm:mb-1">Cloudflare Ray ID: <strong class="font-semibold">9f3465f0c8ed178a</strong></span>
      <span class="cf-footer-separator sm:hidden">&bull;</span>
      <span id="cf-footer-item-ip" class="cf-footer-item hidden sm:block sm:mb-1">
        Your IP:
        <button type="button" id="cf-footer-ip-reveal" class="cf-footer-ip-reveal-btn">Click to reveal</button>
        <span class="hidden" id="cf-footer-ip">49.47.216.77</span>
        <span class="cf-footer-separator sm:hidden">&bull;</span>
      </span>
      <span class="cf-footer-item sm:block sm:mb-1"><span>Performance &amp; security by</span> <a rel="noopener noreferrer" href="https://www.cloudflare.com/5xx-error-landing" id="brand_link" target="_blank">Cloudflare</a></span>
      
    </p>
    <script>(function(){function d(){var b=a.getElementById("cf-footer-item-ip"),c=a.getElementById("cf-footer-ip-reveal");b&&"classList"in b&&(b.classList.remove("hidden"),c.addEventListener("click",function(){c.classList.add("hidden");a.getElementById("cf-footer-ip").classList.remove("hidden")}))}var a=document;document.addEventListener&&a.addEventListener("DOMContentLoaded",d)})();</script>
  </div><!-- /.error-footer -->

    </div><!-- /#cf-error-details -->
  </div><!-- /#cf-wrapper -->

  <script>
    window._cf_translation = {};
    
    
  </script>
</body>
</html>



==== 28/04/2026 13:07:03 - GET-URL ======

https://mk-channel.licindia.in/Landing/



==== 28/04/2026 13:07:10 - OSTATTUS-RESPONSE-TOKEN ======

33eYuF2pzYwn+aGMDBCtZNvgxfULzZoyBTYDGLLbugf+KIZc0CtxQq2mMMl2HgniHXmZ3QWCYdKEVvp1i21gb3d0a3sRlqJIAQv2Q1AmB5BiNnfx4lrruZLXTSFlMQ/rSq4HkFhdjpqB1dgaGWdStLBS/57ZVsCjV9nYfIf0/AB+GvM+m2m5+2Yb/s17BTLwJEcvxxwfuay6dRam4kgiQ9z11N2aaB1uUDbcAs/AhMq2fJn0v3cJRUzrAN9kTur16irwwXX+SuK9fNTiuGcNqgdUhu2d5Iyv6rlm5V4n/BJh+1j4msWqol6ojU2mN9RpwLXvtoBV4w0w/gkhoFd5FXartSo+LdSAuZSHk47uvSFWvFG8ED3389R+AcjqUt2+u1GPyOU4PRXk9OoKA5bneBLFS6tSNq7utscsK15XvInyk1aUE21T1y6suLQfyWn3Sic0O8P0gJfFPKiTBi3yPXrT6+To2KFbYUSNq4bl32ae8X6g447KRhUdL34AfJetJdInw6QHkrWyN04q7irSNxWwFkIWrKh4duF8npmO/KlMwWneRu9z6qguvVdRnw2MIW51MiZtrzqtOS3Oem/G9GgTPrGcdB19srpS+GtQ6WVMcPpC84keMjZUaW87T5vYHOtc8O6fMV+PEHkdbhr8jJeCitne9cOUxGCgGrUWQmTvQDDGfDuw6oaUygoyBT7LVxxmBn0L7Ydv3jRTqr0BmgW8ZfNVbBrOD5OcDmh2xu7fK+Q5H+YTfMEr2VYz46MQ4ZzlFIwn9YuM+e7+H9xEcfILXtNTRlu7VmL+rA5MGrDydyVy0gFBCmHcBPKBkUXOEpd02pxApONEE5g5PF2rKbK1a+itVEKtxmLI0J/zPhD3xfQPbdQgYeRJdsFx2/QEyfslTNU9JlRu6VM0fdKnWbW78UvhzZ2yV4yaMRVC5W+5/R0VoRvT+gtNewi70ajbWqLVVNCB3GFKtd+aiNKL2UMHnDYs2xrECtpWRcw/PkKLTEH+sNv0K6242iSnTqAZu0PYSgTqxlEC9Dok+Q4LQZZDDK5TXc6T8oNFWjc0hpdhbqGjK0tP5vXoay7Jo+1y+jt+RaKaWUvFbivknYQuXdnlgU4gOvoDKj/1R8B0h6HVoqDbenm85cCwrMVPFQF+KayGGDZS9CnrY/Y/m7FbL77y6qgHiLMQv9dpOOGMw5cZKSMxXTrbahGS/C98QYW8Ft8F+NMvbaLf/THjyhpqKFeQJAHyOhY3tSPIsw98q0L514Z5gyq2jpJCwD5vhaaIe6ZE1nJcY2T9R45MGIwsKEoVUOtzofiZiD1oEoKJ8KNkEzKID/mDlIHiAh3pYF2+UHtwNs2pRchuJ1tPoXWSEluiSrWSg3E6N0VYEWJ+dCScPEJ9Ox9GqG3dDhfYQCsaVqZ1Ebto6K3iZEAwkcPSTvMY1NJpPkWDUTXTNE3QFW/RgnUUxJ09f/A3HGnhL1ko31kcncl3DD/njH+iW24nTwMLAzZfOqf7gCmP1TA7hIiTbHZSNE7QeOkpJDl2lAIY0vdEg+5r1BB5Wvi8HP7QAefK5eKEfn4hH6wSthVYvlcJr0GF0Y+B4P/gFX6IPg4lR3Jrb0HjYql7F3AHuRT15rv0tNZluSvofcofL4u/jhrjVgAgrPD5tYV20/r/N9tapOGRO9u9KA3IHJB1jzrw7SFZLcrCTBZmMJHLxIuAvFNTBdncHt1/1bIFuXCpQHd7s8/jDjRnlWZEPxrljwM4Fz1+ykbsS11AzroAc+3VZOxFauXSgwK2Wi2WzeSyXKmrl6kuMoeG/Max0dxoCn0eZnaC0Pu5TLmlYz/siiTZZb01VfMndCAvlzOAKBgeSMoykEoxAwx8j+XCb+1SPDgbm4dWVvFRWaM5YgkXYxFDHTRn8MeVeE4+Sao0a1eBhtwjw335Cxmj7KkN+LOUujzcv1vB



==== 28/04/2026 13:07:10 - OSTATTUS-RESPONSE-TOKEN ======

eyJhbGciOiJIUzUxMiJ9.eyJzdWIiOiJJREFNMjYwNzIwMjIzMTgzODU5IiwiYWdlbmN5X2NvZGUiOm51bGwsImNyZWF0ZWQiOjE3NzczNjE2MDU3MjEsImFjY2Vzc19jb2RlIjoiZXlKaGJHY2lPaUpTVXpJMU5pSXNJblI1Y0NJNklrcFhWQ0o5LmV5SnpkV0lpT2lKSlJFRk5Nall3TnpJd01qSXpNVGd6T0RVNUlpd2labTVoYldVaU9pSlRMa2RKVWtsRVNFRlNRVTRpTENKMWMyVnljM1JoZEhWeklqb2lNU0lzSW1WdWRHbDBlV3hwYzNRaU9sc2lURWxEWDBOVlUxUlBUVVZTWDFCUFVsUkJUQ0pkTENKeWIyeGxjeUk2V3lKRVR5SmRMQ0pwYzNNaU9pSkJVbGdpTENKdGIySnBiR1VpT2lJNU5EUXpPREkyTlRRNElpd2lZWFZrSWpvaVpHVm1ZWFZzZENJc0lteHVZVzFsSWpvaVV5NUhTVkpKUkVoQlVrRk9JaXdpZFhObGNsUjVjR1VpT2lJeElpd2laWGh3SWpveE56YzNNemt3TXpjM0xDSnBZWFFpT2pFM056Y3pOakUxTnpjc0ltcDBhU0k2SWpSaVpqTmxZV1V4TFdObVpqY3ROR0k1TUMwNE5qVTJMV1ZtWVdVMU5UazBOekpsT0NJc0ltVnVkR2wwZVNJNklreEpRMTlEVlZOVVQwMUZVbDlRVDFKVVFVd2lMQ0psYldGcGJDSTZJbk11WjJseWFXUm9ZWEpoYmtCc2FXTnBibVJwWVM1amIyMGlmUS5rNWJsRFVtTE11Tmk5UkxZbDBIUGEwLTJ6ZVp2UWxLV1ctMm8xZGM4Sy1ENDA2QjllMkJ5SUhqOW54bDZvSldNMUk0TUJwcHhNM3Byd1Q4X1V2bVJWNmdkVG5TOHRqMDB0eW83SzQwQXBOTFY2NWJ6NnFlektHQ1lERUpaNXQwLVBzVDJHc1BwTkJFZmlISVlodUJnNWprQk13bzdjamhkbkdfR01nci1OMWNxeW51UUJCMDV4REYyeFRRRm9ldkdQZUFoWXlrbkFqWmJJdkdkd1NMTG9faVZ0TGVwcW5tbXp6dkRnekdCM2FoUUI3MWE3cmNrVzJiMmowbE5tbkVZT2RjZVRTYVBOczZVN2dTTUZLVjBaZlJKVEE0QUljU3o5bEdlMFEtWWJrRXBMWF91N01OdWs4RTZ4OC1pMUQ5dm9GOGdzSDZjaU5fdWpMNi1VaHd5N0EiLCJyb2xlcyI6WyJETyJdLCJjbGllbnRJcCI6bnVsbCwiZW50aXRsZW1lbnQiOltdfQ.M9nMNrzprzTRcDIIQvQTuxIWuc2W8TERoipNhDcz4k24gp6PlUtYY5GKsqRa_i0yjJ8IMDZxB1HK359gKblWLQ



==== 28/04/2026 13:07:10 - POST-URL ======

https://ebizapp01.licindia.in/BFFService/policy/policyInfo?_dc=1777361830695



==== 28/04/2026 13:07:11 - POST-URL ======

<!DOCTYPE html>
<!--[if lt IE 7]> <html class="no-js ie6 oldie" lang="en-US"> <![endif]-->
<!--[if IE 7]>    <html class="no-js ie7 oldie" lang="en-US"> <![endif]-->
<!--[if IE 8]>    <html class="no-js ie8 oldie" lang="en-US"> <![endif]-->
<!--[if gt IE 8]><!--> <html class="no-js" lang="en-US"> <!--<![endif]-->
<head>
<title>Attention Required! | Cloudflare</title>
<meta charset="UTF-8" />
<meta http-equiv="Content-Type" content="text/html; charset=UTF-8" />
<meta http-equiv="X-UA-Compatible" content="IE=Edge" />
<meta name="robots" content="noindex, nofollow" />
<meta name="viewport" content="width=device-width,initial-scale=1" />
<link rel="stylesheet" id="cf_styles-css" href="/cdn-cgi/styles/cf.errors.css" />
<!--[if lt IE 9]><link rel="stylesheet" id='cf_styles-ie-css' href="/cdn-cgi/styles/cf.errors.ie.css" /><![endif]-->
<style>body{margin:0;padding:0}</style>


<!--[if gte IE 10]><!-->
<script>
  if (!navigator.cookieEnabled) {
    window.addEventListener('DOMContentLoaded', function () {
      var cookieEl = document.getElementById('cookie-alert');
      cookieEl.style.display = 'block';
    })
  }
</script>
<!--<![endif]-->

</head>
<body>
  <div id="cf-wrapper">
    <div class="cf-alert cf-alert-error cf-cookie-error" id="cookie-alert" data-translate="enable_cookies">Please enable cookies.</div>
    <div id="cf-error-details" class="cf-error-details-wrapper">
      <div class="cf-wrapper cf-header cf-error-overview">
        <h1 data-translate="block_headline">Sorry, you have been blocked</h1>
        <h2 class="cf-subheadline"><span data-translate="unable_to_access">You are unable to access</span> licindia.in</h2>
      </div><!-- /.header -->

      <div class="cf-section cf-highlight">
        <div class="cf-wrapper">
          <div class="cf-screenshot-container cf-screenshot-full">
            
              <span class="cf-no-screenshot error"></span>
            
          </div>
        </div>
      </div><!-- /.captcha-container -->

      <div class="cf-section cf-wrapper">
        <div class="cf-columns two">
          <div class="cf-column">
            <h2 data-translate="blocked_why_headline">Why have I been blocked?</h2>

            <p data-translate="blocked_why_detail">This website is using a security service to protect itself from online attacks. The action you just performed triggered the security solution. There are several actions that could trigger this block including submitting a certain word or phrase, a SQL command or malformed data.</p>
          </div>

          <div class="cf-column">
            <h2 data-translate="blocked_resolve_headline">What can I do to resolve this?</h2>

            <p data-translate="blocked_resolve_detail">You can email the site owner to let them know you were blocked. Please include what you were doing when this page came up and the Cloudflare Ray ID found at the bottom of this page.</p>
          </div>
        </div>
      </div><!-- /.section -->

      <div class="cf-error-footer cf-wrapper w-240 lg:w-full py-10 sm:py-4 sm:px-8 mx-auto text-center sm:text-left border-solid border-0 border-t border-gray-300">
    <p class="text-13">
      <span class="cf-footer-item sm:block sm:mb-1">Cloudflare Ray ID: <strong class="font-semibold">9f346672ce4d17aa</strong></span>
      <span class="cf-footer-separator sm:hidden">&bull;</span>
      <span id="cf-footer-item-ip" class="cf-footer-item hidden sm:block sm:mb-1">
        Your IP:
        <button type="button" id="cf-footer-ip-reveal" class="cf-footer-ip-reveal-btn">Click to reveal</button>
        <span class="hidden" id="cf-footer-ip">49.47.216.77</span>
        <span class="cf-footer-separator sm:hidden">&bull;</span>
      </span>
      <span class="cf-footer-item sm:block sm:mb-1"><span>Performance &amp; security by</span> <a rel="noopener noreferrer" href="https://www.cloudflare.com/5xx-error-landing" id="brand_link" target="_blank">Cloudflare</a></span>
      
    </p>
    <script>(function(){function d(){var b=a.getElementById("cf-footer-item-ip"),c=a.getElementById("cf-footer-ip-reveal");b&&"classList"in b&&(b.classList.remove("hidden"),c.addEventListener("click",function(){c.classList.add("hidden");a.getElementById("cf-footer-ip").classList.remove("hidden")}))}var a=document;document.addEventListener&&a.addEventListener("DOMContentLoaded",d)})();</script>
  </div><!-- /.error-footer -->

    </div><!-- /#cf-error-details -->
  </div><!-- /#cf-wrapper -->

  <script>
    window._cf_translation = {};
    
    
  </script>
</body>
</html>



==== 28/04/2026 13:07:20 - GET-URL ======

https://mk-channel.licindia.in/Landing/



==== 28/04/2026 13:10:04 - Portal Data Download Background ======

startForegroundService() not allowed due to mAllowStartForeground false: service com.bliss.blissbma.pro/crc6479545b82ba044d57.CommissionService   at Java.Interop.JniEnvironment.InstanceMethods.CallNonvirtualObjectMethod(JniObjectReference , JniObjectReference , JniMethodInfo , JniArgumentValue* )
   at Java.Interop.JniPeerMembers.JniInstanceMethods.InvokeVirtualObjectMethod(String , IJavaPeerable , JniArgumentValue* )
   at Android.Content.ContextWrapper.StartForegroundService(Intent )
   at bma.commissionActivity.updateComm(Context c, String agcode, Boolean nodialog, String runsb)
  --- End of managed Java.Lang.IllegalStateException stack trace ---
android.app.ForegroundServiceStartNotAllowedException: startForegroundService() not allowed due to mAllowStartForeground false: service com.bliss.blissbma.pro/crc6479545b82ba044d57.CommissionService
	at android.app.ForegroundServiceStartNotAllowedException$1.createFromParcel(ForegroundServiceStartNotAllowedException.java:54)
	at android.app.ForegroundServiceStartNotAllowedException$1.createFromParcel(ForegroundServiceStartNotAllowedException.java:50)
	at android.os.Parcel.readParcelableInternal(Parcel.java:4809)
	at android.os.Parcel.readParcelable(Parcel.java:4777)
	at android.os.Parcel.createExceptionOrNull(Parcel.java:3040)
	at android.os.Parcel.createException(Parcel.java:3029)
	at android.os.Parcel.readException(Parcel.java:3012)
	at android.os.Parcel.readException(Parcel.java:2954)
	at android.app.IActivityManager$Stub$Proxy.startService(IActivityManager.java:6214)
	at android.app.ContextImpl.startServiceCommon(ContextImpl.java:1967)
	at android.app.ContextImpl.startForegroundService(ContextImpl.java:1933)
	at android.content.ContextWrapper.startForegroundService(ContextWrapper.java:839)
	at android.content.ContextWrapper.startForegroundService(ContextWrapper.java:839)
	at mono.java.lang.RunnableImplementor.n_run(Native Method)
	at mono.java.lang.RunnableImplementor.run(RunnableImplementor.java:29)
	at android.os.Handler.handleCallback(Handler.java:942)
	at android.os.Handler.dispatchMessage(Handler.java:99)
	at android.os.Looper.loopOnce(Looper.java:226)
	at android.os.Looper.loop(Looper.java:313)
	at android.app.ActivityThread.main(ActivityThread.java:8762)
	at java.lang.reflect.Method.invoke(Native Method)
	at com.android.internal.os.RuntimeInit$MethodAndArgsCaller.run(RuntimeInit.java:604)
	at com.android.internal.os.ZygoteInit.main(ZygoteInit.java:1067)




==== 28/04/2026 13:11:45 - S3 Cloud Backup Upload Error (2) ======

Connection failure   at Xamarin.Android.Net.AndroidMessageHandler.<>c__DisplayClass137_0.<ConnectAsync>b__0()
   at System.Threading.Tasks.Task.InnerInvoke()
   at System.Threading.Tasks.Task.<>c.<.cctor>b__292_0(Object obj)
   at System.Threading.ExecutionContext.RunFromThreadPoolDispatchLoop(Thread , ExecutionContext , ContextCallback , Object )
--- End of stack trace from previous location ---
   at System.Threading.ExecutionContext.RunFromThreadPoolDispatchLoop(Thread , ExecutionContext , ContextCallback , Object )
   at System.Threading.Tasks.Task.ExecuteWithThreadLocal(Task& , Thread )
--- End of stack trace from previous location ---
   at Xamarin.Android.Net.AndroidMessageHandler.DoProcessRequest(HttpRequestMessage , URL , HttpURLConnection , CancellationToken , RequestRedirectionState )
   at Xamarin.Android.Net.AndroidMessageHandler.DoSendAsync(HttpRequestMessage , CancellationToken )
   at System.Net.Http.HttpClient.<SendAsync>g__Core|83_0(HttpRequestMessage , HttpCompletionOption , CancellationTokenSource , Boolean , CancellationTokenSource , CancellationToken )
   at Amazon.Runtime.HttpWebRequestMessage.GetResponseAsync(CancellationToken cancellationToken)
   at Amazon.Runtime.Internal.HttpHandler`1.<InvokeAsync>d__9`1[[System.Net.Http.HttpContent, System.Net.Http, Version=9.0.0.0, Culture=neutral, PublicKeyToken=b03f5f7f11d50a3a],[Amazon.S3.Model.PutObjectResponse, AWSSDK.S3, Version=3.3.0.0, Culture=neutral, PublicKeyToken=885c28607f98e604]].MoveNext()
   at Amazon.Runtime.Internal.RedirectHandler.<InvokeAsync>d__1`1[[Amazon.S3.Model.PutObjectResponse, AWSSDK.S3, Version=3.3.0.0, Culture=neutral, PublicKeyToken=885c28607f98e604]].MoveNext()
   at Amazon.Runtime.Internal.Unmarshaller.<InvokeAsync>d__3`1[[Amazon.S3.Model.PutObjectResponse, AWSSDK.S3, Version=3.3.0.0, Culture=neutral, PublicKeyToken=885c28607f98e604]].MoveNext()
   at Amazon.S3.Internal.AmazonS3ResponseHandler.<InvokeAsync>d__1`1[[Amazon.S3.Model.PutObjectResponse, AWSSDK.S3, Version=3.3.0.0, Culture=neutral, PublicKeyToken=885c28607f98e604]].MoveNext()
   at Amazon.Runtime.Internal.ErrorHandler.<InvokeAsync>d__5`1[[Amazon.S3.Model.PutObjectResponse, AWSSDK.S3, Version=3.3.0.0, Culture=neutral, PublicKeyToken=885c28607f98e604]].MoveNext()
   at Amazon.Runtime.Internal.ErrorHandler.<InvokeAsync>d__5`1[[Amazon.S3.Model.PutObjectResponse, AWSSDK.S3, Version=3.3.0.0, Culture=neutral, PublicKeyToken=885c28607f98e604]].MoveNext()
   at Amazon.Runtime.Internal.CallbackHandler.<InvokeAsync>d__9`1[[Amazon.S3.Model.PutObjectResponse, AWSSDK.S3, Version=3.3.0.0, Culture=neutral, PublicKeyToken=885c28607f98e604]].MoveNext()
   at Amazon.Runtime.Internal.Signer.<InvokeAsync>d__1`1[[Amazon.S3.Model.PutObjectResponse, AWSSDK.S3, Version=3.3.0.0, Culture=neutral, PublicKeyToken=885c28607f98e604]].MoveNext()
   at Amazon.S3.Internal.S3Express.S3ExpressPreSigner.<InvokeAsync>d__5`1[[Amazon.S3.Model.PutObjectResponse, AWSSDK.S3, Version=3.3.0.0, Culture=neutral, PublicKeyToken=885c28607f98e604]].MoveNext()
   at Amazon.Runtime.Internal.EndpointDiscoveryHandler.<InvokeAsync>d__2`1[[Amazon.S3.Model.PutObjectResponse, AWSSDK.S3, Version=3.3.0.0, Culture=neutral, PublicKeyToken=885c28607f98e604]].MoveNext()
   at Amazon.Runtime.Internal.EndpointDiscoveryHandler.<InvokeAsync>d__2`1[[Amazon.S3.Model.PutObjectResponse, AWSSDK.S3, Version=3.3.0.0, Culture=neutral, PublicKeyToken=885c28607f98e604]].MoveNext()
   at Amazon.Runtime.Internal.CredentialsRetriever.<InvokeAsync>d__7`1[[Amazon.S3.Model.PutObjectResponse, AWSSDK.S3, Version=3.3.0.0, Culture=neutral, PublicKeyToken=885c28607f98e604]].MoveNext()
   at Amazon.Runtime.Internal.RetryHandler.<InvokeAsync>d__10`1[[Amazon.S3.Model.PutObjectResponse, AWSSDK.S3, Version=3.3.0.0, Culture=neutral, PublicKeyToken=885c28607f98e604]].MoveNext()
   at Amazon.Runtime.Internal.RetryHandler.<InvokeAsync>d__10`1[[Amazon.S3.Model.PutObjectResponse, AWSSDK.S3, Version=3.3.0.0, Culture=neutral, PublicKeyToken=885c28607f98e604]].MoveNext()
   at Amazon.Runtime.Internal.CallbackHandler.<InvokeAsync>d__9`1[[Amazon.S3.Model.PutObjectResponse, AWSSDK.S3, Version=3.3.0.0, Culture=neutral, PublicKeyToken=885c28607f98e604]].MoveNext()
   at Amazon.Runtime.Internal.CallbackHandler.<InvokeAsync>d__9`1[[Amazon.S3.Model.PutObjectResponse, AWSSDK.S3, Version=3.3.0.0, Culture=neutral, PublicKeyToken=885c28607f98e604]].MoveNext()
   at Amazon.S3.Internal.AmazonS3ExceptionHandler.<InvokeAsync>d__1`1[[Amazon.S3.Model.PutObjectResponse, AWSSDK.S3, Version=3.3.0.0, Culture=neutral, PublicKeyToken=885c28607f98e604]].MoveNext()
   at Amazon.Runtime.Internal.ErrorCallbackHandler.<InvokeAsync>d__5`1[[Amazon.S3.Model.PutObjectResponse, AWSSDK.S3, Version=3.3.0.0, Culture=neutral, PublicKeyToken=885c28607f98e604]].MoveNext()
   at Amazon.Runtime.Internal.MetricsHandler.<InvokeAsync>d__1`1[[Amazon.S3.Model.PutObjectResponse, AWSSDK.S3, Version=3.3.0.0, Culture=neutral, PublicKeyToken=885c28607f98e604]].MoveNext()
   at bma.BackupClass.takeCloudBackup(Context c, Boolean auto, String _mobile)



==== 28/04/2026 15:01:12 - OSTATTUS-RESPONSE-TOKEN ======





==== 28/04/2026 15:01:12 - OSTATTUS-RESPONSE-TOKEN ======





==== 28/04/2026 15:01:22 - OSTATTUS-RESPONSE-TOKEN ======





==== 28/04/2026 15:01:22 - OSTATTUS-RESPONSE-TOKEN ======





==== 29/04/2026 12:53:37 - OSTATTUS-RESPONSE-TOKEN ======

B2FILc15KRW827ur+yXO4gWpHMY9fQrkgHe9Ed6KKjLC6BE/v06mIqPKUXUwqbAmPSUUZhMOQJHHO5G5JlgD6alDu9pgCYTaK9uOX0YrK9FDKxubY+z/DOyBh4Oc7N7Hk+sspvuPKJ5xqd9s8GYB8D8ni/+1uc8T/mckyuA/VSRLdBxs59oB+i8GPEVKQgveYHzyjhLdPr//p767r0gn75MzxKY26/ynKsUqy2aDZran27B+1bw7e9UpRYDt/od6CApCXkXw04OWcpa4T/tvAz7dQT3wF7eZL3bkw1OhMxAfu5Puf01akf5bk5QW8OV5Fqdtk76A2u63KpYFLFXRUnuPZDB+x3On6uhBg4aZVm5LxL4RsfNNJUBTVpbp1ivlL6658IZH9lbISnyoxLi0CVlMn/EjVRDKp+ezp3tOmy/XzOgFGOt/19x2bfdvhEDJeLGvIauEYcRKdt7nkpcsCRVjBJxZzQySmGpT7srfZfzZnG9RddVT/ST9PXpP4H8TqZN+EB4CkUJ2f3NDfBajLSV4f1kcg1GaXYf/x0ZuCEzhaUwfiD0MVQiJR/7yLlZZdHxsIuThkqA/fXnu6XJtNS6ZdGJhwliZQGkl+uLOzFjIdUS2m21vcmYtgsMKpXcV07JZ2QihchAktKYlY9pXKrefD1hTqY/XPhfJ9lPZImgQV3u7ZFg+qLN1kQ+wCM27YE51RFTmYPJXs1dbC9pzg4DTeOS98m8MsyXfD4lsCZuWbjxyuuGi+X/688a8AxsEjtaGGTVhgk7U3PQpzGNusQKSeIGlzINq3z7NT+UeBOWUR3Bdx7A/9Lo/BfxRYB4OykHB3SlnnspI45xrzhk9NhkPuanHkdNrUdv0il20OW3R8nkWQ9Q+tWcx+ROYJzTgjS/FjMeOvpdyTFaP+lvASLDbk5ReSrIqdUci5/KRaakV3qNDQR3TzFpnrg/6w/ZDjPnhlGeOm/vvXdkw8qD8ja+otBBXAjDwKp+bmWGUpYEgNJjBXuoj+lU0zUmpbhLmNKc1nJOuOJgJxLRD/aT0MuA5GRpD1k1RdV8lMEE8vBzM3pzpqKir88pX5u5o/3U5Zkr8qvR10VPFIvzSVemtTK5hvpLy0QP3J71gmkhh1FScZNd+XlrvhKVFg6cVgE9Ak9jPT6SsOWLPWaiT531FDxmEybuzkguH/+WvqiQK5Z8D1TbYNC5NeZPhgiX9x1B3IKwu4Du41zjLTJx1TMK0mfBHDMv/lW/AI8KlzvVGrGfJDFThjdHJnF86Amx2cokt+AH+BzFh20E1YbJQK9OjcM5NsWsi+f3ZdOnhid81QYQ0SBYj/wheuBjIEoITJuW4/LtoJe3gvxsKq2rluynaZY3hIsxFdckULgHChWnaTbehzzXokI9qq97oeZppSrrbcZh71WvP4ckn49h3EHfXhhvuNIShx/aXISs8/Y8f4JKsaveHOMGavTN4mwMPByMhj1zDyvPbWGBQCY/TRaAlUqugwXGdoVHpW2T3rWCOZlMrCCm5Yyz0Xb9Ubxg7ul5S1+gnTNXTc9UFxjxZ9ibVEx+n5JMLoot3taMTyekSnIPa+JCgoQTndN0aP+YyjRkuS77R62YB5mkuUYYesstHf8hORhaxREdzKB4H3SmaVyEyWMZKS1lkzep/I/8msT2zwAIDs8IwJwfreV6D6UmbvIg7lcGSxjZ20isIzCRgO8hrpmi/rpS7eDAAigaFlpSwTVst1hVE4GlMHbKKSLamRfONTvDB5H21gjC8Of96l+mj7R4baSUVQZWKU3Ng9qiStiNP/LyhhUVv820yPEd+3ls6Nb4q8msl/5WXdRdooeSZX5j3+zOcSYSpyGMVOFOgF8FKPjkZv3a52GM8YzJfyyNxlj7qoKqjOKHZK5yEWmWlyDUsNIXAH5CMFf2/pYCcbn3+JJ+/wt9pm+b/w05mrzJaJJNl1HMmF4ZWtLd6



==== 29/04/2026 12:53:37 - OSTATTUS-RESPONSE-TOKEN ======

eyJhbGciOiJIUzUxMiJ9.eyJzdWIiOiJJREFNMjMwOTIwMjMxMDIxODUwOCIsImFnZW5jeV9jb2RlIjpudWxsLCJjcmVhdGVkIjoxNzc3NDQ1NjUxNTM5LCJhY2Nlc3NfY29kZSI6ImV5SmhiR2NpT2lKU1V6STFOaUlzSW5SNWNDSTZJa3BYVkNKOS5leUp6ZFdJaU9pSkpSRUZOTWpNd09USXdNak14TURJeE9EVXdPQ0lzSW1adVlXMWxJam9pUkVsT1JWTklTMVZOUVZJZ1RDSXNJblZ6WlhKemRHRjBkWE1pT2lJeElpd2laVzUwYVhSNWJHbHpkQ0k2V3lKTVNVTmZRMVZUVkU5TlJWSmZVRTlTVkVGTUlsMHNJbkp2YkdWeklqcGJJa1JQSWwwc0ltbHpjeUk2SWtGU1dDSXNJbTF2WW1sc1pTSTZJams0TkRNNE1UTXlNREFpTENKaGRXUWlPaUprWldaaGRXeDBJaXdpYkc1aGJXVWlPaUpFU1U1RlUwaExWVTFCVWlCTUlpd2lkWE5sY2xSNWNHVWlPaUl4SWl3aVpYaHdJam94TnpjM05EYzBORE0yTENKcFlYUWlPakUzTnpjME5EVTJNellzSW1wMGFTSTZJamN3TW1KalltWmlMVEl6TnpjdE5HSTNOeTFpTTJReExUVXlNRFU1WW1WaE1tVmhPQ0lzSW1WdWRHbDBlU0k2SWt4SlExOURWVk5VVDAxRlVsOVFUMUpVUVV3aUxDSmxiV0ZwYkNJNkltUnBibVZ6YUd0MWJXRnliREkwTlVCc2FXTnBibVJwWVM1amIyMGlmUS5TYUJvRjljUS1RNkZUWkZVVlNEQl9kUHRIZjN4VF8wT1BJMjZxZlREamtJeVE5VnJHSUFIckdMaGprLTVtdkIyRWFBUVNFMDlrLXV5UlUzQTVHVGtwNlpwVWFjZWRZUFhuSWhsSkFZSG5Ob0JaRHFZZVlsd3VDZldwaVctN2FuWGVkZm9OZnNPcE5keTc5elRiRWY4RmFRdHY1VXE3bGFGQnBZcUY5S0pVdHBVQ0tBUkE3VWo5bVFITlp2YkZ4OC1tTFpnbU83OGtOM1Z3R0t0alRNb2VQZmpJZnF0d0QzX3FLV2QwWTZBMEVoamtDWjdOTzlDRW5PeGFMMUtwVHZwa1dOXzUwTzF4b2ZtOENPQ0FleHJOYVYwa08telVHbUx4TEc4bl9mcUFjSWxIX0YtUlN3UVFlaHZFbTh1R19qQm5pdGktcDk5M2tpbkdBNHdPNjcyNVEiLCJyb2xlcyI6WyJETyJdLCJjbGllbnRJcCI6bnVsbCwiZW50aXRsZW1lbnQiOltdfQ.5RDY5IYpD5-0f4xpGuAHjeJ5zY3nLQKRpoLAbFb3lo-kwY03J5EHMaVO0zNtsfCTceGwRpJXgEcR0KUd0sEnjw



==== 29/04/2026 12:53:37 - POST-URL ======

https://ebizapp01.licindia.in/BFFService/policy/policyInfo?_dc=1777447417270



==== 29/04/2026 12:53:42 - POST-URL ======

{"confirmationId":null,"status":"200","resultInfoList":null,"count":0,"policy":{"policyNumber":"709807139","planName":"Aadhaar Stambh","mode":"3","noOfDues":1,"premium":"1460.00","commenceDate":"2017-07-19","nameOfAssured":"A Subramani","agencyCode":"0090976F ","developmentOfficerCode":"315076","plan":"843","policyTerm":"16","firstUnpaidPremiumDate":"2026-04-19","cdCharge":"0","serviceBranch":"76F ","sumAssured":"100000","policyStatus":"21","dob":"1964-04-05","ageAtEntry":53,"planDetails":{"plan":843,"planType":null,"planDesc":null,"premiumDueDuration":6,"premiumDueDurationType":"M","payPremiumAdvance":30,"payPremiumAdvanceType":"D","gracePeriod":1,"gracePeriodType":"M","serviceTaxRateFirstYr":4.5,"serviceTaxRateNextYrs":2.25,"serviceTaxRateEduCess":null,"topUpAllowed":null,"multiplyTopupAmt":null,"topupLimitCriteria":null,"topupNoPayBefMaturity":null,"planCategory":null,"freeCoverCond":null,"freeCoverFUP":null,"campaignStartDate":"2026-01-01","campaignEndDate":"2026-03-02","percentageofwaiver":30.0,"maxLimitofwaiver":3000.0,"waiversAllowedNum":1,"lateFeeWaiverInd":"Y","discountPercentFirstYr":null,"discountPercentSecondYr":null,"discountPercentThirdYr":null,"discountPercentSubYr":null,"discountFromDate":null,"discountToDate":null,"maxLimitWaiverFstYr":null,"maxLimitWaiverScndYr":null,"maxLimitWaiverThirdYr":null,"maxLimitWaiverSubYr":null,"discountParameter":null,"graceprdExtFlag":null,"graceprdExtFrmDate":null,"graceprdExtToDate":null,"graceprdPrcntWaiver":null,"maxWaiverLimitgraceprd":null,"gstCdCharge":0.0,"gstLateFeeRateFirstYr":18.0,"gstLateFeeRateNextYrs":18.0,"dateOfLaunch":"24/04/2017","beforeLaunch":"N","centralGSTPercentage":50,"discountPeriod":null,"discountPeriodType":null},"eligible":true,"lateFeeRequired":false,"recordId":"O","premiumPayingTerm":16,"policyBenefits":"100000","dueAmount":"1460.00","taxExemption":false,"age":"62","eserviceEligible":false,"policyUlip":false,"dateOfLastPayment":"2033-04-19","dateOfMaturity":"2033-07-19","statusShortDesc":"In Force","nav":"For NAV details please contact your Servicing Branch / Customer Zone","altChannelId":"0 ","riderPolicy":false,"minorChild":false,"accountingBookCode":1,"payedPolicy":false,"advancePayedPolicy":false,"lastAccountDate":"2025-12-30","noBonusYears":99,"bonusInfo":{"totalRevBonus":0,"totalInterimBonus":0,"totalFAB":0,"totalGuaranty":0,"totalLoyalty":500,"totalOneTimeBonus":0.00,"messageCode":null,"calulationSheetHTML":"<tr class=grey-bg><td> Valuation Year   </td><td> 2025</td></tr><tr class=grey-bg><td> Sum Assured      </td><td> 100000</td></tr><tr class=grey-bg><td> Term             </td><td> 8</td></tr><tr class=grey-bg><td> Rate             </td><td> 5</td></tr><tr class=grey-bg><td> Loyalty Addition </td><td> 500</td></tr><tr class=grey-bg><td> ---------------------------------------------</td></tr><tr class=grey-bg><td>\r\n ----------------------\r\n</td></tr></table>","calulationSheetText":" Valuation Year   : 2025\r\n Sum Assured      : 100000\r\n Term             : 8\r\n Rate             : 5\r\n Loyalty Addition : 500\r\n---------------------------------------------\r\n\r\n ----------------------\r\n"},"isSpotRevivalAllowed":false,"discountApplicable":false,"advancePaymetEligible":false,"maturitySumAssured":0,"gstInNumber":"null","transactionAllowed":true,"dateOfShowMaturity":"2033-07-19","panFlag":false,"neftFlag":false,"itPan":"","neftStatus":"N","titleCode":"1","premiumGapFlag":false,"dghPolicyFlag":false,"policyExitStatus":false,"serviceRequestFlag":false,"nriGstFlag":false,"fyEndDate":"2027-03-31"},"person":{"policyNo":709807139,"birthDate":"1964-04-05","fullName":"A Subramani","sex":"M","shortName":"Subramani A","age":"53","profileMobileNo":null,"profileEmail":null,"profileUnMaskMobileNo":null,"profileUnMaskEmail":null},"address":{"policyNo":709807139,"address1":"S/O V Alagar","address2":"1/393 Vip Nagar","address3":"Muthukalipatty Po Rasipuram Tk","addressId":1,"pin":637401},"branch":{"branchCode":"76F ","address1":"LIC OF INDIA - 76F","address2":"NAMAKKAL ROAD","address3":"RASIPURAM","branchIp":"10.128.42.194","branchName":"LIC of India, Rasipuram Br Office","city":null,"dcCode":"X070","divCode":70,"eaiIndication":"Y","emailId":"BO_76F@LICINDIA.COM","man":null,"odsIndication":"N","pin":null,"state":"null"},"agent":{"agencyCode":"0090976F ","address1":"D/O.K.Jayaraman,Jai Ganesh Lorry","address2":"Service,T.P.Kadu,Moolapallipatty.Po","address3":"Rasipuram.Tk & Namakkal .Dt.","agentName":"J.Renukadevi","birthDate":"1976-03-10","category":2,"city":null,"disabilityCode":1,"enteredDate":"2026-04-29T01:25:35.000+00:00","itaxPanNo":"ANZPR4228B","occupationCode":12,"pin":637406,"qualificationCode":3,"sex":"F"},"nominees":[{"policyNo":709807139,"nomineeAge":50,"nomineeDob":null,"nomineeId":1,"nomineeName":"A KRISHNAVENI","nomineeRegistrationDate":null,"nomineeRelation":"W","nomineeShare":100,"nomineeStatus":"B"}],"billingInfo":{"policyNumber":"709807139","nameOfAssured":"A Subramani","planName":"Aadhaar Stambh","plan":843,"mode":"3","premium":1460,"sumAssured":100000,"status":null,"firstUnpaidPremiumDate":"2026-04-19","nextFup":null,"dueAmount":"1460.00","payedPolicy":false,"noOfDues":1,"eligible":true,"spotRevival":false},"policyContact":{"policyNo":709807139,"dataSource":"B","emailAddress":"jeyalingam123@yahoo.co.in               ","enteredDate":"2025-12-31T20:00:15.059+00:00","mobileNo":"919789770287","countryCode":null,"telephoneNo":"null","panNo":null},"policyExtra":{"accumTerm":0},"policyAnnuity":null,"userRegistered":"N","assignmentDetails":[],"ulipExtra":{"giveCashAmount":null},"bonusErrorMessage":null,"qpayPolicy":{"policyNumber":"709807139","dob":"05/04/1964","emailId":"jeyalingam123@yahoo.co.in","mobileNo":"9789770287","premium":"1460","key":"337023"}}



==== 29/04/2026 12:53:50 - GET-URL ======

https://mk-channel.licindia.in/Landing/



==== 06/05/2026 11:11:28 - Portal Login ======





==== 06/05/2026 11:18:22 - SimBindingRequest ======

{"userType":"Agent","userId":"0090976F","simBindingFlag":true,"deviceInfo":{"deviceId":"19877caf0cca5f52","simInfo":[{"simId":"86940519877caf0cca5f52","mobileNo":"919789746387"}]}}



==== 06/05/2026 11:18:23 - AgencyRegisterResponse ======

{"statusCd":"LIC-0000","statusMsg":"Sim binding initiated","matchingSlotIndex":null,"simBindingStatus":"PENDING","simBindingKey":"tvIydN8kRUIydJcu016KW786UX98Uw8PN8Bwjfi2bgjAt3R22oxnIE824iREd36OxqTwN1hN+4PGR1ZBm9O/ovNBlnd65BtjMW7nQFHqSCBCBulyJVgPm5HWwUIj9jxDFHjXF6xCUX6oc8ekdpdKAH/GFde6bODq/vFE1xV7vZ6eBLuH3yU=","credentialsStatus":"COMPLETED"}



==== 06/05/2026 11:18:27 - VerifySimBinding ======

{"status":"Success","statusDesc":"SIM binding verification pending"}



==== 06/05/2026 11:18:37 - VerifySimBinding ======

{"status":"Success","statusDesc":"SIM binding verification pending"}



==== 06/05/2026 11:18:48 - VerifySimBinding ======

{"status":"Success","statusDesc":"SIM binding verification pending"}



==== 06/05/2026 11:18:58 - VerifySimBinding ======





==== 06/05/2026 11:19:00 - VerifySimBinding ======

Object reference not set to an instance of an object   at bma.PortalRegisterFragment.VerifyRequest()



==== 06/05/2026 11:34:55 - Skipped 1 policy at offset 100 ======





==== 06/05/2026 11:35:01 - Skipped 1 policy at offset 101 ======





==== 06/05/2026 11:35:06 - Skipped 1 policy at offset 103 ======





==== 06/05/2026 11:35:11 - Skipped 1 policy at offset 104 ======





==== 06/05/2026 11:35:16 - Skipped 1 policy at offset 106 ======





==== 06/05/2026 11:35:21 - Skipped 1 policy at offset 107 ======





==== 06/05/2026 11:35:26 - Skipped 1 policy at offset 109 ======





==== 06/05/2026 11:35:31 - Skipped 1 policy at offset 110 ======





==== 06/05/2026 11:35:36 - Skipped 1 policy at offset 112 ======





==== 06/05/2026 11:35:41 - Skipped 1 policy at offset 113 ======





==== 06/05/2026 11:35:46 - Skipped 1 policy at offset 115 ======





==== 06/05/2026 11:35:51 - Skipped 1 policy at offset 116 ======





==== 06/05/2026 11:35:56 - Skipped 1 policy at offset 118 ======





==== 06/05/2026 11:36:01 - Skipped 1 policy at offset 119 ======





==== 06/05/2026 11:36:06 - Skipped 1 policy at offset 121 ======





==== 06/05/2026 11:36:11 - Skipped 1 policy at offset 122 ======





==== 06/05/2026 11:36:16 - Skipped 1 policy at offset 125 ======





==== 06/05/2026 11:36:21 - Skipped 1 policy at offset 126 ======





==== 06/05/2026 11:36:26 - Skipped 1 policy at offset 128 ======





==== 06/05/2026 11:36:31 - Skipped 1 policy at offset 129 ======





==== 06/05/2026 11:36:37 - Skipped 1 policy at offset 131 ======





==== 06/05/2026 11:36:42 - Skipped 1 policy at offset 132 ======





==== 06/05/2026 11:36:47 - Skipped 1 policy at offset 134 ======





==== 06/05/2026 11:36:52 - Skipped 1 policy at offset 135 ======





==== 06/05/2026 11:36:57 - Skipped 1 policy at offset 137 ======





==== 06/05/2026 11:37:02 - Skipped 1 policy at offset 138 ======





==== 06/05/2026 11:37:07 - Skipped 1 policy at offset 140 ======





==== 06/05/2026 11:37:12 - Skipped 1 policy at offset 141 ======





==== 06/05/2026 11:37:17 - Skipped 1 policy at offset 143 ======





==== 06/05/2026 11:37:22 - Skipped 1 policy at offset 144 ======





==== 06/05/2026 11:37:27 - Skipped 1 policy at offset 146 ======





==== 06/05/2026 11:37:32 - Skipped 1 policy at offset 147 ======





==== 06/05/2026 11:37:37 - Skipped 1 policy at offset 150 ======





==== 06/05/2026 11:37:42 - Skipped 1 policy at offset 151 ======





==== 06/05/2026 11:37:47 - Skipped 1 policy at offset 153 ======





==== 06/05/2026 11:37:52 - Skipped 1 policy at offset 154 ======





==== 06/05/2026 11:37:57 - Skipped 1 policy at offset 156 ======





==== 06/05/2026 11:38:02 - Skipped 1 policy at offset 157 ======





==== 06/05/2026 11:38:07 - Skipped 1 policy at offset 159 ======





==== 06/05/2026 11:38:12 - Skipped 1 policy at offset 160 ======





==== 06/05/2026 11:38:18 - Skipped 1 policy at offset 162 ======





==== 06/05/2026 11:38:23 - Skipped 1 policy at offset 163 ======





==== 06/05/2026 11:38:28 - Skipped 1 policy at offset 165 ======





==== 06/05/2026 11:38:33 - Skipped 1 policy at offset 166 ======





==== 06/05/2026 11:38:38 - Skipped 1 policy at offset 168 ======





==== 06/05/2026 11:38:43 - Skipped 1 policy at offset 169 ======





==== 06/05/2026 11:38:48 - Skipped 1 policy at offset 171 ======





==== 06/05/2026 11:38:53 - Skipped 1 policy at offset 172 ======





==== 06/05/2026 11:38:58 - Skipped 1 policy at offset 175 ======





==== 06/05/2026 11:39:03 - Skipped 1 policy at offset 176 ======





==== 06/05/2026 11:39:08 - Skipped 1 policy at offset 178 ======





==== 06/05/2026 11:39:13 - Skipped 1 policy at offset 179 ======





==== 06/05/2026 11:39:18 - Skipped 1 policy at offset 181 ======





==== 06/05/2026 11:39:23 - Skipped 1 policy at offset 182 ======





==== 06/05/2026 11:39:28 - Skipped 1 policy at offset 184 ======





==== 06/05/2026 11:39:33 - Skipped 1 policy at offset 185 ======





==== 06/05/2026 11:39:38 - Skipped 1 policy at offset 187 ======





==== 06/05/2026 11:39:43 - Skipped 1 policy at offset 188 ======





==== 06/05/2026 11:39:48 - Skipped 1 policy at offset 190 ======





==== 06/05/2026 11:39:53 - Skipped 1 policy at offset 191 ======





==== 06/05/2026 11:39:59 - Skipped 1 policy at offset 193 ======





==== 06/05/2026 11:40:04 - Skipped 1 policy at offset 194 ======





==== 06/05/2026 11:40:09 - Skipped 1 policy at offset 196 ======





==== 06/05/2026 11:40:14 - Skipped 1 policy at offset 197 ======





==== 06/05/2026 11:40:19 - Skipped 1 policy at offset 200 ======





==== 06/05/2026 11:40:24 - Skipped 1 policy at offset 201 ======





==== 06/05/2026 11:40:29 - Skipped 1 policy at offset 203 ======





==== 06/05/2026 11:40:34 - Skipped 1 policy at offset 204 ======





==== 06/05/2026 11:40:39 - Skipped 1 policy at offset 206 ======





==== 06/05/2026 11:40:44 - Skipped 1 policy at offset 207 ======





==== 06/05/2026 11:40:49 - Skipped 1 policy at offset 209 ======





==== 06/05/2026 11:40:54 - Skipped 1 policy at offset 210 ======





==== 06/05/2026 11:40:59 - Skipped 1 policy at offset 212 ======





==== 06/05/2026 11:41:04 - Skipped 1 policy at offset 213 ======





==== 06/05/2026 11:41:09 - Skipped 1 policy at offset 215 ======





==== 06/05/2026 11:41:14 - Skipped 1 policy at offset 216 ======





==== 06/05/2026 11:41:19 - Skipped 1 policy at offset 218 ======





==== 06/05/2026 11:41:24 - Skipped 1 policy at offset 219 ======





==== 06/05/2026 11:41:29 - Skipped 1 policy at offset 221 ======





==== 06/05/2026 11:41:35 - Skipped 1 policy at offset 222 ======





==== 06/05/2026 11:41:40 - Skipped 1 policy at offset 225 ======





==== 06/05/2026 11:41:45 - Skipped 1 policy at offset 226 ======





==== 06/05/2026 11:41:50 - Skipped 1 policy at offset 228 ======





==== 06/05/2026 11:41:55 - Skipped 1 policy at offset 229 ======





==== 06/05/2026 11:42:00 - Skipped 1 policy at offset 231 ======





==== 06/05/2026 11:42:05 - Skipped 1 policy at offset 232 ======





==== 06/05/2026 11:42:10 - Skipped 1 policy at offset 234 ======





==== 06/05/2026 11:42:15 - Skipped 1 policy at offset 235 ======





==== 06/05/2026 11:42:20 - Skipped 1 policy at offset 237 ======





==== 06/05/2026 11:42:25 - Skipped 1 policy at offset 238 ======





==== 06/05/2026 11:42:30 - Skipped 1 policy at offset 240 ======





==== 06/05/2026 11:42:35 - Skipped 1 policy at offset 241 ======





==== 06/05/2026 11:42:40 - Skipped 1 policy at offset 243 ======





==== 06/05/2026 11:42:45 - Skipped 1 policy at offset 244 ======





==== 06/05/2026 11:42:50 - Skipped 1 policy at offset 246 ======





==== 06/05/2026 11:42:55 - Skipped 1 policy at offset 247 ======





==== 06/05/2026 11:43:00 - Skipped 1 policy at offset 250 ======





==== 06/05/2026 11:43:05 - Skipped 1 policy at offset 251 ======





==== 06/05/2026 11:43:10 - Skipped 1 policy at offset 253 ======





==== 06/05/2026 11:43:16 - Skipped 1 policy at offset 254 ======





==== 06/05/2026 11:43:21 - Skipped 1 policy at offset 256 ======





==== 06/05/2026 11:43:26 - Skipped 1 policy at offset 257 ======





==== 06/05/2026 11:43:31 - Skipped 1 policy at offset 259 ======





==== 06/05/2026 11:43:36 - Skipped 1 policy at offset 260 ======





==== 06/05/2026 11:43:41 - Skipped 1 policy at offset 262 ======





==== 06/05/2026 11:43:46 - Skipped 1 policy at offset 263 ======





==== 06/05/2026 11:43:51 - Skipped 1 policy at offset 265 ======





==== 06/05/2026 11:43:56 - Skipped 1 policy at offset 266 ======





==== 06/05/2026 11:44:01 - Skipped 1 policy at offset 268 ======





==== 06/05/2026 11:44:06 - Skipped 1 policy at offset 269 ======





==== 06/05/2026 11:44:11 - Skipped 1 policy at offset 271 ======





==== 06/05/2026 11:44:16 - Skipped 1 policy at offset 272 ======





==== 06/05/2026 11:44:21 - Skipped 1 policy at offset 275 ======





==== 06/05/2026 11:44:26 - Skipped 1 policy at offset 276 ======





==== 06/05/2026 11:44:31 - Skipped 1 policy at offset 278 ======





==== 06/05/2026 11:44:36 - Skipped 1 policy at offset 279 ======





==== 06/05/2026 11:44:41 - Skipped 1 policy at offset 281 ======





==== 06/05/2026 11:44:47 - Skipped 1 policy at offset 282 ======





==== 06/05/2026 11:44:52 - Skipped 1 policy at offset 284 ======





==== 06/05/2026 11:44:57 - Skipped 1 policy at offset 285 ======





==== 06/05/2026 11:45:02 - Skipped 1 policy at offset 287 ======





==== 06/05/2026 11:45:07 - Skipped 1 policy at offset 288 ======





==== 06/05/2026 11:45:12 - Skipped 1 policy at offset 290 ======





==== 06/05/2026 11:45:17 - Skipped 1 policy at offset 291 ======





==== 06/05/2026 11:45:22 - Skipped 1 policy at offset 293 ======





==== 06/05/2026 11:45:27 - Skipped 1 policy at offset 294 ======





==== 06/05/2026 11:45:32 - Skipped 1 policy at offset 296 ======





==== 06/05/2026 11:45:37 - Skipped 1 policy at offset 297 ======





==== 06/05/2026 11:45:42 - Skipped 1 policy at offset 300 ======





==== 06/05/2026 11:45:47 - Skipped 1 policy at offset 301 ======





==== 06/05/2026 11:45:52 - Skipped 1 policy at offset 303 ======





==== 06/05/2026 11:45:57 - Skipped 1 policy at offset 304 ======





==== 06/05/2026 11:46:02 - Skipped 1 policy at offset 306 ======





==== 06/05/2026 11:46:07 - Skipped 1 policy at offset 307 ======





==== 06/05/2026 11:46:12 - Skipped 1 policy at offset 309 ======





==== 06/05/2026 11:46:17 - Skipped 1 policy at offset 310 ======





==== 06/05/2026 11:46:22 - Skipped 1 policy at offset 312 ======





==== 06/05/2026 11:46:27 - Skipped 1 policy at offset 313 ======





==== 06/05/2026 11:46:33 - Skipped 1 policy at offset 315 ======





==== 06/05/2026 11:46:38 - Skipped 1 policy at offset 316 ======





==== 06/05/2026 11:46:43 - Skipped 1 policy at offset 318 ======





==== 06/05/2026 11:46:48 - Skipped 1 policy at offset 319 ======





==== 06/05/2026 11:46:53 - Skipped 1 policy at offset 321 ======





==== 06/05/2026 11:46:58 - Skipped 1 policy at offset 322 ======





==== 06/05/2026 11:47:03 - Skipped 1 policy at offset 325 ======





==== 06/05/2026 11:47:08 - Skipped 1 policy at offset 326 ======





==== 06/05/2026 11:47:13 - Skipped 1 policy at offset 328 ======





==== 06/05/2026 11:47:18 - Skipped 1 policy at offset 329 ======





==== 06/05/2026 11:47:23 - Skipped 1 policy at offset 331 ======





==== 06/05/2026 11:47:28 - Skipped 1 policy at offset 332 ======





==== 06/05/2026 11:47:33 - Skipped 1 policy at offset 334 ======





==== 06/05/2026 11:47:38 - Skipped 1 policy at offset 335 ======





==== 06/05/2026 11:47:43 - Skipped 1 policy at offset 337 ======





==== 06/05/2026 11:47:48 - Skipped 1 policy at offset 338 ======





==== 06/05/2026 11:47:53 - Skipped 1 policy at offset 340 ======





==== 06/05/2026 11:47:58 - Skipped 1 policy at offset 341 ======





==== 06/05/2026 11:48:03 - Skipped 1 policy at offset 343 ======





==== 06/05/2026 11:48:08 - Skipped 1 policy at offset 344 ======





==== 06/05/2026 11:48:14 - Skipped 1 policy at offset 346 ======





==== 06/05/2026 11:48:19 - Skipped 1 policy at offset 347 ======





==== 06/05/2026 11:48:24 - Skipped 1 policy at offset 350 ======





==== 06/05/2026 11:48:29 - Skipped 1 policy at offset 351 ======





==== 06/05/2026 11:48:34 - Skipped 1 policy at offset 353 ======





==== 06/05/2026 11:48:39 - Skipped 1 policy at offset 354 ======





==== 06/05/2026 11:48:44 - Skipped 1 policy at offset 356 ======





==== 06/05/2026 11:48:49 - Skipped 1 policy at offset 357 ======





==== 06/05/2026 11:48:54 - Skipped 1 policy at offset 359 ======





==== 06/05/2026 11:48:59 - Skipped 1 policy at offset 360 ======





==== 06/05/2026 11:49:04 - Skipped 1 policy at offset 362 ======





==== 06/05/2026 11:49:09 - Skipped 1 policy at offset 363 ======





==== 06/05/2026 11:49:14 - Skipped 1 policy at offset 365 ======





==== 06/05/2026 11:49:19 - Skipped 1 policy at offset 366 ======





==== 06/05/2026 11:49:24 - Skipped 1 policy at offset 368 ======





==== 06/05/2026 11:49:29 - Skipped 1 policy at offset 369 ======





==== 06/05/2026 11:49:34 - Skipped 1 policy at offset 371 ======





==== 06/05/2026 11:49:40 - Skipped 1 policy at offset 372 ======





==== 06/05/2026 11:49:45 - Skipped 1 policy at offset 375 ======





==== 06/05/2026 11:49:50 - Skipped 1 policy at offset 376 ======





==== 06/05/2026 11:49:55 - Skipped 1 policy at offset 378 ======





==== 06/05/2026 11:50:00 - Skipped 1 policy at offset 379 ======





==== 06/05/2026 11:50:05 - Skipped 1 policy at offset 381 ======





==== 06/05/2026 11:50:10 - Skipped 1 policy at offset 382 ======





==== 06/05/2026 11:50:15 - Skipped 1 policy at offset 384 ======





==== 06/05/2026 11:50:20 - Skipped 1 policy at offset 385 ======





==== 06/05/2026 11:50:25 - Skipped 1 policy at offset 387 ======





==== 06/05/2026 11:50:30 - Skipped 1 policy at offset 388 ======





==== 06/05/2026 11:50:35 - Skipped 1 policy at offset 390 ======





==== 06/05/2026 11:50:40 - Skipped 1 policy at offset 391 ======





==== 06/05/2026 11:50:45 - Skipped 1 policy at offset 393 ======





==== 06/05/2026 11:50:50 - Skipped 1 policy at offset 394 ======





==== 06/05/2026 11:50:55 - Skipped 1 policy at offset 396 ======





==== 06/05/2026 11:51:00 - Skipped 1 policy at offset 397 ======





==== 06/05/2026 11:51:12 - Portal Data Download Background ======

startForegroundService() not allowed due to mAllowStartForeground false: service com.bliss.blissbma.pro/crc6479545b82ba044d57.CommissionService   at Java.Interop.JniEnvironment.InstanceMethods.CallNonvirtualObjectMethod(JniObjectReference , JniObjectReference , JniMethodInfo , JniArgumentValue* )
   at Java.Interop.JniPeerMembers.JniInstanceMethods.InvokeVirtualObjectMethod(String , IJavaPeerable , JniArgumentValue* )
   at Android.Content.ContextWrapper.StartForegroundService(Intent )
   at bma.commissionActivity.updateComm(Context c, String agcode, Boolean nodialog, String runsb)
  --- End of managed Java.Lang.IllegalStateException stack trace ---
android.app.ForegroundServiceStartNotAllowedException: startForegroundService() not allowed due to mAllowStartForeground false: service com.bliss.blissbma.pro/crc6479545b82ba044d57.CommissionService
	at android.app.ForegroundServiceStartNotAllowedException$1.createFromParcel(ForegroundServiceStartNotAllowedException.java:54)
	at android.app.ForegroundServiceStartNotAllowedException$1.createFromParcel(ForegroundServiceStartNotAllowedException.java:50)
	at android.os.Parcel.readParcelableInternal(Parcel.java:4809)
	at android.os.Parcel.readParcelable(Parcel.java:4777)
	at android.os.Parcel.createExceptionOrNull(Parcel.java:3040)
	at android.os.Parcel.createException(Parcel.java:3029)
	at android.os.Parcel.readException(Parcel.java:3012)
	at android.os.Parcel.readException(Parcel.java:2954)
	at android.app.IActivityManager$Stub$Proxy.startService(IActivityManager.java:6214)
	at android.app.ContextImpl.startServiceCommon(ContextImpl.java:1967)
	at android.app.ContextImpl.startForegroundService(ContextImpl.java:1933)
	at android.content.ContextWrapper.startForegroundService(ContextWrapper.java:839)
	at android.content.ContextWrapper.startForegroundService(ContextWrapper.java:839)
	at mono.java.lang.RunnableImplementor.n_run(Native Method)
	at mono.java.lang.RunnableImplementor.run(RunnableImplementor.java:29)
	at android.os.Handler.handleCallback(Handler.java:942)
	at android.os.Handler.dispatchMessage(Handler.java:99)
	at android.os.Looper.loopOnce(Looper.java:226)
	at android.os.Looper.loop(Looper.java:313)
	at android.app.ActivityThread.main(ActivityThread.java:8762)
	at java.lang.reflect.Method.invoke(Native Method)
	at com.android.internal.os.RuntimeInit$MethodAndArgsCaller.run(RuntimeInit.java:604)
	at com.android.internal.os.ZygoteInit.main(ZygoteInit.java:1067)




==== 12/05/2026 07:31:31 - OSTATTUS-RESPONSE-TOKEN ======

GDXM9+/ADPt4oZRU71yTBlzfWpdSXNtTmjiNLGHeuELzn8E/O8zcdc2WJy16GNVohXE9iqWP+ePYOKYz1MI433zYXvQIQgK+cL6KcJ4H7N+QoncmGbpYnuizSYEciJSm80IPEDC5z/zCplLopVUVQd3A+9JYIqLg6D3b+jD/1Rix77lEYbPw4S4oUAgnVjet3EX33GYDaK6es9jAlsVcDXMzVwdxNz1fdgb0hs7MR41rikKRTnlqZwzsoRSTAxgHLhyelHbQXLV8A2Yyx822DWNTvylXEkjekd7FXjyeD9qKbdVrzA5ZvWzgNEzbO9B327v3I8+asU6ZzcsxSxJrGxw9gpLQMH6W8a+Ez30yokiCCAyFKeDjMRi21hkwqsvYDf1uie43dayJxYdOoUR2yTIF7V7VKcvtg9A8q6lOY+S9rvpEK1MKL4pqotx5IQtuBfrtNCPvm0F9zfp2lg2MuJbcmXk2AsFKYUv/hGUdAfJ+/Tayg2Gtu4pLbziaeyDGQ/eRjWNhRrnAN2vAcvRH+S0C9dTEV8nAioXNoDl0PkoIUeBPBmhhUPMEUE6aT3e88nTh8P0r83SrszkaOqGvGBynkkHeAX8cJSf7CfK5pxUI7UQCIHz1+6g9jxVhCgNdrRZLH7n/9Ky1zzWGSm4Uu7u6wkqYLxPND++6woEOLhoPzD8N0q/aERUykCBsl4duO+urYtsHJkO02Fb+8j07bRBQwqryyrytN1Py5vv8MOjbRSRE/LWlzsUGIkNw+qF7CzhgOhsvvykt0G9G8M2UGvDocCkdD/LT7Hea6j/1deWTB3RdCA94umEG13o/RqOU1wkhPavccSsxdLAEfHBPmGjvUslSeaLokfQfi+3chQKFc0rbkjxTAs804Fra4mLqKbuOW9kTmgUm2gFtcYwQwIYP93N5vaNNtIwg1JuFN6pCdrDywJgEc+NPCtBooEBlzVYs130933X+7vPiTBCKy4672MhtuGIlr8RWotgGYR3Hx/77Mi6b61Yxl6o4Iz0lu+VpdiCVzYfjGN3JuSKHU/U6B96R84BzqqF6petcCISdI5L+ZPwGi2Hsu0XLQwaFP5rsCW3fdQlMkZf4icHr++gvjnEwlDHuK1PNBITk8bsnylhlBmO9gfwbx5SrnCMs9FA86K4hsYDjMa5kj82XzPn7ym2/6i0132P75krlyLpL2s9jagWttf65twEbvF7gyHT1CIxowEN8m1bIG3tiXgljmCEUSOEPLPxzeER6+o4emrw6D+HUDA79Sev2J6sGGUzaDExWmkyC3lQ+qqIeV8AeAWfAyJ8jqnl/KWofns5B5HfxRLzDZTJQeRKbxx3G5KIndrf12sGSAJNAPgeWsRMFfdVx26EXZdCuPFHt63nYCyJq1N1xcUoT1Sxoe6BDDoiw4TabpZG/GexWaqFyuxUNNH9YxAFr79jRDuQYjIUG6coP7r7CiYAqzG3Cz2/eMXczou+4vQcPXisPMCrkMv7eYDZkjUhY5Mv+YXsaXDTud2HQwR4uComF5b9JCxH+m+FOCneswqWmAWi9LjYJIC4oAtK5BPCUFdL9Q/5MPNavZh5ij93t2wiMGo13C9xoMsI+oEq/1QhfVB6fNrydvXqBaE9OwEYWUF3F1DHc4zu2m2TWK2n98oRJma+7b7T76TY5xOG31qeRiiTVtxPkwCTlgxIRjUPOOaJIbn6AL2UTn0K6+guFOZTHJ2Srp8SeUGexrW9d+yVsxbLLUbiR1nNgIE6K+4nycUGwospkXzT3TB8mCV4u8DWuQQqV+FkNFrvm8jpUgF22VsjhuRAp09bjVqFywDjrmKZ5BhPJxd7YkwqflePeKcEB4Bsln42kSU/rqz0MRFP3VcFTYRAPJKAksa9IpJy1rRJaPYRLNoJL1jJmsXOF4seEZWAGPV/wbv4NFuSGu3rJfq25pFe6C9zELlXFGlbDeDoHz/pKQfoj9Zq2ngAq1OrvR7uRmjzJQyQmUvCx08Fudhc=



==== 12/05/2026 07:31:31 - OSTATTUS-RESPONSE-TOKEN ======

eyJhbGciOiJIUzUxMiJ9.eyJzdWIiOiJJREFNMjQwMTIwMjQxMTEyMjg2MSIsImFnZW5jeV9jb2RlIjpudWxsLCJjcmVhdGVkIjoxNzc4NTUwNjE2ODY2LCJhY2Nlc3NfY29kZSI6ImV5SmhiR2NpT2lKU1V6STFOaUlzSW5SNWNDSTZJa3BYVkNKOS5leUp6ZFdJaU9pSkpSRUZOTWpRd01USXdNalF4TVRFeU1qZzJNU0lzSW1adVlXMWxJam9pVTFWQ1NFRlRJRk5CUzFKRlVGQkJJRk5CVGtkQlZFa2lMQ0oxYzJWeWMzUmhkSFZ6SWpvaU1TSXNJbVZ1ZEdsMGVXeHBjM1FpT2xzaVRFbERYME5WVTFSUFRVVlNYMUJQVWxSQlRDSmRMQ0p5YjJ4bGN5STZXeUpFVHlKZExDSnBjM01pT2lKQlVsZ2lMQ0p0YjJKcGJHVWlPaUk1T1RBeE5qSXpNRGsySWl3aVlYVmtJam9pWkdWbVlYVnNkQ0lzSW14dVlXMWxJam9pVTFWQ1NFRlRJRk5CUzFKRlVGQkJJRk5CVGtkQlZFa2lMQ0oxYzJWeVZIbHdaU0k2SWpFaUxDSmxlSEFpT2pFM056ZzFOemt6TkRZc0ltbGhkQ0k2TVRjM09EVTFNRFUwTml3aWFuUnBJam9pT1RKbFpHSmpNekF0WW1GaU9DMDBZbUU0TFRreVpEVXRPV0l6TVRZeE5ESXhOR1kySWl3aVpXNTBhWFI1SWpvaVRFbERYME5WVTFSUFRVVlNYMUJQVWxSQlRDSXNJbVZ0WVdsc0lqb2ljM056WVc1bllYUnBNakkxUUd4cFkybHVaR2xoTG1OdmJTSjkuR1oycnhnaE05MlhiQ3BHbVB3NFRDTWp4cXNCMFdjQkhYOVRxRnlDaUdXWVlwQ2V3c2JHWjFZQXEyaXhmLW8tZi1ybzk1VDJ0SkRMc0tsbFk1a3R0ellBUmlNcEdUV2MzSTgtTU9QejBfeG5WYlBxUjdVbnpTaXRMRm5LVEVRYmVfRG05cXI4eGxxaldkNk9YSmZsbUR3aEt3azctdG1qSUpfTUozdldFUkotREJlOUI4S3FwTktmM1RxWGVHSkh1ZVctWWlTN0ZOVmFtMHpyNDM1UmlObG1WdVIzSUh1VzRMZ2czZmZTVXJjSF9EV3pDLTJrXzFFanFUUFA3dGZ0djdnVTc0UGpDcS13Z014VldBb1ZmYWZqN0dVbnRtN3Z0LVNsQWJFNHBBT3F0dHlTazI0R2U1akh6cHNIYlpVZGpYbjNBaE1xMExjb1FLVlZ1a2V0NDdRIiwicm9sZXMiOlsiRE8iXSwiY2xpZW50SXAiOm51bGwsImVudGl0bGVtZW50IjpbXX0.6LLginw2EnoqMQft2oKSYT56zpy5HWV9qCnUbcRgLj6Y4zTFW42zsujtSAf3J7ICr1BTmXNMWZMny9VM1q_20A



==== 12/05/2026 07:31:31 - POST-URL ======

https://ebizapp01.licindia.in/BFFService/policy/policyInfo?_dc=1778551291346



==== 12/05/2026 07:31:32 - POST-URL ======

{"confirmationId":null,"status":"200","resultInfoList":null,"count":0,"policy":{"policyNumber":"703332599","planName":"New Jeevan Anand","mode":"1","noOfDues":1,"premium":"619.00","commenceDate":"2015-06-28","nameOfAssured":"A Mohanasundaram","agencyCode":"0090976F ","developmentOfficerCode":"315076","plan":"815","policyTerm":"18","firstUnpaidPremiumDate":"2026-04-28","cdCharge":"0","serviceBranch":"76A ","sumAssured":"100000","policyStatus":"21","dob":"1974-07-12","ageAtEntry":41,"planDetails":{"plan":815,"planType":null,"planDesc":null,"premiumDueDuration":6,"premiumDueDurationType":"M","payPremiumAdvance":30,"payPremiumAdvanceType":"D","gracePeriod":15,"gracePeriodType":"D","serviceTaxRateFirstYr":4.5,"serviceTaxRateNextYrs":2.25,"serviceTaxRateEduCess":0.0,"topUpAllowed":null,"multiplyTopupAmt":null,"topupLimitCriteria":null,"topupNoPayBefMaturity":null,"planCategory":"EN","freeCoverCond":null,"freeCoverFUP":null,"campaignStartDate":"2026-01-01","campaignEndDate":"2026-03-02","percentageofwaiver":30.0,"maxLimitofwaiver":3000.0,"waiversAllowedNum":1,"lateFeeWaiverInd":"Y","discountPercentFirstYr":null,"discountPercentSecondYr":null,"discountPercentThirdYr":null,"discountPercentSubYr":null,"discountFromDate":null,"discountToDate":null,"maxLimitWaiverFstYr":null,"maxLimitWaiverScndYr":null,"maxLimitWaiverThirdYr":null,"maxLimitWaiverSubYr":null,"discountParameter":null,"graceprdExtFlag":null,"graceprdExtFrmDate":null,"graceprdExtToDate":null,"graceprdPrcntWaiver":null,"maxWaiverLimitgraceprd":null,"gstCdCharge":0.0,"gstLateFeeRateFirstYr":18.0,"gstLateFeeRateNextYrs":18.0,"dateOfLaunch":"01/08/2014","beforeLaunch":"N","centralGSTPercentage":50,"discountPeriod":null,"discountPeriodType":null},"eligible":false,"lateFeeRequired":false,"recordId":"S","premiumPayingTerm":18,"policyBenefits":"100000","dueAmount":"619.00","taxExemption":false,"age":"52","eserviceEligible":false,"policyUlip":false,"dateOfLastPayment":"2033-05-28","dateOfMaturity":"2033-06-28","statusShortDesc":"In Force","nav":"For NAV details please contact your Servicing Branch / Customer Zone","altChannelId":"0 ","riderPolicy":false,"minorChild":false,"accountingBookCode":8,"payedPolicy":false,"advancePayedPolicy":false,"lastAccountDate":"2026-04-15","noBonusYears":0,"bonusInfo":{"totalRevBonus":43100,"totalInterimBonus":3417,"totalFAB":0,"totalGuaranty":0,"totalLoyalty":0,"totalOneTimeBonus":0.00,"messageCode":null,"calulationSheetHTML":"<table border=1><tr class=grey-bg><td>From</td><td>Upto</td><td>Year</td><td>Type</td><td>Factor</td><td>Rate</td><td>Bonus </td></tr><tr class=grey-bg><td>2015-06-28</td><td>2016-06-28</td><td>2016</td><td>V</td><td>1.0</td><td>50.00</td><td>4500.00</td></tr><tr class=grey-bg><td>2015-06-28</td><td>2016-06-28</td><td>2016</td><td>O</td><td>1.0</td><td>5.00</td><td>500.00</td></tr><tr class=grey-bg><td>2016-06-28</td><td>2017-06-28</td><td>2017</td><td>V</td><td>1.0</td><td>45.00</td><td>4500.00</td></tr><tr class=grey-bg><td>2017-06-28</td><td>2018-06-28</td><td>2018</td><td>V</td><td>1.0</td><td>45.00</td><td>4500.00</td></tr><tr class=grey-bg><td>2018-06-28</td><td>2019-06-28</td><td>2019</td><td>V</td><td>1.0</td><td>45.00</td><td>4500.00</td></tr><tr class=grey-bg><td>2019-06-28</td><td>2020-06-28</td><td>2020</td><td>V</td><td>1.0</td><td>41.00</td><td>4100.00</td></tr><tr class=grey-bg><td>2020-06-28</td><td>2021-06-28</td><td>2021</td><td>V</td><td>1.0</td><td>41.00</td><td>4100.00</td></tr><tr class=grey-bg><td>2021-06-28</td><td>2022-06-28</td><td>2022</td><td>V</td><td>1.0</td><td>41.00</td><td>4100.00</td></tr><tr class=grey-bg><td>2022-06-28</td><td>2023-06-28</td><td>2023</td><td>V</td><td>1.0</td><td>41.00</td><td>4100.00</td></tr><tr class=grey-bg><td>2023-06-28</td><td>2024-06-28</td><td>2024</td><td>V</td><td>1.0</td><td>41.00</td><td>4100.00</td></tr><tr class=grey-bg><td>2024-06-28</td><td>2025-06-28</td><td>2025</td><td>V</td><td>1.0</td><td>41.00</td><td>4100.00</td></tr><tr class=grey-bg><td>2025-06-28</td><td>2026-04-28</td><td>2025</td><td>I</td><td>0.8333333333333334</td><td>41.00</td><td>3416.67</td></tr><tr class=grey-bg><td colspan=7>Total Rev Bonus : 43100.00   Total Interim Bonus : 3416.67</td></tr></table> ","calulationSheetText":"From        Upto        Year Type Factor  Rate     Bonus \r\n2015-06-28  2016-06-28  2016  V     1.0   50.00    4500.00\r\n2015-06-28  2016-06-28  2016  O     1.0   5.00    500.00\r\n2016-06-28  2017-06-28  2017  V     1.0   45.00    4500.00\r\n2017-06-28  2018-06-28  2018  V     1.0   45.00    4500.00\r\n2018-06-28  2019-06-28  2019  V     1.0   45.00    4500.00\r\n2019-06-28  2020-06-28  2020  V     1.0   41.00    4100.00\r\n2020-06-28  2021-06-28  2021  V     1.0   41.00    4100.00\r\n2021-06-28  2022-06-28  2022  V     1.0   41.00    4100.00\r\n2022-06-28  2023-06-28  2023  V     1.0   41.00    4100.00\r\n2023-06-28  2024-06-28  2024  V     1.0   41.00    4100.00\r\n2024-06-28  2025-06-28  2025  V     1.0   41.00    4100.00\r\n2025-06-28  2026-04-28  2025  I     0.8333333333333334   41.00    3416.67\r\n   Total Rev Bonus : 43100.00   Total Interim Bonus : 3416.67\r\n "},"isSpotRevivalAllowed":false,"discountApplicable":false,"advancePaymetEligible":false,"maturitySumAssured":0,"gstInNumber":"null","transactionAllowed":true,"dateOfShowMaturity":"2033-06-28","panFlag":false,"neftFlag":false,"itPan":"","neftStatus":"N","titleCode":"1","premiumGapFlag":false,"dghPolicyFlag":false,"policyExitStatus":false,"serviceRequestFlag":false,"nriGstFlag":false,"fyEndDate":"2027-03-31"},"person":{"policyNo":703332599,"birthDate":"1974-07-12","fullName":"A Mohanasundaram","sex":"M","shortName":"Mohanasundaram A","age":"41","profileMobileNo":null,"profileEmail":null,"profileUnMaskMobileNo":null,"profileUnMaskEmail":null},"address":{"policyNo":703332599,"address1":"S/O A Arjunan","address2":"26a Varuthan St,Rasipuram Po","address3":"Namakkal Dt","addressId":1,"pin":637408},"branch":{"branchCode":"76A ","address1":"LIC OF INDIA 76A","address2":"17B GANDHI ROAD","address3":"SALEM","branchIp":"10.128.42.194","branchName":"LIC of India, Salem North Branch","city":null,"dcCode":"X070","divCode":70,"eaiIndication":"Y","emailId":"BO_76A@LICINDIA.COM","man":null,"odsIndication":"N","pin":null,"state":"null"},"agent":{"agencyCode":"0090976F ","address1":"D/O.K.Jayaraman,Jai Ganesh Lorry","address2":"Service,T.P.Kadu,Moolapallipatty.Po","address3":"Rasipuram.Tk & Namakkal .Dt.","agentName":"J.Renukadevi","birthDate":"1976-03-10","category":2,"city":null,"disabilityCode":1,"enteredDate":"2026-05-12T01:13:13.000+00:00","itaxPanNo":"ANZPR4228B","occupationCode":12,"pin":637406,"qualificationCode":3,"sex":"F"},"nominees":[{"policyNo":703332599,"nomineeAge":33,"nomineeDob":null,"nomineeId":1,"nomineeName":"M SELVAMANI","nomineeRegistrationDate":null,"nomineeRelation":"W","nomineeShare":100,"nomineeStatus":"B"}],"billingInfo":{"policyNumber":"703332599","nameOfAssured":"A Mohanasundaram","planName":"New Jeevan Anand","plan":815,"mode":"1","premium":619,"sumAssured":100000,"status":null,"firstUnpaidPremiumDate":"2026-04-28","nextFup":null,"dueAmount":"619.00","payedPolicy":false,"noOfDues":1,"eligible":false,"spotRevival":false},"policyContact":{"policyNo":703332599,"dataSource":"B","emailAddress":"null","enteredDate":"2026-05-05T20:00:07.623+00:00","mobileNo":"919442791402","countryCode":null,"telephoneNo":"null","panNo":null},"policyExtra":{"accumTerm":0},"policyAnnuity":null,"userRegistered":"N","assignmentDetails":[],"ulipExtra":{"giveCashAmount":null},"bonusErrorMessage":null,"qpayPolicy":{"policyNumber":"703332599","dob":"12/07/1974","emailId":null,"mobileNo":"9442791402","premium":"619","key":"953855"}}



==== 12/05/2026 07:31:48 - OSTATTUS-RESPONSE-TOKEN ======

yE0yeunkoAVNFvsokZyOUzXmFLT4n4EkrknLQtlOo+5d5KxoElsC0lurMA/dzBUQX7Bh1O0ywxfgwmKPTexUFnXy6Hly4Dzgfc+dKIG0n1pO18tay9bl+T8LHTOtMmtZmaKbj+fpKIwnsB+lBuCSJ5MgMzjJkwLm4wauN12od8/MBggFDxoubt3NT+mF0aK70BlFToO+cIL762UrrebNB22eNum0J8V95U56/Hpl5fcG7JwA/nLdshU6z/LRFrKiInaZV7tgmPP3hF+wtAxA05PDQKlfKgv4fVkZc4Cf+utnVzJ/ZB63EcyNUEGUySz93sihkfNy3bhoplKsR98FAAN9PCOJiXP8QRBiHr4G45qR+ZnBh4+JIbpEtUWIVqFLSIl51LwT5OWl6cOBLnHc13p0mDVgwq3lT8CygQ+O7J6IP7FsCY1ZNOA0tYTx/9aufhYWKZcthOZ2WGyT1P8lAh7tUg3OzaMfn+8hn4YUqSA6oC1U0ihU+74hBTilfvJ6k2+Cz+uYSmknHkLXU1Dik//pxss7kI9JqdTPEncCi4Qk6DR2BZ/RKRt8gWdLIYn/bWgBbKOrsLE32DONXvIgrsIefWkpyquNz5U9g6pSSLeaxCulepiU+qS/0YC0xNSmadtp05+Tp849X1ZpII4d/DPWnq2UuPFcAYpY0zqAGkzu3NKJU411L4gnUXlFDDUaaV4vMn5wRS5UUusWSi+9UMgIebveCDWNyt6490Iym1FO4QbmN6Q5gWcrWMeRFWfbkOeOcZKR/q69uXnIYVu+729lKFkFM2otx2xipikTiq7nfdS2Xas3Ket2ht74bXvhWUuH8drUODq/W0mWydQIRB57BWEz/GvluoO7p0+vapYhKTjHmtK5/XEf6lTYQKDgibMPvky/mw+hO1Rxzymeh0xN0Nwa2oKAq/G9Dz9dWcuwmzs9a01XRPRzm4cxzWwFnjrbI5ewWJCzPgzLTCf/PXq2KKJDcwCRLtNs7Vv9nt7qFpe929jAL9wuXU5JxYDqKUgZW3Epa0SgLesy8uAWQkx4tf1XflQZf/6TfFryhDnrsBhR1hx02co2euhU4fjm9d80ZY1kMjulfCmYxuCrLHvoNrHdoHH4MBv1eXV0HE07rgPMvIV9Aj7mjlkCEuY4YpI2tW1a3UiaQRhH4nztY1o5uARu7mWsCPM+gNTtHHklVRU6iHTcRcF0bi8+O5RZiopKML21oyA4KgTpE/ZlFaer+8cFyvuNO9aaw1pbaNVAcJHV1aBZRHIEvjFt4+SIixCOTkeodOMXS2H9LsT/Xv2aGEMdqMCeiYE7Npo9TlY5+3gQn64hjRDJGUREKXAwRLRNG0YG+lgZdaZAhw1Wn3eYRkR0XQzQvuu7kKZw3tJpO1TDRv8uZZHmV6AC3to3YL96hS8CE8Vutx5dJW3cluWfV+wqSd5k8xKv5YJFbN23lf0RqzV1qAD0L5JS0V+ye/Bna6BRvjA675vhHvbrytttTRE5ZuQVwigjSMkA/hp4A67nBOPeypilOxVbCj8Vr6hD0MwJRNinYweTt+jn/bVoxl6nv2UbbkBNM07rFgJekinjWLYl6ky6qEttR7mGCzY+QQlcB3sqhShpvAocTW503N7mrDA8tBNsVrbEqV7AyNrz+BDaa8S68Bgadch+eF2YZrgwYP8mKu/2CP/z1dibWnh5qQi5DGc7V8jFxc53zj9tL9vKxdEPnwBYO5vEM1Dp0pVfp1yt3fcWhpT/sJJKTcJwE3L3tJGhgBZXQXz/kh95TrfSIEMsIV82BE5zIyyXNJGVtdNL6B47v7MRfy91OSs8k/SRJrn8Fyf9MRArb/AtmRxadsx1vmmkts0Qfk1VZQrjGwY3Hi+7kanEdUfAqxqa5iBIT/0h0mDiHgRki4oZTEzbJnn4Uvt1IX3dVyanUotlEqeSF5ldAe60Thl/TDi6KsQARAkWpjw2Cjp0p6usFcEWuUv+mYOcFZTrnnTDJcRcvG1KSZo=



==== 12/05/2026 07:31:48 - OSTATTUS-RESPONSE-TOKEN ======

eyJhbGciOiJIUzUxMiJ9.eyJzdWIiOiJJREFNMjQwMTIwMjQxMTEyMjg2MSIsImFnZW5jeV9jb2RlIjpudWxsLCJjcmVhdGVkIjoxNzc4NTUwNjE2ODY2LCJhY2Nlc3NfY29kZSI6ImV5SmhiR2NpT2lKU1V6STFOaUlzSW5SNWNDSTZJa3BYVkNKOS5leUp6ZFdJaU9pSkpSRUZOTWpRd01USXdNalF4TVRFeU1qZzJNU0lzSW1adVlXMWxJam9pVTFWQ1NFRlRJRk5CUzFKRlVGQkJJRk5CVGtkQlZFa2lMQ0oxYzJWeWMzUmhkSFZ6SWpvaU1TSXNJbVZ1ZEdsMGVXeHBjM1FpT2xzaVRFbERYME5WVTFSUFRVVlNYMUJQVWxSQlRDSmRMQ0p5YjJ4bGN5STZXeUpFVHlKZExDSnBjM01pT2lKQlVsZ2lMQ0p0YjJKcGJHVWlPaUk1T1RBeE5qSXpNRGsySWl3aVlYVmtJam9pWkdWbVlYVnNkQ0lzSW14dVlXMWxJam9pVTFWQ1NFRlRJRk5CUzFKRlVGQkJJRk5CVGtkQlZFa2lMQ0oxYzJWeVZIbHdaU0k2SWpFaUxDSmxlSEFpT2pFM056ZzFOemt6TkRZc0ltbGhkQ0k2TVRjM09EVTFNRFUwTml3aWFuUnBJam9pT1RKbFpHSmpNekF0WW1GaU9DMDBZbUU0TFRreVpEVXRPV0l6TVRZeE5ESXhOR1kySWl3aVpXNTBhWFI1SWpvaVRFbERYME5WVTFSUFRVVlNYMUJQVWxSQlRDSXNJbVZ0WVdsc0lqb2ljM056WVc1bllYUnBNakkxUUd4cFkybHVaR2xoTG1OdmJTSjkuR1oycnhnaE05MlhiQ3BHbVB3NFRDTWp4cXNCMFdjQkhYOVRxRnlDaUdXWVlwQ2V3c2JHWjFZQXEyaXhmLW8tZi1ybzk1VDJ0SkRMc0tsbFk1a3R0ellBUmlNcEdUV2MzSTgtTU9QejBfeG5WYlBxUjdVbnpTaXRMRm5LVEVRYmVfRG05cXI4eGxxaldkNk9YSmZsbUR3aEt3azctdG1qSUpfTUozdldFUkotREJlOUI4S3FwTktmM1RxWGVHSkh1ZVctWWlTN0ZOVmFtMHpyNDM1UmlObG1WdVIzSUh1VzRMZ2czZmZTVXJjSF9EV3pDLTJrXzFFanFUUFA3dGZ0djdnVTc0UGpDcS13Z014VldBb1ZmYWZqN0dVbnRtN3Z0LVNsQWJFNHBBT3F0dHlTazI0R2U1akh6cHNIYlpVZGpYbjNBaE1xMExjb1FLVlZ1a2V0NDdRIiwicm9sZXMiOlsiRE8iXSwiY2xpZW50SXAiOm51bGwsImVudGl0bGVtZW50IjpbXX0.6LLginw2EnoqMQft2oKSYT56zpy5HWV9qCnUbcRgLj6Y4zTFW42zsujtSAf3J7ICr1BTmXNMWZMny9VM1q_20A



==== 12/05/2026 07:31:48 - POST-URL ======

https://ebizapp01.licindia.in/BFFService/policy/policyInfo?_dc=1778551308462



==== 12/05/2026 07:31:49 - POST-URL ======

{"confirmationId":null,"status":"200","resultInfoList":null,"count":0,"policy":{"policyNumber":"703332600","planName":"Jeevan Lakshya","mode":"1","noOfDues":1,"premium":"595.00","commenceDate":"2015-06-28","nameOfAssured":"A Mohanasundaram","agencyCode":"0090976F ","developmentOfficerCode":"315076","plan":"833","policyTerm":"18","firstUnpaidPremiumDate":"2026-04-28","cdCharge":"0","serviceBranch":"76A ","sumAssured":"100000","policyStatus":"21","dob":"1974-07-12","ageAtEntry":41,"planDetails":{"plan":833,"planType":null,"planDesc":null,"premiumDueDuration":6,"premiumDueDurationType":"M","payPremiumAdvance":30,"payPremiumAdvanceType":"D","gracePeriod":15,"gracePeriodType":"D","serviceTaxRateFirstYr":4.5,"serviceTaxRateNextYrs":2.25,"serviceTaxRateEduCess":0.0,"topUpAllowed":null,"multiplyTopupAmt":null,"topupLimitCriteria":null,"topupNoPayBefMaturity":null,"planCategory":"NORM","freeCoverCond":null,"freeCoverFUP":null,"campaignStartDate":"2026-01-01","campaignEndDate":"2026-03-02","percentageofwaiver":30.0,"maxLimitofwaiver":3000.0,"waiversAllowedNum":1,"lateFeeWaiverInd":"Y","discountPercentFirstYr":null,"discountPercentSecondYr":null,"discountPercentThirdYr":null,"discountPercentSubYr":null,"discountFromDate":null,"discountToDate":null,"maxLimitWaiverFstYr":null,"maxLimitWaiverScndYr":null,"maxLimitWaiverThirdYr":null,"maxLimitWaiverSubYr":null,"discountParameter":null,"graceprdExtFlag":null,"graceprdExtFrmDate":null,"graceprdExtToDate":null,"graceprdPrcntWaiver":null,"maxWaiverLimitgraceprd":null,"gstCdCharge":0.0,"gstLateFeeRateFirstYr":18.0,"gstLateFeeRateNextYrs":18.0,"dateOfLaunch":"03/12/2015","beforeLaunch":"N","centralGSTPercentage":50,"discountPeriod":null,"discountPeriodType":null},"eligible":false,"lateFeeRequired":false,"recordId":"S","premiumPayingTerm":15,"policyBenefits":"100000","dueAmount":"595.00","taxExemption":false,"age":"52","eserviceEligible":false,"policyUlip":false,"dateOfLastPayment":"2030-05-28","dateOfMaturity":"2033-06-28","statusShortDesc":"In Force","nav":"For NAV details please contact your Servicing Branch / Customer Zone","altChannelId":"0 ","riderPolicy":false,"minorChild":false,"accountingBookCode":8,"payedPolicy":false,"advancePayedPolicy":false,"lastAccountDate":"2026-04-15","noBonusYears":0,"bonusInfo":{"totalRevBonus":43100,"totalInterimBonus":3417,"totalFAB":0,"totalGuaranty":0,"totalLoyalty":0,"totalOneTimeBonus":0.00,"messageCode":null,"calulationSheetHTML":"<table border=1><tr class=grey-bg><td>From</td><td>Upto</td><td>Year</td><td>Type</td><td>Factor</td><td>Rate</td><td>Bonus </td></tr><tr class=grey-bg><td>2015-06-28</td><td>2016-06-28</td><td>2016</td><td>V</td><td>1.0</td><td>50.00</td><td>4500.00</td></tr><tr class=grey-bg><td>2015-06-28</td><td>2016-06-28</td><td>2016</td><td>O</td><td>1.0</td><td>5.00</td><td>500.00</td></tr><tr class=grey-bg><td>2016-06-28</td><td>2017-06-28</td><td>2017</td><td>V</td><td>1.0</td><td>45.00</td><td>4500.00</td></tr><tr class=grey-bg><td>2017-06-28</td><td>2018-06-28</td><td>2018</td><td>V</td><td>1.0</td><td>45.00</td><td>4500.00</td></tr><tr class=grey-bg><td>2018-06-28</td><td>2019-06-28</td><td>2019</td><td>V</td><td>1.0</td><td>45.00</td><td>4500.00</td></tr><tr class=grey-bg><td>2019-06-28</td><td>2020-06-28</td><td>2020</td><td>V</td><td>1.0</td><td>41.00</td><td>4100.00</td></tr><tr class=grey-bg><td>2020-06-28</td><td>2021-06-28</td><td>2021</td><td>V</td><td>1.0</td><td>41.00</td><td>4100.00</td></tr><tr class=grey-bg><td>2021-06-28</td><td>2022-06-28</td><td>2022</td><td>V</td><td>1.0</td><td>41.00</td><td>4100.00</td></tr><tr class=grey-bg><td>2022-06-28</td><td>2023-06-28</td><td>2023</td><td>V</td><td>1.0</td><td>41.00</td><td>4100.00</td></tr><tr class=grey-bg><td>2023-06-28</td><td>2024-06-28</td><td>2024</td><td>V</td><td>1.0</td><td>41.00</td><td>4100.00</td></tr><tr class=grey-bg><td>2024-06-28</td><td>2025-06-28</td><td>2025</td><td>V</td><td>1.0</td><td>41.00</td><td>4100.00</td></tr><tr class=grey-bg><td>2025-06-28</td><td>2026-04-28</td><td>2025</td><td>I</td><td>0.8333333333333334</td><td>41.00</td><td>3416.67</td></tr><tr class=grey-bg><td colspan=7>Total Rev Bonus : 43100.00   Total Interim Bonus : 3416.67</td></tr></table> ","calulationSheetText":"From        Upto        Year Type Factor  Rate     Bonus \r\n2015-06-28  2016-06-28  2016  V     1.0   50.00    4500.00\r\n2015-06-28  2016-06-28  2016  O     1.0   5.00    500.00\r\n2016-06-28  2017-06-28  2017  V     1.0   45.00    4500.00\r\n2017-06-28  2018-06-28  2018  V     1.0   45.00    4500.00\r\n2018-06-28  2019-06-28  2019  V     1.0   45.00    4500.00\r\n2019-06-28  2020-06-28  2020  V     1.0   41.00    4100.00\r\n2020-06-28  2021-06-28  2021  V     1.0   41.00    4100.00\r\n2021-06-28  2022-06-28  2022  V     1.0   41.00    4100.00\r\n2022-06-28  2023-06-28  2023  V     1.0   41.00    4100.00\r\n2023-06-28  2024-06-28  2024  V     1.0   41.00    4100.00\r\n2024-06-28  2025-06-28  2025  V     1.0   41.00    4100.00\r\n2025-06-28  2026-04-28  2025  I     0.8333333333333334   41.00    3416.67\r\n   Total Rev Bonus : 43100.00   Total Interim Bonus : 3416.67\r\n "},"isSpotRevivalAllowed":false,"discountApplicable":false,"advancePaymetEligible":false,"maturitySumAssured":0,"gstInNumber":"null","transactionAllowed":true,"dateOfShowMaturity":"2033-06-28","panFlag":false,"neftFlag":false,"itPan":"","neftStatus":"N","titleCode":"1","premiumGapFlag":false,"dghPolicyFlag":false,"policyExitStatus":false,"serviceRequestFlag":false,"nriGstFlag":false,"fyEndDate":"2027-03-31"},"person":{"policyNo":703332600,"birthDate":"1974-07-12","fullName":"A Mohanasundaram","sex":"M","shortName":"Mohanasundaram A","age":"41","profileMobileNo":null,"profileEmail":null,"profileUnMaskMobileNo":null,"profileUnMaskEmail":null},"address":{"policyNo":703332600,"address1":"S/O A Arjunan","address2":"26a Varuthan St,Rasipuram Po","address3":"Namakkal Dt","addressId":1,"pin":637408},"branch":{"branchCode":"76A ","address1":"LIC OF INDIA 76A","address2":"17B GANDHI ROAD","address3":"SALEM","branchIp":"10.128.42.194","branchName":"LIC of India, Salem North Branch","city":null,"dcCode":"X070","divCode":70,"eaiIndication":"Y","emailId":"BO_76A@LICINDIA.COM","man":null,"odsIndication":"N","pin":null,"state":"null"},"agent":{"agencyCode":"0090976F ","address1":"D/O.K.Jayaraman,Jai Ganesh Lorry","address2":"Service,T.P.Kadu,Moolapallipatty.Po","address3":"Rasipuram.Tk & Namakkal .Dt.","agentName":"J.Renukadevi","birthDate":"1976-03-10","category":2,"city":null,"disabilityCode":1,"enteredDate":"2026-05-12T01:13:13.000+00:00","itaxPanNo":"ANZPR4228B","occupationCode":12,"pin":637406,"qualificationCode":3,"sex":"F"},"nominees":[{"policyNo":703332600,"nomineeAge":33,"nomineeDob":null,"nomineeId":1,"nomineeName":"M SELVAMANI","nomineeRegistrationDate":null,"nomineeRelation":"W","nomineeShare":100,"nomineeStatus":"B"}],"billingInfo":{"policyNumber":"703332600","nameOfAssured":"A Mohanasundaram","planName":"Jeevan Lakshya","plan":833,"mode":"1","premium":595,"sumAssured":100000,"status":null,"firstUnpaidPremiumDate":"2026-04-28","nextFup":null,"dueAmount":"595.00","payedPolicy":false,"noOfDues":1,"eligible":false,"spotRevival":false},"policyContact":{"policyNo":703332600,"dataSource":"B","emailAddress":"null","enteredDate":"2026-05-05T20:00:07.623+00:00","mobileNo":"919442791402","countryCode":null,"telephoneNo":"null","panNo":null},"policyExtra":{"accumTerm":0},"policyAnnuity":null,"userRegistered":"N","assignmentDetails":[],"ulipExtra":{"giveCashAmount":null},"bonusErrorMessage":null,"qpayPolicy":{"policyNumber":"703332600","dob":"12/07/1974","emailId":null,"mobileNo":"9442791402","premium":"595","key":"709823"}}



==== 12/05/2026 07:32:04 - OSTATTUS-RESPONSE-TOKEN ======

PDZlSuXzjq25JtdngvG32Z8xxGs23zr16cetUyt0G1Xy6oXsTFCqK6v0HuEDYkJXBuWPdk8ZXvnkuhxg/kjR+epIweZ+SpXP7NKmXOAwkuj8WnbsRo3RX4k1rY2U9mlgpW4x/JKuSukCDfopx7ecWmxnUMm2toIWE6r0kaJite13E5MRBitemulU3eQlphID7WAiw8quFRdNVysqkmlxzO4rvag857htLQYpSgGxA28jWJXH8VR0VYt68ysuNtVDH74jFdzEdf5kYObmbQNWe2R7Kx5MMAZe6AeeJUAZPmTfP49Su6meP1gq/wQDMHx0VKAcR9GfKgeuADtHF5hU7rARnjFCyP1gho7YOn/YLENEP4q9sjG8fuVhKxefJ8kUGDyTGB+MvLK/N224463bRj5IhvehTXzjZSUQYlp8eiHzFX6QmjGTD3FtWR8FPmy1n3yvtIgA3HMr0iJfwFA4ueh4iCIW87JZj2MZnIv9ggZrVRymrdLe7WRIUjIiZbgkEUL6M5HjsitxV7273PuiNG6yQV+LtM3gZ949Qg9GPBihkvEYdjussCJrUZ7EHRRcCit2uKbrC9mqRHMuEALN2oA3cFxujAVglraW43IxWJq3cfgg43vde0ECrpOK5wDj9xMDrs2VAp0v7odbmTbTeeqcPN8uxyKttdRxK22aXbTBcxCOzXehbPWcOKqnoD18HdZnQxftL9SZEIqdtsoyzkChb21DsvbSO2pV7jSWPrwdSLm74fcaloj5N2KzfwpEI90SMxUZNhE9BG6BHB8Nv9560A5N1OK8tMJ6iaShxTvpwnU5EdrZEiJNltxcAaQmrcYaaKLTJWTK2JPFtWvkSK91ZvG2CHD+qVKlWG0W2RSxywKckeku0ZA4oglZar4LkckvALqsQH9X7zUpr2kCSEYoN3KPmRo1sa+CAot4ZqYvz0YvYWN8bH94tHTpm02oM8ix+71qI+77mkdk61jK5i325QDVO1oaYJs2N+PFpakkD06L6OK8VUrR6xZb9kZr7/9rAeUJ/77UZ9vKpXoRdt52OkqGTaPk92uYu9IzfOCaKILHiBcIFgL6K4a5Ym+lhjlVQwb/LyTBfVelBJHjUqAtCuthxvIM1CNJnzHxyljlEDQauMtn7To3YSmApwn7GhNnb+So79d8UoENprdEGbuavSmPCcTfHW9+Iyt0YzdPxqw0QX7g9TTQ88qp6VFzleCUl9iEPozp+VpgrGmIbgTnjNT3xHfUrwrz5uleHgSTPmYO17ajTAJHPu/IcWcavExNVYLXRAvSIUU8JUUh4Ojt2ns5ljrhk+dzNZ4EwTLV05+ZxqlZWPBKwKo2JxNmyafdQsPHG3XxAEX27dyvw5gEijr74TDazNcrfMaNaIok58J8L9g9jcTcgchPwMIETvmdX0iwBtRl57iXRqcSp9/WP2l5dwa0Yn5+5bgvnZN/DqfAYGzgk3ttPTBwAo6KnOi/bzy85G57Hg5iQ1imWao27otv4QaeHVC9TpNKIRpcBIg4T0F+26P1fXNWbn6IkQh2mHSdmEFoYMlognSdaqXrUHHYGKHp6bmPXHqDiq4x92ec99m9xL2Ed6lJ3H2X9X3awmk327sQHeq70M9qS9seecYqUgw7WjPtcjbyDJhnN5yRsVqnWeBY9sG4x8R1xsyQeheqO784uSWIZHuRf/03+gGn0Tbweq/GFj3ExPwyJYRw9273JgQvg1EpFH1nGm6V/1MyfW8HJgkW/12BvnTTgEbZKUSjk2sCntACvJocgjJgo+D1zqbIPgyUW7GEgSj+BfkuP999qtisXEdhEl9Vln2EOjIP+nhQgNAk2y16tuAWgOsni7XnDOMlNuJJw3LfKZFxFVIgBbFb9rAtEvLPPHXLPVNVYOP+5JgJJZrFx6HG/9aPzXrumu+mxkdkXdynNO9Nc/GSfbPZ0v/PvOeMIKVHYHG8aGgdNHZf5hUGQLsSs9+Lj9Ex3X5PsY2gir6B7hWqzGvipMs=



==== 12/05/2026 07:32:04 - OSTATTUS-RESPONSE-TOKEN ======

eyJhbGciOiJIUzUxMiJ9.eyJzdWIiOiJJREFNMjQwMTIwMjQxMTEyMjg2MSIsImFnZW5jeV9jb2RlIjpudWxsLCJjcmVhdGVkIjoxNzc4NTUwNjE2ODY2LCJhY2Nlc3NfY29kZSI6ImV5SmhiR2NpT2lKU1V6STFOaUlzSW5SNWNDSTZJa3BYVkNKOS5leUp6ZFdJaU9pSkpSRUZOTWpRd01USXdNalF4TVRFeU1qZzJNU0lzSW1adVlXMWxJam9pVTFWQ1NFRlRJRk5CUzFKRlVGQkJJRk5CVGtkQlZFa2lMQ0oxYzJWeWMzUmhkSFZ6SWpvaU1TSXNJbVZ1ZEdsMGVXeHBjM1FpT2xzaVRFbERYME5WVTFSUFRVVlNYMUJQVWxSQlRDSmRMQ0p5YjJ4bGN5STZXeUpFVHlKZExDSnBjM01pT2lKQlVsZ2lMQ0p0YjJKcGJHVWlPaUk1T1RBeE5qSXpNRGsySWl3aVlYVmtJam9pWkdWbVlYVnNkQ0lzSW14dVlXMWxJam9pVTFWQ1NFRlRJRk5CUzFKRlVGQkJJRk5CVGtkQlZFa2lMQ0oxYzJWeVZIbHdaU0k2SWpFaUxDSmxlSEFpT2pFM056ZzFOemt6TkRZc0ltbGhkQ0k2TVRjM09EVTFNRFUwTml3aWFuUnBJam9pT1RKbFpHSmpNekF0WW1GaU9DMDBZbUU0TFRreVpEVXRPV0l6TVRZeE5ESXhOR1kySWl3aVpXNTBhWFI1SWpvaVRFbERYME5WVTFSUFRVVlNYMUJQVWxSQlRDSXNJbVZ0WVdsc0lqb2ljM056WVc1bllYUnBNakkxUUd4cFkybHVaR2xoTG1OdmJTSjkuR1oycnhnaE05MlhiQ3BHbVB3NFRDTWp4cXNCMFdjQkhYOVRxRnlDaUdXWVlwQ2V3c2JHWjFZQXEyaXhmLW8tZi1ybzk1VDJ0SkRMc0tsbFk1a3R0ellBUmlNcEdUV2MzSTgtTU9QejBfeG5WYlBxUjdVbnpTaXRMRm5LVEVRYmVfRG05cXI4eGxxaldkNk9YSmZsbUR3aEt3azctdG1qSUpfTUozdldFUkotREJlOUI4S3FwTktmM1RxWGVHSkh1ZVctWWlTN0ZOVmFtMHpyNDM1UmlObG1WdVIzSUh1VzRMZ2czZmZTVXJjSF9EV3pDLTJrXzFFanFUUFA3dGZ0djdnVTc0UGpDcS13Z014VldBb1ZmYWZqN0dVbnRtN3Z0LVNsQWJFNHBBT3F0dHlTazI0R2U1akh6cHNIYlpVZGpYbjNBaE1xMExjb1FLVlZ1a2V0NDdRIiwicm9sZXMiOlsiRE8iXSwiY2xpZW50SXAiOm51bGwsImVudGl0bGVtZW50IjpbXX0.6LLginw2EnoqMQft2oKSYT56zpy5HWV9qCnUbcRgLj6Y4zTFW42zsujtSAf3J7ICr1BTmXNMWZMny9VM1q_20A



==== 12/05/2026 07:32:04 - POST-URL ======

https://ebizapp01.licindia.in/BFFService/policy/policyInfo?_dc=1778551324441



==== 12/05/2026 07:32:05 - POST-URL ======

{"confirmationId":null,"status":"200","resultInfoList":null,"count":0,"policy":{"policyNumber":"703332601","planName":"Jeevan Rakshak","mode":"1","noOfDues":1,"premium":"364.00","commenceDate":"2015-06-28","nameOfAssured":"A Mohanasundaram","agencyCode":"0090976F ","developmentOfficerCode":"315076","plan":"827","policyTerm":"18","firstUnpaidPremiumDate":"2026-04-28","cdCharge":"0","serviceBranch":"76A ","sumAssured":"100000","policyStatus":"21","dob":"1974-07-12","ageAtEntry":41,"planDetails":{"plan":827,"planType":null,"planDesc":null,"premiumDueDuration":6,"premiumDueDurationType":"M","payPremiumAdvance":30,"payPremiumAdvanceType":"D","gracePeriod":15,"gracePeriodType":"D","serviceTaxRateFirstYr":4.5,"serviceTaxRateNextYrs":2.25,"serviceTaxRateEduCess":0.0,"topUpAllowed":null,"multiplyTopupAmt":null,"topupLimitCriteria":null,"topupNoPayBefMaturity":null,"planCategory":"EN","freeCoverCond":null,"freeCoverFUP":null,"campaignStartDate":"2026-01-01","campaignEndDate":"2026-03-02","percentageofwaiver":30.0,"maxLimitofwaiver":3000.0,"waiversAllowedNum":1,"lateFeeWaiverInd":"Y","discountPercentFirstYr":null,"discountPercentSecondYr":null,"discountPercentThirdYr":null,"discountPercentSubYr":null,"discountFromDate":null,"discountToDate":null,"maxLimitWaiverFstYr":null,"maxLimitWaiverScndYr":null,"maxLimitWaiverThirdYr":null,"maxLimitWaiverSubYr":null,"discountParameter":null,"graceprdExtFlag":null,"graceprdExtFrmDate":null,"graceprdExtToDate":null,"graceprdPrcntWaiver":null,"maxWaiverLimitgraceprd":null,"gstCdCharge":0.0,"gstLateFeeRateFirstYr":18.0,"gstLateFeeRateNextYrs":18.0,"dateOfLaunch":"19/08/2014","beforeLaunch":"N","centralGSTPercentage":50,"discountPeriod":null,"discountPeriodType":null},"eligible":false,"lateFeeRequired":false,"recordId":"S","premiumPayingTerm":18,"policyBenefits":"100000","dueAmount":"364.00","taxExemption":false,"age":"52","eserviceEligible":false,"policyUlip":false,"dateOfLastPayment":"2033-05-28","dateOfMaturity":"2033-06-28","statusShortDesc":"In Force","nav":"For NAV details please contact your Servicing Branch / Customer Zone","altChannelId":"0 ","riderPolicy":false,"minorChild":false,"accountingBookCode":8,"payedPolicy":false,"advancePayedPolicy":false,"lastAccountDate":"2026-04-15","noBonusYears":99,"bonusInfo":{"totalRevBonus":0,"totalInterimBonus":0,"totalFAB":0,"totalGuaranty":0,"totalLoyalty":0,"totalOneTimeBonus":0.00,"messageCode":null,"calulationSheetHTML":"","calulationSheetText":""},"isSpotRevivalAllowed":false,"discountApplicable":false,"advancePaymetEligible":false,"maturitySumAssured":0,"gstInNumber":"null","transactionAllowed":true,"dateOfShowMaturity":"2033-06-28","panFlag":false,"neftFlag":false,"itPan":"","neftStatus":"N","titleCode":"1","premiumGapFlag":false,"dghPolicyFlag":false,"policyExitStatus":false,"serviceRequestFlag":false,"nriGstFlag":false,"fyEndDate":"2027-03-31"},"person":{"policyNo":703332601,"birthDate":"1974-07-12","fullName":"A Mohanasundaram","sex":"M","shortName":"Mohanasundaram A","age":"41","profileMobileNo":null,"profileEmail":null,"profileUnMaskMobileNo":null,"profileUnMaskEmail":null},"address":{"policyNo":703332601,"address1":"S/O A Arjunan","address2":"26a Varuthan St,Rasipuram Po","address3":"Namakkal Dt","addressId":1,"pin":637408},"branch":{"branchCode":"76A ","address1":"LIC OF INDIA 76A","address2":"17B GANDHI ROAD","address3":"SALEM","branchIp":"10.128.42.194","branchName":"LIC of India, Salem North Branch","city":null,"dcCode":"X070","divCode":70,"eaiIndication":"Y","emailId":"BO_76A@LICINDIA.COM","man":null,"odsIndication":"N","pin":null,"state":"null"},"agent":{"agencyCode":"0090976F ","address1":"D/O.K.Jayaraman,Jai Ganesh Lorry","address2":"Service,T.P.Kadu,Moolapallipatty.Po","address3":"Rasipuram.Tk & Namakkal .Dt.","agentName":"J.Renukadevi","birthDate":"1976-03-10","category":2,"city":null,"disabilityCode":1,"enteredDate":"2026-05-12T01:13:13.000+00:00","itaxPanNo":"ANZPR4228B","occupationCode":12,"pin":637406,"qualificationCode":3,"sex":"F"},"nominees":[{"policyNo":703332601,"nomineeAge":33,"nomineeDob":null,"nomineeId":1,"nomineeName":"M SELVAMANI","nomineeRegistrationDate":null,"nomineeRelation":"W","nomineeShare":100,"nomineeStatus":"B"}],"billingInfo":{"policyNumber":"703332601","nameOfAssured":"A Mohanasundaram","planName":"Jeevan Rakshak","plan":827,"mode":"1","premium":364,"sumAssured":100000,"status":null,"firstUnpaidPremiumDate":"2026-04-28","nextFup":null,"dueAmount":"364.00","payedPolicy":false,"noOfDues":1,"eligible":false,"spotRevival":false},"policyContact":{"policyNo":703332601,"dataSource":"B","emailAddress":"null","enteredDate":"2026-05-05T20:00:07.623+00:00","mobileNo":"919442791402","countryCode":null,"telephoneNo":"null","panNo":null},"policyExtra":{"accumTerm":0},"policyAnnuity":null,"userRegistered":"N","assignmentDetails":[],"ulipExtra":{"giveCashAmount":null},"bonusErrorMessage":null,"qpayPolicy":{"policyNumber":"703332601","dob":"12/07/1974","emailId":null,"mobileNo":"9442791402","premium":"364","key":"785023"}}



==== 12/05/2026 07:32:19 - OSTATTUS-RESPONSE-TOKEN ======

U8WeqqZYAVX8XithU7YdfCekO9rybJEaT1spq7zK9G3wR1oT3jtHXy0DuRX1GoSaXHKYziKho4fLfeCExG2cKR/1euSetFcbowDySO+wmTZzv74lzWafUrNOMoOhBerAk+0QZcZsOYtho21rkXvx8awLTZq94U1Ei6yWzAtVP90yiK8Gcga2DQCas6KtSBtmcmvw9VnCr5qbXs/i1QFVXxOxPW2yaWcTHjH4DSORNlTDl1FsjsiVBwAXwRTf6/KJkzs7KG4T5HLQCP/I/6H0i3EIzdLSYqPJz7XXwauR3DzqrhU5gUXRutZAZeG4VGo8R2IjgdgHSA5BePqoNhNMfMeKcwWSMPsT3j6ZgXnAppoayWOkM3GcV8LW9ik2TVexUMuf0KuEPhy32xs9861skMPyS2GHNTRtWhc6KyUj+vk9hFLSgdl8J8fPIG5H7JlMCY8tPhLCPwiOIjnAuktTwaknwwnjN7NZfpP87X85rpjpgzX0APmkyLKH3lxg67Vz1d+EbxtmxEbtZX5kIpUCBVHg5nQ2I9jYNf6Vu8vxREsiqdKBFYYfRex9UcxDcyKiYo0CPe4KjPm0IS71L6kU2T7o4LwbyI7wwyiehZsVC2/y8KVwFar5HhCOUtsIKYcCz2UqV4OzmOg1gDwbngM8pObH51nczmvbUFsWKZuKSjrGObGUv5X19dMHoiW7iavmDThOlfKTgdMVF8BX1P45Ui0Hxtbri4XthSjkqwSbM2e5DMe7cDale1T1z8z7uOu/2o+QJft65jNjZphV6z0GxXGm6yTQuQQni60yy/dbZItC7mI+Yg7cUloHoR7s8SVClPW72reF4iKWsdkJuh41rUZQEcedUeec4U9yPqhK3KHqpdz4hcJRh57ounWiLAU4drypobt22v7FZrEI8NzK/mYHFyCRidlEwc9eLgySu4FTJntkaJ9ZgbM3B12tgIEnnJYAb7tgrI6Fn73JWRGrA43u2wBS2y2GsKDs5xEWMcKVmDtjTdIIoxNTv3z9Zi20Bt7GrPGQhSSui5GZleUxsytDji0qcKX6iPECTQmiCikN7nrTUtA1gfFTM6/KJG7TrnItDcov4p00Y2F4HzdeUT3GUKxk2I2TQMa0NyyRi8Tz3I9DTqeqSasz+0pugdgIOtXbZEUDfwugw5LDkMINXlz+cInJTOl86oN3vZevSDOIMgAiFz0dhuu08PzYZKplNznUKs7oldkCoN7V6gX6bpLRo31hDAVT2jGCAb1ym/pEbZ2WnbcHdg6yAqGy4L8wEHOJ7VgO2MEf2/cROYQ8usUeVB01wd51wH8bROSGX1Im/1mgUClODmutT3t8XM+gYt7fOVR/gqiksQeCFz4CoMSPXBdfmL5PNXT4NtwLfR9RFkqPY/h5ly9DKB1Cfw7P1dpeohQodAyzjWnL1aHO8irCmdCwAZAaidPPCysYd0zAWddiXLLTTeP2e+auIVxM/nN6oJlh6YbsN9Ttnp+A/CAZz9y/lZxgvTTqRQ2UGBXDDPVfh1E4wUtYkhpH90tymtZR8+HRS/V6+vsP7JoPdF+7HvHude5mCyRd12myxZbsSjLe12tl54tqW3MYj5tF6v5nm8ttApqxINQ4FpXnKfseLM20/NQ0IApptwl2ZYaIKNzwJ/xbeTW4v63y7eaETf4LT2sn9sQqeMU1EUmG+Vs+mhdOD+yWxStTtNC3dwd/3pwYBkf4ra/zVP75MHnWi1Kx026Q+wVaV4hMVUpUTa/O1UVgfvzP6ViJrcTtBcu0gibFChhRCcEFaJ7FRNWZX9QYkeHuzLcg7l3ibOoTSXBy4ae2yHGLrxpVgKTgWaPCkwBBkA+thzgMD6SatkWJV3l8YucY3Or7p69xRF6F7W+8ZjtL8JSKifcDxou+hqYirsuAO4OFK/YgDYfWaFlLySl31Y1b0Rx40zOm6OAjrJRjwJiW7rmXGzhH8UNNUyfImO0snAolGi13rgLh55QuxDyHcKKr9yOEZgw=



==== 12/05/2026 07:32:19 - OSTATTUS-RESPONSE-TOKEN ======

eyJhbGciOiJIUzUxMiJ9.eyJzdWIiOiJJREFNMjQwMTIwMjQxMTEyMjg2MSIsImFnZW5jeV9jb2RlIjpudWxsLCJjcmVhdGVkIjoxNzc4NTUwNjE2ODY2LCJhY2Nlc3NfY29kZSI6ImV5SmhiR2NpT2lKU1V6STFOaUlzSW5SNWNDSTZJa3BYVkNKOS5leUp6ZFdJaU9pSkpSRUZOTWpRd01USXdNalF4TVRFeU1qZzJNU0lzSW1adVlXMWxJam9pVTFWQ1NFRlRJRk5CUzFKRlVGQkJJRk5CVGtkQlZFa2lMQ0oxYzJWeWMzUmhkSFZ6SWpvaU1TSXNJbVZ1ZEdsMGVXeHBjM1FpT2xzaVRFbERYME5WVTFSUFRVVlNYMUJQVWxSQlRDSmRMQ0p5YjJ4bGN5STZXeUpFVHlKZExDSnBjM01pT2lKQlVsZ2lMQ0p0YjJKcGJHVWlPaUk1T1RBeE5qSXpNRGsySWl3aVlYVmtJam9pWkdWbVlYVnNkQ0lzSW14dVlXMWxJam9pVTFWQ1NFRlRJRk5CUzFKRlVGQkJJRk5CVGtkQlZFa2lMQ0oxYzJWeVZIbHdaU0k2SWpFaUxDSmxlSEFpT2pFM056ZzFOemt6TkRZc0ltbGhkQ0k2TVRjM09EVTFNRFUwTml3aWFuUnBJam9pT1RKbFpHSmpNekF0WW1GaU9DMDBZbUU0TFRreVpEVXRPV0l6TVRZeE5ESXhOR1kySWl3aVpXNTBhWFI1SWpvaVRFbERYME5WVTFSUFRVVlNYMUJQVWxSQlRDSXNJbVZ0WVdsc0lqb2ljM056WVc1bllYUnBNakkxUUd4cFkybHVaR2xoTG1OdmJTSjkuR1oycnhnaE05MlhiQ3BHbVB3NFRDTWp4cXNCMFdjQkhYOVRxRnlDaUdXWVlwQ2V3c2JHWjFZQXEyaXhmLW8tZi1ybzk1VDJ0SkRMc0tsbFk1a3R0ellBUmlNcEdUV2MzSTgtTU9QejBfeG5WYlBxUjdVbnpTaXRMRm5LVEVRYmVfRG05cXI4eGxxaldkNk9YSmZsbUR3aEt3azctdG1qSUpfTUozdldFUkotREJlOUI4S3FwTktmM1RxWGVHSkh1ZVctWWlTN0ZOVmFtMHpyNDM1UmlObG1WdVIzSUh1VzRMZ2czZmZTVXJjSF9EV3pDLTJrXzFFanFUUFA3dGZ0djdnVTc0UGpDcS13Z014VldBb1ZmYWZqN0dVbnRtN3Z0LVNsQWJFNHBBT3F0dHlTazI0R2U1akh6cHNIYlpVZGpYbjNBaE1xMExjb1FLVlZ1a2V0NDdRIiwicm9sZXMiOlsiRE8iXSwiY2xpZW50SXAiOm51bGwsImVudGl0bGVtZW50IjpbXX0.6LLginw2EnoqMQft2oKSYT56zpy5HWV9qCnUbcRgLj6Y4zTFW42zsujtSAf3J7ICr1BTmXNMWZMny9VM1q_20A



==== 12/05/2026 07:32:19 - POST-URL ======

https://ebizapp01.licindia.in/BFFService/policy/policyInfo?_dc=1778551339467



==== 12/05/2026 07:32:20 - POST-URL ======

{"confirmationId":null,"status":"200","resultInfoList":null,"count":0,"policy":{"policyNumber":"709807139","planName":"Aadhaar Stambh","mode":"3","noOfDues":1,"premium":"1460.00","commenceDate":"2017-07-19","nameOfAssured":"A Subramani","agencyCode":"0090976F ","developmentOfficerCode":"315076","plan":"843","policyTerm":"16","firstUnpaidPremiumDate":"2026-04-19","cdCharge":"0","serviceBranch":"76F ","sumAssured":"100000","policyStatus":"21","dob":"1964-04-05","ageAtEntry":53,"planDetails":{"plan":843,"planType":null,"planDesc":null,"premiumDueDuration":6,"premiumDueDurationType":"M","payPremiumAdvance":30,"payPremiumAdvanceType":"D","gracePeriod":1,"gracePeriodType":"M","serviceTaxRateFirstYr":4.5,"serviceTaxRateNextYrs":2.25,"serviceTaxRateEduCess":null,"topUpAllowed":null,"multiplyTopupAmt":null,"topupLimitCriteria":null,"topupNoPayBefMaturity":null,"planCategory":null,"freeCoverCond":null,"freeCoverFUP":null,"campaignStartDate":"2026-01-01","campaignEndDate":"2026-03-02","percentageofwaiver":30.0,"maxLimitofwaiver":3000.0,"waiversAllowedNum":1,"lateFeeWaiverInd":"Y","discountPercentFirstYr":null,"discountPercentSecondYr":null,"discountPercentThirdYr":null,"discountPercentSubYr":null,"discountFromDate":null,"discountToDate":null,"maxLimitWaiverFstYr":null,"maxLimitWaiverScndYr":null,"maxLimitWaiverThirdYr":null,"maxLimitWaiverSubYr":null,"discountParameter":null,"graceprdExtFlag":null,"graceprdExtFrmDate":null,"graceprdExtToDate":null,"graceprdPrcntWaiver":null,"maxWaiverLimitgraceprd":null,"gstCdCharge":0.0,"gstLateFeeRateFirstYr":18.0,"gstLateFeeRateNextYrs":18.0,"dateOfLaunch":"24/04/2017","beforeLaunch":"N","centralGSTPercentage":50,"discountPeriod":null,"discountPeriodType":null},"eligible":true,"lateFeeRequired":false,"recordId":"O","premiumPayingTerm":16,"policyBenefits":"100000","dueAmount":"1460.00","taxExemption":false,"age":"62","eserviceEligible":false,"policyUlip":false,"dateOfLastPayment":"2033-04-19","dateOfMaturity":"2033-07-19","statusShortDesc":"In Force","nav":"For NAV details please contact your Servicing Branch / Customer Zone","altChannelId":"0 ","riderPolicy":false,"minorChild":false,"accountingBookCode":1,"payedPolicy":false,"advancePayedPolicy":false,"lastAccountDate":"2025-12-30","noBonusYears":99,"bonusInfo":{"totalRevBonus":0,"totalInterimBonus":0,"totalFAB":0,"totalGuaranty":0,"totalLoyalty":500,"totalOneTimeBonus":0.00,"messageCode":null,"calulationSheetHTML":"<tr class=grey-bg><td> Valuation Year   </td><td> 2025</td></tr><tr class=grey-bg><td> Sum Assured      </td><td> 100000</td></tr><tr class=grey-bg><td> Term             </td><td> 8</td></tr><tr class=grey-bg><td> Rate             </td><td> 5</td></tr><tr class=grey-bg><td> Loyalty Addition </td><td> 500</td></tr><tr class=grey-bg><td> ---------------------------------------------</td></tr><tr class=grey-bg><td>\r\n ----------------------\r\n</td></tr></table>","calulationSheetText":" Valuation Year   : 2025\r\n Sum Assured      : 100000\r\n Term             : 8\r\n Rate             : 5\r\n Loyalty Addition : 500\r\n---------------------------------------------\r\n\r\n ----------------------\r\n"},"isSpotRevivalAllowed":false,"discountApplicable":false,"advancePaymetEligible":false,"maturitySumAssured":0,"gstInNumber":"null","transactionAllowed":true,"dateOfShowMaturity":"2033-07-19","panFlag":false,"neftFlag":false,"itPan":"","neftStatus":"N","titleCode":"1","premiumGapFlag":false,"dghPolicyFlag":false,"policyExitStatus":false,"serviceRequestFlag":false,"nriGstFlag":false,"fyEndDate":"2027-03-31"},"person":{"policyNo":709807139,"birthDate":"1964-04-05","fullName":"A Subramani","sex":"M","shortName":"Subramani A","age":"53","profileMobileNo":null,"profileEmail":null,"profileUnMaskMobileNo":null,"profileUnMaskEmail":null},"address":{"policyNo":709807139,"address1":"S/O V Alagar","address2":"1/393 Vip Nagar","address3":"Muthukalipatty Po Rasipuram Tk","addressId":1,"pin":637401},"branch":{"branchCode":"76F ","address1":"LIC OF INDIA - 76F","address2":"NAMAKKAL ROAD","address3":"RASIPURAM","branchIp":"10.128.42.194","branchName":"LIC of India, Rasipuram Br Office","city":null,"dcCode":"X070","divCode":70,"eaiIndication":"Y","emailId":"BO_76F@LICINDIA.COM","man":null,"odsIndication":"N","pin":null,"state":"null"},"agent":{"agencyCode":"0090976F ","address1":"D/O.K.Jayaraman,Jai Ganesh Lorry","address2":"Service,T.P.Kadu,Moolapallipatty.Po","address3":"Rasipuram.Tk & Namakkal .Dt.","agentName":"J.Renukadevi","birthDate":"1976-03-10","category":2,"city":null,"disabilityCode":1,"enteredDate":"2026-05-12T01:13:13.000+00:00","itaxPanNo":"ANZPR4228B","occupationCode":12,"pin":637406,"qualificationCode":3,"sex":"F"},"nominees":[{"policyNo":709807139,"nomineeAge":50,"nomineeDob":null,"nomineeId":1,"nomineeName":"A KRISHNAVENI","nomineeRegistrationDate":null,"nomineeRelation":"W","nomineeShare":100,"nomineeStatus":"B"}],"billingInfo":{"policyNumber":"709807139","nameOfAssured":"A Subramani","planName":"Aadhaar Stambh","plan":843,"mode":"3","premium":1460,"sumAssured":100000,"status":null,"firstUnpaidPremiumDate":"2026-04-19","nextFup":null,"dueAmount":"1460.00","payedPolicy":false,"noOfDues":1,"eligible":true,"spotRevival":false},"policyContact":{"policyNo":709807139,"dataSource":"B","emailAddress":"jeyalingam123@yahoo.co.in               ","enteredDate":"2025-12-31T20:00:15.059+00:00","mobileNo":"919789770287","countryCode":null,"telephoneNo":"null","panNo":null},"policyExtra":{"accumTerm":0},"policyAnnuity":null,"userRegistered":"N","assignmentDetails":[],"ulipExtra":{"giveCashAmount":null},"bonusErrorMessage":null,"qpayPolicy":{"policyNumber":"709807139","dob":"05/04/1964","emailId":"jeyalingam123@yahoo.co.in","mobileNo":"9789770287","premium":"1460","key":"337023"}}



==== 12/05/2026 07:32:35 - OSTATTUS-RESPONSE-TOKEN ======

EzY/0rPofquPtHXh6r1suOtixpUwnUBcaQf+bwtovofO31wbJbf3gCLC6GiG2lGjPtXn17Wllpw8zbbCXcV5w0JC8DQZMFCI5WxtayNeYSxBNO7TLe/vh6Nr1zsflNIMRevsz7ImxWqrEbQDIn1qMyzWe9eX0jzTLLJMwtrVo6QPYXXlwHCK4jmv4EeTD1XmgwzV1mimoOhK02ml86R5ucfRAGPorQcavkqTRIVzaxk9U1Say+Yy6l8b6wFYQLIpzPw4e9gppfUwl4AlILU7GG6H6LfCyd/gk+5h8E2MStN74wrkh8GnhO7ahLNB5c5xqS7BBqhcBMwmcB3YQxcAGt1vAKqWiYKh2g2XXYlt9Lci12ONnd8UFBaMXJqWB1QrpU1VHPjxEqEakZGllOrFuQVtVDIZRU4NZ3nAPWL0kLVjYMrsNr4lwtAmjCrsFV/0YxnCDHKWMu7o+jL4Led1wfBW/47uAp5kaKZYCPNL8cuaJ3mtuiTA1kpWl5lliSgZk0M/7qMy0yo+DjBNanye6NRARpM08XwtVGen9SS/8VdmvV2TynRBP4sNk8xN4WSiNMLdDHvw2w6AWpuueGG2MT83ck5mfR+RNkCdKlbikPS7RInTLrRuicMs0EaUJcvnSlE4ACPgwFdZwd8KBdUUKQ3zw2K7BzH7mlAA4fwzz5cuLt6VxFnlA9Y/XEfma9j2cEBzEakaAw9UwXZZRpW74hUjYpyatVChV9IMafGABrmZpyQbFV0BjCe30KVnHKheoZhu0QRYn1B8s+5u7rC+z9bB0njoLOO4sV/Wt4hHaE2o9NZwEKHwbnL2GBN4aobmX2LaKaAhRh1CMFIvSXuZxmKNUMlGSwX7eOBx1kCh1FculDbTSEL18baBYNTgovBcFW7w+tzHuQAMlaVNy1XAx3OwHK2rg3Y1eIcAH0tRqsi7IJOoBVoRq7CnwBFf8jSEeHOATCW9mY3uNs40gk0D1dhtIAemtcHpMcziPc89xqH42TyPyPXKiKdfOp5XMDeSEZM4ASqMpNHB+Y+9eGZJ6++T3HnfbWpvW0cxVT63xP30Y5merbhn8m263otSwSXpH9dvX4xP1bkRPO6rZpyXkzWbWIiFKiab6PBepIX6okwYMNijFqNmqxsmndnIGKCCqmib73oDgzla/6UAAgDUyqTkdQtpkiMCUjMRmZ2o+SniE0iH30mYuJfSFDePB7evgIrPSh00W7j/s+7abXdWdPuvPupRQKV16UuQec1upklP4ofgUJiOCvnXMcQUOJwsIiuLD7s8V7Q0U/xiRayZxlIijtkckzOCyKLxL01OKoOndyDkf81zE9J7AW3mR0Yjes323+128G1diDeqwZKxpvDjHAY6nql8OldY4xfwnKjO1PEEuqgOhNzUFJZFkdz1HlMUJpK6ZdR/Anan8CQIJke7UhIGZnb3kRRmRAqvVI3q7ltsrcTsSQD6yR47/LlNreCfrP6kW3axhvPPtR8RPOu0SyzETFiODnlxZGI0tpf549jliWFt7PTcmSSOD/jfMcQVtXOBF3qjAIVQiLbhiw1SkD9zKkSaEO1sJyN8zLpZGYHHh0bjbHbt4rCR4Z5YIjR8Qhg3Oh6Xn0NPcMzgUC2rhDqt6v10+BDb93uI2B2/CdX1VoQIhM/GShy83NAvMPw7mtmLUKMh1vggbg9PQwN+r0aGKXkDcK0W4pY4x/vvOg97d1May9bh0gj9Oghxgh+fd8R9HGBO8qXcojzDvHBbUwsylZ68eU5aZpNiDlT6MToeQzJUZn4AJ/EJi4dABHwDuYfzZxM1+F4vlNkGf+oPNwKUh496wbxeM1UhZ0Ksh6L8++Y6vy/Fahsx7aVC0IMBfotqYrAY3Yt5q/xGAU1iMqATxHDzaNFTsW/F/tG2u8lugFDbuPA7JuqVfkDNCv7I6kZljWRxJSSMbo44XkdCY3tsCdDeEY5IYfl7RsHEF5gEHavqTB3nfVrVWWro/icWY5+68qJTcOY=



==== 12/05/2026 07:32:35 - OSTATTUS-RESPONSE-TOKEN ======

eyJhbGciOiJIUzUxMiJ9.eyJzdWIiOiJJREFNMjQwMTIwMjQxMTEyMjg2MSIsImFnZW5jeV9jb2RlIjpudWxsLCJjcmVhdGVkIjoxNzc4NTUwNjE2ODY2LCJhY2Nlc3NfY29kZSI6ImV5SmhiR2NpT2lKU1V6STFOaUlzSW5SNWNDSTZJa3BYVkNKOS5leUp6ZFdJaU9pSkpSRUZOTWpRd01USXdNalF4TVRFeU1qZzJNU0lzSW1adVlXMWxJam9pVTFWQ1NFRlRJRk5CUzFKRlVGQkJJRk5CVGtkQlZFa2lMQ0oxYzJWeWMzUmhkSFZ6SWpvaU1TSXNJbVZ1ZEdsMGVXeHBjM1FpT2xzaVRFbERYME5WVTFSUFRVVlNYMUJQVWxSQlRDSmRMQ0p5YjJ4bGN5STZXeUpFVHlKZExDSnBjM01pT2lKQlVsZ2lMQ0p0YjJKcGJHVWlPaUk1T1RBeE5qSXpNRGsySWl3aVlYVmtJam9pWkdWbVlYVnNkQ0lzSW14dVlXMWxJam9pVTFWQ1NFRlRJRk5CUzFKRlVGQkJJRk5CVGtkQlZFa2lMQ0oxYzJWeVZIbHdaU0k2SWpFaUxDSmxlSEFpT2pFM056ZzFOemt6TkRZc0ltbGhkQ0k2TVRjM09EVTFNRFUwTml3aWFuUnBJam9pT1RKbFpHSmpNekF0WW1GaU9DMDBZbUU0TFRreVpEVXRPV0l6TVRZeE5ESXhOR1kySWl3aVpXNTBhWFI1SWpvaVRFbERYME5WVTFSUFRVVlNYMUJQVWxSQlRDSXNJbVZ0WVdsc0lqb2ljM056WVc1bllYUnBNakkxUUd4cFkybHVaR2xoTG1OdmJTSjkuR1oycnhnaE05MlhiQ3BHbVB3NFRDTWp4cXNCMFdjQkhYOVRxRnlDaUdXWVlwQ2V3c2JHWjFZQXEyaXhmLW8tZi1ybzk1VDJ0SkRMc0tsbFk1a3R0ellBUmlNcEdUV2MzSTgtTU9QejBfeG5WYlBxUjdVbnpTaXRMRm5LVEVRYmVfRG05cXI4eGxxaldkNk9YSmZsbUR3aEt3azctdG1qSUpfTUozdldFUkotREJlOUI4S3FwTktmM1RxWGVHSkh1ZVctWWlTN0ZOVmFtMHpyNDM1UmlObG1WdVIzSUh1VzRMZ2czZmZTVXJjSF9EV3pDLTJrXzFFanFUUFA3dGZ0djdnVTc0UGpDcS13Z014VldBb1ZmYWZqN0dVbnRtN3Z0LVNsQWJFNHBBT3F0dHlTazI0R2U1akh6cHNIYlpVZGpYbjNBaE1xMExjb1FLVlZ1a2V0NDdRIiwicm9sZXMiOlsiRE8iXSwiY2xpZW50SXAiOm51bGwsImVudGl0bGVtZW50IjpbXX0.6LLginw2EnoqMQft2oKSYT56zpy5HWV9qCnUbcRgLj6Y4zTFW42zsujtSAf3J7ICr1BTmXNMWZMny9VM1q_20A



==== 12/05/2026 07:32:35 - POST-URL ======

https://ebizapp01.licindia.in/BFFService/policy/policyInfo?_dc=1778551355753



==== 12/05/2026 07:32:36 - POST-URL ======

{"confirmationId":null,"status":"200","resultInfoList":null,"count":0,"policy":{"policyNumber":"703332669","planName":"New Money Back Plan - 25 Years","mode":"1","noOfDues":1,"premium":"1032.00","commenceDate":"2016-01-07","nameOfAssured":"B Jayanthi","agencyCode":"0090976F ","developmentOfficerCode":"315076","plan":"821","policyTerm":"25","firstUnpaidPremiumDate":"2026-05-07","cdCharge":"0","serviceBranch":"76F ","sumAssured":"200000","policyStatus":"21","dob":"1982-06-20","ageAtEntry":34,"planDetails":{"plan":821,"planType":null,"planDesc":null,"premiumDueDuration":6,"premiumDueDurationType":"M","payPremiumAdvance":30,"payPremiumAdvanceType":"D","gracePeriod":15,"gracePeriodType":"D","serviceTaxRateFirstYr":4.5,"serviceTaxRateNextYrs":2.25,"serviceTaxRateEduCess":0.0,"topUpAllowed":null,"multiplyTopupAmt":null,"topupLimitCriteria":null,"topupNoPayBefMaturity":null,"planCategory":"NORM","freeCoverCond":null,"freeCoverFUP":null,"campaignStartDate":"2026-01-01","campaignEndDate":"2026-03-02","percentageofwaiver":30.0,"maxLimitofwaiver":3000.0,"waiversAllowedNum":1,"lateFeeWaiverInd":"Y","discountPercentFirstYr":null,"discountPercentSecondYr":null,"discountPercentThirdYr":null,"discountPercentSubYr":null,"discountFromDate":null,"discountToDate":null,"maxLimitWaiverFstYr":null,"maxLimitWaiverScndYr":null,"maxLimitWaiverThirdYr":null,"maxLimitWaiverSubYr":null,"discountParameter":null,"graceprdExtFlag":null,"graceprdExtFrmDate":null,"graceprdExtToDate":null,"graceprdPrcntWaiver":null,"maxWaiverLimitgraceprd":null,"gstCdCharge":0.0,"gstLateFeeRateFirstYr":18.0,"gstLateFeeRateNextYrs":18.0,"dateOfLaunch":"01/06/2014","beforeLaunch":"N","centralGSTPercentage":50,"discountPeriod":null,"discountPeriodType":null},"eligible":false,"lateFeeRequired":false,"recordId":"S","premiumPayingTerm":20,"policyBenefits":"200000","dueAmount":"1032.00","taxExemption":false,"age":"44","eserviceEligible":false,"policyUlip":false,"dateOfLastPayment":"2035-12-07","dateOfMaturity":"2041-01-07","statusShortDesc":"In Force","nav":"For NAV details please contact your Servicing Branch / Customer Zone","altChannelId":"0 ","riderPolicy":false,"minorChild":false,"accountingBookCode":8,"payedPolicy":false,"advancePayedPolicy":false,"lastAccountDate":"2026-05-08","noBonusYears":0,"bonusInfo":{"totalRevBonus":85400,"totalInterimBonus":2733,"totalFAB":0,"totalGuaranty":0,"totalLoyalty":0,"totalOneTimeBonus":0.00,"messageCode":null,"calulationSheetHTML":"<table border=1><tr class=grey-bg><td>From</td><td>Upto</td><td>Year</td><td>Type</td><td>Factor</td><td>Rate</td><td>Bonus </td></tr><tr class=grey-bg><td>2016-01-07</td><td>2017-01-07</td><td>2016</td><td>V</td><td>1.0</td><td>49.00</td><td>8800.00</td></tr><tr class=grey-bg><td>2016-01-07</td><td>2017-01-07</td><td>2016</td><td>O</td><td>1.0</td><td>5.00</td><td>1000.00</td></tr><tr class=grey-bg><td>2017-01-07</td><td>2018-01-07</td><td>2017</td><td>V</td><td>1.0</td><td>44.00</td><td>8800.00</td></tr><tr class=grey-bg><td>2018-01-07</td><td>2019-01-07</td><td>2018</td><td>V</td><td>1.0</td><td>44.00</td><td>8800.00</td></tr><tr class=grey-bg><td>2019-01-07</td><td>2020-01-07</td><td>2019</td><td>V</td><td>1.0</td><td>44.00</td><td>8800.00</td></tr><tr class=grey-bg><td>2020-01-07</td><td>2021-01-07</td><td>2020</td><td>V</td><td>1.0</td><td>41.00</td><td>8200.00</td></tr><tr class=grey-bg><td>2021-01-07</td><td>2022-01-07</td><td>2021</td><td>V</td><td>1.0</td><td>41.00</td><td>8200.00</td></tr><tr class=grey-bg><td>2022-01-07</td><td>2023-01-07</td><td>2022</td><td>V</td><td>1.0</td><td>41.00</td><td>8200.00</td></tr><tr class=grey-bg><td>2023-01-07</td><td>2024-01-07</td><td>2023</td><td>V</td><td>1.0</td><td>41.00</td><td>8200.00</td></tr><tr class=grey-bg><td>2024-01-07</td><td>2025-01-07</td><td>2024</td><td>V</td><td>1.0</td><td>41.00</td><td>8200.00</td></tr><tr class=grey-bg><td>2025-01-07</td><td>2026-01-07</td><td>2025</td><td>V</td><td>1.0</td><td>41.00</td><td>8200.00</td></tr><tr class=grey-bg><td>2026-01-07</td><td>2026-05-07</td><td>2025</td><td>I</td><td>0.3333333333333333</td><td>41.00</td><td>2733.33</td></tr><tr class=grey-bg><td colspan=7>Total Rev Bonus : 85400.00   Total Interim Bonus : 2733.33</td></tr></table> ","calulationSheetText":"From        Upto        Year Type Factor  Rate     Bonus \r\n2016-01-07  2017-01-07  2016  V     1.0   49.00    8800.00\r\n2016-01-07  2017-01-07  2016  O     1.0   5.00    1000.00\r\n2017-01-07  2018-01-07  2017  V     1.0   44.00    8800.00\r\n2018-01-07  2019-01-07  2018  V     1.0   44.00    8800.00\r\n2019-01-07  2020-01-07  2019  V     1.0   44.00    8800.00\r\n2020-01-07  2021-01-07  2020  V     1.0   41.00    8200.00\r\n2021-01-07  2022-01-07  2021  V     1.0   41.00    8200.00\r\n2022-01-07  2023-01-07  2022  V     1.0   41.00    8200.00\r\n2023-01-07  2024-01-07  2023  V     1.0   41.00    8200.00\r\n2024-01-07  2025-01-07  2024  V     1.0   41.00    8200.00\r\n2025-01-07  2026-01-07  2025  V     1.0   41.00    8200.00\r\n2026-01-07  2026-05-07  2025  I     0.3333333333333333   41.00    2733.33\r\n   Total Rev Bonus : 85400.00   Total Interim Bonus : 2733.33\r\n "},"isSpotRevivalAllowed":false,"discountApplicable":false,"advancePaymetEligible":false,"maturitySumAssured":0,"gstInNumber":"null","transactionAllowed":true,"dateOfShowMaturity":"2041-01-07","panFlag":false,"neftFlag":true,"itPan":"","neftStatus":"Y","titleCode":"A","premiumGapFlag":false,"dghPolicyFlag":false,"policyExitStatus":false,"serviceRequestFlag":false,"nriGstFlag":false,"fyEndDate":"2027-03-31"},"person":{"policyNo":703332669,"birthDate":"1982-06-20","fullName":"B Jayanthi","sex":"F","shortName":"Jayanthi B","age":"34","profileMobileNo":null,"profileEmail":null,"profileUnMaskMobileNo":null,"profileUnMaskEmail":null},"address":{"policyNo":703332669,"address1":"W/O.Sivakumar","address2":"C/O.P.U.M.School,Namagiripet.Po,","address3":"Rasipuram.Tk, Namakkal.Dt","addressId":1,"pin":637406},"branch":{"branchCode":"76F ","address1":"LIC OF INDIA - 76F","address2":"NAMAKKAL ROAD","address3":"RASIPURAM","branchIp":"10.128.42.194","branchName":"LIC of India, Rasipuram Br Office","city":null,"dcCode":"X070","divCode":70,"eaiIndication":"Y","emailId":"BO_76F@LICINDIA.COM","man":null,"odsIndication":"N","pin":null,"state":"null"},"agent":{"agencyCode":"0090976F ","address1":"D/O.K.Jayaraman,Jai Ganesh Lorry","address2":"Service,T.P.Kadu,Moolapallipatty.Po","address3":"Rasipuram.Tk & Namakkal .Dt.","agentName":"J.Renukadevi","birthDate":"1976-03-10","category":2,"city":null,"disabilityCode":1,"enteredDate":"2026-05-12T01:13:13.000+00:00","itaxPanNo":"ANZPR4228B","occupationCode":12,"pin":637406,"qualificationCode":3,"sex":"F"},"nominees":[{"policyNo":703332669,"nomineeAge":9,"nomineeDob":null,"nomineeId":1,"nomineeName":"Prithive Suriya","nomineeRegistrationDate":null,"nomineeRelation":"S","nomineeShare":0,"nomineeStatus":"B"},{"policyNo":703332669,"nomineeAge":4,"nomineeDob":null,"nomineeId":2,"nomineeName":"Siddarth","nomineeRegistrationDate":null,"nomineeRelation":"S","nomineeShare":0,"nomineeStatus":"B"}],"billingInfo":{"policyNumber":"703332669","nameOfAssured":"B Jayanthi","planName":"New Money Back Plan - 25 Years","plan":821,"mode":"1","premium":1032,"sumAssured":200000,"status":null,"firstUnpaidPremiumDate":"2026-05-07","nextFup":null,"dueAmount":"1032.00","payedPolicy":false,"noOfDues":1,"eligible":false,"spotRevival":false},"policyContact":{"policyNo":703332669,"dataSource":"B","emailAddress":"priyahithesh@gmail.com                  ","enteredDate":"2026-05-09T20:00:07.262+00:00","mobileNo":"919080588877","countryCode":null,"telephoneNo":"null","panNo":null},"policyExtra":{"accumTerm":0},"policyAnnuity":null,"userRegistered":"N","assignmentDetails":[],"ulipExtra":{"giveCashAmount":null},"bonusErrorMessage":null,"qpayPolicy":{"policyNumber":"703332669","dob":"20/06/1982","emailId":"priyahithesh@gmail.com","mobileNo":"9080588877","premium":"1032","key":"327039"}}



==== 12/05/2026 07:32:51 - OSTATTUS-RESPONSE-TOKEN ======

+X0FIdGRbMvzPfLX3/MP4W7iAkzfNTIyC4Z/BRqwumKQhPDtmt6LzTd5Z+0rzGBLvW3XbBvpR/bFXgz+EcMtBlEkhY8DSPmjCRNnHmfZJYbYO33AWa+++h/zBkvQYX5bpvQUs+GaeXwl7KMPA/1WoeHE0VjtNfl31sokUMIV/Pdo/NhvWSqHiJAqoCBsRtloe9/Ti6R8Aq8uaSOhZrU7Pnv76zHuUkOf2bVmWCVXrobZJ1wPjs8TqYtMG7cBojb8+u5x3nGX0/ZyTMCeOsH0eVwBV2U3iCYQzAXldzioBQlnzHaFSZSnEuSWWEsHtnwGP7o8ptmuvi2KG/FCLH4OlMaDdJYVYH42Zjh2XCgihX0Z0lfX2JbByZwctGtwK8XSr+NE5K6Mp2Yj8q0dzXaoFfsjVjc/IiXG3SB6r+dVNMutZudTX/8NAUT6P9VntmeNIfycTpnTzi3dhW936Yz/YpBEVKiHzMd4PsWEsiTwo8UpW0Ncr7kcXqB06AvO/qyIHn96tnGPU4yC+/wyQK9LQaWOfaBZZZ/kJOoneIYzROs5MhY1p1J9tUoiKN90r6b4zdcliWFw93mRYlUkNdxOYyxuexr+dQ6JlllEBS5nL4SMJmf9mxtJ3gx8/aywAM8b0xEoDVWgCg3eIneb52S7HqyzQlH+xII9S1HeuEoutyJ0zi/GoNRxUhYe269QDofZxiIhtXnT0M7L6IkVS76FT4ZgWJFaYr19qQcOoOP+V4t+xordeYHlgGo9POC6sHvLCMNVrqsCfcMg5r79QG+hCFDeKRqOnC5crNx8mvE9G1zopowSe9FkDLMD2dp/MBsXnvQAas4XL9mjoH8uFHyDLlOsfxMjCppAa5nraKYMtrEPdYP/B82cCqeZw5n9xEhBbl6SSRM2elxDUT+Ploi+t+ryTqIlFFi6BnE5mRgK0kEPGbw7/pyWsd/TH7kWdAeiiewDfkvIjVGL8ejr+M3y1Y5lkf5UoJNVY/JBjrspraZiZzKUn99UXXc06E3l7lWIvAjBGXNMAH0Q09Ewi4V2Xtq6rfATsh0zJ11uwBJ19RoZm9K0HXUQJRVGcy/BU6L3fbsTnsxKFhr++UKXEwjZgP2qyVTVZXRiVbazHEiOzy5tb8qYw30S3X/6wIa7F6lluqrs5b7tvb5F7cYSldq/LCPSUWqi6MAwHmd08R3d01KNFc2NAQJEDPNhePCakqKxp3rJP1IaylyJk8BksAVlhEFpB6T3S/PIfc6d7E6qxVblE9RJZcmp8BAh1m2jzXfKRSjrm24s5Yo2h3k7xsjDonjvUHPEdHpbBdl6oa5UMMo4tBTXDtMCbNd/STx9a807cf6+94XPTvtpL/sTwjdPSCqB2ABOhCFI32ntC6qf1afCvcyTtwNThrcSU5CCYZR/JLWYWmgarPyoJ7Djwjbm+LorNgG+Tdt4NE145m2Jm6aQNL1cX0aL1klEJhF6PBFN1aYb5XEiWCCBKMCu0gsxJCPfkZ+/6+R2iWajrCgVkEUYlslo9jf1TqQiy/KJAaxXiBFmdchK4Q66lP4k12xhUaCG9OPZlbRgielm7sjPkVkv4mgfTlfmTZDdvTMEu2xI9o9oDXYIbE4EF2H08ArzZloFFomqLMptRkCwJbSADszqVt3msdhqDwuzg5Kv+vlU3f36G/e6N8BuSIVK/HhcVgVWrag5OVDi+gnWsB9BIGSWX4mxxhdgDuuxxsDAvfG4KsLemoMHJgPgrzzik6rfODYptow8UzIJbuaYRttfb1wRgBlZYNWaWzFtwCF6SuB+RPWgmo1sL2U2Vw0VOdAH1I1jU823KP0z/SwgKLBqUxpGTa/f2r0psdDVkpheCrU6iphcxQsjiDQXjdyP3JkaelHT1H/TbnEZWo6zOwZmkxCZdLEC1H7VPUM1765NpLHHx3/R7PRDCFVoCHAjb1B6pIKAGgKHhPXqJAwFQrD799hSLwtWAckRADfvY+YtvgMSE5bWE8dxMxZEhnU=



==== 12/05/2026 07:32:51 - OSTATTUS-RESPONSE-TOKEN ======

eyJhbGciOiJIUzUxMiJ9.eyJzdWIiOiJJREFNMjQwMTIwMjQxMTEyMjg2MSIsImFnZW5jeV9jb2RlIjpudWxsLCJjcmVhdGVkIjoxNzc4NTUwNjE2ODY2LCJhY2Nlc3NfY29kZSI6ImV5SmhiR2NpT2lKU1V6STFOaUlzSW5SNWNDSTZJa3BYVkNKOS5leUp6ZFdJaU9pSkpSRUZOTWpRd01USXdNalF4TVRFeU1qZzJNU0lzSW1adVlXMWxJam9pVTFWQ1NFRlRJRk5CUzFKRlVGQkJJRk5CVGtkQlZFa2lMQ0oxYzJWeWMzUmhkSFZ6SWpvaU1TSXNJbVZ1ZEdsMGVXeHBjM1FpT2xzaVRFbERYME5WVTFSUFRVVlNYMUJQVWxSQlRDSmRMQ0p5YjJ4bGN5STZXeUpFVHlKZExDSnBjM01pT2lKQlVsZ2lMQ0p0YjJKcGJHVWlPaUk1T1RBeE5qSXpNRGsySWl3aVlYVmtJam9pWkdWbVlYVnNkQ0lzSW14dVlXMWxJam9pVTFWQ1NFRlRJRk5CUzFKRlVGQkJJRk5CVGtkQlZFa2lMQ0oxYzJWeVZIbHdaU0k2SWpFaUxDSmxlSEFpT2pFM056ZzFOemt6TkRZc0ltbGhkQ0k2TVRjM09EVTFNRFUwTml3aWFuUnBJam9pT1RKbFpHSmpNekF0WW1GaU9DMDBZbUU0TFRreVpEVXRPV0l6TVRZeE5ESXhOR1kySWl3aVpXNTBhWFI1SWpvaVRFbERYME5WVTFSUFRVVlNYMUJQVWxSQlRDSXNJbVZ0WVdsc0lqb2ljM056WVc1bllYUnBNakkxUUd4cFkybHVaR2xoTG1OdmJTSjkuR1oycnhnaE05MlhiQ3BHbVB3NFRDTWp4cXNCMFdjQkhYOVRxRnlDaUdXWVlwQ2V3c2JHWjFZQXEyaXhmLW8tZi1ybzk1VDJ0SkRMc0tsbFk1a3R0ellBUmlNcEdUV2MzSTgtTU9QejBfeG5WYlBxUjdVbnpTaXRMRm5LVEVRYmVfRG05cXI4eGxxaldkNk9YSmZsbUR3aEt3azctdG1qSUpfTUozdldFUkotREJlOUI4S3FwTktmM1RxWGVHSkh1ZVctWWlTN0ZOVmFtMHpyNDM1UmlObG1WdVIzSUh1VzRMZ2czZmZTVXJjSF9EV3pDLTJrXzFFanFUUFA3dGZ0djdnVTc0UGpDcS13Z014VldBb1ZmYWZqN0dVbnRtN3Z0LVNsQWJFNHBBT3F0dHlTazI0R2U1akh6cHNIYlpVZGpYbjNBaE1xMExjb1FLVlZ1a2V0NDdRIiwicm9sZXMiOlsiRE8iXSwiY2xpZW50SXAiOm51bGwsImVudGl0bGVtZW50IjpbXX0.6LLginw2EnoqMQft2oKSYT56zpy5HWV9qCnUbcRgLj6Y4zTFW42zsujtSAf3J7ICr1BTmXNMWZMny9VM1q_20A



==== 12/05/2026 07:32:51 - POST-URL ======

https://ebizapp01.licindia.in/BFFService/policy/policyInfo?_dc=1778551371450



==== 12/05/2026 07:32:52 - POST-URL ======

{"confirmationId":null,"status":"200","resultInfoList":null,"count":0,"policy":{"policyNumber":"703332771","planName":"New Money Back Plan - 20 Years","mode":"1","noOfDues":1,"premium":"1328.00","commenceDate":"2017-03-06","nameOfAssured":"B.Jayanthi","agencyCode":"0090976F ","developmentOfficerCode":"315076","plan":"820","policyTerm":"20","firstUnpaidPremiumDate":"2026-05-06","cdCharge":"0","serviceBranch":"76F ","sumAssured":"200000","policyStatus":"21","dob":"1982-06-20","ageAtEntry":35,"planDetails":{"plan":820,"planType":null,"planDesc":null,"premiumDueDuration":6,"premiumDueDurationType":"M","payPremiumAdvance":30,"payPremiumAdvanceType":"D","gracePeriod":15,"gracePeriodType":"D","serviceTaxRateFirstYr":4.5,"serviceTaxRateNextYrs":2.25,"serviceTaxRateEduCess":0.0,"topUpAllowed":null,"multiplyTopupAmt":null,"topupLimitCriteria":null,"topupNoPayBefMaturity":null,"planCategory":"NORM","freeCoverCond":null,"freeCoverFUP":null,"campaignStartDate":"2026-01-01","campaignEndDate":"2026-03-02","percentageofwaiver":30.0,"maxLimitofwaiver":3000.0,"waiversAllowedNum":1,"lateFeeWaiverInd":"Y","discountPercentFirstYr":null,"discountPercentSecondYr":null,"discountPercentThirdYr":null,"discountPercentSubYr":null,"discountFromDate":null,"discountToDate":null,"maxLimitWaiverFstYr":null,"maxLimitWaiverScndYr":null,"maxLimitWaiverThirdYr":null,"maxLimitWaiverSubYr":null,"discountParameter":null,"graceprdExtFlag":null,"graceprdExtFrmDate":null,"graceprdExtToDate":null,"graceprdPrcntWaiver":null,"maxWaiverLimitgraceprd":null,"gstCdCharge":0.0,"gstLateFeeRateFirstYr":18.0,"gstLateFeeRateNextYrs":18.0,"dateOfLaunch":"01/06/2014","beforeLaunch":"N","centralGSTPercentage":50,"discountPeriod":null,"discountPeriodType":null},"eligible":false,"lateFeeRequired":false,"recordId":"S","premiumPayingTerm":15,"policyBenefits":"200000","dueAmount":"1328.00","taxExemption":false,"age":"44","eserviceEligible":false,"policyUlip":false,"dateOfLastPayment":"2032-02-06","dateOfMaturity":"2037-03-06","statusShortDesc":"In Force","nav":"For NAV details please contact your Servicing Branch / Customer Zone","altChannelId":"0 ","riderPolicy":false,"minorChild":false,"accountingBookCode":8,"payedPolicy":false,"advancePayedPolicy":false,"lastAccountDate":"2026-05-08","noBonusYears":0,"bonusInfo":{"totalRevBonus":66600,"totalInterimBonus":1200,"totalFAB":0,"totalGuaranty":0,"totalLoyalty":0,"totalOneTimeBonus":0.00,"messageCode":null,"calulationSheetHTML":"<table border=1><tr class=grey-bg><td>From</td><td>Upto</td><td>Year</td><td>Type</td><td>Factor</td><td>Rate</td><td>Bonus </td></tr><tr class=grey-bg><td>2017-03-06</td><td>2018-03-06</td><td>2017</td><td>V</td><td>1.0</td><td>39.00</td><td>7800.00</td></tr><tr class=grey-bg><td>2018-03-06</td><td>2019-03-06</td><td>2018</td><td>V</td><td>1.0</td><td>39.00</td><td>7800.00</td></tr><tr class=grey-bg><td>2019-03-06</td><td>2020-03-06</td><td>2019</td><td>V</td><td>1.0</td><td>39.00</td><td>7800.00</td></tr><tr class=grey-bg><td>2020-03-06</td><td>2021-03-06</td><td>2020</td><td>V</td><td>1.0</td><td>36.00</td><td>7200.00</td></tr><tr class=grey-bg><td>2021-03-06</td><td>2022-03-06</td><td>2021</td><td>V</td><td>1.0</td><td>36.00</td><td>7200.00</td></tr><tr class=grey-bg><td>2022-03-06</td><td>2023-03-06</td><td>2022</td><td>V</td><td>1.0</td><td>36.00</td><td>7200.00</td></tr><tr class=grey-bg><td>2023-03-06</td><td>2024-03-06</td><td>2023</td><td>V</td><td>1.0</td><td>36.00</td><td>7200.00</td></tr><tr class=grey-bg><td>2024-03-06</td><td>2025-03-06</td><td>2024</td><td>V</td><td>1.0</td><td>36.00</td><td>7200.00</td></tr><tr class=grey-bg><td>2025-03-06</td><td>2026-03-06</td><td>2025</td><td>V</td><td>1.0</td><td>36.00</td><td>7200.00</td></tr><tr class=grey-bg><td>2026-03-06</td><td>2026-05-06</td><td>2025</td><td>I</td><td>0.16666666666666666</td><td>36.00</td><td>1200.00</td></tr><tr class=grey-bg><td colspan=7>Total Rev Bonus : 66600.00   Total Interim Bonus : 1200.00</td></tr></table> ","calulationSheetText":"From        Upto        Year Type Factor  Rate     Bonus \r\n2017-03-06  2018-03-06  2017  V     1.0   39.00    7800.00\r\n2018-03-06  2019-03-06  2018  V     1.0   39.00    7800.00\r\n2019-03-06  2020-03-06  2019  V     1.0   39.00    7800.00\r\n2020-03-06  2021-03-06  2020  V     1.0   36.00    7200.00\r\n2021-03-06  2022-03-06  2021  V     1.0   36.00    7200.00\r\n2022-03-06  2023-03-06  2022  V     1.0   36.00    7200.00\r\n2023-03-06  2024-03-06  2023  V     1.0   36.00    7200.00\r\n2024-03-06  2025-03-06  2024  V     1.0   36.00    7200.00\r\n2025-03-06  2026-03-06  2025  V     1.0   36.00    7200.00\r\n2026-03-06  2026-05-06  2025  I     0.16666666666666666   36.00    1200.00\r\n   Total Rev Bonus : 66600.00   Total Interim Bonus : 1200.00\r\n "},"isSpotRevivalAllowed":false,"discountApplicable":false,"advancePaymetEligible":false,"maturitySumAssured":0,"gstInNumber":"null","transactionAllowed":true,"dateOfShowMaturity":"2037-03-06","panFlag":false,"neftFlag":true,"itPan":"","neftStatus":"Y","titleCode":"1","premiumGapFlag":false,"dghPolicyFlag":false,"policyExitStatus":false,"serviceRequestFlag":false,"nriGstFlag":false,"fyEndDate":"2027-03-31"},"person":{"policyNo":703332771,"birthDate":"1982-06-20","fullName":"B.Jayanthi","sex":"F","shortName":"Jayanthi B ","age":"35","profileMobileNo":null,"profileEmail":null,"profileUnMaskMobileNo":null,"profileUnMaskEmail":null},"address":{"policyNo":703332771,"address1":"P.U.M.School .","address2":"Namagiripet Po ,","address3":"Rasipuram Tk,Namakkal Dt","addressId":1,"pin":637406},"branch":{"branchCode":"76F ","address1":"LIC OF INDIA - 76F","address2":"NAMAKKAL ROAD","address3":"RASIPURAM","branchIp":"10.128.42.194","branchName":"LIC of India, Rasipuram Br Office","city":null,"dcCode":"X070","divCode":70,"eaiIndication":"Y","emailId":"BO_76F@LICINDIA.COM","man":null,"odsIndication":"N","pin":null,"state":"null"},"agent":{"agencyCode":"0090976F ","address1":"D/O.K.Jayaraman,Jai Ganesh Lorry","address2":"Service,T.P.Kadu,Moolapallipatty.Po","address3":"Rasipuram.Tk & Namakkal .Dt.","agentName":"J.Renukadevi","birthDate":"1976-03-10","category":2,"city":null,"disabilityCode":1,"enteredDate":"2026-05-12T01:13:13.000+00:00","itaxPanNo":"ANZPR4228B","occupationCode":12,"pin":637406,"qualificationCode":3,"sex":"F"},"nominees":[{"policyNo":703332771,"nomineeAge":5,"nomineeDob":null,"nomineeId":1,"nomineeName":"S SIDDARTH","nomineeRegistrationDate":null,"nomineeRelation":"S","nomineeShare":100,"nomineeStatus":"B"}],"billingInfo":{"policyNumber":"703332771","nameOfAssured":"B.Jayanthi","planName":"New Money Back Plan - 20 Years","plan":820,"mode":"1","premium":1328,"sumAssured":200000,"status":null,"firstUnpaidPremiumDate":"2026-05-06","nextFup":null,"dueAmount":"1328.00","payedPolicy":false,"noOfDues":1,"eligible":false,"spotRevival":false},"policyContact":{"policyNo":703332771,"dataSource":"B","emailAddress":"priyahithesh@gmail.com                  ","enteredDate":"2026-05-09T20:00:07.262+00:00","mobileNo":"919080588877","countryCode":null,"telephoneNo":"null","panNo":null},"policyExtra":{"accumTerm":0},"policyAnnuity":null,"userRegistered":"N","assignmentDetails":[],"ulipExtra":{"giveCashAmount":null},"bonusErrorMessage":null,"qpayPolicy":{"policyNumber":"703332771","dob":"20/06/1982","emailId":"priyahithesh@gmail.com","mobileNo":"9080588877","premium":"1328","key":"841087"}}



==== 12/05/2026 07:33:06 - OSTATTUS-RESPONSE-TOKEN ======

5eDSgieLmKTQdCI+le601sYiywxKqsbehFM7/yPbPSB8wKgxP9ggKV2e4vmczRr7NNO7QI+h9pdXSBSqPHutfKpZgOyllFvXHuzjFvj9m+eYLvXIdFoSW3ajsdvviqQZs9CkB1YEycz7eDacHnBagdzCPxgwqj3K1l61joRIxqjirrsfhvT1tMYTVJDmPVFI0wbpkvA40ULgLCCjP296ztJZvSN9CKUHN7Wisq+Fy7WMrLkh6p0o9yDcb5EScpji/plWpZoTUV1OBbQUPLqX8TkNJuLrz8zWw1mwUDftcApkPqQJG6yjGaMxluFP5b8p6VlCjAA2izS9fuXG4rvIg47/dBD36jH9fF70oAKVlNif5+a7Xq5SGS244wXbl8zohlPBKDX91csOhQ59BF+3pjTpQ+XhSVP4/KY14orbScriCAfYNCDe9N0H6lc3Iu6/IgGvVU9Ng5C2CmRpYOAQF/mR/B4h75zKnguNdzEcumKKXXADAr5K9sJO/mGghToJCyD9PHNn+b1luMRrqKkob2II5v4zGJrJ7qkGX8NCmMge+76wPJ+6TvWs0Eo2Qo3MGzglMKLIyhywMKewnIX0a5+pnkiI5UOk4Ticxi5ASWItbLe/tHPY4xxEViB5Wr5gvjGRFex5BNc+o2kSQtsmkv6OhiXl4vn12vfGRXrJ1aCDm3HGPgW5rdjKl0LDqf3aUD/qD2Z8KX7INBMln88x+fQXBT9/9tAlNERJtgwkeAymHtO96Mcw8RteBvKD9Ex0xMrJa2nUbnKfFAlR5PHTYOi7nwy2f98SKYZk2Ye/LkxYORfTBEyv2cfPksH9ZVzI5SoB6X2kWWxVU2dsNeyxp08SNiqkTu0Ks+MSy0j+E7/ICC8hOaqVwwBFIgY4duETNqbI8o0q+gQ8I3mZvApPx5/rxaCcxeh2VyPHQuTRPM4xrQKqj09xypjX8h+r/J3XPtLujfVZ54W6xylOFFc3RHRkbcJaCHFaDfmtoV26se8Exxl/QuXsD8a+nAV6ZkJ405u2mXO9HVwHSulCPWL88lYkFujLXjItaTv8459npQw9wI79DNrbeFb5/ORsHRE8KSFWuM8bQwjzGUXWX5mbj5YV3XV3szjqW/GPemJ9OVjBdwOn7p3BrM7XJYiVmpSBSFftAVpmhV9o2o9uqtfeYZs+fzJKRTVpjS3b8hWlTQtxqeT6B49D0v4nl81rc38PGrVqU+4ZFB7l6pUNytT0BzQNcGEYyc44EpPf+8nW1VOnCzI4tHr+VElQcBkhLbOtTxyMXhCWIH9SDD2dd8gGM8TvBHJ0PolYI3P8kH0fFBCXko9RVfi1Rz9DWvL6PHahdz39xQ6r5MZp+X7kuR91pQYCuFIt8wUT4yppdmZ6jfOHWspxWOlvtAYXzkSsjw/2/TGUKyMVwb0kA0Ypar6bGf+pn21CzE+3r1kkNKWcRUyq5Xoi/UD3GLJkyusnYtam5RkX704MQbFpENcJKmiFIfmurwRfGR6+E91pqrhfe4mqOsU7LFzAR4m9Bli4W3Rbfcl5kjjw0Y4qlzgQNhnGw4IcX/8rkCsEuEeAAqAFccDLN7eIz2r+ZwcWFWhWPbud8XXN7s9wvOfmbTPSjDjWGjRXNXtvaQosjWn9rW6tr0m1qolGuWmW5nZAMCsGV+s/ixI8N1+2c8lXuLvxCJBBAKhSiYx+EcG8Lf7+JnrRMsjsiJ+pr1+mn7F7c7rFfGC0TxDRhAsWuRO2knibQN3nVdZqpN2jrxf8aKMD604El2mvv/kaHJjWCMMqlUJ7eBxFbIOSc3agJfWei5fsCZT/9QHKunRR63oXprm1Ldbu4GCXvcnP3c1grmZYXfVGsK/0j0kvVwtTRFMGonDdyEeJAkOcL7FQUzRplG9fVQkX7rEr5xpcVCVQVz2ZWv+/QJ/4ytekmEUjaMqufhIgAHhJqbK2eRZE0t0RPCUKzZXbnd5kxOs+EYpwTJtXG3v5UEj2AAC/oPPzgQkOxRs=



==== 12/05/2026 07:33:06 - OSTATTUS-RESPONSE-TOKEN ======

eyJhbGciOiJIUzUxMiJ9.eyJzdWIiOiJJREFNMjQwMTIwMjQxMTEyMjg2MSIsImFnZW5jeV9jb2RlIjpudWxsLCJjcmVhdGVkIjoxNzc4NTUwNjE2ODY2LCJhY2Nlc3NfY29kZSI6ImV5SmhiR2NpT2lKU1V6STFOaUlzSW5SNWNDSTZJa3BYVkNKOS5leUp6ZFdJaU9pSkpSRUZOTWpRd01USXdNalF4TVRFeU1qZzJNU0lzSW1adVlXMWxJam9pVTFWQ1NFRlRJRk5CUzFKRlVGQkJJRk5CVGtkQlZFa2lMQ0oxYzJWeWMzUmhkSFZ6SWpvaU1TSXNJbVZ1ZEdsMGVXeHBjM1FpT2xzaVRFbERYME5WVTFSUFRVVlNYMUJQVWxSQlRDSmRMQ0p5YjJ4bGN5STZXeUpFVHlKZExDSnBjM01pT2lKQlVsZ2lMQ0p0YjJKcGJHVWlPaUk1T1RBeE5qSXpNRGsySWl3aVlYVmtJam9pWkdWbVlYVnNkQ0lzSW14dVlXMWxJam9pVTFWQ1NFRlRJRk5CUzFKRlVGQkJJRk5CVGtkQlZFa2lMQ0oxYzJWeVZIbHdaU0k2SWpFaUxDSmxlSEFpT2pFM056ZzFOemt6TkRZc0ltbGhkQ0k2TVRjM09EVTFNRFUwTml3aWFuUnBJam9pT1RKbFpHSmpNekF0WW1GaU9DMDBZbUU0TFRreVpEVXRPV0l6TVRZeE5ESXhOR1kySWl3aVpXNTBhWFI1SWpvaVRFbERYME5WVTFSUFRVVlNYMUJQVWxSQlRDSXNJbVZ0WVdsc0lqb2ljM056WVc1bllYUnBNakkxUUd4cFkybHVaR2xoTG1OdmJTSjkuR1oycnhnaE05MlhiQ3BHbVB3NFRDTWp4cXNCMFdjQkhYOVRxRnlDaUdXWVlwQ2V3c2JHWjFZQXEyaXhmLW8tZi1ybzk1VDJ0SkRMc0tsbFk1a3R0ellBUmlNcEdUV2MzSTgtTU9QejBfeG5WYlBxUjdVbnpTaXRMRm5LVEVRYmVfRG05cXI4eGxxaldkNk9YSmZsbUR3aEt3azctdG1qSUpfTUozdldFUkotREJlOUI4S3FwTktmM1RxWGVHSkh1ZVctWWlTN0ZOVmFtMHpyNDM1UmlObG1WdVIzSUh1VzRMZ2czZmZTVXJjSF9EV3pDLTJrXzFFanFUUFA3dGZ0djdnVTc0UGpDcS13Z014VldBb1ZmYWZqN0dVbnRtN3Z0LVNsQWJFNHBBT3F0dHlTazI0R2U1akh6cHNIYlpVZGpYbjNBaE1xMExjb1FLVlZ1a2V0NDdRIiwicm9sZXMiOlsiRE8iXSwiY2xpZW50SXAiOm51bGwsImVudGl0bGVtZW50IjpbXX0.6LLginw2EnoqMQft2oKSYT56zpy5HWV9qCnUbcRgLj6Y4zTFW42zsujtSAf3J7ICr1BTmXNMWZMny9VM1q_20A



==== 12/05/2026 07:33:06 - POST-URL ======

https://ebizapp01.licindia.in/BFFService/policy/policyInfo?_dc=1778551386311



==== 12/05/2026 07:33:07 - POST-URL ======

{"confirmationId":null,"status":"200","resultInfoList":null,"count":0,"policy":{"policyNumber":"327416522","planName":"LIC's New Jeevan Anand Plan","mode":"3","noOfDues":1,"premium":"2023.00","commenceDate":"2024-02-12","nameOfAssured":"Dhanalakshmi Saravanan","agencyCode":"0090976F ","developmentOfficerCode":"87070","plan":"915","policyTerm":"21","firstUnpaidPremiumDate":"2026-05-12","cdCharge":"0","serviceBranch":"76F ","sumAssured":"125000","policyStatus":"21","dob":"1981-01-01","ageAtEntry":43,"planDetails":{"plan":915,"planType":null,"planDesc":null,"premiumDueDuration":6,"premiumDueDurationType":"M","payPremiumAdvance":30,"payPremiumAdvanceType":"D","gracePeriod":30,"gracePeriodType":"D","serviceTaxRateFirstYr":4.5,"serviceTaxRateNextYrs":2.25,"serviceTaxRateEduCess":0.0,"topUpAllowed":null,"multiplyTopupAmt":null,"topupLimitCriteria":null,"topupNoPayBefMaturity":null,"planCategory":"EN","freeCoverCond":null,"freeCoverFUP":null,"campaignStartDate":"2026-01-01","campaignEndDate":"2026-03-02","percentageofwaiver":30.0,"maxLimitofwaiver":3000.0,"waiversAllowedNum":1,"lateFeeWaiverInd":"Y","discountPercentFirstYr":null,"discountPercentSecondYr":null,"discountPercentThirdYr":null,"discountPercentSubYr":null,"discountFromDate":null,"discountToDate":null,"maxLimitWaiverFstYr":null,"maxLimitWaiverScndYr":null,"maxLimitWaiverThirdYr":null,"maxLimitWaiverSubYr":null,"discountParameter":null,"graceprdExtFlag":null,"graceprdExtFrmDate":null,"graceprdExtToDate":null,"graceprdPrcntWaiver":null,"maxWaiverLimitgraceprd":null,"gstCdCharge":0.0,"gstLateFeeRateFirstYr":18.0,"gstLateFeeRateNextYrs":18.0,"dateOfLaunch":"01/02/2020","beforeLaunch":"N","centralGSTPercentage":50,"discountPeriod":null,"discountPeriodType":null},"eligible":true,"lateFeeRequired":false,"recordId":"O","premiumPayingTerm":21,"policyBenefits":"125000","dueAmount":"2023.00","taxExemption":false,"age":"45","eserviceEligible":false,"policyUlip":false,"dateOfLastPayment":"2044-11-12","dateOfMaturity":"2045-02-12","statusShortDesc":"In Force","nav":"For NAV details please contact your Servicing Branch / Customer Zone","altChannelId":"0 ","riderPolicy":false,"minorChild":false,"accountingBookCode":1,"payedPolicy":false,"advancePayedPolicy":false,"lastAccountDate":"2026-03-17","noBonusYears":0,"bonusInfo":{"totalRevBonus":0,"totalInterimBonus":0,"totalFAB":0,"totalGuaranty":0,"totalLoyalty":0,"totalOneTimeBonus":0.00,"messageCode":null,"calulationSheetHTML":"<table width=100% ><tr class=grey-bg><td>Please Check Data As After Conversion Bonus Year Cannot Be Zero</td></tr></table>","calulationSheetText":"Please Check Data As After Conversion Bonus Year Cannot Be Zero  "},"isSpotRevivalAllowed":false,"discountApplicable":false,"advancePaymetEligible":false,"maturitySumAssured":0,"gstInNumber":"null","transactionAllowed":true,"dateOfShowMaturity":"2045-02-12","panFlag":true,"neftFlag":false,"itPan":"EH******9K","neftStatus":"N","titleCode":"1","premiumGapFlag":false,"dghPolicyFlag":false,"policyExitStatus":false,"serviceRequestFlag":false,"nriGstFlag":false,"fyEndDate":"2027-03-31"},"person":{"policyNo":327416522,"birthDate":"1981-01-01","fullName":"Dhanalakshmi Saravanan","sex":"F","shortName":"Dhanalakshmi","age":"43","profileMobileNo":null,"profileEmail":null,"profileUnMaskMobileNo":null,"profileUnMaskEmail":null},"address":{"policyNo":327416522,"address1":"89/22c/3 Koneripatty Extention 2","address2":"Rasipuram Tk","address3":"Namakkal Dt","addressId":1,"pin":637408},"branch":{"branchCode":"76F ","address1":"LIC OF INDIA - 76F","address2":"NAMAKKAL ROAD","address3":"RASIPURAM","branchIp":"10.128.42.194","branchName":"LIC of India, Rasipuram Br Office","city":null,"dcCode":"X070","divCode":70,"eaiIndication":"Y","emailId":"BO_76F@LICINDIA.COM","man":null,"odsIndication":"N","pin":null,"state":"null"},"agent":{"agencyCode":"0090976F ","address1":"D/O.K.Jayaraman,Jai Ganesh Lorry","address2":"Service,T.P.Kadu,Moolapallipatty.Po","address3":"Rasipuram.Tk & Namakkal .Dt.","agentName":"J.Renukadevi","birthDate":"1976-03-10","category":2,"city":null,"disabilityCode":1,"enteredDate":"2026-05-12T01:13:13.000+00:00","itaxPanNo":"ANZPR4228B","occupationCode":12,"pin":637406,"qualificationCode":3,"sex":"F"},"nominees":[{"policyNo":327416522,"nomineeAge":53,"nomineeDob":null,"nomineeId":1,"nomineeName":"N SARAVANAN","nomineeRegistrationDate":null,"nomineeRelation":"H","nomineeShare":100,"nomineeStatus":"B"}],"billingInfo":{"policyNumber":"327416522","nameOfAssured":"Dhanalakshmi Saravanan","planName":"LIC's New Jeevan Anand Plan","plan":915,"mode":"3","premium":2023,"sumAssured":125000,"status":null,"firstUnpaidPremiumDate":"2026-05-12","nextFup":null,"dueAmount":"2023.00","payedPolicy":false,"noOfDues":1,"eligible":true,"spotRevival":false},"policyContact":{"policyNo":327416522,"dataSource":"B","emailAddress":"priyahithesh@gmail.com                  ","enteredDate":"2026-05-03T20:00:05.684+00:00","mobileNo":"919488793721","countryCode":null,"telephoneNo":"null","panNo":null},"policyExtra":{"accumTerm":0},"policyAnnuity":null,"userRegistered":"N","assignmentDetails":[],"ulipExtra":{"giveCashAmount":0},"bonusErrorMessage":null,"qpayPolicy":{"policyNumber":"327416522","dob":"01/01/1981","emailId":"priyahithesh@gmail.com","mobileNo":"9488793721","premium":"2023","key":"496831"}}



==== 12/05/2026 07:33:21 - OSTATTUS-RESPONSE-TOKEN ======

4Ug7mCkGrfZWMByyA19UcLqHwc1UGtrWtBJs6zJ4Op2lwW5cDAVRqVKq/b1p43BV5yuz+xAK2uafPvVAQZjiROa4GKBqFAn76a4ABgCcJiiKkjK4K7ycYowf856xWPRu1qT59GTIMOLj6CyDITRJuT1DKpd1CKmCqe2+iR/+k5sbD7IGL4hkgjLofgUqTwpd6gFTLVMIo+79Z/MZTVrX4QCuirAvYNkJmGgGwP/Z0+GtgvgTR1YkNDLnEA1XBh5RL0fpSQQPufnyoAIK99aLaohN8UQCiG0SNdTn8/XiYO/odWrcyu6RgxAS5F0OVtqgAkdspTbGAbzDI+/Ybuh9WE3Qowej4ffVHqFbt7zaN4QSIP7m7yqOEJIFoUvN1e5OYWQxha5feQRcZc7b/6Q4RgBHlr7qIn5gM+VmaP4g9/Ie0NUxVJtb3PTEpkCTbkUcOpU9a9LdUPJQq6RpRczWqsHIqHBRA8LFcQ8MLoFH5gfhKU5J2tdHXvfuzsRqxJRqhFNLGBherij/FBfSkHDP913bq7GXEfjUSmCnRRqewXN82duDb97c6Dh7cJ+hww33aDWspQhPZVzldbfWn9m7/q2C29hZv7l6Vk5yWsLLvHFuWAobZptAPZAbsDKdcZtVh0n/qUqnExTgryz9IcfQOVuHQDNq8137INmeUEl9Ffw2lxNUa2XM4LpKhteqcu9GvmtegBMjpgOCa4UBCCZt4Te9vFjQb/xzIcUhqM5SDjErPZrEo5xjCwPnKrJ4Nu6f8PMbKY2fR1AL1kHf7Gji2x1lpQCmrV6re8yYxVWNuiTGOUNWd+NJFoKztigipVPSbj2utUVSuRzizNaTYpmue5qXt9m5JaMHZZLRkVDt4jDzU+hda7RxVruymbLo/jrkdy6dW0koEmAFbMe87+raOMpgIMYEhQPwTm2SaxpqYgkkTLLoFlUsRP2OlGNGNAhjKG/wYVxliF5nySgmIikS+N8iKgeDoUAo5BfiPmhDREsxWN3rji3XMUukOiV713XmZWLf7q4U5N2mXE1sphw/sPGr/aNTKgZdGugKGbUGKwR+Gh4cx9607O2xu6WdnAGu7gn2by86Tzk0Lh2o9znCUrapSH2G6/ssIoPXrNgFnGfnRRoj9uVf1LlvShvlfNmirmr8GT85BbXwgryeHNxoIcm/BaG2ipLY/Rq46QDjAXxscEk4gVPVUm6FntvQAhvWh0M01RSU5NRMjhiR9wb+RcFJ1XA+t67VojV91rpg81iVuGMcQT4fajfEuMo9kmgtbpdQ/fCKVDzPiTMUlB64tlqFZWoq0vEbkdL/jB1hDENGJtZLiSsHebzI+LwueJTGpMjpEVJdNiuxCzHBsts/RXFfR5v3LSCa2Av/qT8F/YUNUrLfyIZ/6lciKalaBI8mFahhHEIwYEBzX1rOj6oUYwBvfLqVHJZxhRMntW2Dvex6efXNMdYkw/s11jO+MsG5KDrRW7emnGzrffHWeNgn3O7fnRlosvyweOuuBp0f0OsdS0M+taGp/+B4t38pBySIhRpwXqqzrTikWi2CdJwTev/vQFD36NmZUBfCIo/0ZSdwzk/hmGC76lWyb35+MD473Ok8XzCezSQ60FcaUv0j4EC65zd6HTUytFWp86D6pk4E7N4hS7UZof0yFcGdkJr4SNjFDyOxR7HjMtwvMh388x0+QmFpRxzJgO0rzTwJYSGVRAh9ZT6mX2E4VVKbqNhDZFRvenZ4MvabU/90p09wk9exIxomBusBNcka8kT7XBYL4QLIOUJoqS2DxRMc9JxVJVgsZgz3fe1JrPLWehXrxOaFUHrmSLpUOgQt3Nyinw0jMrnY/FVExwkAjRj+3O/siftiKgUVaT10T6DOhKD5zw+CrcIfPHnylwPRmk0O2V7NRhxh86i1daw4JuFV/yjrN3Ic+hUicX1AS/R3XIueXYxzxXD/sLtcr5pv6xjEjSUp/wLKxeIlnssTsqgTjxhIM6MymKLgnyfHJXM=



==== 12/05/2026 07:33:21 - OSTATTUS-RESPONSE-TOKEN ======

eyJhbGciOiJIUzUxMiJ9.eyJzdWIiOiJJREFNMjQwMTIwMjQxMTEyMjg2MSIsImFnZW5jeV9jb2RlIjpudWxsLCJjcmVhdGVkIjoxNzc4NTUwNjE2ODY2LCJhY2Nlc3NfY29kZSI6ImV5SmhiR2NpT2lKU1V6STFOaUlzSW5SNWNDSTZJa3BYVkNKOS5leUp6ZFdJaU9pSkpSRUZOTWpRd01USXdNalF4TVRFeU1qZzJNU0lzSW1adVlXMWxJam9pVTFWQ1NFRlRJRk5CUzFKRlVGQkJJRk5CVGtkQlZFa2lMQ0oxYzJWeWMzUmhkSFZ6SWpvaU1TSXNJbVZ1ZEdsMGVXeHBjM1FpT2xzaVRFbERYME5WVTFSUFRVVlNYMUJQVWxSQlRDSmRMQ0p5YjJ4bGN5STZXeUpFVHlKZExDSnBjM01pT2lKQlVsZ2lMQ0p0YjJKcGJHVWlPaUk1T1RBeE5qSXpNRGsySWl3aVlYVmtJam9pWkdWbVlYVnNkQ0lzSW14dVlXMWxJam9pVTFWQ1NFRlRJRk5CUzFKRlVGQkJJRk5CVGtkQlZFa2lMQ0oxYzJWeVZIbHdaU0k2SWpFaUxDSmxlSEFpT2pFM056ZzFOemt6TkRZc0ltbGhkQ0k2TVRjM09EVTFNRFUwTml3aWFuUnBJam9pT1RKbFpHSmpNekF0WW1GaU9DMDBZbUU0TFRreVpEVXRPV0l6TVRZeE5ESXhOR1kySWl3aVpXNTBhWFI1SWpvaVRFbERYME5WVTFSUFRVVlNYMUJQVWxSQlRDSXNJbVZ0WVdsc0lqb2ljM056WVc1bllYUnBNakkxUUd4cFkybHVaR2xoTG1OdmJTSjkuR1oycnhnaE05MlhiQ3BHbVB3NFRDTWp4cXNCMFdjQkhYOVRxRnlDaUdXWVlwQ2V3c2JHWjFZQXEyaXhmLW8tZi1ybzk1VDJ0SkRMc0tsbFk1a3R0ellBUmlNcEdUV2MzSTgtTU9QejBfeG5WYlBxUjdVbnpTaXRMRm5LVEVRYmVfRG05cXI4eGxxaldkNk9YSmZsbUR3aEt3azctdG1qSUpfTUozdldFUkotREJlOUI4S3FwTktmM1RxWGVHSkh1ZVctWWlTN0ZOVmFtMHpyNDM1UmlObG1WdVIzSUh1VzRMZ2czZmZTVXJjSF9EV3pDLTJrXzFFanFUUFA3dGZ0djdnVTc0UGpDcS13Z014VldBb1ZmYWZqN0dVbnRtN3Z0LVNsQWJFNHBBT3F0dHlTazI0R2U1akh6cHNIYlpVZGpYbjNBaE1xMExjb1FLVlZ1a2V0NDdRIiwicm9sZXMiOlsiRE8iXSwiY2xpZW50SXAiOm51bGwsImVudGl0bGVtZW50IjpbXX0.6LLginw2EnoqMQft2oKSYT56zpy5HWV9qCnUbcRgLj6Y4zTFW42zsujtSAf3J7ICr1BTmXNMWZMny9VM1q_20A



==== 12/05/2026 07:33:21 - POST-URL ======

https://ebizapp01.licindia.in/BFFService/policy/policyInfo?_dc=1778551401621



==== 12/05/2026 07:33:22 - POST-URL ======

{"confirmationId":null,"status":"200","resultInfoList":null,"count":0,"policy":{"policyNumber":"709590218","planName":"Jeevan Rakshak","mode":"3","noOfDues":1,"premium":"1690.00","commenceDate":"2015-07-28","nameOfAssured":"G.K.Madanika L.A","agencyCode":"0090976F ","developmentOfficerCode":"315076","plan":"827","policyTerm":"20","firstUnpaidPremiumDate":"2026-04-28","cdCharge":"0","serviceBranch":"76F ","sumAssured":"200000","policyStatus":"21","dob":"2002-07-13","ageAtEntry":13,"planDetails":{"plan":827,"planType":null,"planDesc":null,"premiumDueDuration":6,"premiumDueDurationType":"M","payPremiumAdvance":30,"payPremiumAdvanceType":"D","gracePeriod":1,"gracePeriodType":"M","serviceTaxRateFirstYr":4.5,"serviceTaxRateNextYrs":2.25,"serviceTaxRateEduCess":0.0,"topUpAllowed":null,"multiplyTopupAmt":null,"topupLimitCriteria":null,"topupNoPayBefMaturity":null,"planCategory":"EN","freeCoverCond":null,"freeCoverFUP":null,"campaignStartDate":"2026-01-01","campaignEndDate":"2026-03-02","percentageofwaiver":30.0,"maxLimitofwaiver":3000.0,"waiversAllowedNum":1,"lateFeeWaiverInd":"Y","discountPercentFirstYr":null,"discountPercentSecondYr":null,"discountPercentThirdYr":null,"discountPercentSubYr":null,"discountFromDate":null,"discountToDate":null,"maxLimitWaiverFstYr":null,"maxLimitWaiverScndYr":null,"maxLimitWaiverThirdYr":null,"maxLimitWaiverSubYr":null,"discountParameter":null,"graceprdExtFlag":null,"graceprdExtFrmDate":null,"graceprdExtToDate":null,"graceprdPrcntWaiver":null,"maxWaiverLimitgraceprd":null,"gstCdCharge":0.0,"gstLateFeeRateFirstYr":18.0,"gstLateFeeRateNextYrs":18.0,"dateOfLaunch":"19/08/2014","beforeLaunch":"N","centralGSTPercentage":50,"discountPeriod":null,"discountPeriodType":null},"eligible":true,"lateFeeRequired":false,"recordId":"O","premiumPayingTerm":20,"policyBenefits":"200000","dueAmount":"1690.00","taxExemption":false,"age":"24","eserviceEligible":false,"policyUlip":false,"dateOfLastPayment":"2035-04-28","dateOfMaturity":"2035-07-28","statusShortDesc":"In Force","nav":"For NAV details please contact your Servicing Branch / Customer Zone","altChannelId":"0 ","riderPolicy":false,"minorChild":false,"accountingBookCode":1,"payedPolicy":false,"advancePayedPolicy":false,"lastAccountDate":"2026-03-17","noBonusYears":99,"bonusInfo":{"totalRevBonus":0,"totalInterimBonus":0,"totalFAB":0,"totalGuaranty":0,"totalLoyalty":0,"totalOneTimeBonus":0.00,"messageCode":null,"calulationSheetHTML":"","calulationSheetText":""},"isSpotRevivalAllowed":false,"discountApplicable":false,"advancePaymetEligible":false,"maturitySumAssured":0,"gstInNumber":"null","transactionAllowed":true,"dateOfShowMaturity":"2035-07-28","panFlag":false,"neftFlag":false,"itPan":"","neftStatus":"N","titleCode":"null","premiumGapFlag":false,"dghPolicyFlag":false,"policyExitStatus":false,"serviceRequestFlag":false,"nriGstFlag":false,"fyEndDate":"2027-03-31"},"person":{"policyNo":709590218,"birthDate":"2002-07-13","fullName":"G.K.Madanika L.A","sex":"F","shortName":"Madanika G K","age":"13","profileMobileNo":null,"profileEmail":null,"profileUnMaskMobileNo":null,"profileUnMaskEmail":null},"address":{"policyNo":709590218,"address1":"D/O.Kumaresan P","address2":"3/205.Goundampalayathar Thottam","address3":"C.S.Puram Post ,Rasipuram Tk,Namak","addressId":1,"pin":637401},"branch":{"branchCode":"76F ","address1":"LIC OF INDIA - 76F","address2":"NAMAKKAL ROAD","address3":"RASIPURAM","branchIp":"10.128.42.194","branchName":"LIC of India, Rasipuram Br Office","city":null,"dcCode":"X070","divCode":70,"eaiIndication":"Y","emailId":"BO_76F@LICINDIA.COM","man":null,"odsIndication":"N","pin":null,"state":"null"},"agent":{"agencyCode":"0090976F ","address1":"D/O.K.Jayaraman,Jai Ganesh Lorry","address2":"Service,T.P.Kadu,Moolapallipatty.Po","address3":"Rasipuram.Tk & Namakkal .Dt.","agentName":"J.Renukadevi","birthDate":"1976-03-10","category":2,"city":null,"disabilityCode":1,"enteredDate":"2026-05-12T01:13:13.000+00:00","itaxPanNo":"ANZPR4228B","occupationCode":12,"pin":637406,"qualificationCode":3,"sex":"F"},"nominees":[],"billingInfo":{"policyNumber":"709590218","nameOfAssured":"G.K.Madanika L.A","planName":"Jeevan Rakshak","plan":827,"mode":"3","premium":1690,"sumAssured":200000,"status":null,"firstUnpaidPremiumDate":"2026-04-28","nextFup":null,"dueAmount":"1690.00","payedPolicy":false,"noOfDues":1,"eligible":true,"spotRevival":false},"policyContact":{"policyNo":709590218,"dataSource":"B","emailAddress":"null","enteredDate":"2026-03-18T20:00:15.701+00:00","mobileNo":"918608602549","countryCode":null,"telephoneNo":"null","panNo":null},"policyExtra":{"accumTerm":0},"policyAnnuity":null,"userRegistered":"N","assignmentDetails":[],"ulipExtra":{"giveCashAmount":null},"bonusErrorMessage":null,"qpayPolicy":{"policyNumber":"709590218","dob":"13/07/2002","emailId":null,"mobileNo":"8608602549","premium":"1690","key":"117823"}}



==== 12/05/2026 07:33:35 - OSTATTUS-RESPONSE-TOKEN ======

CZTtocUgkIKtJTkROp4IA+uo9BG575PwC8VOf/xVdmD/JRsC6OCiA6uKMwtRuGOM2ZbclRwyU8VG1rpe6cQDmUqrVi/zpsjjGMU8ApbJUAOVIhlBV+IHaBDs2GPyamRPkb53KyJjgLpixVD/cAYzMwRVW2klDGpViwBqHO3AtlYNTxNQQo+ZO2dJ9ExDO+e2xlRDSQI/J1Brgvg3gAa1xOXFzhiGTvfza+01fjyWi+1efd3WsCNawNm7ICaP/FG4dchdkHLEigUKYmasH4ibOx0jyPxbiIC0G4sDvwmi3kBxIe0fp0BXKuiiztS5rfR5ld5UGncSEF6sdo3Z3c+DjxRhd77hsbChiGPm2Y7R0ugwNfdyEj2I5IQJuXjvmFVjP4ePvjIoEYjzc7yvFlXMcfRpIbicfnoaJqMIN2BVRq+IwMKs8AZLxd3kIcTxtyD74rZuyeMJPTaMXwYe8+A2TDM7q/81wAyOeyxC4srVVev9r0jUqZK3B3WTBBjW3w03E5HJBK1ZG4gHRvNNeX2CAB4VOF2GxtyNIINpB4zxLtY7yOJLp3PREdzoHXLrDBayR895hKc6sCIweUaUqMRcOOGTEMTD/5cqiSWcKm/jqIU3bvMEj2dhsRm4Y1GeLUyJASZiekTeMYNNqvMzVV2+9TRz5AYpy6QEvWPK3ptN3k8JnkEQ6qchxjUueWSe71wtNjUilGiqDyNTtRP/hv2bO6PGGfqAyh7bojy7ISxXQx699OfHwfWa5JxQYg8e9Df8cJJFU7WQqa7YwIHTKQqCq9IIp2WLIpnsUcd5jmRUHhPVv1BogFSb6fzyup1zRiT66n7QUczkbtwqZ81zg5KUWuHafe5GJwOIyLcibsP//ZpMpuEVhIRCIf8dRFNGfaUygmZ0B3GbxRItr2Ub4BKYqsCJPqml2+RkciQFHfbqredtwwH/QVmp0m4MFSW+VIviOEp9Ydhptct31JBXYuqc017T447ru5xtS9R/qO5PHh4AkzXJ4ZD6csIrPu9y//fU+Hc27YLKqTdK99z1yPpP64riNe6YBrU+EJKbZZTMNlNIbYlgd/bdeW2CwfVVLWE605fFMDCEv9EzyoYLTcNppCq34+9JP7oLNRdfhdkGmFoahDP9dVHkctiU/bfg8Kf+UglG5dSFYaa4F1Hm41StD0cs86EwcjMfC+EPCEMxKCl/AcS3tu7gLhl6U/qSOamJysEePXLKcAh1YSTGJMGDwjvuEZC+U/DdIb6UIBKf4vbhWoft1xDXgVlq8Nn6pVznOVk/O8owBofEBheHOwOzxi7CvW6BXv8C4SN/ONmqvH70kJ2KKug+3m7sSyqSPODQC183x/p0GmuPDxtmhjJSn2gxG907pZkNCtlZT4deE2oopT74xjqmw++edVIfzRxy9VcDCfrXbcTlxbUdC5zrNojfaCzeZL77gCQRQv9Mw/lc+yJzYANxRJobyKFcxSKQvXtNZwXO82EYg/FwicHLaXoLELngT1YJc4DInQP+ojmptiWilTfpeCylkUCqgMA+CvMQBKlfEPCzLQyI2LTn575kvdYGzkcvjZsGjBxTHluXAZMJ2u5R1HGfMyANY1zhjaeAFnxjtZJ/IlpzsCA20pLN1qa1beUWlchmVYZWboBt+1ADAcYkUHd7LYMESnzqPNHXfvklas1JkJ4KogNp+54Jpzv1aYUfG/PsiF3YL8Nj4xhnitlp+KuDBJquWdEWq3R8SARdniKwUhrdnVkQdlnudqi568xQaTrZbvGs+9CzjLdUEwPr9WMSD/xab37g2HVoA/hPP6Q29z8dzwrNcSJ//YhJaIyDG7CZXRm1u10n3k9R4n0Y5FOI/0CPDsaAZkakMhMbDZBYIel5mCEhQW41CWQPXKczqxyb7Dbo7Bdt8uF1sF5ZF6MFMdJcVsoewIwWhbdcKjc3QXyiT21tVGTTpaENDGIaYWQ2OBGXSmvuhAqHI25lMwL3yZ2I0/QsL/omsDE5R/Qe4wM=



==== 12/05/2026 07:33:35 - OSTATTUS-RESPONSE-TOKEN ======

eyJhbGciOiJIUzUxMiJ9.eyJzdWIiOiJJREFNMjQwMTIwMjQxMTEyMjg2MSIsImFnZW5jeV9jb2RlIjpudWxsLCJjcmVhdGVkIjoxNzc4NTUwNjE2ODY2LCJhY2Nlc3NfY29kZSI6ImV5SmhiR2NpT2lKU1V6STFOaUlzSW5SNWNDSTZJa3BYVkNKOS5leUp6ZFdJaU9pSkpSRUZOTWpRd01USXdNalF4TVRFeU1qZzJNU0lzSW1adVlXMWxJam9pVTFWQ1NFRlRJRk5CUzFKRlVGQkJJRk5CVGtkQlZFa2lMQ0oxYzJWeWMzUmhkSFZ6SWpvaU1TSXNJbVZ1ZEdsMGVXeHBjM1FpT2xzaVRFbERYME5WVTFSUFRVVlNYMUJQVWxSQlRDSmRMQ0p5YjJ4bGN5STZXeUpFVHlKZExDSnBjM01pT2lKQlVsZ2lMQ0p0YjJKcGJHVWlPaUk1T1RBeE5qSXpNRGsySWl3aVlYVmtJam9pWkdWbVlYVnNkQ0lzSW14dVlXMWxJam9pVTFWQ1NFRlRJRk5CUzFKRlVGQkJJRk5CVGtkQlZFa2lMQ0oxYzJWeVZIbHdaU0k2SWpFaUxDSmxlSEFpT2pFM056ZzFOemt6TkRZc0ltbGhkQ0k2TVRjM09EVTFNRFUwTml3aWFuUnBJam9pT1RKbFpHSmpNekF0WW1GaU9DMDBZbUU0TFRreVpEVXRPV0l6TVRZeE5ESXhOR1kySWl3aVpXNTBhWFI1SWpvaVRFbERYME5WVTFSUFRVVlNYMUJQVWxSQlRDSXNJbVZ0WVdsc0lqb2ljM056WVc1bllYUnBNakkxUUd4cFkybHVaR2xoTG1OdmJTSjkuR1oycnhnaE05MlhiQ3BHbVB3NFRDTWp4cXNCMFdjQkhYOVRxRnlDaUdXWVlwQ2V3c2JHWjFZQXEyaXhmLW8tZi1ybzk1VDJ0SkRMc0tsbFk1a3R0ellBUmlNcEdUV2MzSTgtTU9QejBfeG5WYlBxUjdVbnpTaXRMRm5LVEVRYmVfRG05cXI4eGxxaldkNk9YSmZsbUR3aEt3azctdG1qSUpfTUozdldFUkotREJlOUI4S3FwTktmM1RxWGVHSkh1ZVctWWlTN0ZOVmFtMHpyNDM1UmlObG1WdVIzSUh1VzRMZ2czZmZTVXJjSF9EV3pDLTJrXzFFanFUUFA3dGZ0djdnVTc0UGpDcS13Z014VldBb1ZmYWZqN0dVbnRtN3Z0LVNsQWJFNHBBT3F0dHlTazI0R2U1akh6cHNIYlpVZGpYbjNBaE1xMExjb1FLVlZ1a2V0NDdRIiwicm9sZXMiOlsiRE8iXSwiY2xpZW50SXAiOm51bGwsImVudGl0bGVtZW50IjpbXX0.6LLginw2EnoqMQft2oKSYT56zpy5HWV9qCnUbcRgLj6Y4zTFW42zsujtSAf3J7ICr1BTmXNMWZMny9VM1q_20A



==== 12/05/2026 07:33:35 - POST-URL ======

https://ebizapp01.licindia.in/BFFService/policy/policyInfo?_dc=1778551415375



==== 12/05/2026 07:33:36 - POST-URL ======

{"confirmationId":null,"status":"200","resultInfoList":null,"count":0,"policy":{"policyNumber":"703332427","planName":"Jeevan Rakshak","mode":"1","noOfDues":1,"premium":"236.00","commenceDate":"2014-08-23","nameOfAssured":"J . Renukadevi","agencyCode":"0090976F ","developmentOfficerCode":"315076","plan":"827","policyTerm":"20","firstUnpaidPremiumDate":"2026-05-23","cdCharge":"0","serviceBranch":"76F ","sumAssured":"75000","policyStatus":"21","dob":"1976-03-10","ageAtEntry":38,"planDetails":{"plan":827,"planType":null,"planDesc":null,"premiumDueDuration":6,"premiumDueDurationType":"M","payPremiumAdvance":30,"payPremiumAdvanceType":"D","gracePeriod":15,"gracePeriodType":"D","serviceTaxRateFirstYr":4.5,"serviceTaxRateNextYrs":2.25,"serviceTaxRateEduCess":0.0,"topUpAllowed":null,"multiplyTopupAmt":null,"topupLimitCriteria":null,"topupNoPayBefMaturity":null,"planCategory":"EN","freeCoverCond":null,"freeCoverFUP":null,"campaignStartDate":"2026-01-01","campaignEndDate":"2026-03-02","percentageofwaiver":30.0,"maxLimitofwaiver":3000.0,"waiversAllowedNum":1,"lateFeeWaiverInd":"Y","discountPercentFirstYr":null,"discountPercentSecondYr":null,"discountPercentThirdYr":null,"discountPercentSubYr":null,"discountFromDate":null,"discountToDate":null,"maxLimitWaiverFstYr":null,"maxLimitWaiverScndYr":null,"maxLimitWaiverThirdYr":null,"maxLimitWaiverSubYr":null,"discountParameter":null,"graceprdExtFlag":null,"graceprdExtFrmDate":null,"graceprdExtToDate":null,"graceprdPrcntWaiver":null,"maxWaiverLimitgraceprd":null,"gstCdCharge":0.0,"gstLateFeeRateFirstYr":18.0,"gstLateFeeRateNextYrs":18.0,"dateOfLaunch":"19/08/2014","beforeLaunch":"N","centralGSTPercentage":50,"discountPeriod":null,"discountPeriodType":null},"eligible":false,"lateFeeRequired":false,"recordId":"S","premiumPayingTerm":20,"policyBenefits":"75000","dueAmount":"236.00","taxExemption":false,"age":"50","eserviceEligible":false,"policyUlip":false,"dateOfLastPayment":"2034-07-23","dateOfMaturity":"2034-08-23","statusShortDesc":"In Force","nav":"For NAV details please contact your Servicing Branch / Customer Zone","altChannelId":"0 ","riderPolicy":false,"minorChild":false,"accountingBookCode":8,"payedPolicy":false,"advancePayedPolicy":false,"lastAccountDate":"2026-05-08","noBonusYears":99,"bonusInfo":{"totalRevBonus":0,"totalInterimBonus":0,"totalFAB":0,"totalGuaranty":0,"totalLoyalty":0,"totalOneTimeBonus":0.00,"messageCode":null,"calulationSheetHTML":"","calulationSheetText":""},"isSpotRevivalAllowed":false,"discountApplicable":false,"advancePaymetEligible":false,"maturitySumAssured":0,"gstInNumber":"null","transactionAllowed":true,"dateOfShowMaturity":"2034-08-23","panFlag":false,"neftFlag":true,"itPan":"","neftStatus":"Y","titleCode":"1","premiumGapFlag":false,"dghPolicyFlag":false,"policyExitStatus":false,"serviceRequestFlag":false,"nriGstFlag":false,"fyEndDate":"2027-03-31"},"person":{"policyNo":703332427,"birthDate":"1976-03-10","fullName":"J . Renukadevi","sex":"F","shortName":"Renukadevi J","age":"38","profileMobileNo":null,"profileEmail":null,"profileUnMaskMobileNo":null,"profileUnMaskEmail":null},"address":{"policyNo":703332427,"address1":"W/O N.Murali","address2":"106/151 Thanneer Panthalkadu","address3":"Moolapallipatty Po, Rasipuram Tk","addressId":1,"pin":637406},"branch":{"branchCode":"76F ","address1":"LIC OF INDIA - 76F","address2":"NAMAKKAL ROAD","address3":"RASIPURAM","branchIp":"10.128.42.194","branchName":"LIC of India, Rasipuram Br Office","city":null,"dcCode":"X070","divCode":70,"eaiIndication":"Y","emailId":"BO_76F@LICINDIA.COM","man":null,"odsIndication":"N","pin":null,"state":"null"},"agent":{"agencyCode":"0090976F ","address1":"D/O.K.Jayaraman,Jai Ganesh Lorry","address2":"Service,T.P.Kadu,Moolapallipatty.Po","address3":"Rasipuram.Tk & Namakkal .Dt.","agentName":"J.Renukadevi","birthDate":"1976-03-10","category":2,"city":null,"disabilityCode":1,"enteredDate":"2026-05-12T01:13:13.000+00:00","itaxPanNo":"ANZPR4228B","occupationCode":12,"pin":637406,"qualificationCode":3,"sex":"F"},"nominees":[{"policyNo":703332427,"nomineeAge":7,"nomineeDob":null,"nomineeId":1,"nomineeName":"R M HIDHESH","nomineeRegistrationDate":null,"nomineeRelation":"S","nomineeShare":100,"nomineeStatus":"B"}],"billingInfo":{"policyNumber":"703332427","nameOfAssured":"J . Renukadevi","planName":"Jeevan Rakshak","plan":827,"mode":"1","premium":236,"sumAssured":75000,"status":null,"firstUnpaidPremiumDate":"2026-05-23","nextFup":null,"dueAmount":"236.00","payedPolicy":false,"noOfDues":1,"eligible":false,"spotRevival":false},"policyContact":{"policyNo":703332427,"dataSource":"B","emailAddress":"null","enteredDate":"2026-05-09T20:00:07.262+00:00","mobileNo":"919789746387","countryCode":null,"telephoneNo":"null","panNo":null},"policyExtra":{"accumTerm":0},"policyAnnuity":null,"userRegistered":"N","assignmentDetails":[],"ulipExtra":{"giveCashAmount":null},"bonusErrorMessage":null,"qpayPolicy":{"policyNumber":"703332427","dob":"10/03/1976","emailId":null,"mobileNo":"9789746387","premium":"236","key":"869375"}}



==== 12/05/2026 07:33:50 - OSTATTUS-RESPONSE-TOKEN ======

JbfESFZU8PWxXzCJ6FpYJEar3kaWeyat910INKLGn6l9LXqgIFZG1ktuXxR4ADxpmJQNPVxoyh8TUWpCTknjZug0H7NzLu68hzb3N/U6w9ssyDx8JwdIIOdAvxDO5yw/oYNmtZYm46m7LtYK6r3JchqhLmKgrHBLrQi4riCiI2V0vO47MkOEgBPNXOIVuyq7pU/5GyGi0UrdNDZ1bmWqWMjYhMFBrHJSYMK3TiJGpyBEiqPmvFEmdU5Fz9kcTzriuhOXU0o/dT1qCBaXNDcTgol0EllM+5vRE+hBJKZkTurSQsKdDfZymZg6yy/M5P76LO1A5TK0Q9k4HTZRfXw7TYiXPYPc+Jp7YNZQBFjSXoI443I5l4/Wl/ngrEDfFdNsQYAqH5QUgbRVuDSbc9kDa7PvIaVDFBDX8N2pL+9l9ZYSmZj3aSrtQ+H5P3itkUD3A04do80MZ79TK5K7E5mTvbkU4ATNeGX1pnIRoYV9q50vcBavnqPDRpQE7nFjOEf/SBYr32U/LS7+ClQj+bYz9ChG+HvBWhHNtUeh7twDc2DVfz8GbEXOM12fbygI/WmVs6xCmRZ2Spb+SAzIWDj7biA0znZC1Vt4bhPYvIWzwT2fVBY9V8G89ThRrz3nrLP9ADdqsVsVeHpnxD5mmRox68o3Fg2xf9Visg9RnIh2vtM3dedRca5j8GWI0+my6oWRfCPfLCTrfx1RMGpYm+cWhZ5UORAzoN3afqaAdSgiiMjbwScGIrpcPvXMGCmsXsL5000mKxBQzgp7BmTjfg8ea6WaiSQi1dWlGvuHGHbsUJtgOb2c9vf9YwKYxXNV3/e+vPs7ssGSY4Y5ygKxJVEs02iYSp5ZHhYizeFFSI/dntnC2syj9D0NcAXAYNLC27wNtoqvv7PtgqCEPP4ruCyouZ/te5KYFLdXoR3J3fBSJuUwI4yPXPjv5alNNdPx3mB/dtYmjS4eDOfAyI/yk6cOVQm3qvyfxutrhItyxalMIU+iGw6UOFV4Y7unEpF4u5A6v05Cj1PSFt2ShbRiayJFEtEEgm7+V97i/kbc2OvpNgeAAIfC9bOqzW3arwkvwpON98p2ovB2v7bGE+H0ZOTLyGkuupVH5sQDwbIskgE7JQ/Yx/U13ONbBAEJTgQRsgpdrPD4O1ADqmZ1LusWTahjlTAhJsMkIWUmi7HiAu/KUpM5yZ8uzHL7M16GYqEQEcz6c23JRsUvmSg7tjPhiJUXCygxn4Oa3a6sZL5upcTV9Cg+kuo5jVEeRa7n2gKButG92G51h/0HuLCnAVkEtr1/nYVHtUYamfl26NshsSzNIbw7XQyNuWslpe7LpcUaqVmLVDZxgRhQF3Vo0n7lwrIZHnKHQKDTbaZM3ELUa2ZfKpWjdWaZBc8j1fdGp8KjNryCgGSjMbyDdilJEOfMKVf5ljEL6S/f4/eezImj/D5DspKeiBAbUwCeroQMNloMpltEKUZoKbG/TP1YDhgrYG0/wwutDtpncOLz3cdf24TSDOGDqccEYcQ0iMFcsNuQLWYxiN/8JikXNgJIIRf5LLAPO6ezw9lJAPMpRmfS+PsZeeiyeonXZf0E4EW/oVFIvGL6jfQnPFktD2IXdikS78+5Rdjn4ZbT091rhn1G2C421rAg57lYmfEGVhkdyadzub4rt8Bvv7X+YBsOVGzRHj33PDscY2PtdIfosl+qP6VqalBTLUcTTGbTV5P/5UvY9O19Y/v6cM2LqRvgIUoF3gI80UPIrv3NcRcr5IKPUO3TKKebpdiNHUy9weZj/jHrpg1/LhXH8xCjWBIG+4JGmfU5n8CJX5M1I8e/M19e6Cv0kKUyqfx3i/M6LXbQM/RJyjFkOF+f9UobvOmPXVEOwwBFHFDZVb52I0wjsTtFzRJyz8dIXAI4GfazTWeKpK1cqCHhD5CPVQH/Vv3sVmnBJl26E5GqxIw+d5goX5s/8p2kepG+iCAD9+PHtHUjx8Dc9Y8hqtUBlAe8Wjgb8QI=



==== 12/05/2026 07:33:50 - OSTATTUS-RESPONSE-TOKEN ======

eyJhbGciOiJIUzUxMiJ9.eyJzdWIiOiJJREFNMjQwMTIwMjQxMTEyMjg2MSIsImFnZW5jeV9jb2RlIjpudWxsLCJjcmVhdGVkIjoxNzc4NTUwNjE2ODY2LCJhY2Nlc3NfY29kZSI6ImV5SmhiR2NpT2lKU1V6STFOaUlzSW5SNWNDSTZJa3BYVkNKOS5leUp6ZFdJaU9pSkpSRUZOTWpRd01USXdNalF4TVRFeU1qZzJNU0lzSW1adVlXMWxJam9pVTFWQ1NFRlRJRk5CUzFKRlVGQkJJRk5CVGtkQlZFa2lMQ0oxYzJWeWMzUmhkSFZ6SWpvaU1TSXNJbVZ1ZEdsMGVXeHBjM1FpT2xzaVRFbERYME5WVTFSUFRVVlNYMUJQVWxSQlRDSmRMQ0p5YjJ4bGN5STZXeUpFVHlKZExDSnBjM01pT2lKQlVsZ2lMQ0p0YjJKcGJHVWlPaUk1T1RBeE5qSXpNRGsySWl3aVlYVmtJam9pWkdWbVlYVnNkQ0lzSW14dVlXMWxJam9pVTFWQ1NFRlRJRk5CUzFKRlVGQkJJRk5CVGtkQlZFa2lMQ0oxYzJWeVZIbHdaU0k2SWpFaUxDSmxlSEFpT2pFM056ZzFOemt6TkRZc0ltbGhkQ0k2TVRjM09EVTFNRFUwTml3aWFuUnBJam9pT1RKbFpHSmpNekF0WW1GaU9DMDBZbUU0TFRreVpEVXRPV0l6TVRZeE5ESXhOR1kySWl3aVpXNTBhWFI1SWpvaVRFbERYME5WVTFSUFRVVlNYMUJQVWxSQlRDSXNJbVZ0WVdsc0lqb2ljM056WVc1bllYUnBNakkxUUd4cFkybHVaR2xoTG1OdmJTSjkuR1oycnhnaE05MlhiQ3BHbVB3NFRDTWp4cXNCMFdjQkhYOVRxRnlDaUdXWVlwQ2V3c2JHWjFZQXEyaXhmLW8tZi1ybzk1VDJ0SkRMc0tsbFk1a3R0ellBUmlNcEdUV2MzSTgtTU9QejBfeG5WYlBxUjdVbnpTaXRMRm5LVEVRYmVfRG05cXI4eGxxaldkNk9YSmZsbUR3aEt3azctdG1qSUpfTUozdldFUkotREJlOUI4S3FwTktmM1RxWGVHSkh1ZVctWWlTN0ZOVmFtMHpyNDM1UmlObG1WdVIzSUh1VzRMZ2czZmZTVXJjSF9EV3pDLTJrXzFFanFUUFA3dGZ0djdnVTc0UGpDcS13Z014VldBb1ZmYWZqN0dVbnRtN3Z0LVNsQWJFNHBBT3F0dHlTazI0R2U1akh6cHNIYlpVZGpYbjNBaE1xMExjb1FLVlZ1a2V0NDdRIiwicm9sZXMiOlsiRE8iXSwiY2xpZW50SXAiOm51bGwsImVudGl0bGVtZW50IjpbXX0.6LLginw2EnoqMQft2oKSYT56zpy5HWV9qCnUbcRgLj6Y4zTFW42zsujtSAf3J7ICr1BTmXNMWZMny9VM1q_20A



==== 12/05/2026 07:33:50 - POST-URL ======

https://ebizapp01.licindia.in/BFFService/policy/policyInfo?_dc=1778551430608



==== 12/05/2026 07:33:51 - POST-URL ======

{"confirmationId":null,"status":"200","resultInfoList":null,"count":0,"policy":{"policyNumber":"703333371","planName":"LIC's New Jeevan Labh Plan","mode":"1","noOfDues":1,"premium":"999.00","commenceDate":"2025-03-28","nameOfAssured":"J . Renukadevi","agencyCode":"0090976F ","developmentOfficerCode":"87070","plan":"736","policyTerm":"25","firstUnpaidPremiumDate":"2026-05-28","cdCharge":"0","serviceBranch":"76F ","sumAssured":"200000","policyStatus":"21","dob":"1976-03-10","ageAtEntry":49,"planDetails":{"plan":736,"planType":null,"planDesc":null,"premiumDueDuration":6,"premiumDueDurationType":"M","payPremiumAdvance":30,"payPremiumAdvanceType":"D","gracePeriod":15,"gracePeriodType":"D","serviceTaxRateFirstYr":4.5,"serviceTaxRateNextYrs":2.25,"serviceTaxRateEduCess":0.0,"topUpAllowed":null,"multiplyTopupAmt":null,"topupLimitCriteria":null,"topupNoPayBefMaturity":null,"planCategory":"NORM","freeCoverCond":null,"freeCoverFUP":null,"campaignStartDate":"2026-01-01","campaignEndDate":"2026-03-02","percentageofwaiver":30.0,"maxLimitofwaiver":3000.0,"waiversAllowedNum":1,"lateFeeWaiverInd":"Y","discountPercentFirstYr":null,"discountPercentSecondYr":null,"discountPercentThirdYr":null,"discountPercentSubYr":null,"discountFromDate":null,"discountToDate":null,"maxLimitWaiverFstYr":null,"maxLimitWaiverScndYr":null,"maxLimitWaiverThirdYr":null,"maxLimitWaiverSubYr":null,"discountParameter":null,"graceprdExtFlag":null,"graceprdExtFrmDate":null,"graceprdExtToDate":null,"graceprdPrcntWaiver":null,"maxWaiverLimitgraceprd":null,"gstCdCharge":0.0,"gstLateFeeRateFirstYr":18.0,"gstLateFeeRateNextYrs":18.0,"dateOfLaunch":"2/1/2020","beforeLaunch":"N","centralGSTPercentage":50,"discountPeriod":null,"discountPeriodType":null},"eligible":false,"lateFeeRequired":false,"recordId":"S","premiumPayingTerm":16,"policyBenefits":"200000","dueAmount":"999.00","taxExemption":false,"age":"50","eserviceEligible":false,"policyUlip":false,"dateOfLastPayment":"2041-02-28","dateOfMaturity":"2050-03-28","statusShortDesc":"In Force","nav":"For NAV details please contact your Servicing Branch / Customer Zone","altChannelId":"0 ","riderPolicy":false,"minorChild":false,"accountingBookCode":8,"payedPolicy":false,"advancePayedPolicy":false,"lastAccountDate":"2026-05-08","noBonusYears":99,"bonusInfo":{"totalRevBonus":0,"totalInterimBonus":0,"totalFAB":0,"totalGuaranty":0,"totalLoyalty":0,"totalOneTimeBonus":0.00,"messageCode":null,"calulationSheetHTML":"<table width=100% ><tr class=grey-bg><td>Please Check Data As After Conversion Bonus Year Cannot Be Zero</td></tr></table>","calulationSheetText":"Please Check Data As After Conversion Bonus Year Cannot Be Zero  "},"isSpotRevivalAllowed":false,"discountApplicable":false,"advancePaymetEligible":false,"maturitySumAssured":0,"gstInNumber":"null","transactionAllowed":true,"dateOfShowMaturity":"2050-03-28","panFlag":true,"neftFlag":true,"itPan":"AN******8B","neftStatus":"Y","titleCode":"1","premiumGapFlag":false,"dghPolicyFlag":false,"policyExitStatus":false,"serviceRequestFlag":false,"nriGstFlag":false,"fyEndDate":"2027-03-31"},"person":{"policyNo":703333371,"birthDate":"1976-03-10","fullName":"J . Renukadevi","sex":"F","shortName":"Renukadevi J","age":"49","profileMobileNo":null,"profileEmail":null,"profileUnMaskMobileNo":null,"profileUnMaskEmail":null},"address":{"policyNo":703333371,"address1":"W/O N Murali","address2":"3/914, Extension No 1 Koneripatti","address3":"Rasipuram Po And Tk, Namakkal Dt","addressId":1,"pin":637408},"branch":{"branchCode":"76F ","address1":"LIC OF INDIA - 76F","address2":"NAMAKKAL ROAD","address3":"RASIPURAM","branchIp":"10.128.42.194","branchName":"LIC of India, Rasipuram Br Office","city":null,"dcCode":"X070","divCode":70,"eaiIndication":"Y","emailId":"BO_76F@LICINDIA.COM","man":null,"odsIndication":"N","pin":null,"state":"null"},"agent":{"agencyCode":"0090976F ","address1":"D/O.K.Jayaraman,Jai Ganesh Lorry","address2":"Service,T.P.Kadu,Moolapallipatty.Po","address3":"Rasipuram.Tk & Namakkal .Dt.","agentName":"J.Renukadevi","birthDate":"1976-03-10","category":2,"city":null,"disabilityCode":1,"enteredDate":"2026-05-12T01:13:13.000+00:00","itaxPanNo":"ANZPR4228B","occupationCode":12,"pin":637406,"qualificationCode":3,"sex":"F"},"nominees":[{"policyNo":703333371,"nomineeAge":50,"nomineeDob":null,"nomineeId":1,"nomineeName":"N MURALI","nomineeRegistrationDate":null,"nomineeRelation":"H","nomineeShare":100,"nomineeStatus":"B"}],"billingInfo":{"policyNumber":"703333371","nameOfAssured":"J . Renukadevi","planName":"LIC's New Jeevan Labh Plan","plan":736,"mode":"1","premium":999,"sumAssured":200000,"status":null,"firstUnpaidPremiumDate":"2026-05-28","nextFup":null,"dueAmount":"999.00","payedPolicy":false,"noOfDues":1,"eligible":false,"spotRevival":false},"policyContact":{"policyNo":703333371,"dataSource":"B","emailAddress":"priyahithesh@gmail.com                  ","enteredDate":"2026-05-09T20:00:07.262+00:00","mobileNo":"919865143555","countryCode":null,"telephoneNo":"null","panNo":null},"policyExtra":{"accumTerm":0},"policyAnnuity":null,"userRegistered":"N","assignmentDetails":[],"ulipExtra":{"giveCashAmount":0},"bonusErrorMessage":null,"qpayPolicy":{"policyNumber":"703333371","dob":"10/03/1976","emailId":"priyahithesh@gmail.com","mobileNo":"9865143555","premium":"999","key":"058303"}}



==== 12/05/2026 07:34:04 - OSTATTUS-RESPONSE-TOKEN ======

b+SNz/EGi9PRwrqPxDljcCCvzWJuVjzkPaUCAFfZamyW2pl9foEiYb/8cTmV7smCnaR4E5hBOtfUFg7NymUSoxwJet5ToxH7XaLaayqEWOjUbeLcGw9gML4KsVEUC2e7wQ/5pp3vzg0l+fjItPgC6npocAwQ1/bHm1xjaCRV72YH3TtUizqaDA++ZVN15d+bEsdRkXdCeAzGSwpPOYFsRVvS8uOZmJ9LxpVIQ5n8i+x5W5q8jTz1qi1ZjtkRQDJvkspA80BTBWFny8shWIz64Dx/S9+Q/ZYWFmZIIEffU4hBLIK2SuuJHcQHX7Krssg56MazgnG0XLG9Ba74HpPsE2kdAr31TvNshM+baZDGkfwhnECi9gCQ6uHvhG6CtP3Jip3EEH0aG2ewPU4kMRQmUZJV/Gf4AJJgNiA19phfB1jar3OBsOq6zD/kVLR3HBVV1W/epw8ni/irlpm48T3vSYEcz39y2+cnOgE6N4QuXu6J9/g8D9pJRtXAHCtQfbafs/zMzAkyeFcr1JhGYjekqGesQCxZxFl1jwL2IoltldeiNs+BgX6KiPJk1qQ2tRFpZ04hzfp3y23IeQJpr98GtA7w75m0QI9FfOWHZ45E+FZstf1oNswTymEnXQxdBsJZxfP49RLn+V1KyY6HKRlWac0fRz+R0ORnj21KysUvkcROyvSeVKyCEeC1bnvYcG7oHEfvy4OA+IQoi5b7NCeeWkHX/6GN7BRbU9JYFMhbx0/gy0Hgi1VTB1WvRhxxtX/cZI/9jZ8Pb3kRAsttSoscROq9GRJJ65uV2wMaB1n5aM0mN+IJBnnI80UnMEzM8BuKopqtwTlkl35LLRnYdAoFMqu3KfM8CHvNIYolJD7CXUhGeaju/uCPX0qKHOEbZKYTKpSEKkwty4gKmDf4Mc5K5mzmP4TRsTAGgwo64nN1FwLaDEsC0zIFN+yG/hLl2JByaFwr5GXlqbq5/6C8ZKX0lC1Z6UuzSnv6+6zw4gEb6yaX40p5G1H1BnONGuCuEBmX9kUc1Ydxkzm+VpFKa9Q8/NpwU4TW6Syfcm6iKWY2IORqcYl4QnYhxrF6t28w5vVzeBD1lsmyb0S6Vne6NgntoDNfmygXpFqyTGJdAAImIttglB1jabba/TnCzoBZq7sS07/STfB6SITAS5CqJ4LpwdquhtzOBBaU9EOcwzQujRWuCc3qsU75tvYJuWYbs+ldFUQZOc/iRYowEhQBtU59I9mCcZORPTQ8UD12k/bctGki/zb75RX/cnM7ZdvvGxquCZ1pfPWtBAQJ7/GCdAJYjc55lJhYvDPsvTq9Pe3C/hLXIIgx0z8FhiUakaFlMF9w8cm+XPMrohWKomSi1ClWUj8PO92lfwApdYcuY0u6K5kTB/6tBnmBdiuat0i6uDCmss3U1I1coikwkh+PDW6wHNp2a5+A4N0rL2EPBOi9n/iChOBc11rSGana2GmV+OzE8aSeZjP23peDP4AlO3OSRDTduuIVX7jpN//S3ejbAgIAzg84KyaGD0BjoDZZx8dn8y0daPhXGxCI+k/1+eSTKa65KmtFHiE8GAD2hZUm8VHipycdrPBtyBgsmow78jk1rVtWw92XEqCH6GRJgjEOeIAwCUfnD3EBYTeop5sw1afcjHiqa1pto+7Yh7oqSVCkzw0okYLCy4TdPlkEgOAhJIhLEm7hoB2zdRSLJyQwGpLfi5jfWjcsxiIYQiq6WkRW85y+cL1LMvNO2ZUFBOwICuBg9JuJ3D8xOwDvNg1N3qcTzzUl4T6Uehx9y3eqRa6slcNowuV5hTU32Icy30S8tk0uU9UK8nXiOPeCkR2YPKqmhqLkw/33PxtY9dT4GayDkGR99R/YgDMgYiq+YgOpEV32UqL/nzpsSK4sJHp8gDiWQM+dRdgI7aIBOIvtIEvCcZIXE5DlNoESzkxWtOimMpVCuBhhKNekSWdZ4SIoMyGO59Y/Fa4EtFFw/e7p4Kfksn8lBKegwxaB3y0=



==== 12/05/2026 07:34:04 - OSTATTUS-RESPONSE-TOKEN ======

eyJhbGciOiJIUzUxMiJ9.eyJzdWIiOiJJREFNMjQwMTIwMjQxMTEyMjg2MSIsImFnZW5jeV9jb2RlIjpudWxsLCJjcmVhdGVkIjoxNzc4NTUwNjE2ODY2LCJhY2Nlc3NfY29kZSI6ImV5SmhiR2NpT2lKU1V6STFOaUlzSW5SNWNDSTZJa3BYVkNKOS5leUp6ZFdJaU9pSkpSRUZOTWpRd01USXdNalF4TVRFeU1qZzJNU0lzSW1adVlXMWxJam9pVTFWQ1NFRlRJRk5CUzFKRlVGQkJJRk5CVGtkQlZFa2lMQ0oxYzJWeWMzUmhkSFZ6SWpvaU1TSXNJbVZ1ZEdsMGVXeHBjM1FpT2xzaVRFbERYME5WVTFSUFRVVlNYMUJQVWxSQlRDSmRMQ0p5YjJ4bGN5STZXeUpFVHlKZExDSnBjM01pT2lKQlVsZ2lMQ0p0YjJKcGJHVWlPaUk1T1RBeE5qSXpNRGsySWl3aVlYVmtJam9pWkdWbVlYVnNkQ0lzSW14dVlXMWxJam9pVTFWQ1NFRlRJRk5CUzFKRlVGQkJJRk5CVGtkQlZFa2lMQ0oxYzJWeVZIbHdaU0k2SWpFaUxDSmxlSEFpT2pFM056ZzFOemt6TkRZc0ltbGhkQ0k2TVRjM09EVTFNRFUwTml3aWFuUnBJam9pT1RKbFpHSmpNekF0WW1GaU9DMDBZbUU0TFRreVpEVXRPV0l6TVRZeE5ESXhOR1kySWl3aVpXNTBhWFI1SWpvaVRFbERYME5WVTFSUFRVVlNYMUJQVWxSQlRDSXNJbVZ0WVdsc0lqb2ljM056WVc1bllYUnBNakkxUUd4cFkybHVaR2xoTG1OdmJTSjkuR1oycnhnaE05MlhiQ3BHbVB3NFRDTWp4cXNCMFdjQkhYOVRxRnlDaUdXWVlwQ2V3c2JHWjFZQXEyaXhmLW8tZi1ybzk1VDJ0SkRMc0tsbFk1a3R0ellBUmlNcEdUV2MzSTgtTU9QejBfeG5WYlBxUjdVbnpTaXRMRm5LVEVRYmVfRG05cXI4eGxxaldkNk9YSmZsbUR3aEt3azctdG1qSUpfTUozdldFUkotREJlOUI4S3FwTktmM1RxWGVHSkh1ZVctWWlTN0ZOVmFtMHpyNDM1UmlObG1WdVIzSUh1VzRMZ2czZmZTVXJjSF9EV3pDLTJrXzFFanFUUFA3dGZ0djdnVTc0UGpDcS13Z014VldBb1ZmYWZqN0dVbnRtN3Z0LVNsQWJFNHBBT3F0dHlTazI0R2U1akh6cHNIYlpVZGpYbjNBaE1xMExjb1FLVlZ1a2V0NDdRIiwicm9sZXMiOlsiRE8iXSwiY2xpZW50SXAiOm51bGwsImVudGl0bGVtZW50IjpbXX0.6LLginw2EnoqMQft2oKSYT56zpy5HWV9qCnUbcRgLj6Y4zTFW42zsujtSAf3J7ICr1BTmXNMWZMny9VM1q_20A



==== 12/05/2026 07:34:04 - POST-URL ======

https://ebizapp01.licindia.in/BFFService/policy/policyInfo?_dc=1778551444724



==== 12/05/2026 07:34:05 - POST-URL ======

{"confirmationId":null,"status":"200","resultInfoList":null,"count":0,"policy":{"policyNumber":"704148130","planName":"Jeevan Anand","mode":"6","noOfDues":1,"premium":"7518.00","commenceDate":"2009-10-26","nameOfAssured":"J Karthick","agencyCode":"0090976F ","developmentOfficerCode":"312076","plan":"149","policyTerm":"81","firstUnpaidPremiumDate":"2026-04-26","cdCharge":"0","serviceBranch":"76F ","sumAssured":"300000","policyStatus":"21","dob":"1990-06-18","ageAtEntry":19,"planDetails":{"plan":149,"planType":null,"planDesc":null,"premiumDueDuration":6,"premiumDueDurationType":"M","payPremiumAdvance":30,"payPremiumAdvanceType":"D","gracePeriod":1,"gracePeriodType":"M","serviceTaxRateFirstYr":4.5,"serviceTaxRateNextYrs":2.25,"serviceTaxRateEduCess":null,"topUpAllowed":null,"multiplyTopupAmt":null,"topupLimitCriteria":null,"topupNoPayBefMaturity":null,"planCategory":"ENP","freeCoverCond":null,"freeCoverFUP":null,"campaignStartDate":"2026-01-01","campaignEndDate":"2026-03-02","percentageofwaiver":30.0,"maxLimitofwaiver":3000.0,"waiversAllowedNum":1,"lateFeeWaiverInd":"Y","discountPercentFirstYr":3.0,"discountPercentSecondYr":2.0,"discountPercentThirdYr":1.0,"discountPercentSubYr":2.0,"discountFromDate":"2017-07-05","discountToDate":"2017-07-06","maxLimitWaiverFstYr":5.0,"maxLimitWaiverScndYr":4.0,"maxLimitWaiverThirdYr":3.0,"maxLimitWaiverSubYr":2.0,"discountParameter":null,"graceprdExtFlag":null,"graceprdExtFrmDate":null,"graceprdExtToDate":null,"graceprdPrcntWaiver":null,"maxWaiverLimitgraceprd":null,"gstCdCharge":0.0,"gstLateFeeRateFirstYr":18.0,"gstLateFeeRateNextYrs":18.0,"dateOfLaunch":"02/01/2002","beforeLaunch":"Y","centralGSTPercentage":50,"discountPeriod":null,"discountPeriodType":null},"eligible":true,"lateFeeRequired":false,"recordId":"O","premiumPayingTerm":21,"policyBenefits":"300000","dueAmount":"7518.00","taxExemption":false,"age":"36","eserviceEligible":false,"policyUlip":false,"dateOfLastPayment":"2030-04-26","dateOfMaturity":"2090-10-26","statusShortDesc":"In Force","nav":"For NAV details please contact your Servicing Branch / Customer Zone","altChannelId":"00","riderPolicy":false,"minorChild":false,"accountingBookCode":1,"payedPolicy":false,"advancePayedPolicy":false,"lastAccountDate":"2025-12-08","noBonusYears":0,"bonusInfo":{"totalRevBonus":228000,"totalInterimBonus":6750,"totalFAB":0,"totalGuaranty":0,"totalLoyalty":0,"totalOneTimeBonus":0.00,"messageCode":null,"calulationSheetHTML":"<table border=1><tr class=grey-bg><td>From</td><td>Upto</td><td>Year</td><td>Type</td><td>Factor</td><td>Rate</td><td>Bonus </td></tr><tr class=grey-bg><td>2009-10-26</td><td>2010-10-26</td><td>2010</td><td>V</td><td>1.0</td><td>45.00</td><td>13500.00</td></tr><tr class=grey-bg><td>2010-10-26</td><td>2011-10-26</td><td>2011</td><td>V</td><td>1.0</td><td>47.00</td><td>14100.00</td></tr><tr class=grey-bg><td>2011-10-26</td><td>2012-10-26</td><td>2012</td><td>V</td><td>1.0</td><td>47.00</td><td>14100.00</td></tr><tr class=grey-bg><td>2012-10-26</td><td>2013-10-26</td><td>2013</td><td>V</td><td>1.0</td><td>48.00</td><td>14400.00</td></tr><tr class=grey-bg><td>2013-10-26</td><td>2014-10-26</td><td>2014</td><td>V</td><td>1.0</td><td>48.00</td><td>14400.00</td></tr><tr class=grey-bg><td>2014-10-26</td><td>2015-10-26</td><td>2015</td><td>V</td><td>1.0</td><td>49.00</td><td>14700.00</td></tr><tr class=grey-bg><td>2015-10-26</td><td>2016-10-26</td><td>2016</td><td>V</td><td>1.0</td><td>59.00</td><td>14700.00</td></tr><tr class=grey-bg><td>2015-10-26</td><td>2016-10-26</td><td>2016</td><td>O</td><td>1.0</td><td>10.00</td><td>3000.00</td></tr><tr class=grey-bg><td>2016-10-26</td><td>2017-10-26</td><td>2017</td><td>V</td><td>1.0</td><td>49.00</td><td>14700.00</td></tr><tr class=grey-bg><td>2017-10-26</td><td>2018-10-26</td><td>2018</td><td>V</td><td>1.0</td><td>49.00</td><td>14700.00</td></tr><tr class=grey-bg><td>2018-10-26</td><td>2019-10-26</td><td>2019</td><td>V</td><td>1.0</td><td>49.00</td><td>14700.00</td></tr><tr class=grey-bg><td>2019-10-26</td><td>2020-10-26</td><td>2020</td><td>V</td><td>1.0</td><td>45.00</td><td>13500.00</td></tr><tr class=grey-bg><td>2020-10-26</td><td>2021-10-26</td><td>2021</td><td>V</td><td>1.0</td><td>45.00</td><td>13500.00</td></tr><tr class=grey-bg><td>2021-10-26</td><td>2022-10-26</td><td>2022</td><td>V</td><td>1.0</td><td>45.00</td><td>13500.00</td></tr><tr class=grey-bg><td>2022-10-26</td><td>2023-10-26</td><td>2023</td><td>V</td><td>1.0</td><td>45.00</td><td>13500.00</td></tr><tr class=grey-bg><td>2023-10-26</td><td>2024-10-26</td><td>2024</td><td>V</td><td>1.0</td><td>45.00</td><td>13500.00</td></tr><tr class=grey-bg><td>2024-10-26</td><td>2025-10-26</td><td>2025</td><td>V</td><td>1.0</td><td>45.00</td><td>13500.00</td></tr><tr class=grey-bg><td>2025-10-26</td><td>2026-04-26</td><td>2025</td><td>I</td><td>0.5</td><td>45.00</td><td>6750.00</td></tr><tr class=grey-bg><td colspan=7>Total Rev Bonus : 228000.00   Total Interim Bonus : 6750.00</td></tr></table> ","calulationSheetText":"From        Upto        Year Type Factor  Rate     Bonus \r\n2009-10-26  2010-10-26  2010  V     1.0   45.00    13500.00\r\n2010-10-26  2011-10-26  2011  V     1.0   47.00    14100.00\r\n2011-10-26  2012-10-26  2012  V     1.0   47.00    14100.00\r\n2012-10-26  2013-10-26  2013  V     1.0   48.00    14400.00\r\n2013-10-26  2014-10-26  2014  V     1.0   48.00    14400.00\r\n2014-10-26  2015-10-26  2015  V     1.0   49.00    14700.00\r\n2015-10-26  2016-10-26  2016  V     1.0   59.00    14700.00\r\n2015-10-26  2016-10-26  2016  O     1.0   10.00    3000.00\r\n2016-10-26  2017-10-26  2017  V     1.0   49.00    14700.00\r\n2017-10-26  2018-10-26  2018  V     1.0   49.00    14700.00\r\n2018-10-26  2019-10-26  2019  V     1.0   49.00    14700.00\r\n2019-10-26  2020-10-26  2020  V     1.0   45.00    13500.00\r\n2020-10-26  2021-10-26  2021  V     1.0   45.00    13500.00\r\n2021-10-26  2022-10-26  2022  V     1.0   45.00    13500.00\r\n2022-10-26  2023-10-26  2023  V     1.0   45.00    13500.00\r\n2023-10-26  2024-10-26  2024  V     1.0   45.00    13500.00\r\n2024-10-26  2025-10-26  2025  V     1.0   45.00    13500.00\r\n2025-10-26  2026-04-26  2025  I     0.5   45.00    6750.00\r\n   Total Rev Bonus : 228000.00   Total Interim Bonus : 6750.00\r\n "},"isSpotRevivalAllowed":false,"discountApplicable":false,"advancePaymetEligible":false,"maturitySumAssured":0,"gstInNumber":"null","transactionAllowed":true,"dateOfShowMaturity":"2090-10-26","panFlag":true,"neftFlag":false,"itPan":"CX******3D","neftStatus":"N","titleCode":"1","premiumGapFlag":false,"dghPolicyFlag":false,"policyExitStatus":false,"serviceRequestFlag":false,"nriGstFlag":false,"fyEndDate":"2027-03-31"},"person":{"policyNo":704148130,"birthDate":"1990-06-18","fullName":"J Karthick","sex":"M","shortName":"Karthick J","age":"19","profileMobileNo":null,"profileEmail":null,"profileUnMaskMobileNo":null,"profileUnMaskEmail":null},"address":{"policyNo":704148130,"address1":"S/O.Jayapal, Veeran Kadu","address2":"P.M.Palayam.Po,","address3":"Rasipuram.Tk, Namakkal.Dt","addressId":1,"pin":637408},"branch":{"branchCode":"76F ","address1":"LIC OF INDIA - 76F","address2":"NAMAKKAL ROAD","address3":"RASIPURAM","branchIp":"10.128.42.194","branchName":"LIC of India, Rasipuram Br Office","city":null,"dcCode":"X070","divCode":70,"eaiIndication":"Y","emailId":"BO_76F@LICINDIA.COM","man":null,"odsIndication":"N","pin":null,"state":"null"},"agent":{"agencyCode":"0090976F ","address1":"D/O.K.Jayaraman,Jai Ganesh Lorry","address2":"Service,T.P.Kadu,Moolapallipatty.Po","address3":"Rasipuram.Tk & Namakkal .Dt.","agentName":"J.Renukadevi","birthDate":"1976-03-10","category":2,"city":null,"disabilityCode":1,"enteredDate":"2026-05-12T01:13:13.000+00:00","itaxPanNo":"ANZPR4228B","occupationCode":12,"pin":637406,"qualificationCode":3,"sex":"F"},"nominees":[{"policyNo":704148130,"nomineeAge":58,"nomineeDob":null,"nomineeId":1,"nomineeName":"PALANIVEL","nomineeRegistrationDate":null,"nomineeRelation":"X","nomineeShare":100,"nomineeStatus":"B"}],"billingInfo":{"policyNumber":"704148130","nameOfAssured":"J Karthick","planName":"Jeevan Anand","plan":149,"mode":"6","premium":7518,"sumAssured":300000,"status":null,"firstUnpaidPremiumDate":"2026-04-26","nextFup":null,"dueAmount":"7518.00","payedPolicy":false,"noOfDues":1,"eligible":true,"spotRevival":false},"policyContact":{"policyNo":704148130,"dataSource":"B","emailAddress":"karthick168@gmail.com                   ","enteredDate":"2025-12-09T20:00:13.687+00:00","mobileNo":"918015265874","countryCode":null,"telephoneNo":"null","panNo":null},"policyExtra":{"accumTerm":0},"policyAnnuity":null,"userRegistered":"N","assignmentDetails":[],"ulipExtra":{"giveCashAmount":null},"bonusErrorMessage":null,"qpayPolicy":{"policyNumber":"704148130","dob":"18/06/1990","emailId":"karthick168@gmail.com","mobileNo":"8015265874","premium":"7518","key":"319679"}}



==== 12/05/2026 07:34:19 - OSTATTUS-RESPONSE-TOKEN ======

soje6uF9+OS2WCO3DOH2bN6h3R77pn+FFydXIxukmQQxBS5XULwwI+7O/001dOmD6VUkh01VuMliUWxFwP3/lbI6K/5Tvd4VH3INsjTKwWAl2UL/W0A7HkLMCIBLP/QAFVUzaVOeoKI34+rOilseIZtd30TYpG4vv5b/TkNr4p6qMolJYm5Miz+IS5sMAVOqHjUUREdcMkfk92X2kTflHKjNlUhmYvd2gPh61S0ifBQTTu00h++qb2GkDvh0NIqPYjahlPNElSOsqPAJph9cxDWo1dMRGXjmejeaJOWE4JPGNw84MOBrSc/SUlbrfgAywXRlmYRvQXi8NtHqAHUpqquKDScIz07vZS7rL03JfDwmJMqADWYy0035+1C8SW2jWunknz7ODWh3/Yyf3D/TMSufGbgEL7Y8MMmls266XdVtVj3xHI2ER5Gqa1+24HyiIcQTMfHvwZTmnjL3FhZit4mSwoo/AHLLc/N+adROH7AVrGwaUrrdFJnD7HvdtFWqb5vrUZ+P32GS0Na1sqzQqcHrHv9T4h5f3FBf5eo3baPJNQc8aYtheVRcrEBltpJJIre338KcoQdmLohYrHQUccZEcUDScMs0lf2WJS0odFBlQGL+Otw3ZNBbOWELBGTBp37iqfq4Ii3uoILBDNeoml520XAku+t//6ITG284BhUZjb/xoAYNKHWEjzySTMObu/e321i6pu0JZRAV7CmcCv8Ffm0Vz1ogTF/EH4Mi7Nr+ZCs5gYKibGNg73p07O7dIOs5nFVs2GCGG6TGUOzqxLQQXZoilGV1D5s+FRTuDPzm12gCROon5G9QU/s+JKIsA8gVSWidH2A4IRCOQQp0e3KK0aqGz1srFdXM1NpAkzpScZAGAe+5JKbaWp4zbaOtGWt7PCdF8b0BbMyjwVuxyG0KKvNcRVPzWkw7A97YfWNqMgxQuZmviXOZ4z38FSGWQJDVm0DsaQ0JXZMmRvkyjdO/3ECvmvQEgn8KpHZbvmLIvdsLt31SuWbLiNfJTDYAa6EC3K+qxgqWalaasCutGOAma3fG5uiSV6cIHDiv/16cdOg/SrPmGgaiV7UuOqsZcY1WQX3WULq4E4J2TnZkxmA70wKYMAeIb3fqJDQhsYC/OVkMEWLpUcktkaVzq4LnFIeolpKNMjSpuNCoVcYWF4TP4MuXoxKnr08pXxxFGAuA2K1a5tc7Em8WkLaLtcNbaiV1uRTscqa2hiAbrVaniSGXYPwLlaxa1CzC7VJv61myAW2b08cg5NHuM0K8HSwUx50BfGjoAVsh6MX/5wvd47Qy6TakZK5TR5EO3prBqreyReTftFCIFPtdJZLjezkLVRHlIXarsNfnfyXC/z9stGUEm3TXq061SCBhmy5+L0cJdv+2/eZguqBSEHfrPySzLwrv2Pl2nWCKgUVMHUwsDksmHVjdaI4B5lbrwUOk1JVGSxUiWEe1GZ3Hhwvnj7HBkXIgb2bfgfCAT8tlm+nF3Nq3kSvy3Plx/SKtoDg+8hCzofS5AG+PKPSa6PiFq9Xy642ba9m7kqIrR9VQTjxUst408M21mNL02CLGBPMiDT2cw7I8y4TENcep/rOK55uLaFMTrPiUQrOPuztVAL4vSWXDPIIMGK+yEkJVCiLolranVYNthGtrNxc8MGouOvq3Y9Qt797r2BTEWT3A5BadiAtQzYMuAAmiXEru5QCKwToVHbKq/Ss6FYhOviHYmtQXEUk9yt1DQqSbkH9rgnWJvX3Q9JiK1jfGViTisxWiRUTT/gI2zb32fe+jf/Q7hp0ncCDZA6SVNnpKbEXSM4H53lRCo9yDa7l/VbEaMaqgJnUJOHhena0IgmVvIONhGTtQjnfmlYIhGNvKb/her+RwlI45DLARqPk6cbXcDxamu8PiEl/DIWv4Wx9RWbZuioLNOKgHZGEdllizaRsikHsKSqP5QkxdOeFShnt2knAOwW8ykQdyPwNcIcMgLF2vIGT/dXMbmZyKal1Fqmk=



==== 12/05/2026 07:34:19 - OSTATTUS-RESPONSE-TOKEN ======

eyJhbGciOiJIUzUxMiJ9.eyJzdWIiOiJJREFNMjQwMTIwMjQxMTEyMjg2MSIsImFnZW5jeV9jb2RlIjpudWxsLCJjcmVhdGVkIjoxNzc4NTUwNjE2ODY2LCJhY2Nlc3NfY29kZSI6ImV5SmhiR2NpT2lKU1V6STFOaUlzSW5SNWNDSTZJa3BYVkNKOS5leUp6ZFdJaU9pSkpSRUZOTWpRd01USXdNalF4TVRFeU1qZzJNU0lzSW1adVlXMWxJam9pVTFWQ1NFRlRJRk5CUzFKRlVGQkJJRk5CVGtkQlZFa2lMQ0oxYzJWeWMzUmhkSFZ6SWpvaU1TSXNJbVZ1ZEdsMGVXeHBjM1FpT2xzaVRFbERYME5WVTFSUFRVVlNYMUJQVWxSQlRDSmRMQ0p5YjJ4bGN5STZXeUpFVHlKZExDSnBjM01pT2lKQlVsZ2lMQ0p0YjJKcGJHVWlPaUk1T1RBeE5qSXpNRGsySWl3aVlYVmtJam9pWkdWbVlYVnNkQ0lzSW14dVlXMWxJam9pVTFWQ1NFRlRJRk5CUzFKRlVGQkJJRk5CVGtkQlZFa2lMQ0oxYzJWeVZIbHdaU0k2SWpFaUxDSmxlSEFpT2pFM056ZzFOemt6TkRZc0ltbGhkQ0k2TVRjM09EVTFNRFUwTml3aWFuUnBJam9pT1RKbFpHSmpNekF0WW1GaU9DMDBZbUU0TFRreVpEVXRPV0l6TVRZeE5ESXhOR1kySWl3aVpXNTBhWFI1SWpvaVRFbERYME5WVTFSUFRVVlNYMUJQVWxSQlRDSXNJbVZ0WVdsc0lqb2ljM056WVc1bllYUnBNakkxUUd4cFkybHVaR2xoTG1OdmJTSjkuR1oycnhnaE05MlhiQ3BHbVB3NFRDTWp4cXNCMFdjQkhYOVRxRnlDaUdXWVlwQ2V3c2JHWjFZQXEyaXhmLW8tZi1ybzk1VDJ0SkRMc0tsbFk1a3R0ellBUmlNcEdUV2MzSTgtTU9QejBfeG5WYlBxUjdVbnpTaXRMRm5LVEVRYmVfRG05cXI4eGxxaldkNk9YSmZsbUR3aEt3azctdG1qSUpfTUozdldFUkotREJlOUI4S3FwTktmM1RxWGVHSkh1ZVctWWlTN0ZOVmFtMHpyNDM1UmlObG1WdVIzSUh1VzRMZ2czZmZTVXJjSF9EV3pDLTJrXzFFanFUUFA3dGZ0djdnVTc0UGpDcS13Z014VldBb1ZmYWZqN0dVbnRtN3Z0LVNsQWJFNHBBT3F0dHlTazI0R2U1akh6cHNIYlpVZGpYbjNBaE1xMExjb1FLVlZ1a2V0NDdRIiwicm9sZXMiOlsiRE8iXSwiY2xpZW50SXAiOm51bGwsImVudGl0bGVtZW50IjpbXX0.6LLginw2EnoqMQft2oKSYT56zpy5HWV9qCnUbcRgLj6Y4zTFW42zsujtSAf3J7ICr1BTmXNMWZMny9VM1q_20A



==== 12/05/2026 07:34:19 - POST-URL ======

https://ebizapp01.licindia.in/BFFService/policy/policyInfo?_dc=1778551459258



==== 12/05/2026 07:34:20 - POST-URL ======

{"confirmationId":null,"status":"200","resultInfoList":null,"count":0,"policy":{"policyNumber":"703333162","planName":"LIC's New Jeevan Anand Plan","mode":"1","noOfDues":1,"premium":"553.00","commenceDate":"2021-03-28","nameOfAssured":"J.Renukadevi","agencyCode":"0090976F ","developmentOfficerCode":"87070","plan":"915","policyTerm":"21","firstUnpaidPremiumDate":"2026-05-28","cdCharge":"0","serviceBranch":"76F ","sumAssured":"100000","policyStatus":"21","dob":"1976-03-10","ageAtEntry":45,"planDetails":{"plan":915,"planType":null,"planDesc":null,"premiumDueDuration":6,"premiumDueDurationType":"M","payPremiumAdvance":30,"payPremiumAdvanceType":"D","gracePeriod":15,"gracePeriodType":"D","serviceTaxRateFirstYr":4.5,"serviceTaxRateNextYrs":2.25,"serviceTaxRateEduCess":0.0,"topUpAllowed":null,"multiplyTopupAmt":null,"topupLimitCriteria":null,"topupNoPayBefMaturity":null,"planCategory":"EN","freeCoverCond":null,"freeCoverFUP":null,"campaignStartDate":"2026-01-01","campaignEndDate":"2026-03-02","percentageofwaiver":30.0,"maxLimitofwaiver":3000.0,"waiversAllowedNum":1,"lateFeeWaiverInd":"Y","discountPercentFirstYr":null,"discountPercentSecondYr":null,"discountPercentThirdYr":null,"discountPercentSubYr":null,"discountFromDate":null,"discountToDate":null,"maxLimitWaiverFstYr":null,"maxLimitWaiverScndYr":null,"maxLimitWaiverThirdYr":null,"maxLimitWaiverSubYr":null,"discountParameter":null,"graceprdExtFlag":null,"graceprdExtFrmDate":null,"graceprdExtToDate":null,"graceprdPrcntWaiver":null,"maxWaiverLimitgraceprd":null,"gstCdCharge":0.0,"gstLateFeeRateFirstYr":18.0,"gstLateFeeRateNextYrs":18.0,"dateOfLaunch":"01/02/2020","beforeLaunch":"N","centralGSTPercentage":50,"discountPeriod":null,"discountPeriodType":null},"eligible":false,"lateFeeRequired":false,"recordId":"S","premiumPayingTerm":21,"policyBenefits":"100000","dueAmount":"553.00","taxExemption":false,"age":"50","eserviceEligible":false,"policyUlip":false,"dateOfLastPayment":"2042-02-28","dateOfMaturity":"2042-03-28","statusShortDesc":"In Force","nav":"For NAV details please contact your Servicing Branch / Customer Zone","altChannelId":"0 ","riderPolicy":false,"minorChild":false,"accountingBookCode":8,"payedPolicy":false,"advancePayedPolicy":false,"lastAccountDate":"2026-05-08","noBonusYears":0,"bonusInfo":{"totalRevBonus":22500,"totalInterimBonus":750,"totalFAB":0,"totalGuaranty":0,"totalLoyalty":0,"totalOneTimeBonus":0.00,"messageCode":null,"calulationSheetHTML":"<table border=1><tr class=grey-bg><td>From</td><td>Upto</td><td>Year</td><td>Type</td><td>Factor</td><td>Rate</td><td>Bonus </td></tr><tr class=grey-bg><td>2021-03-28</td><td>2022-03-28</td><td>2021</td><td>V</td><td>1.0</td><td>45.00</td><td>4500.00</td></tr><tr class=grey-bg><td>2022-03-28</td><td>2023-03-28</td><td>2022</td><td>V</td><td>1.0</td><td>45.00</td><td>4500.00</td></tr><tr class=grey-bg><td>2023-03-28</td><td>2024-03-28</td><td>2023</td><td>V</td><td>1.0</td><td>45.00</td><td>4500.00</td></tr><tr class=grey-bg><td>2024-03-28</td><td>2025-03-28</td><td>2024</td><td>V</td><td>1.0</td><td>45.00</td><td>4500.00</td></tr><tr class=grey-bg><td>2025-03-28</td><td>2026-03-28</td><td>2025</td><td>V</td><td>1.0</td><td>45.00</td><td>4500.00</td></tr><tr class=grey-bg><td>2026-03-28</td><td>2026-05-28</td><td>2025</td><td>I</td><td>0.16666666666666666</td><td>45.00</td><td>750.00</td></tr><tr class=grey-bg><td colspan=7>Total Rev Bonus : 22500.00   Total Interim Bonus : 750.00</td></tr></table> ","calulationSheetText":"From        Upto        Year Type Factor  Rate     Bonus \r\n2021-03-28  2022-03-28  2021  V     1.0   45.00    4500.00\r\n2022-03-28  2023-03-28  2022  V     1.0   45.00    4500.00\r\n2023-03-28  2024-03-28  2023  V     1.0   45.00    4500.00\r\n2024-03-28  2025-03-28  2024  V     1.0   45.00    4500.00\r\n2025-03-28  2026-03-28  2025  V     1.0   45.00    4500.00\r\n2026-03-28  2026-05-28  2025  I     0.16666666666666666   45.00    750.00\r\n   Total Rev Bonus : 22500.00   Total Interim Bonus : 750.00\r\n "},"isSpotRevivalAllowed":false,"discountApplicable":false,"advancePaymetEligible":false,"maturitySumAssured":0,"gstInNumber":"null","transactionAllowed":true,"dateOfShowMaturity":"2042-03-28","panFlag":true,"neftFlag":false,"itPan":"AN******8B","neftStatus":"N","titleCode":"1","premiumGapFlag":false,"dghPolicyFlag":false,"policyExitStatus":false,"serviceRequestFlag":false,"nriGstFlag":false,"fyEndDate":"2027-03-31"},"person":{"policyNo":703333162,"birthDate":"1976-03-10","fullName":"J.Renukadevi","sex":"F","shortName":"Renukadevi J","age":"45","profileMobileNo":null,"profileEmail":null,"profileUnMaskMobileNo":null,"profileUnMaskEmail":null},"address":{"policyNo":703333162,"address1":"W/O N Murali,","address2":"3/914, Koneripatti Extention 1","address3":"Rasipuram Po Tk, Namakkal Dt.","addressId":1,"pin":637408},"branch":{"branchCode":"76F ","address1":"LIC OF INDIA - 76F","address2":"NAMAKKAL ROAD","address3":"RASIPURAM","branchIp":"10.128.42.194","branchName":"LIC of India, Rasipuram Br Office","city":null,"dcCode":"X070","divCode":70,"eaiIndication":"Y","emailId":"BO_76F@LICINDIA.COM","man":null,"odsIndication":"N","pin":null,"state":"null"},"agent":{"agencyCode":"0090976F ","address1":"D/O.K.Jayaraman,Jai Ganesh Lorry","address2":"Service,T.P.Kadu,Moolapallipatty.Po","address3":"Rasipuram.Tk & Namakkal .Dt.","agentName":"J.Renukadevi","birthDate":"1976-03-10","category":2,"city":null,"disabilityCode":1,"enteredDate":"2026-05-12T01:13:13.000+00:00","itaxPanNo":"ANZPR4228B","occupationCode":12,"pin":637406,"qualificationCode":3,"sex":"F"},"nominees":[{"policyNo":703333162,"nomineeAge":46,"nomineeDob":null,"nomineeId":1,"nomineeName":"N MURALI","nomineeRegistrationDate":null,"nomineeRelation":"H","nomineeShare":100,"nomineeStatus":"B"}],"billingInfo":{"policyNumber":"703333162","nameOfAssured":"J.Renukadevi","planName":"LIC's New Jeevan Anand Plan","plan":915,"mode":"1","premium":553,"sumAssured":100000,"status":null,"firstUnpaidPremiumDate":"2026-05-28","nextFup":null,"dueAmount":"553.00","payedPolicy":false,"noOfDues":1,"eligible":false,"spotRevival":false},"policyContact":{"policyNo":703333162,"dataSource":"B","emailAddress":"null","enteredDate":"2026-05-09T20:00:07.262+00:00","mobileNo":"919865143555","countryCode":null,"telephoneNo":"null","panNo":null},"policyExtra":{"accumTerm":0},"policyAnnuity":null,"userRegistered":"N","assignmentDetails":[],"ulipExtra":{"giveCashAmount":0},"bonusErrorMessage":null,"qpayPolicy":{"policyNumber":"703333162","dob":"10/03/1976","emailId":null,"mobileNo":"9865143555","premium":"553","key":"347519"}}



==== 12/05/2026 07:34:34 - OSTATTUS-RESPONSE-TOKEN ======

xjPjFnQetMli2GlXmw0lS8fCaTEeC7Ct2z29CrFyKzHbOlMeq/VoBYvzex7XFouPwt/21pmD5fjKfmmkEhbcGQXCcb9t4dJzgq83Imjz08qedWrHaU1dEs7Dg7U7LrT6pp7tRYKMq/SKKRoPY54cWXaqpjLY/rZb659yZS6D3Bxy4dUPnnb9DIXUDypb7IXsd0dpt7mZRAbDkO06k5lcKzu49VToXoYOAZCIdQR1iL8EjqSxyQT7M3+Z72SBB7dXyHFxsD4DAXx70w7RDDo1yYe4X96XHCkalSfbsJr1TA7JfMEDKXfxKyJO8N6APuchyr4euXzF/vibRMs77a8lA5f+/lkslWQKke/KtNl+IJ15ti7I9xNTMvUdUprIrnG1eNzoHUwQzKox1mtedgbIpDxhQhMVW3EUv+1DQVcRmozGHDKfxnPrlb5r0W/JVHlDtwP8DMG4UY6fFfL21DIYOVnUI3PC8eYfOqnimn+pQPDr9uHY7ZkBsK0jJX7rthv/6Sry2ornWefhIAZpHfRWGItxRxLaZh6HDSRl7qzOAJ/skIw8RT2C3hEph6tJu3UuF0h0QpcdZKf7QM90z4dhK3uNJbbI48NNGXbWhjU99bDW2K6ABqXt98D+qZr2oDvoktTVI0UZscbGcSYkXoACFcPC83kZGLLiYhDAI6NRWix7dCjuDce5AxbQefDJqfJJ1D5saaKqgGo0MQxx0k2ldZeHOtgRfpd6XVsqf/UwS3HQ19CvNhwn5GWjcPSZP/0dSt+RQMvF9GyaVefkEZgVPwiuPz341isEFp1Bb41DspxiH8bTN8bMRAeJH+18DTMeXaEF/+bWheUyL3UGMmgzGsp0g/VZLo5PRpvMmN5gBk46f4P2hFCAPVd+PVx30Phov7trwmH5BzOG43cbXZE8rTOFjZGH1TQWlHSo5voPeUP94LWWxNUSDsAcjW0/npPbpNTaScmawWbuNqjC2fpsEoVWykiw2lWi6qIrbF6eUDCcVJEcpcnEVhvl9eexfYiDikKzLv2DlF5rd0QVWv0DK90FayRWt1KAU9Uk6oNUQZx0gz72y8bvJpzMYPVIUcZN3PeEEwT5wTJk/AZOOl5qItuNFvrJ1aczj1Ou0pPvSgmYvg+M6RNH6NdWT4521JWY1/dlhF5IgIDDk30TY/vSIqGO8KHNusIvbFlYuvFNOD5kxHoiqDdI3dPT5UkSH/Zp6ceJ2gbALcBRj/HGshlvoF5dN3PQfTAqB1ljyY/3Q9jGS1iMYOtEMS/gUNAp9X87v1kRSJd7UjpBRvRwvleF9NK10n/XMswvHDsrd464qeu5ZKqo1Dup70TepBnR3EbBm0V/KKR01PyguOrvzYWaS6QF33FLGBycb4gJmJ8A5GEvduoxRFGXknw49067zgQ/GplWkyRS8s42ZVJt1nzHyq59M4agecZ1ckO2Zs0yelpIaPEhsBsSM01jJz1TxGHcAQJetYnqDNWBCnB5F8GE30X7PkHALHMu8qRKKpS/YTOZUuZm3AoNjatImINeN3e+yJA7mb8biKG/YNJRHMV2KUfwUw7RwWAnymQB4snfWRAEUyujdQ+0HFXFICeq0ETs0R7Aw2nkd3X72LgJVVn11nkT2vau88JeQXsGNAp9KpOpRNZW79a20dhRJ1KzOOlpvHDNAwp7PmnbnysELBD4wpH4a9vurv9MTjNByDmeS7QMMzYR0rVfEZENJ59vftZrK8Npi2139xozpKzXrPuvHwP4NPWhyvgofe1QJ9P811bg38EAcz8TYA9fRHwAYiTHx5hmSd2N0bWwoS3RQxWyBeLPm/tbN3Bl1HLLzcwUYKz8SiR2sPTiooDRL+rJDBAxsMBVadltak+cKABNEYujg2raAu4qEYkUyohMWqFhyTVXIfuA2GCPLRwJMZXXtvvdyjSC1Q9/51sTk1CiYGUivMT/6g31EdItBvMwWXtuAmcUJiOPOuQ4plxSldIAdwtAtzqNx1Q0zxAEYBU=



==== 12/05/2026 07:34:34 - OSTATTUS-RESPONSE-TOKEN ======

eyJhbGciOiJIUzUxMiJ9.eyJzdWIiOiJJREFNMjQwMTIwMjQxMTEyMjg2MSIsImFnZW5jeV9jb2RlIjpudWxsLCJjcmVhdGVkIjoxNzc4NTUwNjE2ODY2LCJhY2Nlc3NfY29kZSI6ImV5SmhiR2NpT2lKU1V6STFOaUlzSW5SNWNDSTZJa3BYVkNKOS5leUp6ZFdJaU9pSkpSRUZOTWpRd01USXdNalF4TVRFeU1qZzJNU0lzSW1adVlXMWxJam9pVTFWQ1NFRlRJRk5CUzFKRlVGQkJJRk5CVGtkQlZFa2lMQ0oxYzJWeWMzUmhkSFZ6SWpvaU1TSXNJbVZ1ZEdsMGVXeHBjM1FpT2xzaVRFbERYME5WVTFSUFRVVlNYMUJQVWxSQlRDSmRMQ0p5YjJ4bGN5STZXeUpFVHlKZExDSnBjM01pT2lKQlVsZ2lMQ0p0YjJKcGJHVWlPaUk1T1RBeE5qSXpNRGsySWl3aVlYVmtJam9pWkdWbVlYVnNkQ0lzSW14dVlXMWxJam9pVTFWQ1NFRlRJRk5CUzFKRlVGQkJJRk5CVGtkQlZFa2lMQ0oxYzJWeVZIbHdaU0k2SWpFaUxDSmxlSEFpT2pFM056ZzFOemt6TkRZc0ltbGhkQ0k2TVRjM09EVTFNRFUwTml3aWFuUnBJam9pT1RKbFpHSmpNekF0WW1GaU9DMDBZbUU0TFRreVpEVXRPV0l6TVRZeE5ESXhOR1kySWl3aVpXNTBhWFI1SWpvaVRFbERYME5WVTFSUFRVVlNYMUJQVWxSQlRDSXNJbVZ0WVdsc0lqb2ljM056WVc1bllYUnBNakkxUUd4cFkybHVaR2xoTG1OdmJTSjkuR1oycnhnaE05MlhiQ3BHbVB3NFRDTWp4cXNCMFdjQkhYOVRxRnlDaUdXWVlwQ2V3c2JHWjFZQXEyaXhmLW8tZi1ybzk1VDJ0SkRMc0tsbFk1a3R0ellBUmlNcEdUV2MzSTgtTU9QejBfeG5WYlBxUjdVbnpTaXRMRm5LVEVRYmVfRG05cXI4eGxxaldkNk9YSmZsbUR3aEt3azctdG1qSUpfTUozdldFUkotREJlOUI4S3FwTktmM1RxWGVHSkh1ZVctWWlTN0ZOVmFtMHpyNDM1UmlObG1WdVIzSUh1VzRMZ2czZmZTVXJjSF9EV3pDLTJrXzFFanFUUFA3dGZ0djdnVTc0UGpDcS13Z014VldBb1ZmYWZqN0dVbnRtN3Z0LVNsQWJFNHBBT3F0dHlTazI0R2U1akh6cHNIYlpVZGpYbjNBaE1xMExjb1FLVlZ1a2V0NDdRIiwicm9sZXMiOlsiRE8iXSwiY2xpZW50SXAiOm51bGwsImVudGl0bGVtZW50IjpbXX0.6LLginw2EnoqMQft2oKSYT56zpy5HWV9qCnUbcRgLj6Y4zTFW42zsujtSAf3J7ICr1BTmXNMWZMny9VM1q_20A



==== 12/05/2026 07:34:34 - POST-URL ======

https://ebizapp01.licindia.in/BFFService/policy/policyInfo?_dc=1778551474680



==== 12/05/2026 07:34:35 - POST-URL ======

{"confirmationId":null,"status":"200","resultInfoList":null,"count":0,"policy":{"policyNumber":"308662424","planName":"LIC's Aadhaar Shila Plan","mode":"3","noOfDues":1,"premium":"1335.00","commenceDate":"2020-07-17","nameOfAssured":"K Parvathy","agencyCode":"0090976F ","developmentOfficerCode":"315076","plan":"944","policyTerm":"16","firstUnpaidPremiumDate":"2026-04-17","cdCharge":"0","serviceBranch":"76F ","sumAssured":"100000","policyStatus":"21","dob":"1975-04-19","ageAtEntry":45,"planDetails":{"plan":944,"planType":null,"planDesc":null,"premiumDueDuration":6,"premiumDueDurationType":"M","payPremiumAdvance":30,"payPremiumAdvanceType":"D","gracePeriod":30,"gracePeriodType":"D","serviceTaxRateFirstYr":4.5,"serviceTaxRateNextYrs":2.25,"serviceTaxRateEduCess":null,"topUpAllowed":null,"multiplyTopupAmt":null,"topupLimitCriteria":null,"topupNoPayBefMaturity":null,"planCategory":null,"freeCoverCond":null,"freeCoverFUP":null,"campaignStartDate":"2026-01-01","campaignEndDate":"2026-03-02","percentageofwaiver":30.0,"maxLimitofwaiver":3000.0,"waiversAllowedNum":1,"lateFeeWaiverInd":"Y","discountPercentFirstYr":null,"discountPercentSecondYr":null,"discountPercentThirdYr":null,"discountPercentSubYr":null,"discountFromDate":null,"discountToDate":null,"maxLimitWaiverFstYr":null,"maxLimitWaiverScndYr":null,"maxLimitWaiverThirdYr":null,"maxLimitWaiverSubYr":null,"discountParameter":null,"graceprdExtFlag":null,"graceprdExtFrmDate":null,"graceprdExtToDate":null,"graceprdPrcntWaiver":null,"maxWaiverLimitgraceprd":null,"gstCdCharge":0.0,"gstLateFeeRateFirstYr":18.0,"gstLateFeeRateNextYrs":18.0,"dateOfLaunch":"01/02/2020","beforeLaunch":"N","centralGSTPercentage":50,"discountPeriod":null,"discountPeriodType":null},"eligible":true,"lateFeeRequired":false,"recordId":"O","premiumPayingTerm":16,"policyBenefits":"100000","dueAmount":"1335.00","taxExemption":false,"age":"51","eserviceEligible":false,"policyUlip":false,"dateOfLastPayment":"2036-04-17","dateOfMaturity":"2036-07-17","statusShortDesc":"In Force","nav":"For NAV details please contact your Servicing Branch / Customer Zone","altChannelId":"0 ","riderPolicy":false,"minorChild":false,"accountingBookCode":1,"payedPolicy":false,"advancePayedPolicy":false,"lastAccountDate":"2026-04-16","noBonusYears":99,"bonusInfo":{"totalRevBonus":0,"totalInterimBonus":0,"totalFAB":0,"totalGuaranty":0,"totalLoyalty":500,"totalOneTimeBonus":0.00,"messageCode":null,"calulationSheetHTML":"<tr class=grey-bg><td> Valuation Year   </td><td> 2025</td></tr><tr class=grey-bg><td> Sum Assured      </td><td> 100000</td></tr><tr class=grey-bg><td> Term             </td><td> 5</td></tr><tr class=grey-bg><td> Rate             </td><td> 5</td></tr><tr class=grey-bg><td> Loyalty Addition </td><td> 500</td></tr><tr class=grey-bg><td> ---------------------------------------------</td></tr><tr class=grey-bg><td>\r\n ----------------------\r\n</td></tr></table>","calulationSheetText":" Valuation Year   : 2025\r\n Sum Assured      : 100000\r\n Term             : 5\r\n Rate             : 5\r\n Loyalty Addition : 500\r\n---------------------------------------------\r\n\r\n ----------------------\r\n"},"isSpotRevivalAllowed":false,"discountApplicable":false,"advancePaymetEligible":false,"maturitySumAssured":0,"gstInNumber":"null","transactionAllowed":true,"dateOfShowMaturity":"2036-07-17","panFlag":false,"neftFlag":false,"itPan":"","neftStatus":"N","titleCode":"A","premiumGapFlag":false,"dghPolicyFlag":false,"policyExitStatus":false,"serviceRequestFlag":false,"nriGstFlag":false,"fyEndDate":"2027-03-31"},"person":{"policyNo":308662424,"birthDate":"1975-04-19","fullName":"K Parvathy","sex":"F","shortName":"Parvathy K","age":"45","profileMobileNo":null,"profileEmail":null,"profileUnMaskMobileNo":null,"profileUnMaskEmail":null},"address":{"policyNo":308662424,"address1":"W/O Kannan, No.14,","address2":"Nandhavanam St., Varathan St.","address3":"Rasipuram, Namakkal Dt.","addressId":1,"pin":637408},"branch":{"branchCode":"76F ","address1":"LIC OF INDIA - 76F","address2":"NAMAKKAL ROAD","address3":"RASIPURAM","branchIp":"10.128.42.194","branchName":"LIC of India, Rasipuram Br Office","city":null,"dcCode":"X070","divCode":70,"eaiIndication":"Y","emailId":"BO_76F@LICINDIA.COM","man":null,"odsIndication":"N","pin":null,"state":"null"},"agent":{"agencyCode":"0090976F ","address1":"D/O.K.Jayaraman,Jai Ganesh Lorry","address2":"Service,T.P.Kadu,Moolapallipatty.Po","address3":"Rasipuram.Tk & Namakkal .Dt.","agentName":"J.Renukadevi","birthDate":"1976-03-10","category":2,"city":null,"disabilityCode":1,"enteredDate":"2026-05-12T01:13:13.000+00:00","itaxPanNo":"ANZPR4228B","occupationCode":12,"pin":637406,"qualificationCode":3,"sex":"F"},"nominees":[{"policyNo":308662424,"nomineeAge":25,"nomineeDob":null,"nomineeId":1,"nomineeName":"K Sivasakthi","nomineeRegistrationDate":null,"nomineeRelation":"S","nomineeShare":0,"nomineeStatus":"B"},{"policyNo":308662424,"nomineeAge":23,"nomineeDob":null,"nomineeId":2,"nomineeName":"K  Muthukumar","nomineeRegistrationDate":null,"nomineeRelation":"S","nomineeShare":0,"nomineeStatus":"B"}],"billingInfo":{"policyNumber":"308662424","nameOfAssured":"K Parvathy","planName":"LIC's Aadhaar Shila Plan","plan":944,"mode":"3","premium":1335,"sumAssured":100000,"status":null,"firstUnpaidPremiumDate":"2026-04-17","nextFup":null,"dueAmount":"1335.00","payedPolicy":false,"noOfDues":1,"eligible":true,"spotRevival":false},"policyContact":{"policyNo":308662424,"dataSource":"B","emailAddress":"null","enteredDate":"2026-04-17T20:00:09.685+00:00","mobileNo":"919942275713","countryCode":null,"telephoneNo":"null","panNo":null},"policyExtra":{"accumTerm":0},"policyAnnuity":null,"userRegistered":"N","assignmentDetails":[],"ulipExtra":{"giveCashAmount":0},"bonusErrorMessage":null,"qpayPolicy":{"policyNumber":"308662424","dob":"19/04/1975","emailId":null,"mobileNo":"9942275713","premium":"1335","key":"733759"}}



==== 12/05/2026 07:34:50 - OSTATTUS-RESPONSE-TOKEN ======

yoNiBuvXn64AocyktIHVBIcDjYhVHj5W4TyOEZiWTllMUf4ZWQ1lRjzT+JrF9rOZ06jzvyVm0lzE9COqPe9E0grnfJahUT4ZDoygeKfH73Uti0eGRmiod63dpkT5vXnGo9yjvtQ7q9jcC/6HzcMieOn+bKwLBtyeqgy6L8u1YKPA2b62ElI/5xiErBO12egn4F9xMuCvHXRGqSa4rq188IYaAQ089wWhxq/jYfs2rUUt7ejtF/arKh5LoQcdhxfv1ptoXJan437O4g+DhWuUHG1E8VotjKAML9nHb22DqsGEV8LibgzxdNLTJlkNaZGBlOxgRrPhsXLuL76GgOpRUIOrW45Sxlvd9nTYLnOHY6BmleBhg3aUXoO9FDbk2maEDn1oCm7uDPGjlbziklJvpDiyI9ODcONtuByjN+Uga99RqnjLEB3XGFr3MA6rT1Iaw07bm4eed0IgP05dcjAykN5/GWcwSXcdPHC5q01hsJI0wo1j2FO5mUKxhpJe7cHCjFKwz2brFLYsphQ9+s4HbGwdhooLst/9AmM8Md38nlXfQUZuuyDNePyEqmZHKK9Cta+lqrzAbqe2AzYn9VGP4OpdFRNsiiyPeg3EbBECsSgxxeMPsK+VRa/JqlgspXDdjvTCvPSBiW1CKIvcC05y/6LotPHje5uMOR8RUyAlz8snDVe9ZO7uihri8SiXZP25hUVU9jVS7iDOzh5prIW1TkBlYcCa+t09DN2Ks/vGVw9ERw0D28bePSjLb5ki7WyidED2oO7uxdAI+zgYvKY37rau2Vg7bk/rmUcjKyFDR2IoR6SOTOtOBgzU0XWBrOfqUFS05N3XPA4iCbljhH53MPmUY+tHuQUiXFOvFhlmHYUj+WfmoEKUM6I8NwFgYu7DPmR4URdGFRiQlIAQPtRj3Dl8vCdFuvxpjQRoJ0PUbSPGH/+rUFqNjSY/ALcKyn0u8Ir6BTOrk0wmf7X6ZAhPfLVuEDZeaV9o+KbGNX1BQJfhucFg5VqQygQ7ru83sb8AdH0C34zaskdNMpWijEZUPYTgGeWlEazWRknNEcVYrZo41yTL7HsMFhfWejOddbtuP1R2Hp84tIo2ogJdGuvCt7tUDHz+6FjstTvcNGlPnse5j/zM8ydZiEPRrOQ/6Bxbk2zDhYoRwaXmpsBwhhkytwUl/eYJ+CPHD9czSg30LO+ntGCc/CiAkxsHOiX7HZKLVCPmu9wA9eDuC29ZHN8wzGtaw91AkceW0oDXl/VuLv9gPeecQq0Wf/GwAcC3gJy4zC93ufAFfRrQ81pPulGlmoGHe6g/8DCa7jpRY2nM1UBQyS42iyPHDo2k7x/WDmq+2zWziNB7FWPmgqLv7kbd4Gs5Dr55+MjYbxXFSQbj14DKviKtznvgLoBch8Id8kQvp1a8wvqUs2nR4WOniiPYtP0Ns6dQV3Yy8xVHmYvSxy6K+zBlmloHxXi5GW7C5zW2iU2cDBhC4MmhU2+i24ET7QMNRRUH3P3ZQXbQn4XGKayRNsjEhphbU7Wvqbfd75KYxAROOT+4ril98f2bye0CvRkv2Crs2NWFqT4c0W+wxFQ8BBcf2e/9t8/CDhfSC64PKaZvbHm8bn3jD3asLZIXimbQtSYsBhLfdI4DSlMejNA9a7Ta5yMCTzrhAC5s7Wl24ca+knB8Rb45zakxPdMWzxhealVFXedtMeAbJj9PyEULDxm0o8Nf+z1Dkj1sTwg3L6fphVSnFsV4Ke95c42LkDi+jQ1qu0XezeHzqXJUPmbC0Gh9GXmJpi4tTyF3OXM2xfFGymAjJ1+3u9S0hbpcrT3bN6UbTXNK6KdzNauBKtg6bvbj66aWQHO+ri1lV690mzECLAJC61f0688bpTWQZs9IClD4153TacrrXc9XTk+5nlm17udMxyYLlEx5J4A/Dp57NBDEr5Pa1pPGJDpvmy+wg14NZMoINiKNV4LSkWU/FAtkQRNn2ChdDjdu+93R1yaSxxMwGICS5Xg=



==== 12/05/2026 07:34:50 - OSTATTUS-RESPONSE-TOKEN ======

eyJhbGciOiJIUzUxMiJ9.eyJzdWIiOiJJREFNMjQwMTIwMjQxMTEyMjg2MSIsImFnZW5jeV9jb2RlIjpudWxsLCJjcmVhdGVkIjoxNzc4NTUwNjE2ODY2LCJhY2Nlc3NfY29kZSI6ImV5SmhiR2NpT2lKU1V6STFOaUlzSW5SNWNDSTZJa3BYVkNKOS5leUp6ZFdJaU9pSkpSRUZOTWpRd01USXdNalF4TVRFeU1qZzJNU0lzSW1adVlXMWxJam9pVTFWQ1NFRlRJRk5CUzFKRlVGQkJJRk5CVGtkQlZFa2lMQ0oxYzJWeWMzUmhkSFZ6SWpvaU1TSXNJbVZ1ZEdsMGVXeHBjM1FpT2xzaVRFbERYME5WVTFSUFRVVlNYMUJQVWxSQlRDSmRMQ0p5YjJ4bGN5STZXeUpFVHlKZExDSnBjM01pT2lKQlVsZ2lMQ0p0YjJKcGJHVWlPaUk1T1RBeE5qSXpNRGsySWl3aVlYVmtJam9pWkdWbVlYVnNkQ0lzSW14dVlXMWxJam9pVTFWQ1NFRlRJRk5CUzFKRlVGQkJJRk5CVGtkQlZFa2lMQ0oxYzJWeVZIbHdaU0k2SWpFaUxDSmxlSEFpT2pFM056ZzFOemt6TkRZc0ltbGhkQ0k2TVRjM09EVTFNRFUwTml3aWFuUnBJam9pT1RKbFpHSmpNekF0WW1GaU9DMDBZbUU0TFRreVpEVXRPV0l6TVRZeE5ESXhOR1kySWl3aVpXNTBhWFI1SWpvaVRFbERYME5WVTFSUFRVVlNYMUJQVWxSQlRDSXNJbVZ0WVdsc0lqb2ljM056WVc1bllYUnBNakkxUUd4cFkybHVaR2xoTG1OdmJTSjkuR1oycnhnaE05MlhiQ3BHbVB3NFRDTWp4cXNCMFdjQkhYOVRxRnlDaUdXWVlwQ2V3c2JHWjFZQXEyaXhmLW8tZi1ybzk1VDJ0SkRMc0tsbFk1a3R0ellBUmlNcEdUV2MzSTgtTU9QejBfeG5WYlBxUjdVbnpTaXRMRm5LVEVRYmVfRG05cXI4eGxxaldkNk9YSmZsbUR3aEt3azctdG1qSUpfTUozdldFUkotREJlOUI4S3FwTktmM1RxWGVHSkh1ZVctWWlTN0ZOVmFtMHpyNDM1UmlObG1WdVIzSUh1VzRMZ2czZmZTVXJjSF9EV3pDLTJrXzFFanFUUFA3dGZ0djdnVTc0UGpDcS13Z014VldBb1ZmYWZqN0dVbnRtN3Z0LVNsQWJFNHBBT3F0dHlTazI0R2U1akh6cHNIYlpVZGpYbjNBaE1xMExjb1FLVlZ1a2V0NDdRIiwicm9sZXMiOlsiRE8iXSwiY2xpZW50SXAiOm51bGwsImVudGl0bGVtZW50IjpbXX0.6LLginw2EnoqMQft2oKSYT56zpy5HWV9qCnUbcRgLj6Y4zTFW42zsujtSAf3J7ICr1BTmXNMWZMny9VM1q_20A



==== 12/05/2026 07:34:50 - POST-URL ======

https://ebizapp01.licindia.in/BFFService/policy/policyInfo?_dc=1778551490607



==== 12/05/2026 07:34:51 - POST-URL ======

{"confirmationId":null,"status":"200","resultInfoList":null,"count":0,"policy":{"policyNumber":"703333335","planName":"LIC's New Endowment Plan","mode":"1","noOfDues":1,"premium":"1039.00","commenceDate":"2024-04-28","nameOfAssured":"M . Sivanandi","agencyCode":"0090976F ","developmentOfficerCode":"87070","plan":"914","policyTerm":"16","firstUnpaidPremiumDate":"2026-04-28","cdCharge":"0","serviceBranch":"74U ","sumAssured":"170000","policyStatus":"21","dob":"1974-05-24","ageAtEntry":50,"planDetails":{"plan":914,"planType":null,"planDesc":null,"premiumDueDuration":6,"premiumDueDurationType":"M","payPremiumAdvance":30,"payPremiumAdvanceType":"D","gracePeriod":15,"gracePeriodType":"D","serviceTaxRateFirstYr":4.5,"serviceTaxRateNextYrs":2.25,"serviceTaxRateEduCess":0.0,"topUpAllowed":null,"multiplyTopupAmt":null,"topupLimitCriteria":null,"topupNoPayBefMaturity":null,"planCategory":"EN","freeCoverCond":null,"freeCoverFUP":null,"campaignStartDate":"2026-01-01","campaignEndDate":"2026-03-02","percentageofwaiver":30.0,"maxLimitofwaiver":3000.0,"waiversAllowedNum":1,"lateFeeWaiverInd":"Y","discountPercentFirstYr":null,"discountPercentSecondYr":null,"discountPercentThirdYr":null,"discountPercentSubYr":null,"discountFromDate":null,"discountToDate":null,"maxLimitWaiverFstYr":null,"maxLimitWaiverScndYr":null,"maxLimitWaiverThirdYr":null,"maxLimitWaiverSubYr":null,"discountParameter":null,"graceprdExtFlag":null,"graceprdExtFrmDate":null,"graceprdExtToDate":null,"graceprdPrcntWaiver":null,"maxWaiverLimitgraceprd":null,"gstCdCharge":0.0,"gstLateFeeRateFirstYr":18.0,"gstLateFeeRateNextYrs":18.0,"dateOfLaunch":"01/02/2020","beforeLaunch":"N","centralGSTPercentage":50,"discountPeriod":null,"discountPeriodType":null},"eligible":false,"lateFeeRequired":false,"recordId":"S","premiumPayingTerm":16,"policyBenefits":"170000","dueAmount":"1039.00","taxExemption":false,"age":"52","eserviceEligible":false,"policyUlip":false,"dateOfLastPayment":"2040-03-28","dateOfMaturity":"2040-04-28","statusShortDesc":"In Force","nav":"For NAV details please contact your Servicing Branch / Customer Zone","altChannelId":"0 ","riderPolicy":false,"minorChild":false,"accountingBookCode":8,"payedPolicy":false,"advancePayedPolicy":false,"lastAccountDate":"2026-04-16","noBonusYears":0,"bonusInfo":{"totalRevBonus":0,"totalInterimBonus":0,"totalFAB":0,"totalGuaranty":0,"totalLoyalty":0,"totalOneTimeBonus":0.00,"messageCode":null,"calulationSheetHTML":"<table width=100% ><tr class=grey-bg><td>Please Check Data As After Conversion Bonus Year Cannot Be Zero</td></tr></table>","calulationSheetText":"Please Check Data As After Conversion Bonus Year Cannot Be Zero  "},"isSpotRevivalAllowed":false,"discountApplicable":false,"advancePaymetEligible":false,"maturitySumAssured":0,"gstInNumber":"null","transactionAllowed":true,"dateOfShowMaturity":"2040-04-28","panFlag":true,"neftFlag":true,"itPan":"DD******9G","neftStatus":"Y","titleCode":"1","premiumGapFlag":false,"dghPolicyFlag":false,"policyExitStatus":false,"serviceRequestFlag":false,"nriGstFlag":false,"fyEndDate":"2027-03-31"},"person":{"policyNo":703333335,"birthDate":"1974-05-24","fullName":"M . Sivanandi","sex":"M","shortName":"Sivanandi M","age":"50","profileMobileNo":null,"profileEmail":null,"profileUnMaskMobileNo":null,"profileUnMaskEmail":null},"address":{"policyNo":703333335,"address1":"S/O Mayandi,","address2":"2f, Eb Quarters, Lower Camp,","address3":"Uthamapalayam, Gudallur Po, Theni","addressId":1,"pin":625518},"branch":{"branchCode":"74U ","address1":"GRACE COMPLEX,","address2":"NEAR NEW BUS STAND,","address3":"67,SOUTH BYEPASS ROAD,","branchIp":"10.128.42.194","branchName":"LIC of India, Tirunelveli CAB","city":null,"dcCode":"X032","divCode":32,"eaiIndication":"Y","emailId":"BO_74U@LICINDIA.COM","man":null,"odsIndication":"N","pin":null,"state":"Tamil Nadu"},"agent":{"agencyCode":"0090976F ","address1":"D/O.K.Jayaraman,Jai Ganesh Lorry","address2":"Service,T.P.Kadu,Moolapallipatty.Po","address3":"Rasipuram.Tk & Namakkal .Dt.","agentName":"J.Renukadevi","birthDate":"1976-03-10","category":2,"city":null,"disabilityCode":1,"enteredDate":"2026-05-12T01:13:13.000+00:00","itaxPanNo":"ANZPR4228B","occupationCode":12,"pin":637406,"qualificationCode":3,"sex":"F"},"nominees":[{"policyNo":703333335,"nomineeAge":42,"nomineeDob":null,"nomineeId":1,"nomineeName":"S MANIMEGALAI","nomineeRegistrationDate":null,"nomineeRelation":"W","nomineeShare":100,"nomineeStatus":"B"}],"billingInfo":{"policyNumber":"703333335","nameOfAssured":"M . Sivanandi","planName":"LIC's New Endowment Plan","plan":914,"mode":"1","premium":1039,"sumAssured":170000,"status":null,"firstUnpaidPremiumDate":"2026-04-28","nextFup":null,"dueAmount":"1039.00","payedPolicy":false,"noOfDues":1,"eligible":false,"spotRevival":false},"policyContact":{"policyNo":703333335,"dataSource":"B","emailAddress":"null","enteredDate":"2026-05-06T20:00:06.846+00:00","mobileNo":"919688864848","countryCode":null,"telephoneNo":"null","panNo":null},"policyExtra":{"accumTerm":0},"policyAnnuity":null,"userRegistered":"N","assignmentDetails":[],"ulipExtra":{"giveCashAmount":0},"bonusErrorMessage":null,"qpayPolicy":{"policyNumber":"703333335","dob":"24/05/1974","emailId":null,"mobileNo":"9688864848","premium":"1039","key":"535743"}}



==== 12/05/2026 07:35:04 - OSTATTUS-RESPONSE-TOKEN ======

DAdKdyAYFOpDma+eOFNb6Bo3o4K+dOmuj2lolLofNzrR7SrWCg9OeP8qYKw1932l6ln5T3yKgk4hnFUkGDb3ST/ffGtgy4WkBojr620w+t2AdSh3BU5IxgM30oY86lIVnjAi4nJ8O8Hs2NQQagpQKOlv3tHi8zboTX56/mBBCMBImzy2QA9ScOOx8nV1A4dav2/i55ayEBxjaSgLK8XD63fSbn1V3cpcDQ3nvGcSgfrX8h255EQw8toiM2QoKwxqsgX9y0alxqXoU7ZRLX7xUD9pU2Ohse6QuWQOqFMsKtl19N2ObkM21MgswL7tzsWon/1GszXlQc7ZYlxRCXX2jzUJY2hZi3GEOhZm9XAh2IlqjXEPjVK4HEV3hHV1FIxA7GBsI4luxsJI3UryQCeWatG6FBiw7zvE0wAmmIWvqvWFvWZi1+vi5OtaHSLYA0yqTTsyVcT8KLPOtpPaRK40GjNWDaKxQv+AOU+VUS7Z/MVOsbIoRDX3Csh28HpdsO4eKhRPzzUugPygZARneQCI+V66i8gQE08r3Wh+qb5qPF7IuJBaaSwRNmb3Z4PcVJ1u98kWaAfc5nAZMsYiYRE2pczLW61WM43w5SM7LgTJLiK7h/04MmmssXzImm4awjYpsQqNK9hVUpJxNPcwN/d3z3gWI8E7ECnHPO4mvav22eMR2BGkMDAv63XfvRzldZjBPWWSwD6npXgfMksI7/XRLiRtUdCDiWH8Ekmq5OPYstukBhNq1CTNV0icWVNWc2tcsDuKiIk8YKkwz+7qOrh98PO+l6vvEAkPNaGvJcgRqBXfg1PJjyTT9UbdlZsDlIdgFqfJyW9bAUXhnRndR1sBw3YiQ1NBLjn5cF89yDshI4wHtgLrBDEPR8k09fGOX8Hn/UmoERxz41DGXPpS7MDugjqhCZ4ve9Bw72j8g1cAL3gKllNuUqcUfks3qRQ42f+3WaTT1EWY6+CyjrOorgQm7WBWfq3Bgl6Byuyhwg6sOFXuaAdOLhzC9n7CadEUgj31sBSOwrPDvRh1LsKTai6l4PIaXYUUSHfD3S5hpKI/22uBfS7lkB6SOZyfH7ZBsjhcQm+FdRHuObz0PYv47BBpQZUnfLB4EUuR/liJnGXcxm1xgmUZTFZoui0/q5i1yGWU4aNFx6BtgHHUK0l+3pogQSfvNfAb1Dur4P3wSgH2IZk+AxuOrcb9yv71/HcD79gnImxx8H2Y7dwTq6B1M0H5k3QTA5fERRfJFmHpEicY2XWYEp9wk/ZTxpIgDfLvhbxl9Jx4ASVukne29lo7ek/iXEHx95MJw5ffY/2LpkkFxsDBWLN2Ftf6WR8D1tpzgKMPIPgWbbVfKemaUmOSgo36iYZ8U1KtqX5+vZQIje4EaeBmg3ccjZljRyZIpyY+fGoFqZ0pXaC7PARknat1ZB67TCsUfi3YgZo9JxAgppIFyFwFrhqM5f7cg00KoZZt8nN6P6+81+jCa/Bac1DOLioOQFdvf8DYiKqeNIZmGwzt7koo2cNcC0K9hw7FA815WGgXQca/IhTDxKDnd4AsZ32itIrCsEHRLWzMWrZDCoRWNIh5Yp12+WdOqSxoN92qJBKVgNSEjNGR8X5Fv20sMQ6mM9QEaHwR6OV4M+/ICyYY25tgp+8/VhRrbJN09Bz/UM6JdNy2RPFhi4xs3OK3nrMYP/QXo3H3EQryUFnkCdOom9hB49W/3ji8D25j5N67r1WoegmAmo4e7xEJX8DqY70x1INUAr+eGmtDnVjgN2nxy46nIFGKZ9IDq5xeeiEnS59Jeog0TGvPKgk2z5k5WPwg6v96t3kCJMUYQ9fuHBk3X4AdgOojhiq2sjC92/KbmHNl6wC6g93HbU01fpoVfFaGRttZCoYNvoxMzQIAvqLyE9FC9BisctSFjl064oo7/1XGdCvAtl+wWzWwvywdwin+aG6HhGMW4S12IYBoDSXHvxFYHl6XUaGhO1MVlzechxI4zwC0VSh/SM2agyc=



==== 12/05/2026 07:35:04 - OSTATTUS-RESPONSE-TOKEN ======

eyJhbGciOiJIUzUxMiJ9.eyJzdWIiOiJJREFNMjQwMTIwMjQxMTEyMjg2MSIsImFnZW5jeV9jb2RlIjpudWxsLCJjcmVhdGVkIjoxNzc4NTUwNjE2ODY2LCJhY2Nlc3NfY29kZSI6ImV5SmhiR2NpT2lKU1V6STFOaUlzSW5SNWNDSTZJa3BYVkNKOS5leUp6ZFdJaU9pSkpSRUZOTWpRd01USXdNalF4TVRFeU1qZzJNU0lzSW1adVlXMWxJam9pVTFWQ1NFRlRJRk5CUzFKRlVGQkJJRk5CVGtkQlZFa2lMQ0oxYzJWeWMzUmhkSFZ6SWpvaU1TSXNJbVZ1ZEdsMGVXeHBjM1FpT2xzaVRFbERYME5WVTFSUFRVVlNYMUJQVWxSQlRDSmRMQ0p5YjJ4bGN5STZXeUpFVHlKZExDSnBjM01pT2lKQlVsZ2lMQ0p0YjJKcGJHVWlPaUk1T1RBeE5qSXpNRGsySWl3aVlYVmtJam9pWkdWbVlYVnNkQ0lzSW14dVlXMWxJam9pVTFWQ1NFRlRJRk5CUzFKRlVGQkJJRk5CVGtkQlZFa2lMQ0oxYzJWeVZIbHdaU0k2SWpFaUxDSmxlSEFpT2pFM056ZzFOemt6TkRZc0ltbGhkQ0k2TVRjM09EVTFNRFUwTml3aWFuUnBJam9pT1RKbFpHSmpNekF0WW1GaU9DMDBZbUU0TFRreVpEVXRPV0l6TVRZeE5ESXhOR1kySWl3aVpXNTBhWFI1SWpvaVRFbERYME5WVTFSUFRVVlNYMUJQVWxSQlRDSXNJbVZ0WVdsc0lqb2ljM056WVc1bllYUnBNakkxUUd4cFkybHVaR2xoTG1OdmJTSjkuR1oycnhnaE05MlhiQ3BHbVB3NFRDTWp4cXNCMFdjQkhYOVRxRnlDaUdXWVlwQ2V3c2JHWjFZQXEyaXhmLW8tZi1ybzk1VDJ0SkRMc0tsbFk1a3R0ellBUmlNcEdUV2MzSTgtTU9QejBfeG5WYlBxUjdVbnpTaXRMRm5LVEVRYmVfRG05cXI4eGxxaldkNk9YSmZsbUR3aEt3azctdG1qSUpfTUozdldFUkotREJlOUI4S3FwTktmM1RxWGVHSkh1ZVctWWlTN0ZOVmFtMHpyNDM1UmlObG1WdVIzSUh1VzRMZ2czZmZTVXJjSF9EV3pDLTJrXzFFanFUUFA3dGZ0djdnVTc0UGpDcS13Z014VldBb1ZmYWZqN0dVbnRtN3Z0LVNsQWJFNHBBT3F0dHlTazI0R2U1akh6cHNIYlpVZGpYbjNBaE1xMExjb1FLVlZ1a2V0NDdRIiwicm9sZXMiOlsiRE8iXSwiY2xpZW50SXAiOm51bGwsImVudGl0bGVtZW50IjpbXX0.6LLginw2EnoqMQft2oKSYT56zpy5HWV9qCnUbcRgLj6Y4zTFW42zsujtSAf3J7ICr1BTmXNMWZMny9VM1q_20A



==== 12/05/2026 07:35:04 - POST-URL ======

https://ebizapp01.licindia.in/BFFService/policy/policyInfo?_dc=1778551504901



==== 12/05/2026 07:35:05 - POST-URL ======

{"confirmationId":null,"status":"200","resultInfoList":null,"count":0,"policy":{"policyNumber":"747939692","planName":"Jeevan Lakshya","mode":"1","noOfDues":1,"premium":"2294.00","commenceDate":"2015-10-10","nameOfAssured":"M Nagarajan","agencyCode":"0090976F ","developmentOfficerCode":"0","plan":"833","policyTerm":"21","firstUnpaidPremiumDate":"2026-05-10","cdCharge":"0","serviceBranch":"74D ","sumAssured":"500000","policyStatus":"21","dob":"1978-04-27","ageAtEntry":37,"planDetails":{"plan":833,"planType":null,"planDesc":null,"premiumDueDuration":6,"premiumDueDurationType":"M","payPremiumAdvance":30,"payPremiumAdvanceType":"D","gracePeriod":15,"gracePeriodType":"D","serviceTaxRateFirstYr":4.5,"serviceTaxRateNextYrs":2.25,"serviceTaxRateEduCess":0.0,"topUpAllowed":null,"multiplyTopupAmt":null,"topupLimitCriteria":null,"topupNoPayBefMaturity":null,"planCategory":"NORM","freeCoverCond":null,"freeCoverFUP":null,"campaignStartDate":"2026-01-01","campaignEndDate":"2026-03-02","percentageofwaiver":30.0,"maxLimitofwaiver":3000.0,"waiversAllowedNum":1,"lateFeeWaiverInd":"Y","discountPercentFirstYr":null,"discountPercentSecondYr":null,"discountPercentThirdYr":null,"discountPercentSubYr":null,"discountFromDate":null,"discountToDate":null,"maxLimitWaiverFstYr":null,"maxLimitWaiverScndYr":null,"maxLimitWaiverThirdYr":null,"maxLimitWaiverSubYr":null,"discountParameter":null,"graceprdExtFlag":null,"graceprdExtFrmDate":null,"graceprdExtToDate":null,"graceprdPrcntWaiver":null,"maxWaiverLimitgraceprd":null,"gstCdCharge":0.0,"gstLateFeeRateFirstYr":18.0,"gstLateFeeRateNextYrs":18.0,"dateOfLaunch":"03/12/2015","beforeLaunch":"N","centralGSTPercentage":50,"discountPeriod":null,"discountPeriodType":null},"eligible":false,"lateFeeRequired":false,"recordId":"O","premiumPayingTerm":18,"policyBenefits":"500000","dueAmount":"2294.00","taxExemption":false,"age":"48","eserviceEligible":false,"policyUlip":false,"dateOfLastPayment":"2033-09-10","dateOfMaturity":"2036-10-10","statusShortDesc":"In Force","nav":"For NAV details please contact your Servicing Branch / Customer Zone","altChannelId":"06","riderPolicy":false,"minorChild":false,"accountingBookCode":1,"payedPolicy":false,"advancePayedPolicy":false,"lastAccountDate":"2026-04-15","noBonusYears":0,"bonusInfo":{"totalRevBonus":238500,"totalInterimBonus":13417,"totalFAB":0,"totalGuaranty":0,"totalLoyalty":0,"totalOneTimeBonus":0.00,"messageCode":null,"calulationSheetHTML":"<table border=1><tr class=grey-bg><td>From</td><td>Upto</td><td>Year</td><td>Type</td><td>Factor</td><td>Rate</td><td>Bonus </td></tr><tr class=grey-bg><td>2015-10-10</td><td>2016-10-10</td><td>2016</td><td>V</td><td>1.0</td><td>54.00</td><td>24500.00</td></tr><tr class=grey-bg><td>2015-10-10</td><td>2016-10-10</td><td>2016</td><td>O</td><td>1.0</td><td>5.00</td><td>2500.00</td></tr><tr class=grey-bg><td>2016-10-10</td><td>2017-10-10</td><td>2017</td><td>V</td><td>1.0</td><td>49.00</td><td>24500.00</td></tr><tr class=grey-bg><td>2017-10-10</td><td>2018-10-10</td><td>2018</td><td>V</td><td>1.0</td><td>49.00</td><td>24500.00</td></tr><tr class=grey-bg><td>2018-10-10</td><td>2019-10-10</td><td>2019</td><td>V</td><td>1.0</td><td>49.00</td><td>24500.00</td></tr><tr class=grey-bg><td>2019-10-10</td><td>2020-10-10</td><td>2020</td><td>V</td><td>1.0</td><td>46.00</td><td>23000.00</td></tr><tr class=grey-bg><td>2020-10-10</td><td>2021-10-10</td><td>2021</td><td>V</td><td>1.0</td><td>46.00</td><td>23000.00</td></tr><tr class=grey-bg><td>2021-10-10</td><td>2022-10-10</td><td>2022</td><td>V</td><td>1.0</td><td>46.00</td><td>23000.00</td></tr><tr class=grey-bg><td>2022-10-10</td><td>2023-10-10</td><td>2023</td><td>V</td><td>1.0</td><td>46.00</td><td>23000.00</td></tr><tr class=grey-bg><td>2023-10-10</td><td>2024-10-10</td><td>2024</td><td>V</td><td>1.0</td><td>46.00</td><td>23000.00</td></tr><tr class=grey-bg><td>2024-10-10</td><td>2025-10-10</td><td>2025</td><td>V</td><td>1.0</td><td>46.00</td><td>23000.00</td></tr><tr class=grey-bg><td>2025-10-10</td><td>2026-05-10</td><td>2025</td><td>I</td><td>0.5833333333333334</td><td>46.00</td><td>13416.67</td></tr><tr class=grey-bg><td colspan=7>Total Rev Bonus : 238500.00   Total Interim Bonus : 13416.67</td></tr></table> ","calulationSheetText":"From        Upto        Year Type Factor  Rate     Bonus \r\n2015-10-10  2016-10-10  2016  V     1.0   54.00    24500.00\r\n2015-10-10  2016-10-10  2016  O     1.0   5.00    2500.00\r\n2016-10-10  2017-10-10  2017  V     1.0   49.00    24500.00\r\n2017-10-10  2018-10-10  2018  V     1.0   49.00    24500.00\r\n2018-10-10  2019-10-10  2019  V     1.0   49.00    24500.00\r\n2019-10-10  2020-10-10  2020  V     1.0   46.00    23000.00\r\n2020-10-10  2021-10-10  2021  V     1.0   46.00    23000.00\r\n2021-10-10  2022-10-10  2022  V     1.0   46.00    23000.00\r\n2022-10-10  2023-10-10  2023  V     1.0   46.00    23000.00\r\n2023-10-10  2024-10-10  2024  V     1.0   46.00    23000.00\r\n2024-10-10  2025-10-10  2025  V     1.0   46.00    23000.00\r\n2025-10-10  2026-05-10  2025  I     0.5833333333333334   46.00    13416.67\r\n   Total Rev Bonus : 238500.00   Total Interim Bonus : 13416.67\r\n "},"isSpotRevivalAllowed":false,"discountApplicable":false,"advancePaymetEligible":false,"maturitySumAssured":0,"gstInNumber":"null","transactionAllowed":true,"dateOfShowMaturity":"2036-10-10","panFlag":false,"neftFlag":true,"itPan":"","neftStatus":"Y","titleCode":"1","premiumGapFlag":false,"dghPolicyFlag":false,"policyExitStatus":false,"serviceRequestFlag":false,"nriGstFlag":false,"fyEndDate":"2027-03-31"},"person":{"policyNo":747939692,"birthDate":"1978-04-27","fullName":"M Nagarajan","sex":"M","shortName":"Nagarajan M","age":"37","profileMobileNo":null,"profileEmail":null,"profileUnMaskMobileNo":null,"profileUnMaskEmail":null},"address":{"policyNo":747939692,"address1":"S/O Mookkan,","address2":"86,Mallapuram,Peraiyur-Tk,","address3":"Madurai-Dt.","addressId":1,"pin":625535},"branch":{"branchCode":"74D ","address1":"LIC OF INDIA-74D","address2":"3-3/23,CUTCHERY ROAD","address3":"UTHAMAPALAYAM","branchIp":"10.128.42.194","branchName":"LIC of India, Uthamapalayam Branch","city":null,"dcCode":"X074","divCode":74,"eaiIndication":"Y","emailId":"BO_74D@LICINDIA.COM","man":null,"odsIndication":"N","pin":null,"state":"null"},"agent":{"agencyCode":"0090976F ","address1":"D/O.K.Jayaraman,Jai Ganesh Lorry","address2":"Service,T.P.Kadu,Moolapallipatty.Po","address3":"Rasipuram.Tk & Namakkal .Dt.","agentName":"J.Renukadevi","birthDate":"1976-03-10","category":2,"city":null,"disabilityCode":1,"enteredDate":"2026-05-12T01:13:13.000+00:00","itaxPanNo":"ANZPR4228B","occupationCode":12,"pin":637406,"qualificationCode":3,"sex":"F"},"nominees":[{"policyNo":747939692,"nomineeAge":27,"nomineeDob":null,"nomineeId":1,"nomineeName":"S VASI","nomineeRegistrationDate":null,"nomineeRelation":"W","nomineeShare":100,"nomineeStatus":"B"}],"billingInfo":{"policyNumber":"747939692","nameOfAssured":"M Nagarajan","planName":"Jeevan Lakshya","plan":833,"mode":"1","premium":2294,"sumAssured":500000,"status":null,"firstUnpaidPremiumDate":"2026-05-10","nextFup":null,"dueAmount":"2294.00","payedPolicy":false,"noOfDues":1,"eligible":false,"spotRevival":false},"policyContact":{"policyNo":747939692,"dataSource":"B","emailAddress":"null","enteredDate":"2026-04-16T20:00:11.945+00:00","mobileNo":"919655823520","countryCode":null,"telephoneNo":"null","panNo":null},"policyExtra":{"accumTerm":0},"policyAnnuity":null,"userRegistered":"N","assignmentDetails":[],"ulipExtra":{"giveCashAmount":null},"bonusErrorMessage":null,"qpayPolicy":{"policyNumber":"747939692","dob":"27/04/1978","emailId":null,"mobileNo":"9655823520","premium":"2294","key":"364799"}}



==== 12/05/2026 07:35:20 - OSTATTUS-RESPONSE-TOKEN ======

Y7WkggXY6TIo/7QjDO/Pd9otqTlgYvnWciGOGLbIuMmcFt3SdQ76SnEswI99E6Pm0Eu+buQTdQw8Uaw7WaL7qEpum2nFceiB/ub9B6nRSCm9t8AdQv7U4SI3P1xwSG4Wf0InR/oLaT9pB7/zD9wHO1pqd+gjGTzL0cBAsGLOC0GxmoUQL2ua6Xy5GKtA4kx2lO9/fI+/jxXGN5HdlMDy/fieXZBkyJ9z2pPRYdqtqf8BCkIuJQO//6LMHmYwn0KcCEt2qaozKhOCv9v6gHrZdX70C9xTC7/bD7/8vYR1x3uJhC+KUUrHc74psOJ64DWXET/KlISsJ7qoyxu0OS361FjjMiPiKnm+jKFNCvOduHzq9nUcsz9azX36hQ2kC7hEgaG1cbwkv+tPOdbD0z8PhIUfe5yJYHimhLUSv9S/zNYvQwxtJNDoQgfHk35IBYs7Pebz+w+cR9JAbSiG4LM+b0HNbq3eb/62pSyuQOlx4vI1caKmqQbAOhYs35zZsP9ZI6uUHu4PG78wsJgXnVtWaAcE1LCOwre0tWKym0zdJEmL7YMKK9Gmj1SHG1uZLIIO1Z/+c51ap/t9LvgoxrKBLi7xeETKXSR1iBe774XqkQ7YFq/EM65hus2C0YUaqTsEnzfJgiFCkQUWwRlAbj4h34VrSrINahY2aqSupcVzpZqfkL3j6BaQQ2BVxkeZUBACzRMoYa1IUwfXyj3OuwIaNzi22j7nzYfBdEzzt7YtpTdTi2MdaxmA7493EChNJh+ZJOxCp3RVYC0cEBFakEmaMoaYXSpwHTlx7nvPurVCzk5c8Iya9LpIxycRSqHlC+EQxDNRBtro35EFrSl5p50FRM5cUN8i28mwXK98Z44zaWzt0EykFNj8aDMNmwDpratOsYYXSgrWJHTDYtLL1Rb/6vfQ3gM8oguQuCkC10sECPdxqfX5vrWcR4oC3HPKOAlgk1sNMO/u2jcbz9LY2v4BWC1GIpi2j97/5xrraz1s5ewdoeMdqiHCeHD82Ft1Y2h3o0SSqQSNIr0A76LzVw78cU6bbBMwnlGa1NVkl3BsFhfvf7wBhSSTWnBZh0zDsJe8CgVgAT2JQNBbPLWH2Z5gIK6AmNxVGVqbxSrDbJVH6r4qUhktL0uhzWPOAAY7YIUe58J9vGS8cUJj63lZxzgtMO5maPnI2+A53saTDWfNAJpwsqMaGYtY4VEo2Ed+HyqdkB59UUacxAs2o1MApAe6WpuivA4XSKZthsIvnla2ENzwEeTHHFxn4VxipXiLoqz09JLGF2nmAj0VmMhq6GvAtnyG1ne8B7GQPwLPC/VaVOgVzLBhWxDuoZrHchcGMkVsA3Ts7tzQ8pvlNToDLNVOz8fKKtMNyKSDQ23Z6Xin/a6bwKav9Byro5I2OS3xkE7xCBT9y+iQoDckeejtULGMXyQZiSnKoqh101p4y1oAM+FwbNv4wm6b7UCCqar85rxcn8Yxe6leYyUC4O5LkedszTsaRaHzEgGnqT4yhcyASjmXG/y4iwL8xyFpsnQ4/d3MvIc3prI50uTZjVNw4z+jmznPY+4ij1sQTo538vfQycKgmukoM+6mxHxr5KzdGA9D4IPS3nuCNvlzCMsrVsC8OeUDM5DEAJIDfZWQ72V/JEws9OK3EVFk2+hgI9NqZ7dlZZDRqk2dJbuFGS4IDs4+XW7DJPirdwID/rvNFTWV9U57HftbGDBM90h4BUy9yg9/hBO8EtiR/mtX8iZcAAD29PPc4OrkNC9MFx4U4h7SmkqiftroZ3J28pCVwIv4ygCN2So/DFERhI8/WuBb6dfEi8h2Hkdr6CR/UtedFE9hJkM1gQKxvhCyHBfF270cWAI8nma0B9ucNTZn5j/rUQ9+9aRGo/jDKr1XV0E8EcDEW0dsB3Wr4LKXk35E3KO2gIszhvDxAURVOJ9qRvhDF6GTnXcVtvp9+GVGs1Nbo0GziZSxQgjRj5i9DfZSg3vsRfTfDv4/tCsDtxbNdcc=



==== 12/05/2026 07:35:20 - OSTATTUS-RESPONSE-TOKEN ======

eyJhbGciOiJIUzUxMiJ9.eyJzdWIiOiJJREFNMjQwMTIwMjQxMTEyMjg2MSIsImFnZW5jeV9jb2RlIjpudWxsLCJjcmVhdGVkIjoxNzc4NTUwNjE2ODY2LCJhY2Nlc3NfY29kZSI6ImV5SmhiR2NpT2lKU1V6STFOaUlzSW5SNWNDSTZJa3BYVkNKOS5leUp6ZFdJaU9pSkpSRUZOTWpRd01USXdNalF4TVRFeU1qZzJNU0lzSW1adVlXMWxJam9pVTFWQ1NFRlRJRk5CUzFKRlVGQkJJRk5CVGtkQlZFa2lMQ0oxYzJWeWMzUmhkSFZ6SWpvaU1TSXNJbVZ1ZEdsMGVXeHBjM1FpT2xzaVRFbERYME5WVTFSUFRVVlNYMUJQVWxSQlRDSmRMQ0p5YjJ4bGN5STZXeUpFVHlKZExDSnBjM01pT2lKQlVsZ2lMQ0p0YjJKcGJHVWlPaUk1T1RBeE5qSXpNRGsySWl3aVlYVmtJam9pWkdWbVlYVnNkQ0lzSW14dVlXMWxJam9pVTFWQ1NFRlRJRk5CUzFKRlVGQkJJRk5CVGtkQlZFa2lMQ0oxYzJWeVZIbHdaU0k2SWpFaUxDSmxlSEFpT2pFM056ZzFOemt6TkRZc0ltbGhkQ0k2TVRjM09EVTFNRFUwTml3aWFuUnBJam9pT1RKbFpHSmpNekF0WW1GaU9DMDBZbUU0TFRreVpEVXRPV0l6TVRZeE5ESXhOR1kySWl3aVpXNTBhWFI1SWpvaVRFbERYME5WVTFSUFRVVlNYMUJQVWxSQlRDSXNJbVZ0WVdsc0lqb2ljM056WVc1bllYUnBNakkxUUd4cFkybHVaR2xoTG1OdmJTSjkuR1oycnhnaE05MlhiQ3BHbVB3NFRDTWp4cXNCMFdjQkhYOVRxRnlDaUdXWVlwQ2V3c2JHWjFZQXEyaXhmLW8tZi1ybzk1VDJ0SkRMc0tsbFk1a3R0ellBUmlNcEdUV2MzSTgtTU9QejBfeG5WYlBxUjdVbnpTaXRMRm5LVEVRYmVfRG05cXI4eGxxaldkNk9YSmZsbUR3aEt3azctdG1qSUpfTUozdldFUkotREJlOUI4S3FwTktmM1RxWGVHSkh1ZVctWWlTN0ZOVmFtMHpyNDM1UmlObG1WdVIzSUh1VzRMZ2czZmZTVXJjSF9EV3pDLTJrXzFFanFUUFA3dGZ0djdnVTc0UGpDcS13Z014VldBb1ZmYWZqN0dVbnRtN3Z0LVNsQWJFNHBBT3F0dHlTazI0R2U1akh6cHNIYlpVZGpYbjNBaE1xMExjb1FLVlZ1a2V0NDdRIiwicm9sZXMiOlsiRE8iXSwiY2xpZW50SXAiOm51bGwsImVudGl0bGVtZW50IjpbXX0.6LLginw2EnoqMQft2oKSYT56zpy5HWV9qCnUbcRgLj6Y4zTFW42zsujtSAf3J7ICr1BTmXNMWZMny9VM1q_20A



==== 12/05/2026 07:35:20 - POST-URL ======

https://ebizapp01.licindia.in/BFFService/policy/policyInfo?_dc=1778551520435



==== 12/05/2026 07:35:21 - POST-URL ======

{"confirmationId":null,"status":"200","resultInfoList":null,"count":0,"policy":{"policyNumber":"703333293","planName":"LIC's New Jeevan Labh Plan","mode":"1","noOfDues":1,"premium":"2356.00","commenceDate":"2023-05-28","nameOfAssured":"M Seelani","agencyCode":"0090976F ","developmentOfficerCode":"87070","plan":"936","policyTerm":"16","firstUnpaidPremiumDate":"2026-05-28","cdCharge":"0","serviceBranch":"76E ","sumAssured":"300000","policyStatus":"21","dob":"1970-05-10","ageAtEntry":53,"planDetails":{"plan":936,"planType":null,"planDesc":null,"premiumDueDuration":6,"premiumDueDurationType":"M","payPremiumAdvance":30,"payPremiumAdvanceType":"D","gracePeriod":15,"gracePeriodType":"D","serviceTaxRateFirstYr":4.5,"serviceTaxRateNextYrs":2.25,"serviceTaxRateEduCess":0.0,"topUpAllowed":null,"multiplyTopupAmt":null,"topupLimitCriteria":null,"topupNoPayBefMaturity":null,"planCategory":"NORM","freeCoverCond":null,"freeCoverFUP":null,"campaignStartDate":"2026-01-01","campaignEndDate":"2026-03-02","percentageofwaiver":30.0,"maxLimitofwaiver":3000.0,"waiversAllowedNum":1,"lateFeeWaiverInd":"Y","discountPercentFirstYr":null,"discountPercentSecondYr":null,"discountPercentThirdYr":null,"discountPercentSubYr":null,"discountFromDate":null,"discountToDate":null,"maxLimitWaiverFstYr":null,"maxLimitWaiverScndYr":null,"maxLimitWaiverThirdYr":null,"maxLimitWaiverSubYr":null,"discountParameter":null,"graceprdExtFlag":null,"graceprdExtFrmDate":null,"graceprdExtToDate":null,"graceprdPrcntWaiver":null,"maxWaiverLimitgraceprd":null,"gstCdCharge":0.0,"gstLateFeeRateFirstYr":18.0,"gstLateFeeRateNextYrs":18.0,"dateOfLaunch":"01/02/2020","beforeLaunch":"N","centralGSTPercentage":50,"discountPeriod":null,"discountPeriodType":null},"eligible":false,"lateFeeRequired":false,"recordId":"S","premiumPayingTerm":10,"policyBenefits":"300000","dueAmount":"2356.00","taxExemption":false,"age":"56","eserviceEligible":false,"policyUlip":false,"dateOfLastPayment":"2033-04-28","dateOfMaturity":"2039-05-28","statusShortDesc":"In Force","nav":"For NAV details please contact your Servicing Branch / Customer Zone","altChannelId":"0 ","riderPolicy":false,"minorChild":false,"accountingBookCode":8,"payedPolicy":false,"advancePayedPolicy":false,"lastAccountDate":"2026-05-11","noBonusYears":0,"bonusInfo":{"totalRevBonus":24000,"totalInterimBonus":12000,"totalFAB":0,"totalGuaranty":0,"totalLoyalty":0,"totalOneTimeBonus":0.00,"messageCode":null,"calulationSheetHTML":"<table border=1><tr class=grey-bg><td>From</td><td>Upto</td><td>Year</td><td>Type</td><td>Factor</td><td>Rate</td><td>Bonus </td></tr><tr class=grey-bg><td>2023-05-28</td><td>2024-05-28</td><td>2024</td><td>V</td><td>1.0</td><td>40.00</td><td>12000.00</td></tr><tr class=grey-bg><td>2024-05-28</td><td>2025-05-28</td><td>2025</td><td>V</td><td>1.0</td><td>40.00</td><td>12000.00</td></tr><tr class=grey-bg><td>2025-05-28</td><td>2026-05-28</td><td>2025</td><td>I</td><td>1.0</td><td>40.00</td><td>12000.00</td></tr><tr class=grey-bg><td colspan=7>Total Rev Bonus : 24000.00   Total Interim Bonus : 12000.00</td></tr></table> ","calulationSheetText":"From        Upto        Year Type Factor  Rate     Bonus \r\n2023-05-28  2024-05-28  2024  V     1.0   40.00    12000.00\r\n2024-05-28  2025-05-28  2025  V     1.0   40.00    12000.00\r\n2025-05-28  2026-05-28  2025  I     1.0   40.00    12000.00\r\n   Total Rev Bonus : 24000.00   Total Interim Bonus : 12000.00\r\n "},"isSpotRevivalAllowed":false,"discountApplicable":false,"advancePaymetEligible":false,"maturitySumAssured":0,"gstInNumber":"null","transactionAllowed":true,"dateOfShowMaturity":"2039-05-28","panFlag":true,"neftFlag":false,"itPan":"CQ******6G","neftStatus":"N","titleCode":"1","premiumGapFlag":false,"dghPolicyFlag":false,"policyExitStatus":false,"serviceRequestFlag":false,"nriGstFlag":false,"fyEndDate":"2027-03-31"},"person":{"policyNo":703333293,"birthDate":"1970-05-10","fullName":"M Seelani","sex":"M","shortName":"Seelani M","age":"53","profileMobileNo":null,"profileEmail":null,"profileUnMaskMobileNo":null,"profileUnMaskEmail":null},"address":{"policyNo":703333293,"address1":"S/O Mohamed Ali,","address2":"55/1, Ramnagar, Koneripatty,","address3":"Rasipuram Po Tk, Namakkal Dt.","addressId":1,"pin":637408},"branch":{"branchCode":"76E ","address1":"LIC OF INDIA-76E","address2":"NEAR TANSI RDO OFFICE","address3":"EAST MAIN ROAD,METTUR DAM","branchIp":"10.128.42.194","branchName":"LIC of India, Mettur Dam B O,","city":null,"dcCode":"X070","divCode":70,"eaiIndication":"Y","emailId":"BO_76E@LICINDIA.COM","man":null,"odsIndication":"N","pin":null,"state":"null"},"agent":{"agencyCode":"0090976F ","address1":"D/O.K.Jayaraman,Jai Ganesh Lorry","address2":"Service,T.P.Kadu,Moolapallipatty.Po","address3":"Rasipuram.Tk & Namakkal .Dt.","agentName":"J.Renukadevi","birthDate":"1976-03-10","category":2,"city":null,"disabilityCode":1,"enteredDate":"2026-05-12T01:13:13.000+00:00","itaxPanNo":"ANZPR4228B","occupationCode":12,"pin":637406,"qualificationCode":3,"sex":"F"},"nominees":[{"policyNo":703333293,"nomineeAge":31,"nomineeDob":null,"nomineeId":1,"nomineeName":"S MADHINA","nomineeRegistrationDate":null,"nomineeRelation":"W","nomineeShare":100,"nomineeStatus":"B"}],"billingInfo":{"policyNumber":"703333293","nameOfAssured":"M Seelani","planName":"LIC's New Jeevan Labh Plan","plan":936,"mode":"1","premium":2356,"sumAssured":300000,"status":null,"firstUnpaidPremiumDate":"2026-05-28","nextFup":null,"dueAmount":"2356.00","payedPolicy":false,"noOfDues":1,"eligible":false,"spotRevival":false},"policyContact":{"policyNo":703333293,"dataSource":"B","emailAddress":"null","enteredDate":"2026-05-05T20:00:07.623+00:00","mobileNo":"918526844288","countryCode":null,"telephoneNo":"null","panNo":null},"policyExtra":{"accumTerm":0},"policyAnnuity":null,"userRegistered":"N","assignmentDetails":[],"ulipExtra":{"giveCashAmount":0},"bonusErrorMessage":null,"qpayPolicy":{"policyNumber":"703333293","dob":"10/05/1970","emailId":null,"mobileNo":"8526844288","premium":"2356","key":"234943"}}



==== 12/05/2026 07:35:35 - OSTATTUS-RESPONSE-TOKEN ======

C5Utyquz9MhcwO7/hNlX/82Vzc/mZl20tFiBQ9Z49kniUairAHY4IBCzsCjyU4+jTtFHQAlxKnuykZv9FYdlsRU8FnBVNR2bs4tWrCOgRrBpzOva3BsywKXi6qbAvE4sjAXktgJBw2CmgLD5Z7Vi+cnzesrCe1TVxh49DuP1RoghoQN36CC3hJZERAREETFidhGXijnzfm6I7JhslqOBDa7sB3YRO6i5qI6YjEABRyCxyLQDFUzkcERHXK1z+6+dXxPNq5oJAlMlGYevEay+P9RQarTJpxxCZrF8SZo9Z0JCW7u5Fm2qRdn7zP48xXybRmX3qJ4QqOO8JcpDMjTQWJuFhkOeQueZm8I7WIeeLn4T3HMt1kYZq3WwHenYpqPaghw3NFZXis3999kMVhfsZBpIfN9nDg6ExAs4mQv7ZmrArrTSykZOoybodwEj2Fp1vL3fhM0GlepZz9ThLpsa5hcKagVbNnLqethIEYBuWvHMO+tztGKLjMBQ6/ks7dKOKaVhjzvoc4siOzNeUO2ytxLaPYQF9RMEfoYZ0oUYcDnRZZXpcEby2AcZanyy37KE7VWcq+9Dg4p377ITngxzW5ecGaXjvNv4liS1BpTYVX6zhZN5Oh8YpH0HdvWyJNCPD6NjXfW2elI51WxEdRQPizENQI2Pp5tkhoJz1C2tH6ByF26ddUKmOT7K9OF/zgXGTHipd0OxI7nadup6+13lacd+ZBzTMrTAAcvIyAQBJ5VgDl6uiXVkneMYTiy8bjFwHQkAT4M1cPPZXhrgsrrQclBojQm2p3VqEk+Bi/p33FkbhKLKM7mUQ4Kj4rMetQaRiVbnxAFmnLmbELaMDASuzQ88S85bUAKogp2B9ZUHVdzyMZ1E7uYmGfDjhxru5TRUO9Lj74Qh4XQKe3qE4/mNbxJ0JnLNbWGcFmKEzyytIcqH/txwtViLlKJf1Ci002BcHndmZu7J2YnVIi4IXWkCDwOc1qCep+h0Tq6BDwqB4u8a7lKd5MTXcj4JVJS4vht6aSJtnC+vlqAFFDcwg66LFDqV28YWQqVsSQyiJpHLrKviuOBjt4gTBGSnqv0h35ibPilVmoJBEGf2vBI2EPxsqOv5mFMei2GVeZbR6JyLrtyYlKUYysz/nT2LxBLKDF+FdSd2zlZn74N3Hzf12CtI9RjY9zjd5uyMr6ZeTkILhGFSWUBfyUR+kje0M6vrR91IVrSfB+hmOFrzJo++HE1bXEZNAHHH0sC+UHDTWvGO4EM09y4EeXaqXJgjvwhd7Jwbd++xRMwfRFBSmydN/OeuolWJxqLG2I3LDtLLpj7WTtVelAoLZn9CYL8FEyD1JximO+izfY2aDXFP7lqSc6XAQRVS7F4Xk3Eh4DRI61aYazbu+CG08Ovn4gJIgUOIoyLIKOAJ2WpvqaJpMN5y4kDTLEN+tKQhA9at3X058F+xTh3QSobWokl0uivXLEfkSmk0TJ/mX5UW4kXmVuMBYaId5KlzgkLR2kOMgf7QlWe6IdhQn7rucnbDmqoF36vOeFwpOM7JT5bLoMTnDp1SoahDQmz3f9ThzPAAHvaJK66kXglievRlvAE5trvekeUGp11HPS2SyqmiEK5SGlMH6oEEUV8uVbsNjRnyBwpNONEaIzjSovBYQ6RjLeFp7YJMAy1d8Bv6/rU+2JRXB0JSEvfEzIzCUg2PH8cnq419jm+Op5/i5Ybsls1cdKu7U4pdEoSAsbsVmmxnvc/klMO99O3mYhwv6vSaev4RMmRZi+JVAlWnuzr4JcAMMLuyU3Ts/ZDGpW3DAE3iE8khxiv21Ih76Qz9lGBrQk3GTLWelYMwkxfckGo+SopR1VNTJ94UdU19VrB+nZ4Z+WdzKK7XImtihoZD5U9lpEJt/lCpFLNy/DL6C9iC0bV3wwv6F5ewmfvCM1v+C/j+ClLB4Uc3EaVsKbpIvxkEsn9MUsflsskMPTssJjgfKEjDb8rg5CywUlOr3TUcoRvJISOkPoA=



==== 12/05/2026 07:35:35 - OSTATTUS-RESPONSE-TOKEN ======

eyJhbGciOiJIUzUxMiJ9.eyJzdWIiOiJJREFNMjQwMTIwMjQxMTEyMjg2MSIsImFnZW5jeV9jb2RlIjpudWxsLCJjcmVhdGVkIjoxNzc4NTUwNjE2ODY2LCJhY2Nlc3NfY29kZSI6ImV5SmhiR2NpT2lKU1V6STFOaUlzSW5SNWNDSTZJa3BYVkNKOS5leUp6ZFdJaU9pSkpSRUZOTWpRd01USXdNalF4TVRFeU1qZzJNU0lzSW1adVlXMWxJam9pVTFWQ1NFRlRJRk5CUzFKRlVGQkJJRk5CVGtkQlZFa2lMQ0oxYzJWeWMzUmhkSFZ6SWpvaU1TSXNJbVZ1ZEdsMGVXeHBjM1FpT2xzaVRFbERYME5WVTFSUFRVVlNYMUJQVWxSQlRDSmRMQ0p5YjJ4bGN5STZXeUpFVHlKZExDSnBjM01pT2lKQlVsZ2lMQ0p0YjJKcGJHVWlPaUk1T1RBeE5qSXpNRGsySWl3aVlYVmtJam9pWkdWbVlYVnNkQ0lzSW14dVlXMWxJam9pVTFWQ1NFRlRJRk5CUzFKRlVGQkJJRk5CVGtkQlZFa2lMQ0oxYzJWeVZIbHdaU0k2SWpFaUxDSmxlSEFpT2pFM056ZzFOemt6TkRZc0ltbGhkQ0k2TVRjM09EVTFNRFUwTml3aWFuUnBJam9pT1RKbFpHSmpNekF0WW1GaU9DMDBZbUU0TFRreVpEVXRPV0l6TVRZeE5ESXhOR1kySWl3aVpXNTBhWFI1SWpvaVRFbERYME5WVTFSUFRVVlNYMUJQVWxSQlRDSXNJbVZ0WVdsc0lqb2ljM056WVc1bllYUnBNakkxUUd4cFkybHVaR2xoTG1OdmJTSjkuR1oycnhnaE05MlhiQ3BHbVB3NFRDTWp4cXNCMFdjQkhYOVRxRnlDaUdXWVlwQ2V3c2JHWjFZQXEyaXhmLW8tZi1ybzk1VDJ0SkRMc0tsbFk1a3R0ellBUmlNcEdUV2MzSTgtTU9QejBfeG5WYlBxUjdVbnpTaXRMRm5LVEVRYmVfRG05cXI4eGxxaldkNk9YSmZsbUR3aEt3azctdG1qSUpfTUozdldFUkotREJlOUI4S3FwTktmM1RxWGVHSkh1ZVctWWlTN0ZOVmFtMHpyNDM1UmlObG1WdVIzSUh1VzRMZ2czZmZTVXJjSF9EV3pDLTJrXzFFanFUUFA3dGZ0djdnVTc0UGpDcS13Z014VldBb1ZmYWZqN0dVbnRtN3Z0LVNsQWJFNHBBT3F0dHlTazI0R2U1akh6cHNIYlpVZGpYbjNBaE1xMExjb1FLVlZ1a2V0NDdRIiwicm9sZXMiOlsiRE8iXSwiY2xpZW50SXAiOm51bGwsImVudGl0bGVtZW50IjpbXX0.6LLginw2EnoqMQft2oKSYT56zpy5HWV9qCnUbcRgLj6Y4zTFW42zsujtSAf3J7ICr1BTmXNMWZMny9VM1q_20A



==== 12/05/2026 07:35:35 - POST-URL ======

https://ebizapp01.licindia.in/BFFService/policy/policyInfo?_dc=1778551535454



==== 12/05/2026 07:35:36 - POST-URL ======

{"confirmationId":null,"status":"200","resultInfoList":null,"count":0,"policy":{"policyNumber":"703332740","planName":"Jeevan Lakshya","mode":"1","noOfDues":1,"premium":"993.00","commenceDate":"2016-11-28","nameOfAssured":"M.Sivanandi","agencyCode":"0090976F ","developmentOfficerCode":"315076","plan":"833","policyTerm":"21","firstUnpaidPremiumDate":"2026-04-28","cdCharge":"0","serviceBranch":"74U ","sumAssured":"200000","policyStatus":"21","dob":"1974-05-24","ageAtEntry":43,"planDetails":{"plan":833,"planType":null,"planDesc":null,"premiumDueDuration":6,"premiumDueDurationType":"M","payPremiumAdvance":30,"payPremiumAdvanceType":"D","gracePeriod":15,"gracePeriodType":"D","serviceTaxRateFirstYr":4.5,"serviceTaxRateNextYrs":2.25,"serviceTaxRateEduCess":0.0,"topUpAllowed":null,"multiplyTopupAmt":null,"topupLimitCriteria":null,"topupNoPayBefMaturity":null,"planCategory":"NORM","freeCoverCond":null,"freeCoverFUP":null,"campaignStartDate":"2026-01-01","campaignEndDate":"2026-03-02","percentageofwaiver":30.0,"maxLimitofwaiver":3000.0,"waiversAllowedNum":1,"lateFeeWaiverInd":"Y","discountPercentFirstYr":null,"discountPercentSecondYr":null,"discountPercentThirdYr":null,"discountPercentSubYr":null,"discountFromDate":null,"discountToDate":null,"maxLimitWaiverFstYr":null,"maxLimitWaiverScndYr":null,"maxLimitWaiverThirdYr":null,"maxLimitWaiverSubYr":null,"discountParameter":null,"graceprdExtFlag":null,"graceprdExtFrmDate":null,"graceprdExtToDate":null,"graceprdPrcntWaiver":null,"maxWaiverLimitgraceprd":null,"gstCdCharge":0.0,"gstLateFeeRateFirstYr":18.0,"gstLateFeeRateNextYrs":18.0,"dateOfLaunch":"03/12/2015","beforeLaunch":"N","centralGSTPercentage":50,"discountPeriod":null,"discountPeriodType":null},"eligible":false,"lateFeeRequired":false,"recordId":"S","premiumPayingTerm":18,"policyBenefits":"200000","dueAmount":"993.00","taxExemption":false,"age":"52","eserviceEligible":false,"policyUlip":false,"dateOfLastPayment":"2034-10-28","dateOfMaturity":"2037-11-28","statusShortDesc":"In Force","nav":"For NAV details please contact your Servicing Branch / Customer Zone","altChannelId":"0 ","riderPolicy":false,"minorChild":false,"accountingBookCode":8,"payedPolicy":false,"advancePayedPolicy":false,"lastAccountDate":"2026-04-16","noBonusYears":0,"bonusInfo":{"totalRevBonus":84600,"totalInterimBonus":3833,"totalFAB":0,"totalGuaranty":0,"totalLoyalty":0,"totalOneTimeBonus":0.00,"messageCode":null,"calulationSheetHTML":"<table border=1><tr class=grey-bg><td>From</td><td>Upto</td><td>Year</td><td>Type</td><td>Factor</td><td>Rate</td><td>Bonus </td></tr><tr class=grey-bg><td>2016-11-28</td><td>2017-11-28</td><td>2017</td><td>V</td><td>1.0</td><td>49.00</td><td>9800.00</td></tr><tr class=grey-bg><td>2017-11-28</td><td>2018-11-28</td><td>2018</td><td>V</td><td>1.0</td><td>49.00</td><td>9800.00</td></tr><tr class=grey-bg><td>2018-11-28</td><td>2019-11-28</td><td>2019</td><td>V</td><td>1.0</td><td>49.00</td><td>9800.00</td></tr><tr class=grey-bg><td>2019-11-28</td><td>2020-11-28</td><td>2020</td><td>V</td><td>1.0</td><td>46.00</td><td>9200.00</td></tr><tr class=grey-bg><td>2020-11-28</td><td>2021-11-28</td><td>2021</td><td>V</td><td>1.0</td><td>46.00</td><td>9200.00</td></tr><tr class=grey-bg><td>2021-11-28</td><td>2022-11-28</td><td>2022</td><td>V</td><td>1.0</td><td>46.00</td><td>9200.00</td></tr><tr class=grey-bg><td>2022-11-28</td><td>2023-11-28</td><td>2023</td><td>V</td><td>1.0</td><td>46.00</td><td>9200.00</td></tr><tr class=grey-bg><td>2023-11-28</td><td>2024-11-28</td><td>2024</td><td>V</td><td>1.0</td><td>46.00</td><td>9200.00</td></tr><tr class=grey-bg><td>2024-11-28</td><td>2025-11-28</td><td>2025</td><td>V</td><td>1.0</td><td>46.00</td><td>9200.00</td></tr><tr class=grey-bg><td>2025-11-28</td><td>2026-04-28</td><td>2025</td><td>I</td><td>0.4166666666666667</td><td>46.00</td><td>3833.33</td></tr><tr class=grey-bg><td colspan=7>Total Rev Bonus : 84600.00   Total Interim Bonus : 3833.33</td></tr></table> ","calulationSheetText":"From        Upto        Year Type Factor  Rate     Bonus \r\n2016-11-28  2017-11-28  2017  V     1.0   49.00    9800.00\r\n2017-11-28  2018-11-28  2018  V     1.0   49.00    9800.00\r\n2018-11-28  2019-11-28  2019  V     1.0   49.00    9800.00\r\n2019-11-28  2020-11-28  2020  V     1.0   46.00    9200.00\r\n2020-11-28  2021-11-28  2021  V     1.0   46.00    9200.00\r\n2021-11-28  2022-11-28  2022  V     1.0   46.00    9200.00\r\n2022-11-28  2023-11-28  2023  V     1.0   46.00    9200.00\r\n2023-11-28  2024-11-28  2024  V     1.0   46.00    9200.00\r\n2024-11-28  2025-11-28  2025  V     1.0   46.00    9200.00\r\n2025-11-28  2026-04-28  2025  I     0.4166666666666667   46.00    3833.33\r\n   Total Rev Bonus : 84600.00   Total Interim Bonus : 3833.33\r\n "},"isSpotRevivalAllowed":false,"discountApplicable":false,"advancePaymetEligible":false,"maturitySumAssured":0,"gstInNumber":"null","transactionAllowed":true,"dateOfShowMaturity":"2037-11-28","panFlag":true,"neftFlag":false,"itPan":"DD******9G","neftStatus":"N","titleCode":"1","premiumGapFlag":false,"dghPolicyFlag":false,"policyExitStatus":false,"serviceRequestFlag":false,"nriGstFlag":false,"fyEndDate":"2027-03-31"},"person":{"policyNo":703332740,"birthDate":"1974-05-24","fullName":"M.Sivanandi","sex":"M","shortName":"Sivanandi M","age":"43","profileMobileNo":null,"profileEmail":null,"profileUnMaskMobileNo":null,"profileUnMaskEmail":null},"address":{"policyNo":703332740,"address1":"S/O.S.Mayandi","address2":"Periyar Tneb Quarters,Lower Camp Po,","address3":"Uthamapalayam Tk,Theni Dt","addressId":1,"pin":625525},"branch":{"branchCode":"74U ","address1":"GRACE COMPLEX,","address2":"NEAR NEW BUS STAND,","address3":"67,SOUTH BYEPASS ROAD,","branchIp":"10.128.42.194","branchName":"LIC of India, Tirunelveli CAB","city":null,"dcCode":"X032","divCode":32,"eaiIndication":"Y","emailId":"BO_74U@LICINDIA.COM","man":null,"odsIndication":"N","pin":null,"state":"Tamil Nadu"},"agent":{"agencyCode":"0090976F ","address1":"D/O.K.Jayaraman,Jai Ganesh Lorry","address2":"Service,T.P.Kadu,Moolapallipatty.Po","address3":"Rasipuram.Tk & Namakkal .Dt.","agentName":"J.Renukadevi","birthDate":"1976-03-10","category":2,"city":null,"disabilityCode":1,"enteredDate":"2026-05-12T01:13:13.000+00:00","itaxPanNo":"ANZPR4228B","occupationCode":12,"pin":637406,"qualificationCode":3,"sex":"F"},"nominees":[{"policyNo":703332740,"nomineeAge":36,"nomineeDob":null,"nomineeId":1,"nomineeName":"S MANIMEKALAI","nomineeRegistrationDate":null,"nomineeRelation":"W","nomineeShare":100,"nomineeStatus":"B"}],"billingInfo":{"policyNumber":"703332740","nameOfAssured":"M.Sivanandi","planName":"Jeevan Lakshya","plan":833,"mode":"1","premium":993,"sumAssured":200000,"status":null,"firstUnpaidPremiumDate":"2026-04-28","nextFup":null,"dueAmount":"993.00","payedPolicy":false,"noOfDues":1,"eligible":false,"spotRevival":false},"policyContact":{"policyNo":703332740,"dataSource":"null","emailAddress":"null","enteredDate":null,"mobileNo":"null","countryCode":null,"telephoneNo":"null","panNo":null},"policyExtra":{"accumTerm":0},"policyAnnuity":null,"userRegistered":"N","assignmentDetails":[],"ulipExtra":{"giveCashAmount":null},"bonusErrorMessage":null,"qpayPolicy":{"policyNumber":"703332740","dob":"24/05/1974","emailId":null,"mobileNo":"0","premium":"993","key":"507071"}}



==== 12/05/2026 07:35:49 - OSTATTUS-RESPONSE-TOKEN ======

+Kf0lH0q131v0bZLO3SLNuTMKuSQ7Ts85FV58psGYCwqhlMEBWpCOQh7R+c/F5vPuF6f25y+D0uCY9bCGzd9yAWWFOZH3Abiz/AVFl5ixvYmGBLxdLzFV/ZjJqOclGsSVA8ZWFxd8Pf6mImKK2RTdHfHK2/9Z3AVkMBjshxilrGj82WOGc3Jxvy3NyQdGkZmaL2jG/Np5YaKXN5CBe9tDUORIQlPM14UEGhHLkSulfWhMsxD+3N9bZEwK99de3+k+xbx7rCWeZ2z32bXyInHukQIKzP6ceRW6vpzmXAM0i2Aut1COJW44r4/FmpZe9p+IwTNb4S6cZnDAn3vYleOpmKMbcWn26hSJ1FckpySgZ+7lQmBv+yLyPgmbjUa3ixPIsPfEc649mqTZ11vSzZb5Pn+ptWyn5dMzDiSDlTxbeKOYvXk0qczPfb0962WfZumAbCbs1ITF0038XOLbqJ3+pYlaREI3GQRzZL/z6UmeiwXCV8G/I4IxvtehCXjda28JHZzjS2v26PcShjCkRkQkiqt0CvyfctFT0INnmwVPff9nibK+i1A3yFdv778K/CIQcMIJhvZi0jRSutI34VBbefN0YQc1u1tnSbr3pIdxBN2ZsIQE+p5qIVGr7RuS+kRkTwtrbQH7G7F4yh/rYMsvuTe0GJyl5Z7qJy19I1mmGesyk/eaIXAZolOHUucPF/6npQUVsHWRIaJYbuOJR6IfLjP+bsdjhvYhOxdro9TI7JMYl10G42dRZ6JuariJ+kY0i7wtGyPfG48Xp0S8wHe2auQEHyOu3HPu6U+50LTeO7GCuNOqFZHJBNbwlicNE6cVVAmRAZEBQXGbtlQcjNOMKi8TxLxD4AsYHxKDOiuGpchDsDaHy6KBX37XhKTNU7fLhvksuLH0w98xMAD9LDGE9YUvU8JbHOBjm2Z0WXAO1A3Fo6FnBfjy1qw0QZzy2Y9VhHR/SyVGu+CdMNMQGLkrv8kenq7x2+huHlYwyauLqrMucBEotnUJ+cnhnsZjGUCtGFD99pbIgrJuXoxy7XB4KeaKtABKqmjCgyFw5eiCS6s6Jh9o2XHg9LfMm1WJq9kDgycI0sguumnpiIVOkvIcgujKBY1kjPd4+ZusYPojSGg3kJ1RMI6ygcLVtDnIMwcOhmn28+yzVsQT3XD3ediV+VVplG/eW1f2LpYhJOCoDziPKEDa3ankarBCQzjlFTIh3e/Unc3CE5APEez4OZMlQIFwwYSHVK3TNsXfcBCIeQZrBaGanrNccGX80H+ApNeTfZkbtiGMI4N5s8PY+xp+EEyYdz+vblWx29YW8r6zC+xOSJZnZWO48QPo2zt72o4u6Mt81nlgZE+U44/W7/6TaWyhBFrrsOAX/wQm2wf9yCI5v9sXjyV3sSSkledv121gD+hFFOHwJoFdjzS80MA2rUnSjgbgA4KAei6j9DK8OZT3Y0O+nSRZKiyNs98iAtLrWVgKn0Y1F7hIDJVL70jZJmCIU38pxjNrOfTtG+AwhtisqIt37TZ2J2e1nOGLEQSRgpDijAixmhFodB9+GwsuYajYwC+Lh91DRtnzlIFikzvpGwFLBGwcgo5pMa3StjTKYiUA8uZR/KqN+9zqBgW7v8iUypnEBDpQSiWG1IEh/yHq8EoKkQdMAbYWJFsBC2Hzj2iY+Gf8+5aRSywEZUuCmjxH4dbEwUjUaEYXRKat0uIqdjvtrBmCLRlm9ozI6XeoT1beJx6uv6yIFWTRb9B8uuAj9FtFsd/PxWxPRZggTuGb1H/RnyQKglvy0rFqfE1hGSKWpx1raUSCxhNbXhTrYrQagb89PPcBwSZhPgHH9ATurd8jp0+eAMUqkgLD+uS0ZES+pXX7Soi2I5sDjkVA/y0TjToCk7Pvc/eCGqo3TzDCsezegXgbcfQj2x04VsC53YFyD6smsnHrUCBgQaGwOsmcioYV87mYs6L3T4l15pMxkoZhUwUHRBDY2XxXIVRDzbx0fYGg16wP9M=



==== 12/05/2026 07:35:49 - OSTATTUS-RESPONSE-TOKEN ======

eyJhbGciOiJIUzUxMiJ9.eyJzdWIiOiJJREFNMjQwMTIwMjQxMTEyMjg2MSIsImFnZW5jeV9jb2RlIjpudWxsLCJjcmVhdGVkIjoxNzc4NTUwNjE2ODY2LCJhY2Nlc3NfY29kZSI6ImV5SmhiR2NpT2lKU1V6STFOaUlzSW5SNWNDSTZJa3BYVkNKOS5leUp6ZFdJaU9pSkpSRUZOTWpRd01USXdNalF4TVRFeU1qZzJNU0lzSW1adVlXMWxJam9pVTFWQ1NFRlRJRk5CUzFKRlVGQkJJRk5CVGtkQlZFa2lMQ0oxYzJWeWMzUmhkSFZ6SWpvaU1TSXNJbVZ1ZEdsMGVXeHBjM1FpT2xzaVRFbERYME5WVTFSUFRVVlNYMUJQVWxSQlRDSmRMQ0p5YjJ4bGN5STZXeUpFVHlKZExDSnBjM01pT2lKQlVsZ2lMQ0p0YjJKcGJHVWlPaUk1T1RBeE5qSXpNRGsySWl3aVlYVmtJam9pWkdWbVlYVnNkQ0lzSW14dVlXMWxJam9pVTFWQ1NFRlRJRk5CUzFKRlVGQkJJRk5CVGtkQlZFa2lMQ0oxYzJWeVZIbHdaU0k2SWpFaUxDSmxlSEFpT2pFM056ZzFOemt6TkRZc0ltbGhkQ0k2TVRjM09EVTFNRFUwTml3aWFuUnBJam9pT1RKbFpHSmpNekF0WW1GaU9DMDBZbUU0TFRreVpEVXRPV0l6TVRZeE5ESXhOR1kySWl3aVpXNTBhWFI1SWpvaVRFbERYME5WVTFSUFRVVlNYMUJQVWxSQlRDSXNJbVZ0WVdsc0lqb2ljM056WVc1bllYUnBNakkxUUd4cFkybHVaR2xoTG1OdmJTSjkuR1oycnhnaE05MlhiQ3BHbVB3NFRDTWp4cXNCMFdjQkhYOVRxRnlDaUdXWVlwQ2V3c2JHWjFZQXEyaXhmLW8tZi1ybzk1VDJ0SkRMc0tsbFk1a3R0ellBUmlNcEdUV2MzSTgtTU9QejBfeG5WYlBxUjdVbnpTaXRMRm5LVEVRYmVfRG05cXI4eGxxaldkNk9YSmZsbUR3aEt3azctdG1qSUpfTUozdldFUkotREJlOUI4S3FwTktmM1RxWGVHSkh1ZVctWWlTN0ZOVmFtMHpyNDM1UmlObG1WdVIzSUh1VzRMZ2czZmZTVXJjSF9EV3pDLTJrXzFFanFUUFA3dGZ0djdnVTc0UGpDcS13Z014VldBb1ZmYWZqN0dVbnRtN3Z0LVNsQWJFNHBBT3F0dHlTazI0R2U1akh6cHNIYlpVZGpYbjNBaE1xMExjb1FLVlZ1a2V0NDdRIiwicm9sZXMiOlsiRE8iXSwiY2xpZW50SXAiOm51bGwsImVudGl0bGVtZW50IjpbXX0.6LLginw2EnoqMQft2oKSYT56zpy5HWV9qCnUbcRgLj6Y4zTFW42zsujtSAf3J7ICr1BTmXNMWZMny9VM1q_20A



==== 12/05/2026 07:35:49 - POST-URL ======

https://ebizapp01.licindia.in/BFFService/policy/policyInfo?_dc=1778551549197



==== 12/05/2026 07:35:50 - POST-URL ======

{"confirmationId":null,"status":"200","resultInfoList":null,"count":0,"policy":{"policyNumber":"325235270","relationType":"Self","planName":"LIC's New Jeevan Labh Plan","mode":"1","noOfDues":1,"premium":"791.00","commenceDate":"2023-11-07","nameOfAssured":"Madhuvandhy Murali","agencyCode":"0090976F ","developmentOfficerCode":"87070","plan":"936","policyTerm":"25","firstUnpaidPremiumDate":"2026-06-07","cdCharge":"0","serviceBranch":"76F ","sumAssured":"200000","policyStatus":"21","dob":"1998-07-26","ageAtEntry":25,"planDetails":{"plan":936,"planType":null,"planDesc":null,"premiumDueDuration":6,"premiumDueDurationType":"M","payPremiumAdvance":30,"payPremiumAdvanceType":"D","gracePeriod":15,"gracePeriodType":"D","serviceTaxRateFirstYr":4.5,"serviceTaxRateNextYrs":2.25,"serviceTaxRateEduCess":0.0,"topUpAllowed":null,"multiplyTopupAmt":null,"topupLimitCriteria":null,"topupNoPayBefMaturity":null,"planCategory":"NORM","freeCoverCond":null,"freeCoverFUP":null,"campaignStartDate":"2026-01-01","campaignEndDate":"2026-03-02","percentageofwaiver":30.0,"maxLimitofwaiver":3000.0,"waiversAllowedNum":1,"lateFeeWaiverInd":"Y","discountPercentFirstYr":null,"discountPercentSecondYr":null,"discountPercentThirdYr":null,"discountPercentSubYr":null,"discountFromDate":null,"discountToDate":null,"maxLimitWaiverFstYr":null,"maxLimitWaiverScndYr":null,"maxLimitWaiverThirdYr":null,"maxLimitWaiverSubYr":null,"discountParameter":null,"graceprdExtFlag":null,"graceprdExtFrmDate":null,"graceprdExtToDate":null,"graceprdPrcntWaiver":null,"maxWaiverLimitgraceprd":null,"gstCdCharge":0.0,"gstLateFeeRateFirstYr":18.0,"gstLateFeeRateNextYrs":18.0,"dateOfLaunch":"01/02/2020","beforeLaunch":"N","centralGSTPercentage":50,"discountPeriod":null,"discountPeriodType":null},"eligible":false,"lateFeeRequired":false,"recordId":"O","premiumPayingTerm":16,"policyBenefits":"200000","dueAmount":"791.00","taxExemption":false,"age":"28","eserviceEligible":false,"policyUlip":false,"dateOfLastPayment":"2039-10-07","dateOfMaturity":"2048-11-07","statusShortDesc":"In Force","nav":"For NAV details please contact your Servicing Branch / Customer Zone","altChannelId":"02","riderPolicy":false,"minorChild":false,"accountingBookCode":1,"payedPolicy":false,"advancePayedPolicy":false,"lastAccountDate":"2026-05-07","noBonusYears":0,"bonusInfo":{"totalRevBonus":0,"totalInterimBonus":0,"totalFAB":0,"totalGuaranty":0,"totalLoyalty":0,"totalOneTimeBonus":0.00,"messageCode":null,"calulationSheetHTML":"<table width=100% ><tr class=grey-bg><td>Please Check Data As After Conversion Bonus Year Cannot Be Zero</td></tr></table>","calulationSheetText":"Please Check Data As After Conversion Bonus Year Cannot Be Zero  "},"isSpotRevivalAllowed":false,"discountApplicable":false,"advancePaymetEligible":false,"maturitySumAssured":0,"gstInNumber":"null","lastTransactionDate":"2025-12-02T04:56:19.000+00:00","transactionNumber":"31316846","transactionAllowed":true,"dateOfShowMaturity":"2048-11-07","panFlag":true,"neftFlag":false,"itPan":"DE******2N","neftStatus":"N","titleCode":"1","premiumGapFlag":false,"dghPolicyFlag":false,"policyExitStatus":false,"serviceRequestFlag":false,"nriGstFlag":false,"fyEndDate":"2027-03-31"},"person":{"policyNo":325235270,"birthDate":"1998-07-26","fullName":"Madhuvandhy Murali","sex":"F","shortName":"Madhuvandhy","age":"25","profileMobileNo":null,"profileEmail":null,"profileUnMaskMobileNo":null,"profileUnMaskEmail":null},"address":{"policyNo":325235270,"address1":"3/914 Rasipuram Koneripatti Extension -","address2":"1 Rasipuram Namakkal Tamil Nadu","address3":"null","addressId":1,"pin":637408},"branch":{"branchCode":"76F ","address1":"LIC OF INDIA - 76F","address2":"NAMAKKAL ROAD","address3":"RASIPURAM","branchIp":"10.128.42.194","branchName":"LIC of India, Rasipuram Br Office","city":null,"dcCode":"X070","divCode":70,"eaiIndication":"Y","emailId":"BO_76F@LICINDIA.COM","man":null,"odsIndication":"N","pin":null,"state":"null"},"agent":{"agencyCode":"0090976F ","address1":"D/O.K.Jayaraman,Jai Ganesh Lorry","address2":"Service,T.P.Kadu,Moolapallipatty.Po","address3":"Rasipuram.Tk & Namakkal .Dt.","agentName":"J.Renukadevi","birthDate":"1976-03-10","category":2,"city":null,"disabilityCode":1,"enteredDate":"2026-05-12T01:13:13.000+00:00","itaxPanNo":"ANZPR4228B","occupationCode":12,"pin":637406,"qualificationCode":3,"sex":"F"},"nominees":[{"policyNo":325235270,"nomineeAge":49,"nomineeDob":null,"nomineeId":1,"nomineeName":"N MURALI","nomineeRegistrationDate":null,"nomineeRelation":"F","nomineeShare":100,"nomineeStatus":"B"}],"billingInfo":{"policyNumber":"325235270","nameOfAssured":"Madhuvandhy Murali","planName":"LIC's New Jeevan Labh Plan","plan":936,"mode":"1","premium":791,"sumAssured":200000,"status":null,"firstUnpaidPremiumDate":"2026-06-07","nextFup":null,"dueAmount":"791.00","payedPolicy":false,"noOfDues":1,"eligible":false,"spotRevival":false},"policyContact":{"policyNo":325235270,"dataSource":"B","emailAddress":"madhuvandhy.murali@gmail.com            ","enteredDate":"2026-05-09T20:00:07.262+00:00","mobileNo":"917010786064","countryCode":null,"telephoneNo":"null","panNo":null},"policyExtra":{"accumTerm":0},"policyAnnuity":null,"userRegistered":"Y","assignmentDetails":[],"ulipExtra":{"giveCashAmount":0},"bonusErrorMessage":null,"qpayPolicy":{"policyNumber":"325235270","dob":"26/07/1998","emailId":"madhuvandhy.murali@gmail.com","mobileNo":"7010786064","premium":"791","key":"704447"}}



==== 12/05/2026 07:36:03 - OSTATTUS-RESPONSE-TOKEN ======

RuyYDZqUFcNoFwfYoXihjaatVrZ01ql/UqOcsQi9lknoLOT0QopyrXxFuRi1A9Qjv1JVdyj8JDZ73Lp/PrEYsZUfZLEGWPBwyQQWSsJhBM3S4LeXepgEJ4rObSAA62R/aB77xsiVkvX3tH+ELFy1BdTyxcEQhQfP8dpD5hNO7aRsUsPHg21HwiaE2Rf6w1LzdQPWr2ZYQShgjG33PXJ8jUABZj6yGpSMJkllvsL3SrFxgqwibEVAu6+mS/ciqLCOBzCkWtbmO4ixsct3n98dCUFM4Y/OlWJEBT4xPizIH9oPgXEFy2ZW7u8kxVBqwKyIc3z7z96IQWjJSJQ2mg4j+4KxiKROm58m5ICzXPNIoTCP2Mg4uyiFKR6Fy3ouIzds7sR1S6wYNRv5elc2BYyDx87WymTa0jNGqhnj5QJY6/q7wpGpN6VJOJEOK5u9GjsVdUCUUukV+rKRByhPzTWZWrA2lx08TdzuH7H8GJh51M8cWMMbYqpmz/EvAYz4X0cysgO5j2B35WRU+cx1C+Qw/wJSpkzyeuTAxVEOdgr49A2ErwQX+Fwtgwqndj3l5queikupCvjcYLSJki0sVZXLnnLPD3w+Usj8EfsQmwnIoT7rGCzfhaGAww6FEvSwwmzSVFxlwBqMAJb3r3yqKh4q/pdLb93xNARk4LMOU/ZcKNW0e70nf8NkdtJnnUgxzjLXSPmsoVw+9DgXIew551Q55MTBjtDQIoAiOi1oczg6BQquoveORzpBKDg3juF8NxrEYXV1JxO1dojqp0R9IW92EgtrVvl4Ncb4F0k4bRmWwrtoETJuDEvkROrkGH98EO+5C0eDyO0csQ565hOyrfY6NxTzeXvryienv7+Q6fxev47jvuKvIKaaTQylKkHBloQh4MBergTzwVHlsS5oqMDCOdDh4bfgVHg9tigISADRESIKjuGfEByWGNEowdokE+L7hXINo9WuYxwM198RB5F3eX+wfcF2dVcEVJRN2M0sAuUgyyzA8CbLXu84+cZZ/WjtCP/shLCePiGo8HCXTGGKpfBQNe/HxSFcRrpMZtzs1dFr5wIs9HacWmYpz3NZyewEWmO+vW5zggs3EOM283c+h1nyFYI1I+tiSSk3Y7ugCYtr3irOOZKffI6rLn/2zLz8MrsIW2hCt938XodBy10D4XTLTE05+DUPI/O7A9J1hNVkzaZaGtxhEEuWD2lT/FJ6WCjEB2UCvLJRIfiXc42ME+RzUmXnvUbAMGX0c9VO+nV4PLp8W2q7JotjyCXNMQagZohFAcY670Dnn1+zijcTFlBkYwlL1PgtPSrUBc7BGLUHRsfBhXRfuEr8OtGkA2+/emZRbWiaUqE98hiRTUe9fuwx2N2luqS6/oggu2n4DKb+Uqj+8/z+IiR02nNUYTabdX+7PkhPau28WvNM9t4U/JbLCUHUG6DQGnrGP+Gsq4pJUEZdz1FWFde6y7X0l++MMXbzCHh0FWhCmxOJOl28gSAc+DUGWW2/02wNFToYZ48QnO0p1Ft9zVnvjOsDdsRY39Vpy/Ycxb10BqCXF1N+EWeifbpHCCfxdkvXG437/jR/R6dSlzwaOZCQYVWrennOd/e1YYdbGybHcAZLtyKAMjcp4B6cdJ2iqPwDOfq0BBcIrgH1baDj0XEfBaiilNHoI8IvOTYkmIeTnckpBdnyKpOvcdDp2I3e+p8VaTzXLCWCzetXVXKsYWTOZsckkaNKeu+O77EXhI9IqYY6USu+vLIZ4GL7tTeGHVihZxHjviKCdKUPqBSCRwj0ZiKBcJJHcBU+oIqBvUnORmB3P/AvKBNA9XgOVBCDyzEabQyIstz6Z6Tiz8kF213mu2MMzzHSLENaHIzs0U+zQqGD5kUENTWTD/AFQ2JviHQGv8PO1/SmQQzMZHT4/jv37sNKmzMWGrhEyEzJKy9vtcucN85pN7Z+eFU61FZ5IwjwLuKG993upvr6zpk9EYTE7/gnZ2zWoo/JvD7bQzJeZow=



==== 12/05/2026 07:36:03 - OSTATTUS-RESPONSE-TOKEN ======

eyJhbGciOiJIUzUxMiJ9.eyJzdWIiOiJJREFNMjQwMTIwMjQxMTEyMjg2MSIsImFnZW5jeV9jb2RlIjpudWxsLCJjcmVhdGVkIjoxNzc4NTUwNjE2ODY2LCJhY2Nlc3NfY29kZSI6ImV5SmhiR2NpT2lKU1V6STFOaUlzSW5SNWNDSTZJa3BYVkNKOS5leUp6ZFdJaU9pSkpSRUZOTWpRd01USXdNalF4TVRFeU1qZzJNU0lzSW1adVlXMWxJam9pVTFWQ1NFRlRJRk5CUzFKRlVGQkJJRk5CVGtkQlZFa2lMQ0oxYzJWeWMzUmhkSFZ6SWpvaU1TSXNJbVZ1ZEdsMGVXeHBjM1FpT2xzaVRFbERYME5WVTFSUFRVVlNYMUJQVWxSQlRDSmRMQ0p5YjJ4bGN5STZXeUpFVHlKZExDSnBjM01pT2lKQlVsZ2lMQ0p0YjJKcGJHVWlPaUk1T1RBeE5qSXpNRGsySWl3aVlYVmtJam9pWkdWbVlYVnNkQ0lzSW14dVlXMWxJam9pVTFWQ1NFRlRJRk5CUzFKRlVGQkJJRk5CVGtkQlZFa2lMQ0oxYzJWeVZIbHdaU0k2SWpFaUxDSmxlSEFpT2pFM056ZzFOemt6TkRZc0ltbGhkQ0k2TVRjM09EVTFNRFUwTml3aWFuUnBJam9pT1RKbFpHSmpNekF0WW1GaU9DMDBZbUU0TFRreVpEVXRPV0l6TVRZeE5ESXhOR1kySWl3aVpXNTBhWFI1SWpvaVRFbERYME5WVTFSUFRVVlNYMUJQVWxSQlRDSXNJbVZ0WVdsc0lqb2ljM056WVc1bllYUnBNakkxUUd4cFkybHVaR2xoTG1OdmJTSjkuR1oycnhnaE05MlhiQ3BHbVB3NFRDTWp4cXNCMFdjQkhYOVRxRnlDaUdXWVlwQ2V3c2JHWjFZQXEyaXhmLW8tZi1ybzk1VDJ0SkRMc0tsbFk1a3R0ellBUmlNcEdUV2MzSTgtTU9QejBfeG5WYlBxUjdVbnpTaXRMRm5LVEVRYmVfRG05cXI4eGxxaldkNk9YSmZsbUR3aEt3azctdG1qSUpfTUozdldFUkotREJlOUI4S3FwTktmM1RxWGVHSkh1ZVctWWlTN0ZOVmFtMHpyNDM1UmlObG1WdVIzSUh1VzRMZ2czZmZTVXJjSF9EV3pDLTJrXzFFanFUUFA3dGZ0djdnVTc0UGpDcS13Z014VldBb1ZmYWZqN0dVbnRtN3Z0LVNsQWJFNHBBT3F0dHlTazI0R2U1akh6cHNIYlpVZGpYbjNBaE1xMExjb1FLVlZ1a2V0NDdRIiwicm9sZXMiOlsiRE8iXSwiY2xpZW50SXAiOm51bGwsImVudGl0bGVtZW50IjpbXX0.6LLginw2EnoqMQft2oKSYT56zpy5HWV9qCnUbcRgLj6Y4zTFW42zsujtSAf3J7ICr1BTmXNMWZMny9VM1q_20A



==== 12/05/2026 07:36:03 - POST-URL ======

https://ebizapp01.licindia.in/BFFService/policy/policyInfo?_dc=1778551563195



==== 12/05/2026 07:36:04 - POST-URL ======

{"confirmationId":null,"status":"200","resultInfoList":null,"count":0,"policy":{"policyNumber":"329359338","planName":"LIC's New Jeevan Anand Plan","mode":"1","noOfDues":1,"premium":"1515.00","commenceDate":"2026-04-06","nameOfAssured":"Madhuvandhy Murali","agencyCode":"0090976F ","developmentOfficerCode":"87070","plan":"715","policyTerm":"21","firstUnpaidPremiumDate":"2026-06-06","cdCharge":"0","serviceBranch":"76F ","sumAssured":"300000","policyStatus":"21","dob":"1998-07-26","ageAtEntry":28,"planDetails":{"plan":715,"planType":null,"planDesc":null,"premiumDueDuration":6,"premiumDueDurationType":"M","payPremiumAdvance":30,"payPremiumAdvanceType":"D","gracePeriod":15,"gracePeriodType":"D","serviceTaxRateFirstYr":4.5,"serviceTaxRateNextYrs":2.25,"serviceTaxRateEduCess":0.0,"topUpAllowed":null,"multiplyTopupAmt":null,"topupLimitCriteria":null,"topupNoPayBefMaturity":null,"planCategory":"EN","freeCoverCond":null,"freeCoverFUP":null,"campaignStartDate":"2026-01-01","campaignEndDate":"2026-03-02","percentageofwaiver":30.0,"maxLimitofwaiver":3000.0,"waiversAllowedNum":1,"lateFeeWaiverInd":"Y","discountPercentFirstYr":null,"discountPercentSecondYr":null,"discountPercentThirdYr":null,"discountPercentSubYr":null,"discountFromDate":null,"discountToDate":null,"maxLimitWaiverFstYr":null,"maxLimitWaiverScndYr":null,"maxLimitWaiverThirdYr":null,"maxLimitWaiverSubYr":null,"discountParameter":null,"graceprdExtFlag":null,"graceprdExtFrmDate":null,"graceprdExtToDate":null,"graceprdPrcntWaiver":null,"maxWaiverLimitgraceprd":null,"gstCdCharge":0.0,"gstLateFeeRateFirstYr":18.0,"gstLateFeeRateNextYrs":18.0,"dateOfLaunch":"2/1/2020","beforeLaunch":"N","centralGSTPercentage":50,"discountPeriod":null,"discountPeriodType":null},"eligible":false,"lateFeeRequired":false,"recordId":"O","premiumPayingTerm":21,"policyBenefits":"300000","dueAmount":"1515.00","taxExemption":false,"age":"28","eserviceEligible":false,"policyUlip":false,"dateOfLastPayment":"2047-03-06","dateOfMaturity":"2047-04-06","statusShortDesc":"In Force","nav":"For NAV details please contact your Servicing Branch / Customer Zone","altChannelId":"02","riderPolicy":false,"minorChild":false,"accountingBookCode":1,"payedPolicy":false,"advancePayedPolicy":false,"lastAccountDate":"2026-05-07","noBonusYears":0,"bonusInfo":{"totalRevBonus":0,"totalInterimBonus":0,"totalFAB":0,"totalGuaranty":0,"totalLoyalty":0,"totalOneTimeBonus":0.00,"messageCode":null,"calulationSheetHTML":"<table width=100% ><tr class=grey-bg><td>Please Check Data As After Conversion Bonus Year Cannot Be Zero</td></tr></table>","calulationSheetText":"Please Check Data As After Conversion Bonus Year Cannot Be Zero  "},"isSpotRevivalAllowed":false,"discountApplicable":false,"advancePaymetEligible":false,"maturitySumAssured":300000,"gstInNumber":"null","transactionAllowed":true,"dateOfShowMaturity":"2047-04-06","panFlag":true,"neftFlag":false,"itPan":"DE******2N","neftStatus":"N","titleCode":"1","premiumGapFlag":false,"dghPolicyFlag":false,"policyExitStatus":false,"serviceRequestFlag":false,"nriGstFlag":false,"fyEndDate":"2027-03-31"},"person":{"policyNo":329359338,"birthDate":"1998-07-26","fullName":"Madhuvandhy Murali","sex":"F","shortName":"Madhuvandhy Murali","age":"28","profileMobileNo":null,"profileEmail":null,"profileUnMaskMobileNo":null,"profileUnMaskEmail":null},"address":{"policyNo":329359338,"address1":"3/914, Koneripatti Extension -1,","address2":"Rasipuram, Rasipuram, Namakkal,","address3":"Tamil Nadu, India","addressId":1,"pin":637408},"branch":{"branchCode":"76F ","address1":"LIC OF INDIA - 76F","address2":"NAMAKKAL ROAD","address3":"RASIPURAM","branchIp":"10.128.42.194","branchName":"LIC of India, Rasipuram Br Office","city":null,"dcCode":"X070","divCode":70,"eaiIndication":"Y","emailId":"BO_76F@LICINDIA.COM","man":null,"odsIndication":"N","pin":null,"state":"null"},"agent":{"agencyCode":"0090976F ","address1":"D/O.K.Jayaraman,Jai Ganesh Lorry","address2":"Service,T.P.Kadu,Moolapallipatty.Po","address3":"Rasipuram.Tk & Namakkal .Dt.","agentName":"J.Renukadevi","birthDate":"1976-03-10","category":2,"city":null,"disabilityCode":1,"enteredDate":"2026-05-12T01:13:13.000+00:00","itaxPanNo":"ANZPR4228B","occupationCode":12,"pin":637406,"qualificationCode":3,"sex":"F"},"nominees":[{"policyNo":329359338,"nomineeAge":50,"nomineeDob":null,"nomineeId":1,"nomineeName":"J RENUKADEVI","nomineeRegistrationDate":null,"nomineeRelation":"M","nomineeShare":100,"nomineeStatus":"B"}],"billingInfo":{"policyNumber":"329359338","nameOfAssured":"Madhuvandhy Murali","planName":"LIC's New Jeevan Anand Plan","plan":715,"mode":"1","premium":1515,"sumAssured":300000,"status":null,"firstUnpaidPremiumDate":"2026-06-06","nextFup":null,"dueAmount":"1515.00","payedPolicy":false,"noOfDues":1,"eligible":false,"spotRevival":false},"policyContact":{"policyNo":329359338,"dataSource":"B","emailAddress":"madhuvandhy.murali@gmail.com            ","enteredDate":"2026-05-09T20:00:07.262+00:00","mobileNo":"917010786064","countryCode":null,"telephoneNo":"null","panNo":null},"policyExtra":{"accumTerm":0},"policyAnnuity":null,"userRegistered":"N","assignmentDetails":[],"ulipExtra":{"giveCashAmount":0},"bonusErrorMessage":null,"qpayPolicy":{"policyNumber":"329359338","dob":"26/07/1998","emailId":"madhuvandhy.murali@gmail.com","mobileNo":"7010786064","premium":"1515","key":"270399"}}



==== 12/05/2026 07:36:21 - OSTATTUS-RESPONSE-TOKEN ======

+JKihb0Sq5FPdvlJO/eHGN+7s0WV0fD73zo+ikLoIVIWMxr8WvBElgFE+xwxA2DQRGMxkasXNJ1Jz7vvrSjHyixhne+Gr9dlW4VPkNWx7BRBQ2Ch0qcpPq6OQndkBryf1EoyjvZojInTI0qfPoRM/MaPBXRoOnE5IxEO2ZdtpVxvCVvoKN5QLzNdlG6nXkt8LAA/G94YmQ7u3QC24L7eyFcDAML4Cy3wKYr+li3nFPuOSLVUjJMLeahsC2PAbd3yq8x2OtVv646xOqz68uMsvRaaAyDI4Cmq0c08xFLa7x8wisPK8QImIXbreh8WmI7I1SGFSMrkV3qEuOfHDJOZ7r8H4fGu9//Nebzr5aPN92Jwt2w4010Gp/nQIKZRxDVBizjoyBERBZXoUp87U3HKq2szWAge/jhaFJ9ONMrxPDjbSCRxW10qFhi8NZ9iTP2yDfR54VSe2eaBoWgapM+jFF/y5nq8Bg/huI1KexwaoTdQ8PwgP6vGdpcFYvNLICo8+IeOivCxS76GIyikz0wXCxB1UfK6XkwkLiG/p8OGwTKZIaDiUkqdSGpGSoKu6k9PtXW07cQeH37itOZU54Ue0GAXjdTRLheEc+aP/JhK7/hMl1970jjR5MUKmtl65usLFZzFQLkqQSd5C9YeuDYC/EVjMSUVUbAErFX0GMQxSwPryZBhcD/pj6AzMUnUf+Uqpg+iCITsS1um+gxZq5UkJ7DRrP/CGvg4pLsscCJZY0Fhpi+QfMbeIfWJ7cZbKdHevtQwmm4MEsp6xHaqmPY2Tev6XM3PYlBmgmUbFxdX7pghQK4Cv+nKtugdVB5/nERbBR90+zG17Zg8Qg7L25Asmc8zLKvTfpfckf/5coPkvzk8AstEpxciXGUsJ4bP47CwZk0CiJeGDSrlrbnKaux5zq1PEdVqCQBXYAX4nLGb/nDfnrd5YI9RAzBZd8UTeJQDdVXn4QGeitzAD0ygxFtlQkcTNBFsrn2vb/5Uhq03JZanpXxliVF6nlLiLR56Ix2E/SJh8DpR8didl2zmtCUxREv+RtKyMovMOEZh9pIswJpgbJC2pQ4ZnaNuYzj+nvsDz951IMfsnvmm3DoAFk7r6Hj7J9zUE+NvLrnyghmIVBlcvxvXpfRu3eftQskIVh7i0/sKTDUZRTyiDz6/y1MTwrNSte7gwrQAxWUPsTWN6f4opodn+/UtGcwXApq+W1uQPBJbP+6hvBBb2yBOLt9aj6HCkvWCR5los+sfw/WjopOKXh7Ud0nyWoaGeuiCbfu+/u7gPr233c0OIUzLnUTAXSaMrOXGmWs8h7Potexd4NQXwJwom2BAHhaOhjDmc8aYsAEp4nnaXMN/wQ4QcYTlkVQc5IU8sBHDE4/s/qSMAAtuWG/+0t9JERWE2QA8FRWVMNGPsiHZyE0vnEBt9mvSD5HekQcELlfio55KEYFjE36LCbkwMHXgFC7NC4S9Tc1CUhG89hNIgTV3nwaOkLSV4Mnj7ojeqYjjIPPHXiixT5+9fjLrO9+vUTAwwOVD4Q8Cbqf0035iq8GCgwEptUTWGxum8Xbsdy2EG/Hm5mw6Ap0mSqvi8nn5Yt0TIGDTeqFUT2kJg0V5IGIaQOWm2+sT+AuQJVE8BNqaXTzKTbAf1dqf9urbqbz7V3t5wA0eBkDWq3h5J2LmF/5RL8CYvsDzblCbv2F9HKHNeJ8+kOsli/a1uuLb5Vc3h8PgC4TsiP1zmoqzbKMcg9GHlZZnFsnv9NKpEbEFDP9CyTTD24I2rrzplTAG9nsLCinDKa27Qn6qzL+uoB5sUUXDP1k84qTVdT9oMmpo0l6KK56r64emShLAQhQiiWv8NJcLyK+WU1eMyZAxyvUR6DpB51kU4IGmGKfKgZzuwu+BkkAAWBgpFFbLQNNal/X5uilnd5yRijlMjbIUFAc2ybO1c/rcGY5r+MhnoRH9eM/xlHjo490eU1VHVJzACxw+mppO1dkJ+tdZCoW+6aIHdwJlggk=



==== 12/05/2026 07:36:21 - OSTATTUS-RESPONSE-TOKEN ======

eyJhbGciOiJIUzUxMiJ9.eyJzdWIiOiJJREFNMjQwMTIwMjQxMTEyMjg2MSIsImFnZW5jeV9jb2RlIjpudWxsLCJjcmVhdGVkIjoxNzc4NTUwNjE2ODY2LCJhY2Nlc3NfY29kZSI6ImV5SmhiR2NpT2lKU1V6STFOaUlzSW5SNWNDSTZJa3BYVkNKOS5leUp6ZFdJaU9pSkpSRUZOTWpRd01USXdNalF4TVRFeU1qZzJNU0lzSW1adVlXMWxJam9pVTFWQ1NFRlRJRk5CUzFKRlVGQkJJRk5CVGtkQlZFa2lMQ0oxYzJWeWMzUmhkSFZ6SWpvaU1TSXNJbVZ1ZEdsMGVXeHBjM1FpT2xzaVRFbERYME5WVTFSUFRVVlNYMUJQVWxSQlRDSmRMQ0p5YjJ4bGN5STZXeUpFVHlKZExDSnBjM01pT2lKQlVsZ2lMQ0p0YjJKcGJHVWlPaUk1T1RBeE5qSXpNRGsySWl3aVlYVmtJam9pWkdWbVlYVnNkQ0lzSW14dVlXMWxJam9pVTFWQ1NFRlRJRk5CUzFKRlVGQkJJRk5CVGtkQlZFa2lMQ0oxYzJWeVZIbHdaU0k2SWpFaUxDSmxlSEFpT2pFM056ZzFOemt6TkRZc0ltbGhkQ0k2TVRjM09EVTFNRFUwTml3aWFuUnBJam9pT1RKbFpHSmpNekF0WW1GaU9DMDBZbUU0TFRreVpEVXRPV0l6TVRZeE5ESXhOR1kySWl3aVpXNTBhWFI1SWpvaVRFbERYME5WVTFSUFRVVlNYMUJQVWxSQlRDSXNJbVZ0WVdsc0lqb2ljM056WVc1bllYUnBNakkxUUd4cFkybHVaR2xoTG1OdmJTSjkuR1oycnhnaE05MlhiQ3BHbVB3NFRDTWp4cXNCMFdjQkhYOVRxRnlDaUdXWVlwQ2V3c2JHWjFZQXEyaXhmLW8tZi1ybzk1VDJ0SkRMc0tsbFk1a3R0ellBUmlNcEdUV2MzSTgtTU9QejBfeG5WYlBxUjdVbnpTaXRMRm5LVEVRYmVfRG05cXI4eGxxaldkNk9YSmZsbUR3aEt3azctdG1qSUpfTUozdldFUkotREJlOUI4S3FwTktmM1RxWGVHSkh1ZVctWWlTN0ZOVmFtMHpyNDM1UmlObG1WdVIzSUh1VzRMZ2czZmZTVXJjSF9EV3pDLTJrXzFFanFUUFA3dGZ0djdnVTc0UGpDcS13Z014VldBb1ZmYWZqN0dVbnRtN3Z0LVNsQWJFNHBBT3F0dHlTazI0R2U1akh6cHNIYlpVZGpYbjNBaE1xMExjb1FLVlZ1a2V0NDdRIiwicm9sZXMiOlsiRE8iXSwiY2xpZW50SXAiOm51bGwsImVudGl0bGVtZW50IjpbXX0.6LLginw2EnoqMQft2oKSYT56zpy5HWV9qCnUbcRgLj6Y4zTFW42zsujtSAf3J7ICr1BTmXNMWZMny9VM1q_20A



==== 12/05/2026 07:36:21 - POST-URL ======

https://ebizapp01.licindia.in/BFFService/policy/policyInfo?_dc=1778551581244



==== 12/05/2026 07:36:24 - POST-URL ======

{"confirmationId":null,"status":"200","resultInfoList":null,"count":0,"policy":{"policyNumber":"704706093","relationType":"Spouse","planName":"Jeevan Saral","mode":"6","premium":"9704.00","commenceDate":"2011-04-28","nameOfAssured":"N . Suganya","agencyCode":"0090976F ","developmentOfficerCode":"312076","plan":"165","policyTerm":"15","cdCharge":"0","serviceBranch":"76F ","sumAssured":"400000","policyStatus":"83","dob":"1970-05-01","ageAtEntry":41,"planDetails":{"plan":165,"planType":null,"planDesc":null,"premiumDueDuration":6,"premiumDueDurationType":"M","payPremiumAdvance":30,"payPremiumAdvanceType":"D","gracePeriod":1,"gracePeriodType":"M","serviceTaxRateFirstYr":4.5,"serviceTaxRateNextYrs":2.25,"serviceTaxRateEduCess":null,"topUpAllowed":null,"multiplyTopupAmt":null,"topupLimitCriteria":null,"topupNoPayBefMaturity":null,"planCategory":"FCEN","freeCoverCond":3,"freeCoverFUP":1,"campaignStartDate":null,"campaignEndDate":null,"percentageofwaiver":null,"maxLimitofwaiver":null,"waiversAllowedNum":null,"lateFeeWaiverInd":null,"discountPercentFirstYr":null,"discountPercentSecondYr":null,"discountPercentThirdYr":null,"discountPercentSubYr":null,"discountFromDate":null,"discountToDate":null,"maxLimitWaiverFstYr":null,"maxLimitWaiverScndYr":null,"maxLimitWaiverThirdYr":null,"maxLimitWaiverSubYr":null,"discountParameter":null,"graceprdExtFlag":null,"graceprdExtFrmDate":null,"graceprdExtToDate":null,"graceprdPrcntWaiver":null,"maxWaiverLimitgraceprd":null,"gstCdCharge":0.0,"gstLateFeeRateFirstYr":18.0,"gstLateFeeRateNextYrs":18.0,"dateOfLaunch":"16/02/2004","beforeLaunch":"Y","centralGSTPercentage":50,"discountPeriod":null,"discountPeriodType":null},"eligible":false,"lateFeeRequired":false,"recordId":"O","premiumPayingTerm":15,"policyBenefits":"400000","taxExemption":false,"age":"56","eserviceEligible":false,"policyUlip":false,"dateOfLastPayment":"2025-10-28","dateOfMaturity":"2026-04-28","statusShortDesc":"Matured","nav":"For NAV details please contact your Servicing Branch / Customer Zone","altChannelId":"0 ","riderPolicy":false,"minorChild":false,"accountingBookCode":1,"payedPolicy":false,"advancePayedPolicy":false,"lastAccountDate":"2025-10-24","noBonusYears":99,"isSpotRevivalAllowed":false,"discountApplicable":false,"advancePaymetEligible":false,"maturitySumAssured":281264,"gstInNumber":"null","lastTransactionDate":"2022-05-17T12:40:58.000+00:00","transactionNumber":"5406465","transactionAllowed":true,"dateOfShowMaturity":"2026-04-28","panFlag":true,"neftFlag":true,"itPan":"AV******1R","neftStatus":"Y","titleCode":"1","premiumGapFlag":false,"dghPolicyFlag":false,"policyExitStatus":true,"serviceRequestFlag":false,"nriGstFlag":false,"fyEndDate":"2027-03-31"},"person":{"policyNo":704706093,"birthDate":"1970-05-01","fullName":"N . Suganya","sex":"F","shortName":"Suganya N","age":"41","profileMobileNo":null,"profileEmail":null,"profileUnMaskMobileNo":null,"profileUnMaskEmail":null},"address":{"policyNo":704706093,"address1":"W/O.S.Nandakumar","address2":"44-A- Thiyagarajasamy Koil Street","address3":"Rasipuram-Po, Namakkal-Dt","addressId":1,"pin":637408},"branch":{"branchCode":"76F ","address1":"LIC OF INDIA - 76F","address2":"NAMAKKAL ROAD","address3":"RASIPURAM","branchIp":"10.128.42.194","branchName":"LIC of India, Rasipuram Br Office","city":null,"dcCode":"X070","divCode":70,"eaiIndication":"Y","emailId":"BO_76F@LICINDIA.COM","man":null,"odsIndication":"N","pin":null,"state":"null"},"agent":{"agencyCode":"0090976F ","address1":"D/O.K.Jayaraman,Jai Ganesh Lorry","address2":"Service,T.P.Kadu,Moolapallipatty.Po","address3":"Rasipuram.Tk & Namakkal .Dt.","agentName":"J.Renukadevi","birthDate":"1976-03-10","category":2,"city":null,"disabilityCode":1,"enteredDate":"2026-05-12T01:13:13.000+00:00","itaxPanNo":"ANZPR4228B","occupationCode":12,"pin":637406,"qualificationCode":3,"sex":"F"},"nominees":[{"policyNo":704706093,"nomineeAge":51,"nomineeDob":null,"nomineeId":1,"nomineeName":"S  NANDAKUMAR","nomineeRegistrationDate":null,"nomineeRelation":"H","nomineeShare":100,"nomineeStatus":"B"}],"billingInfo":{"policyNumber":"704706093","nameOfAssured":"N . Suganya","planName":"Jeevan Saral","plan":165,"mode":"6","premium":9704,"sumAssured":400000,"status":null,"firstUnpaidPremiumDate":null,"nextFup":null,"dueAmount":null,"payedPolicy":false,"noOfDues":null,"eligible":false,"spotRevival":false},"policyContact":{"policyNo":704706093,"dataSource":"B","emailAddress":"n_suganya@hotmail.com                   ","enteredDate":"2026-04-07T20:00:09.180+00:00","mobileNo":"919943191857","countryCode":null,"telephoneNo":"null","panNo":null},"policyExtra":{"accumTerm":0},"policyAnnuity":null,"userRegistered":"Y","assignmentDetails":[],"ulipExtra":{"giveCashAmount":null},"bonusErrorMessage":null,"qpayPolicy":{"policyNumber":"704706093","dob":"01/05/1970","emailId":"n_suganya@hotmail.com","mobileNo":"9943191857","premium":"9704","key":"309695"}}



==== 12/05/2026 07:36:40 - OSTATTUS-RESPONSE-TOKEN ======

zuswsakrSt/iOLqIH4XqXB8VPAwIiTVO9jGWexWqL58sKez1AYmvsg40Nl4vlFp3FRbv8kf2VFGckHZZiogwsOjnku/rts6rqZB3QK85gBBHp6b+ZlizNV0w5qsAsUV7BFhUqtgOMxz5/o5jzqVUV1nB4xC/ylfZcwsYz964Yl3+aWbVaZd+1Mkc73CpjlCJ+zrxAU/CyV7uhgxQJKcG56yTBw3PYXCiaUi+7tXI/zlJRqO3vQ9erRtcPDSv4fC0FnJon+3MpSJIT8K5hmgrL9s3d/jHwYduau6ci8z6AkV7oJIMiDInuNwPCaP+vexQRXz5fK6O1R3IHWbyYjZt4hvcX4zvveRSWa+EHYsGLu+93gRiDwrbd45Dh+YQjOQwWzy/WroLv6SZ7wNed4o1RJXyaErq3SDiGSpjSD/EMtdvQQADP2wL6Ywl501Q0biyAMqAVVfFdRO0S8/ibLRIO9r6RL7EeSvSStvesbh6/LX1mcYORL2qvfObgoX7kMLrO3IubsVCP2OL9KsjmOjlpPu+GBo55+K+qtdi44zf5dXgO1dJOW/juTlFnYNVhbojHFfFfhqu5pp6BEclqdGm61yP64qSYACyxH8BlXg2GH9fQ/FXj/LqYJpdCIWWpzc9F0HAvDGd0q88J4LX6LWyGrdxWXJ9NHFCtIf/KfNt6QbN+llAUEl9Sqkh9maKYKEQSnNhVmE65ODn9UaSZWcNsSFwaPqeFUIbmfea2xr1wyGspg1ZluiZpp2MSu50JYjE8u0uiKGunTR8kMrODVjCCgOIatC1JV2g8MC2hJkGL+PwTWw5Td1HsrwzZRDRmfpAz2ydwJb64cmnHHuJ0geb/D2YYeBv1OiehnGq6OCsvq8HdicvosUJTdQBerXTnEtSQBhGlFrczqTvLd2caPSVcrw0sG0gsrrrC9y5VyA7+7G9FokP/T/aLce6k2bG8MOYhOPjZWtPaU6vee3ShADC1G6vHQp2PiwXjCc50psMe65TwjtiIloJ297Ju9YMY90+5uu7HwpSXAGeYnmGdp68D+3vkh5WBHw0+1eWjpkO3rXAo77V9rw501dc1Ruus/RaFzLgPrECla3nSEwgq/z8gqIgyq0CX3053eVoB/TDZv5bYVrTW0Y3/cavjsYDOzToHQcSsBX7G5hEuzFCvO0eSV4Vz1pB6ZHYtJllD1lXCVfsEO3o9q4sGcQTjhHds8fp0QT+tS/X7ca8UV/pleRgM5L4XVg8dLrgPIfiq/EAVED8HBciJteT+YH2jeMxD8MNkgL/niMEZVkXL/5EY28NvjvOfAkCRd/2W9UgtufFqZ0i+hBqTVzBGQg9jMR83V5Um2FDTxwkgG9x7eLSfV7kR9Ri/4DuHtXQUswPWvLxao+3ZfssfBwxrrEwBIHvgr6nigL5lAYAJs9iOhrNAi23FBtY9h/8jNazVmb8zHS/TAfb7j3jmR6dUa3l6/KUsVBehbBuMhlTfrdUSPgo1E4wGZ3rPtqNeRzd5frRL3xCVbcO3TwoxSJqEBidODAEoANu63lHnsjhkX8nqA362DRxEDyxXB7YQn/hBHebSCPyNlOTZTzE7irY4K2K6RmD7hVpTEAW23cSg4g1RsyolMCOMLtWiDMjPa754rieS9i8G4tSlQz6gVgm/jZkP61d8c0qPF+A83VkOOhR6f8M7M/yWGWV6UuDmAdID/+Lp/MaeVkJ4jSvOvIvXzXTc6N5f5RAZ6qytIM83PVyRqnPJ3KtNePAX7ldQOen4r03O9b4F8BRJYcyKpe2dy5W2bnQoZlvgcp2yo58Y6xEvQQJJ4mLIuy/WwfXGRbgyF+h8p7eWY31JBRnXn5elSFm79IEH/g+fcOdAjp2FERiKJ/PICags5/BHAKGeRQEuPfWlb1nqK5aBP8fV3zm2BaLl1dmoFslqKMGgfWhMN8dpeFq3o6S7uhI2HlaN2kxGHjwB2aUDziv7aD/2AltY4a7yLdsU/cqC+9L2ZXYEmHBtvw=



==== 12/05/2026 07:36:40 - OSTATTUS-RESPONSE-TOKEN ======

eyJhbGciOiJIUzUxMiJ9.eyJzdWIiOiJJREFNMjQwMTIwMjQxMTEyMjg2MSIsImFnZW5jeV9jb2RlIjpudWxsLCJjcmVhdGVkIjoxNzc4NTUwNjE2ODY2LCJhY2Nlc3NfY29kZSI6ImV5SmhiR2NpT2lKU1V6STFOaUlzSW5SNWNDSTZJa3BYVkNKOS5leUp6ZFdJaU9pSkpSRUZOTWpRd01USXdNalF4TVRFeU1qZzJNU0lzSW1adVlXMWxJam9pVTFWQ1NFRlRJRk5CUzFKRlVGQkJJRk5CVGtkQlZFa2lMQ0oxYzJWeWMzUmhkSFZ6SWpvaU1TSXNJbVZ1ZEdsMGVXeHBjM1FpT2xzaVRFbERYME5WVTFSUFRVVlNYMUJQVWxSQlRDSmRMQ0p5YjJ4bGN5STZXeUpFVHlKZExDSnBjM01pT2lKQlVsZ2lMQ0p0YjJKcGJHVWlPaUk1T1RBeE5qSXpNRGsySWl3aVlYVmtJam9pWkdWbVlYVnNkQ0lzSW14dVlXMWxJam9pVTFWQ1NFRlRJRk5CUzFKRlVGQkJJRk5CVGtkQlZFa2lMQ0oxYzJWeVZIbHdaU0k2SWpFaUxDSmxlSEFpT2pFM056ZzFOemt6TkRZc0ltbGhkQ0k2TVRjM09EVTFNRFUwTml3aWFuUnBJam9pT1RKbFpHSmpNekF0WW1GaU9DMDBZbUU0TFRreVpEVXRPV0l6TVRZeE5ESXhOR1kySWl3aVpXNTBhWFI1SWpvaVRFbERYME5WVTFSUFRVVlNYMUJQVWxSQlRDSXNJbVZ0WVdsc0lqb2ljM056WVc1bllYUnBNakkxUUd4cFkybHVaR2xoTG1OdmJTSjkuR1oycnhnaE05MlhiQ3BHbVB3NFRDTWp4cXNCMFdjQkhYOVRxRnlDaUdXWVlwQ2V3c2JHWjFZQXEyaXhmLW8tZi1ybzk1VDJ0SkRMc0tsbFk1a3R0ellBUmlNcEdUV2MzSTgtTU9QejBfeG5WYlBxUjdVbnpTaXRMRm5LVEVRYmVfRG05cXI4eGxxaldkNk9YSmZsbUR3aEt3azctdG1qSUpfTUozdldFUkotREJlOUI4S3FwTktmM1RxWGVHSkh1ZVctWWlTN0ZOVmFtMHpyNDM1UmlObG1WdVIzSUh1VzRMZ2czZmZTVXJjSF9EV3pDLTJrXzFFanFUUFA3dGZ0djdnVTc0UGpDcS13Z014VldBb1ZmYWZqN0dVbnRtN3Z0LVNsQWJFNHBBT3F0dHlTazI0R2U1akh6cHNIYlpVZGpYbjNBaE1xMExjb1FLVlZ1a2V0NDdRIiwicm9sZXMiOlsiRE8iXSwiY2xpZW50SXAiOm51bGwsImVudGl0bGVtZW50IjpbXX0.6LLginw2EnoqMQft2oKSYT56zpy5HWV9qCnUbcRgLj6Y4zTFW42zsujtSAf3J7ICr1BTmXNMWZMny9VM1q_20A



==== 12/05/2026 07:36:40 - POST-URL ======

https://ebizapp01.licindia.in/BFFService/policy/policyInfo?_dc=1778551600487



==== 12/05/2026 07:36:45 - POST-URL ======

{"confirmationId":null,"status":"200","resultInfoList":null,"count":0,"policy":{"policyNumber":"703330654","planName":"Marriage Endowment/Educational Annuity Plan","mode":"1","noOfDues":1,"premium":"1098.00","commenceDate":"2010-06-28","nameOfAssured":"P. Ranjitham","agencyCode":"0090976F ","developmentOfficerCode":"312076","plan":"90","policyTerm":"16","firstUnpaidPremiumDate":"2026-05-28","cdCharge":"0","serviceBranch":"76F ","sumAssured":"200000","policyStatus":"21","dob":"1967-07-16","ageAtEntry":43,"planDetails":{"plan":90,"planType":null,"planDesc":null,"premiumDueDuration":6,"premiumDueDurationType":"M","payPremiumAdvance":30,"payPremiumAdvanceType":"D","gracePeriod":15,"gracePeriodType":"D","serviceTaxRateFirstYr":4.5,"serviceTaxRateNextYrs":2.25,"serviceTaxRateEduCess":null,"topUpAllowed":null,"multiplyTopupAmt":null,"topupLimitCriteria":null,"topupNoPayBefMaturity":null,"planCategory":"EN","freeCoverCond":null,"freeCoverFUP":null,"campaignStartDate":"2026-01-01","campaignEndDate":"2026-03-02","percentageofwaiver":30.0,"maxLimitofwaiver":3000.0,"waiversAllowedNum":1,"lateFeeWaiverInd":"Y","discountPercentFirstYr":null,"discountPercentSecondYr":null,"discountPercentThirdYr":null,"discountPercentSubYr":null,"discountFromDate":null,"discountToDate":null,"maxLimitWaiverFstYr":null,"maxLimitWaiverScndYr":null,"maxLimitWaiverThirdYr":null,"maxLimitWaiverSubYr":null,"discountParameter":null,"graceprdExtFlag":null,"graceprdExtFrmDate":null,"graceprdExtToDate":null,"graceprdPrcntWaiver":null,"maxWaiverLimitgraceprd":null,"gstCdCharge":0.0,"gstLateFeeRateFirstYr":18.0,"gstLateFeeRateNextYrs":18.0,"dateOfLaunch":"07/01/1985","beforeLaunch":"Y","centralGSTPercentage":50,"discountPeriod":null,"discountPeriodType":null},"eligible":false,"lateFeeRequired":false,"recordId":"S","premiumPayingTerm":16,"policyBenefits":"200000","dueAmount":"1098.00","taxExemption":false,"age":"59","eserviceEligible":false,"policyUlip":false,"dateOfLastPayment":"2026-05-28","dateOfMaturity":"2026-06-28","statusShortDesc":"In Force","nav":"For NAV details please contact your Servicing Branch / Customer Zone","altChannelId":"0 ","riderPolicy":false,"minorChild":false,"accountingBookCode":8,"payedPolicy":false,"advancePayedPolicy":false,"lastAccountDate":"2026-05-08","noBonusYears":0,"bonusInfo":{"totalRevBonus":123200,"totalInterimBonus":6967,"totalFAB":0,"totalGuaranty":0,"totalLoyalty":0,"totalOneTimeBonus":0.00,"messageCode":null,"calulationSheetHTML":" <table border=1><tr class=grey-bg><td>From</td><td>Upto</td><td>Year</td><td>Type</td><td>Factor</td><td>Rate</td><td>Bonus </td></tr><tr class=grey-bg><td>2010-06-28</td><td>2011-06-28</td><td>2011</td><td>V</td><td>1.0</td><td>42.00</td><td>8400.00</td></tr><tr class=grey-bg><td>2011-06-28</td><td>2012-06-28</td><td>2012</td><td>V</td><td>1.0</td><td>42.00</td><td>8400.00</td></tr><tr class=grey-bg><td>2012-06-28</td><td>2013-06-28</td><td>2013</td><td>V</td><td>1.0</td><td>42.00</td><td>8400.00</td></tr><tr class=grey-bg><td>2013-06-28</td><td>2014-06-28</td><td>2014</td><td>V</td><td>1.0</td><td>42.00</td><td>8400.00</td></tr><tr class=grey-bg><td>2014-06-28</td><td>2015-06-28</td><td>2015</td><td>V</td><td>1.0</td><td>42.00</td><td>8400.00</td></tr><tr class=grey-bg><td>2015-06-28</td><td>2016-06-28</td><td>2016</td><td>V</td><td>1.0</td><td>52.00</td><td>8400.00</td></tr><tr class=grey-bg><td>2015-06-28</td><td>2016-06-28</td><td>2016</td><td>O</td><td>1.0</td><td>10.00</td><td>2000.00</td></tr><tr class=grey-bg><td>2016-06-28</td><td>2017-06-28</td><td>2017</td><td>V</td><td>1.0</td><td>42.00</td><td>8400.00</td></tr><tr class=grey-bg><td>2017-06-28</td><td>2018-06-28</td><td>2018</td><td>V</td><td>1.0</td><td>42.00</td><td>8400.00</td></tr><tr class=grey-bg><td>2018-06-28</td><td>2019-06-28</td><td>2019</td><td>V</td><td>1.0</td><td>42.00</td><td>8400.00</td></tr><tr class=grey-bg><td>2019-06-28</td><td>2020-06-28</td><td>2020</td><td>V</td><td>1.0</td><td>38.00</td><td>7600.00</td></tr><tr class=grey-bg><td>2020-06-28</td><td>2021-06-28</td><td>2021</td><td>V</td><td>1.0</td><td>38.00</td><td>7600.00</td></tr><tr class=grey-bg><td>2021-06-28</td><td>2022-06-28</td><td>2022</td><td>V</td><td>1.0</td><td>38.00</td><td>7600.00</td></tr><tr class=grey-bg><td>2022-06-28</td><td>2023-06-28</td><td>2023</td><td>V</td><td>1.0</td><td>38.00</td><td>7600.00</td></tr><tr class=grey-bg><td>2023-06-28</td><td>2024-06-28</td><td>2024</td><td>V</td><td>1.0</td><td>38.00</td><td>7600.00</td></tr><tr class=grey-bg><td>2024-06-28</td><td>2025-06-28</td><td>2025</td><td>V</td><td>1.0</td><td>38.00</td><td>7600.00</td></tr><tr class=grey-bg><td>2025-06-28</td><td>2026-05-28</td><td>2025</td><td>I</td><td>0.9166666666666666</td><td>38.00</td><td>6966.67</td></tr><tr class=grey-bg><td colspan=7>Total Rev Bonus : 123200.00   Total Interim Bonus : 6966.67</td></tr></table> ","calulationSheetText":" From        Upto        Year Type Factor  Rate     Bonus \r\n2010-06-28  2011-06-28  2011  V     1.0   42.00    8400.00\r\n2011-06-28  2012-06-28  2012  V     1.0   42.00    8400.00\r\n2012-06-28  2013-06-28  2013  V     1.0   42.00    8400.00\r\n2013-06-28  2014-06-28  2014  V     1.0   42.00    8400.00\r\n2014-06-28  2015-06-28  2015  V     1.0   42.00    8400.00\r\n2015-06-28  2016-06-28  2016  V     1.0   52.00    8400.00\r\n2015-06-28  2016-06-28  2016  O     1.0   10.00    2000.00\r\n2016-06-28  2017-06-28  2017  V     1.0   42.00    8400.00\r\n2017-06-28  2018-06-28  2018  V     1.0   42.00    8400.00\r\n2018-06-28  2019-06-28  2019  V     1.0   42.00    8400.00\r\n2019-06-28  2020-06-28  2020  V     1.0   38.00    7600.00\r\n2020-06-28  2021-06-28  2021  V     1.0   38.00    7600.00\r\n2021-06-28  2022-06-28  2022  V     1.0   38.00    7600.00\r\n2022-06-28  2023-06-28  2023  V     1.0   38.00    7600.00\r\n2023-06-28  2024-06-28  2024  V     1.0   38.00    7600.00\r\n2024-06-28  2025-06-28  2025  V     1.0   38.00    7600.00\r\n2025-06-28  2026-05-28  2025  I     0.9166666666666666   38.00    6966.67\r\n   Total Rev Bonus : 123200.00   Total Interim Bonus : 6966.67\r\n "},"isSpotRevivalAllowed":false,"discountApplicable":false,"advancePaymetEligible":false,"maturitySumAssured":0,"gstInNumber":"null","transactionAllowed":true,"dateOfShowMaturity":"2026-06-28","panFlag":false,"neftFlag":true,"itPan":"","neftStatus":"Y","titleCode":"1","premiumGapFlag":false,"dghPolicyFlag":false,"policyExitStatus":false,"serviceRequestFlag":false,"nriGstFlag":false,"fyEndDate":"2027-03-31"},"person":{"policyNo":703330654,"birthDate":"1967-07-16","fullName":"P. Ranjitham","sex":"F","shortName":"Ranjitham P","age":"43","profileMobileNo":null,"profileEmail":null,"profileUnMaskMobileNo":null,"profileUnMaskEmail":null},"address":{"policyNo":703330654,"address1":"W/O. Mr. Nagarajan, Vadakkukadu","address2":"Kullappanaickanpati Po","address3":"Namakkal Dt","addressId":1,"pin":637412},"branch":{"branchCode":"76F ","address1":"LIC OF INDIA - 76F","address2":"NAMAKKAL ROAD","address3":"RASIPURAM","branchIp":"10.128.42.194","branchName":"LIC of India, Rasipuram Br Office","city":null,"dcCode":"X070","divCode":70,"eaiIndication":"Y","emailId":"BO_76F@LICINDIA.COM","man":null,"odsIndication":"N","pin":null,"state":"null"},"agent":{"agencyCode":"0090976F ","address1":"D/O.K.Jayaraman,Jai Ganesh Lorry","address2":"Service,T.P.Kadu,Moolapallipatty.Po","address3":"Rasipuram.Tk & Namakkal .Dt.","agentName":"J.Renukadevi","birthDate":"1976-03-10","category":2,"city":null,"disabilityCode":1,"enteredDate":"2026-05-12T01:13:13.000+00:00","itaxPanNo":"ANZPR4228B","occupationCode":12,"pin":637406,"qualificationCode":3,"sex":"F"},"nominees":[{"policyNo":703330654,"nomineeAge":7,"nomineeDob":null,"nomineeId":1,"nomineeName":"N.JANAVARSINI","nomineeRegistrationDate":null,"nomineeRelation":"D","nomineeShare":100,"nomineeStatus":"B"}],"billingInfo":{"policyNumber":"703330654","nameOfAssured":"P. Ranjitham","planName":"Marriage Endowment/Educational Annuity Plan","plan":90,"mode":"1","premium":1098,"sumAssured":200000,"status":null,"firstUnpaidPremiumDate":"2026-05-28","nextFup":null,"dueAmount":"1098.00","payedPolicy":false,"noOfDues":1,"eligible":false,"spotRevival":false},"policyContact":{"policyNo":703330654,"dataSource":"B","emailAddress":"null","enteredDate":"2026-05-09T20:00:07.262+00:00","mobileNo":"919865781983","countryCode":null,"telephoneNo":"null","panNo":null},"policyExtra":{"accumTerm":0},"policyAnnuity":null,"userRegistered":"N","assignmentDetails":[],"ulipExtra":{"giveCashAmount":null},"bonusErrorMessage":null,"qpayPolicy":{"policyNumber":"703330654","dob":"16/07/1967","emailId":null,"mobileNo":"9865781983","premium":"1098","key":"005951"}}



==== 12/05/2026 07:37:02 - OSTATTUS-RESPONSE-TOKEN ======

+7HGd8PeadbRyRHyVDFT7gJphwYc/fJL/wpOqpBmLOJ95KBto8rc/0fNiCm92bbQkKWgu0y6VxGr5PcBEVk9xf6qMKinFisS+s7m6kzmGYoDB9nTDZmcJZUvl5HPY/9/ZewytX+aEbly6WS918L3mpyU5kAtSnXcKQAaIoIMOWVvgZiXR3UgFD+vhBkAT2UWSgr4wzujyZtcqmvQMqCs8ROYFGwSUh/kf6Oo775N643F1mPIFhn19SqRH7+F5LlW1h7273Q0a7uN4SDeSBp9MbXlTcHwBog2+fRZHmfYNUDy1IuhODy2lotT/EfUln40zoxpjMbiBRLKqVHuT3/bXb/Mr4UldjNeD5F5hc8LDNLab3tQM1oMn0dFAvihyQH5aOJhFnfZBvDFsARSuXCjTdyyb42a0iDSJ2zcZ3b4i5nL8IasYtW01/X2Twnu5OpXtXIXdiLZDtrECGpwgRfYG/zWjuy4m+ctW4myuE8bhtEKuJaIUwxFppc0SvOK2Od4T6TS4GWslYjZSnxipXwBjhJoJ/lNa5T3pikby5IEL/gjymC5plZGUgxrJlpHL/fYwwBRDIa4UCOgkLYNOXf+jEjQroOlQXfnKvSKk45dtH81zbB+odnAURVkW3klO40dXokON6aFxACuz+wM5zBSzKE6qlsDAFGOSaKe4C5papH2MY0Ho/5ezlnrqAjgO3DnhQ9eczxmIv68taHAEkLGM+ONINaAzSiVVAEXelU4ohRbbj0/r1u4lLAbi0KHvTR36pTKtDeZPx4jGLA2EqwqK1rr6PiP75zptl2FrMwdP0PK6pclQiq3Jzb9NIQOs14WRjKTrvMMEcC1HmbzHoLGs34Ff6dadQDJFjGAZNyUlOG+PQe5ouA2g1ZgtcOxrjt3YNK/AfrKM7s2PiuWlwT3dXUBK9/GgLg1NemPmI5BW/Gsxnb5XcI4C3pk5IVa8CTB9vl0SGOClRl+AiDLCp/ufqbBMdNcdXrrlTYw5HNSSVJ2kj2HfYnUEjei0x4zJS5jQCk8w/fGCluvyNrFru49qZyWQfoO8MYw7+rvrjT1vGc4E+mpOtOUycCDtnNTKeYjiz0/919egcw71nE+FjvKsNQaOzuhU41zIB+mIhRqeVDeg4X9/FRL2uZ6jGvCjzWmptmm0km+OEUuj2HjBd7LlMEkNT8BuaqfAK3Dq8UF0gICqjWj+hqdIIH3h4cC624T0UdgSqoDmr21wVvwkyFZGtlaKFXItLbrwh+qXFLPCN0BxU1EfeH5F0pdtDtY6mkruqGHShLOd+afukN9LlvNSD5bMjaKCxSUW4TEGeuXa99YCa3MVJCvbnuk7/1zReUIYGMLE3vvFLJwXihL099aCZqtGGVQhT91VDsTJoBiw5ru49vwUW+S5p9hyKsv8ExjkWtUATVAfRra4XBgA3kx/yXLs7ZUpDKT+7eLQ80w5TMyK77UadOi1+rXKbbPDDxF4GeXXJRDNWuF9DRFWMAvn4HbvmRjokdW5Iv1uXU4Y/01bLjR6wG4KcdKHdV7GwlWpws330LMJszNtz5KjCSaSlLP9mxFrZEyqoxHeZTp1WelWSmkJzrjcDgkonUT/oTrENcPnr0xzWkwUNWnnrnU5Jdtr/zx1HsyRNSW9IJ0agYc3KHMjXuNoD/eIpfJI4I6snb9oGwYpEbdXFUsMjOELI7KFuXYAtj1QW5Jq5iudRpaLrjAf0UpeeuYJL5lbla7dLUbzPDTpsE+0K23J5ZnOxNSYu9TZqFxxwvOog7ALl9W97Nh8j6W0JJFRg8jaO6YItVMc+lGmpHXNjRQE93JqGCXH+3NEA686o4GcI3PN/OHmGDzKp2z1rfpvrP/ovxQBpL8/767GrQb0h7YzvQJVUNh3Vs8z520eRMb5g21eVqYJs8RG/L7Zg0A/HepNVcBiFf55AGhPvqRSIfoCtBBQ3+uE3vLjaYf0K55sEtjRnxBIYXlABL7ulCrjgMZtdSREMkbq2pe8y8rq58=



==== 12/05/2026 07:37:02 - OSTATTUS-RESPONSE-TOKEN ======

eyJhbGciOiJIUzUxMiJ9.eyJzdWIiOiJJREFNMjQwMTIwMjQxMTEyMjg2MSIsImFnZW5jeV9jb2RlIjpudWxsLCJjcmVhdGVkIjoxNzc4NTUwNjE2ODY2LCJhY2Nlc3NfY29kZSI6ImV5SmhiR2NpT2lKU1V6STFOaUlzSW5SNWNDSTZJa3BYVkNKOS5leUp6ZFdJaU9pSkpSRUZOTWpRd01USXdNalF4TVRFeU1qZzJNU0lzSW1adVlXMWxJam9pVTFWQ1NFRlRJRk5CUzFKRlVGQkJJRk5CVGtkQlZFa2lMQ0oxYzJWeWMzUmhkSFZ6SWpvaU1TSXNJbVZ1ZEdsMGVXeHBjM1FpT2xzaVRFbERYME5WVTFSUFRVVlNYMUJQVWxSQlRDSmRMQ0p5YjJ4bGN5STZXeUpFVHlKZExDSnBjM01pT2lKQlVsZ2lMQ0p0YjJKcGJHVWlPaUk1T1RBeE5qSXpNRGsySWl3aVlYVmtJam9pWkdWbVlYVnNkQ0lzSW14dVlXMWxJam9pVTFWQ1NFRlRJRk5CUzFKRlVGQkJJRk5CVGtkQlZFa2lMQ0oxYzJWeVZIbHdaU0k2SWpFaUxDSmxlSEFpT2pFM056ZzFOemt6TkRZc0ltbGhkQ0k2TVRjM09EVTFNRFUwTml3aWFuUnBJam9pT1RKbFpHSmpNekF0WW1GaU9DMDBZbUU0TFRreVpEVXRPV0l6TVRZeE5ESXhOR1kySWl3aVpXNTBhWFI1SWpvaVRFbERYME5WVTFSUFRVVlNYMUJQVWxSQlRDSXNJbVZ0WVdsc0lqb2ljM056WVc1bllYUnBNakkxUUd4cFkybHVaR2xoTG1OdmJTSjkuR1oycnhnaE05MlhiQ3BHbVB3NFRDTWp4cXNCMFdjQkhYOVRxRnlDaUdXWVlwQ2V3c2JHWjFZQXEyaXhmLW8tZi1ybzk1VDJ0SkRMc0tsbFk1a3R0ellBUmlNcEdUV2MzSTgtTU9QejBfeG5WYlBxUjdVbnpTaXRMRm5LVEVRYmVfRG05cXI4eGxxaldkNk9YSmZsbUR3aEt3azctdG1qSUpfTUozdldFUkotREJlOUI4S3FwTktmM1RxWGVHSkh1ZVctWWlTN0ZOVmFtMHpyNDM1UmlObG1WdVIzSUh1VzRMZ2czZmZTVXJjSF9EV3pDLTJrXzFFanFUUFA3dGZ0djdnVTc0UGpDcS13Z014VldBb1ZmYWZqN0dVbnRtN3Z0LVNsQWJFNHBBT3F0dHlTazI0R2U1akh6cHNIYlpVZGpYbjNBaE1xMExjb1FLVlZ1a2V0NDdRIiwicm9sZXMiOlsiRE8iXSwiY2xpZW50SXAiOm51bGwsImVudGl0bGVtZW50IjpbXX0.6LLginw2EnoqMQft2oKSYT56zpy5HWV9qCnUbcRgLj6Y4zTFW42zsujtSAf3J7ICr1BTmXNMWZMny9VM1q_20A



==== 12/05/2026 07:37:02 - POST-URL ======

https://ebizapp01.licindia.in/BFFService/policy/policyInfo?_dc=1778551622242



==== 12/05/2026 07:37:06 - POST-URL ======

{"confirmationId":null,"status":"200","resultInfoList":null,"count":0,"policy":{"policyNumber":"709595108","planName":"New Jeevan Anand","mode":"12","noOfDues":1,"premium":"5970.00","commenceDate":"2016-05-09","nameOfAssured":"R. Varadharaju","agencyCode":"0090976F ","developmentOfficerCode":"315076","plan":"815","policyTerm":"21","firstUnpaidPremiumDate":"2026-05-09","cdCharge":"0","serviceBranch":"76F ","sumAssured":"100000","policyStatus":"21","dob":"1979-05-09","ageAtEntry":37,"planDetails":{"plan":815,"planType":null,"planDesc":null,"premiumDueDuration":6,"premiumDueDurationType":"M","payPremiumAdvance":30,"payPremiumAdvanceType":"D","gracePeriod":1,"gracePeriodType":"M","serviceTaxRateFirstYr":4.5,"serviceTaxRateNextYrs":2.25,"serviceTaxRateEduCess":0.0,"topUpAllowed":null,"multiplyTopupAmt":null,"topupLimitCriteria":null,"topupNoPayBefMaturity":null,"planCategory":"EN","freeCoverCond":null,"freeCoverFUP":null,"campaignStartDate":"2026-01-01","campaignEndDate":"2026-03-02","percentageofwaiver":30.0,"maxLimitofwaiver":3000.0,"waiversAllowedNum":1,"lateFeeWaiverInd":"Y","discountPercentFirstYr":null,"discountPercentSecondYr":null,"discountPercentThirdYr":null,"discountPercentSubYr":null,"discountFromDate":null,"discountToDate":null,"maxLimitWaiverFstYr":null,"maxLimitWaiverScndYr":null,"maxLimitWaiverThirdYr":null,"maxLimitWaiverSubYr":null,"discountParameter":null,"graceprdExtFlag":null,"graceprdExtFrmDate":null,"graceprdExtToDate":null,"graceprdPrcntWaiver":null,"maxWaiverLimitgraceprd":null,"gstCdCharge":0.0,"gstLateFeeRateFirstYr":18.0,"gstLateFeeRateNextYrs":18.0,"dateOfLaunch":"01/08/2014","beforeLaunch":"N","centralGSTPercentage":50,"discountPeriod":null,"discountPeriodType":null},"eligible":true,"lateFeeRequired":false,"recordId":"O","premiumPayingTerm":21,"policyBenefits":"100000","dueAmount":"5970.00","taxExemption":false,"age":"47","eserviceEligible":false,"policyUlip":false,"dateOfLastPayment":"2036-05-09","dateOfMaturity":"2037-05-09","statusShortDesc":"In Force","nav":"For NAV details please contact your Servicing Branch / Customer Zone","altChannelId":"0 ","riderPolicy":false,"minorChild":false,"accountingBookCode":1,"payedPolicy":false,"advancePayedPolicy":false,"lastAccountDate":"2025-10-14","noBonusYears":0,"bonusInfo":{"totalRevBonus":41700,"totalInterimBonus":4500,"totalFAB":0,"totalGuaranty":0,"totalLoyalty":0,"totalOneTimeBonus":0.00,"messageCode":null,"calulationSheetHTML":"<table border=1><tr class=grey-bg><td>From</td><td>Upto</td><td>Year</td><td>Type</td><td>Factor</td><td>Rate</td><td>Bonus </td></tr><tr class=grey-bg><td>2016-05-09</td><td>2017-05-09</td><td>2017</td><td>V</td><td>1.0</td><td>49.00</td><td>4900.00</td></tr><tr class=grey-bg><td>2017-05-09</td><td>2018-05-09</td><td>2018</td><td>V</td><td>1.0</td><td>49.00</td><td>4900.00</td></tr><tr class=grey-bg><td>2018-05-09</td><td>2019-05-09</td><td>2019</td><td>V</td><td>1.0</td><td>49.00</td><td>4900.00</td></tr><tr class=grey-bg><td>2019-05-09</td><td>2020-05-09</td><td>2020</td><td>V</td><td>1.0</td><td>45.00</td><td>4500.00</td></tr><tr class=grey-bg><td>2020-05-09</td><td>2021-05-09</td><td>2021</td><td>V</td><td>1.0</td><td>45.00</td><td>4500.00</td></tr><tr class=grey-bg><td>2021-05-09</td><td>2022-05-09</td><td>2022</td><td>V</td><td>1.0</td><td>45.00</td><td>4500.00</td></tr><tr class=grey-bg><td>2022-05-09</td><td>2023-05-09</td><td>2023</td><td>V</td><td>1.0</td><td>45.00</td><td>4500.00</td></tr><tr class=grey-bg><td>2023-05-09</td><td>2024-05-09</td><td>2024</td><td>V</td><td>1.0</td><td>45.00</td><td>4500.00</td></tr><tr class=grey-bg><td>2024-05-09</td><td>2025-05-09</td><td>2025</td><td>V</td><td>1.0</td><td>45.00</td><td>4500.00</td></tr><tr class=grey-bg><td>2025-05-09</td><td>2026-05-09</td><td>2025</td><td>I</td><td>1.0</td><td>45.00</td><td>4500.00</td></tr><tr class=grey-bg><td colspan=7>Total Rev Bonus : 41700.00   Total Interim Bonus : 4500.00</td></tr></table> ","calulationSheetText":"From        Upto        Year Type Factor  Rate     Bonus \r\n2016-05-09  2017-05-09  2017  V     1.0   49.00    4900.00\r\n2017-05-09  2018-05-09  2018  V     1.0   49.00    4900.00\r\n2018-05-09  2019-05-09  2019  V     1.0   49.00    4900.00\r\n2019-05-09  2020-05-09  2020  V     1.0   45.00    4500.00\r\n2020-05-09  2021-05-09  2021  V     1.0   45.00    4500.00\r\n2021-05-09  2022-05-09  2022  V     1.0   45.00    4500.00\r\n2022-05-09  2023-05-09  2023  V     1.0   45.00    4500.00\r\n2023-05-09  2024-05-09  2024  V     1.0   45.00    4500.00\r\n2024-05-09  2025-05-09  2025  V     1.0   45.00    4500.00\r\n2025-05-09  2026-05-09  2025  I     1.0   45.00    4500.00\r\n   Total Rev Bonus : 41700.00   Total Interim Bonus : 4500.00\r\n "},"isSpotRevivalAllowed":false,"discountApplicable":false,"advancePaymetEligible":false,"maturitySumAssured":0,"gstInNumber":"null","transactionAllowed":true,"dateOfShowMaturity":"2037-05-09","panFlag":false,"neftFlag":false,"itPan":"","neftStatus":"N","titleCode":"1","premiumGapFlag":false,"dghPolicyFlag":false,"policyExitStatus":false,"serviceRequestFlag":false,"nriGstFlag":false,"fyEndDate":"2027-03-31"},"person":{"policyNo":709595108,"birthDate":"1979-05-09","fullName":"R. Varadharaju","sex":"M","shortName":"Varadharaju R ","age":"37","profileMobileNo":null,"profileEmail":null,"profileUnMaskMobileNo":null,"profileUnMaskEmail":null},"address":{"policyNo":709595108,"address1":"S/O Ramasamy,No.24, Marulpattiyar","address2":"Thottam,R Pudupatti Po","address3":"Rasipuram Tk ., Namakkal Dist","addressId":1,"pin":637407},"branch":{"branchCode":"76F ","address1":"LIC OF INDIA - 76F","address2":"NAMAKKAL ROAD","address3":"RASIPURAM","branchIp":"10.128.42.194","branchName":"LIC of India, Rasipuram Br Office","city":null,"dcCode":"X070","divCode":70,"eaiIndication":"Y","emailId":"BO_76F@LICINDIA.COM","man":null,"odsIndication":"N","pin":null,"state":"null"},"agent":{"agencyCode":"0090976F ","address1":"D/O.K.Jayaraman,Jai Ganesh Lorry","address2":"Service,T.P.Kadu,Moolapallipatty.Po","address3":"Rasipuram.Tk & Namakkal .Dt.","agentName":"J.Renukadevi","birthDate":"1976-03-10","category":2,"city":null,"disabilityCode":1,"enteredDate":"2026-05-12T01:13:13.000+00:00","itaxPanNo":"ANZPR4228B","occupationCode":12,"pin":637406,"qualificationCode":3,"sex":"F"},"nominees":[{"policyNo":709595108,"nomineeAge":25,"nomineeDob":null,"nomineeId":1,"nomineeName":"V SUSITHRA","nomineeRegistrationDate":null,"nomineeRelation":"W","nomineeShare":100,"nomineeStatus":"B"}],"billingInfo":{"policyNumber":"709595108","nameOfAssured":"R. Varadharaju","planName":"New Jeevan Anand","plan":815,"mode":"12","premium":5970,"sumAssured":100000,"status":null,"firstUnpaidPremiumDate":"2026-05-09","nextFup":null,"dueAmount":"5970.00","payedPolicy":false,"noOfDues":1,"eligible":true,"spotRevival":false},"policyContact":{"policyNo":709595108,"dataSource":"B","emailAddress":"null","enteredDate":"2025-10-15T20:00:13.972+00:00","mobileNo":"919994310040","countryCode":null,"telephoneNo":"null","panNo":null},"policyExtra":{"accumTerm":0},"policyAnnuity":null,"userRegistered":"N","assignmentDetails":[],"ulipExtra":{"giveCashAmount":null},"bonusErrorMessage":null,"qpayPolicy":{"policyNumber":"709595108","dob":"09/05/1979","emailId":null,"mobileNo":"9994310040","premium":"5970","key":"367231"}}



==== 12/05/2026 07:37:22 - OSTATTUS-RESPONSE-TOKEN ======

0D+t69qIPOtXH1G4pyGHSse3OTsFujwMqa+NZ9i22K4dlQXyGB/0AQMOhq1nunxVgk+1DK5kwFve0cjW69QNPX01Cngh01k45rOCMNOm6vrLysglCuwASdyC/DgmIcnbtWlxZPMU7kv2Z43WX7Nb1yWCKBqVn7hZa0fDbEKmMc6lJpOOR16aki7sCU9kNt23YDUzGvZz5fPyHaOP/wTLJjwU+QKR4szkJXo75WWSmTogeFNW6tro39KSegqInDkAS1C4kcShA/XTxepeICqIbx0xoNGepZcPLVX5USmj/eDahAAp0UI/NTQVw487KSiP+Fg7j0J/Jy0iGokJ+BSyyhhMI1yvaWa/tNPPo5SyyzY639tqXrr2+zj/FCqQPsznPcfIBqenA7KLy/mMkhWoREZRiZqUM+wI88/SyalibFgzbfHVmdbb4ibUeudc7kbtwMpcsk4aJkaxKWGbnT8xd1/jqD58/qiVwU0+ccy/YZZyk+nxlq9b8AtqaR2L4MvxSGLpBcA9Uekw1SvRmIJ0bU5dGo9e9cAkxS1199WozJlqrAkShmq+Ar2SfX+LdJHjekeiMZgMQJWOpGE1JgEWLJ1z/4SlCIq8uFNBPk3GtNHwY6Dz0ERbt+ClBUfhG73Rm67+oGHbWuPJVNMmkS2mGrHpHDluMmO/pcWTpirwnw/ss09vlm48Zayit93AyhHJz56TUQyfUFeR0jzN05v/GhY/vOk/DPjFRG3fqjvzHPiBO1gsT6gfU64UmObJthzgFOvykzwv33HYZzaQ4rs8ld0HRcrHJHKSwR0MSgQbKMkOgnRorna1nPKdoDfxkh1oxNx8a7yM9fUaDrJnxiO6e3OTuBkBVCQ9xS5GMyEpnxcDIrHHpF+F/AArFObD0OVWQRB30r7B5Z2pmGv/vDNb57BTgy1tz+bPo+z2KHEE8+u29+a7gpghEk/6vePsHBuNzxoPPR3Pl+FrjSkuGKZrD4pPHZ/wCYkbI+g8YOKtrXrWrJsJi/hqqb3/SDJktVIGvXNKACyoFxIXeVRX6f+7oEq6Ji1j1rYirR3dKKN5TWlQF1rNB4S1kW46fl4cutS04hVbPGmwDsVP3P9HBEt1kPW6HHSoJJmv+6dFM0xA23vyi1rF2eRIXMxikq8fYqaTBFhmNpo11WXhprBIBtN5ZcD4pcz0K980odrAjKuE6zl8XcELjw0l3xquREDhUmiAmfsptSdf9CF+cMxkD7uBrRuPjNNv2KwQ/mcy9+haj+uH0L+p0vZhLBZcKinvA0LPjdcN+ydzYWsnrAudL34zi7u6qcIlxAZUsta7O3rJ7qWCMh+jZLtEyxPBbc8WW3ZLSkj0Z5/rHH7sdL7pBiJsErSPlg3yDl6DojZ/c218g3IL+pWWB0w0dQPDe+DCrwqbbMJuk7uJxmmbqYjJjYtBJmM0ZSEJmd8yxaJf33t+hz04Bud2d40XH72gIxpcwkRNa5sZvpC7mv+zxy7yLJPukWTSIYTArYuuKq5TGWAxP2ABi909foB+60tqGhyg2w7XFB6r0VmZsIDhaWdOTrj2wvDlOCfC57uZsH+rfY5TOfLZ9FNQ19P7Ax68bNsBDlL8AozDyQIS7tEkT9+mLXX1Mzx/0oxpr3JbCnlxVDXA7bbG3/ZbwzJYj3KUtmSDwyFb06W4DrN5UG0UrKpEKygXr21yc1USzViDZHMDZeSno7YExPi95jxXdj7RmA3Qf0SCBjO9aOYvm8sQYBYAd8bTkQ6d4/qEqvKybcvaFIfD07a+gUOKnK4e3RJDmUgZdiNWbFC0vNBveHgAm7U1gYPHHpC/lfrUiZNCxWm2Ux55sDm5z/f4uMaMQzTc6MjWRa3CvjMxspyYKURM3uimoPe7WQ9BIwQAGNGAMaiS9C7MnQBpoyoA7ZwnhpHeCMztdERufUq9hmyP4CYOcx4Xr4LFRJjGngEGxQdrpCPNgfgjsG7OB/ybuzI3bO0pcd8htix197ngAvxeyVaPu4o=



==== 12/05/2026 07:37:22 - OSTATTUS-RESPONSE-TOKEN ======

eyJhbGciOiJIUzUxMiJ9.eyJzdWIiOiJJREFNMjQwMTIwMjQxMTEyMjg2MSIsImFnZW5jeV9jb2RlIjpudWxsLCJjcmVhdGVkIjoxNzc4NTUwNjE2ODY2LCJhY2Nlc3NfY29kZSI6ImV5SmhiR2NpT2lKU1V6STFOaUlzSW5SNWNDSTZJa3BYVkNKOS5leUp6ZFdJaU9pSkpSRUZOTWpRd01USXdNalF4TVRFeU1qZzJNU0lzSW1adVlXMWxJam9pVTFWQ1NFRlRJRk5CUzFKRlVGQkJJRk5CVGtkQlZFa2lMQ0oxYzJWeWMzUmhkSFZ6SWpvaU1TSXNJbVZ1ZEdsMGVXeHBjM1FpT2xzaVRFbERYME5WVTFSUFRVVlNYMUJQVWxSQlRDSmRMQ0p5YjJ4bGN5STZXeUpFVHlKZExDSnBjM01pT2lKQlVsZ2lMQ0p0YjJKcGJHVWlPaUk1T1RBeE5qSXpNRGsySWl3aVlYVmtJam9pWkdWbVlYVnNkQ0lzSW14dVlXMWxJam9pVTFWQ1NFRlRJRk5CUzFKRlVGQkJJRk5CVGtkQlZFa2lMQ0oxYzJWeVZIbHdaU0k2SWpFaUxDSmxlSEFpT2pFM056ZzFOemt6TkRZc0ltbGhkQ0k2TVRjM09EVTFNRFUwTml3aWFuUnBJam9pT1RKbFpHSmpNekF0WW1GaU9DMDBZbUU0TFRreVpEVXRPV0l6TVRZeE5ESXhOR1kySWl3aVpXNTBhWFI1SWpvaVRFbERYME5WVTFSUFRVVlNYMUJQVWxSQlRDSXNJbVZ0WVdsc0lqb2ljM056WVc1bllYUnBNakkxUUd4cFkybHVaR2xoTG1OdmJTSjkuR1oycnhnaE05MlhiQ3BHbVB3NFRDTWp4cXNCMFdjQkhYOVRxRnlDaUdXWVlwQ2V3c2JHWjFZQXEyaXhmLW8tZi1ybzk1VDJ0SkRMc0tsbFk1a3R0ellBUmlNcEdUV2MzSTgtTU9QejBfeG5WYlBxUjdVbnpTaXRMRm5LVEVRYmVfRG05cXI4eGxxaldkNk9YSmZsbUR3aEt3azctdG1qSUpfTUozdldFUkotREJlOUI4S3FwTktmM1RxWGVHSkh1ZVctWWlTN0ZOVmFtMHpyNDM1UmlObG1WdVIzSUh1VzRMZ2czZmZTVXJjSF9EV3pDLTJrXzFFanFUUFA3dGZ0djdnVTc0UGpDcS13Z014VldBb1ZmYWZqN0dVbnRtN3Z0LVNsQWJFNHBBT3F0dHlTazI0R2U1akh6cHNIYlpVZGpYbjNBaE1xMExjb1FLVlZ1a2V0NDdRIiwicm9sZXMiOlsiRE8iXSwiY2xpZW50SXAiOm51bGwsImVudGl0bGVtZW50IjpbXX0.6LLginw2EnoqMQft2oKSYT56zpy5HWV9qCnUbcRgLj6Y4zTFW42zsujtSAf3J7ICr1BTmXNMWZMny9VM1q_20A



==== 12/05/2026 07:37:22 - POST-URL ======

https://ebizapp01.licindia.in/BFFService/policy/policyInfo?_dc=1778551642439



==== 12/05/2026 07:37:26 - POST-URL ======

{"confirmationId":null,"status":"200","resultInfoList":null,"count":0,"policy":{"policyNumber":"709588306","planName":"New Jeevan Anand","mode":"1","noOfDues":1,"premium":"2947.00","commenceDate":"2015-02-10","nameOfAssured":"R.Alamelu","agencyCode":"0090976F ","developmentOfficerCode":"315076","plan":"815","policyTerm":"21","firstUnpaidPremiumDate":"2026-05-10","cdCharge":"0","serviceBranch":"76F ","sumAssured":"600000","policyStatus":"21","dob":"1977-05-10","ageAtEntry":38,"planDetails":{"plan":815,"planType":null,"planDesc":null,"premiumDueDuration":6,"premiumDueDurationType":"M","payPremiumAdvance":30,"payPremiumAdvanceType":"D","gracePeriod":15,"gracePeriodType":"D","serviceTaxRateFirstYr":4.5,"serviceTaxRateNextYrs":2.25,"serviceTaxRateEduCess":0.0,"topUpAllowed":null,"multiplyTopupAmt":null,"topupLimitCriteria":null,"topupNoPayBefMaturity":null,"planCategory":"EN","freeCoverCond":null,"freeCoverFUP":null,"campaignStartDate":"2026-01-01","campaignEndDate":"2026-03-02","percentageofwaiver":30.0,"maxLimitofwaiver":3000.0,"waiversAllowedNum":1,"lateFeeWaiverInd":"Y","discountPercentFirstYr":null,"discountPercentSecondYr":null,"discountPercentThirdYr":null,"discountPercentSubYr":null,"discountFromDate":null,"discountToDate":null,"maxLimitWaiverFstYr":null,"maxLimitWaiverScndYr":null,"maxLimitWaiverThirdYr":null,"maxLimitWaiverSubYr":null,"discountParameter":null,"graceprdExtFlag":null,"graceprdExtFrmDate":null,"graceprdExtToDate":null,"graceprdPrcntWaiver":null,"maxWaiverLimitgraceprd":null,"gstCdCharge":0.0,"gstLateFeeRateFirstYr":18.0,"gstLateFeeRateNextYrs":18.0,"dateOfLaunch":"01/08/2014","beforeLaunch":"N","centralGSTPercentage":50,"discountPeriod":null,"discountPeriodType":null},"eligible":false,"lateFeeRequired":false,"recordId":"O","premiumPayingTerm":21,"policyBenefits":"600000","dueAmount":"2947.00","taxExemption":false,"age":"49","eserviceEligible":false,"policyUlip":false,"dateOfLastPayment":"2036-01-10","dateOfMaturity":"2036-02-10","statusShortDesc":"In Force","nav":"For NAV details please contact your Servicing Branch / Customer Zone","altChannelId":"06","riderPolicy":false,"minorChild":false,"accountingBookCode":1,"payedPolicy":false,"advancePayedPolicy":false,"lastAccountDate":"2026-04-15","noBonusYears":0,"bonusInfo":{"totalRevBonus":315600,"totalInterimBonus":6900,"totalFAB":0,"totalGuaranty":0,"totalLoyalty":0,"totalOneTimeBonus":0.00,"messageCode":null,"calulationSheetHTML":"<table border=1><tr class=grey-bg><td>From</td><td>Upto</td><td>Year</td><td>Type</td><td>Factor</td><td>Rate</td><td>Bonus </td></tr><tr class=grey-bg><td>2015-02-10</td><td>2016-02-10</td><td>2015</td><td>V</td><td>1.0</td><td>49.00</td><td>29400.00</td></tr><tr class=grey-bg><td>2016-02-10</td><td>2017-02-10</td><td>2016</td><td>V</td><td>1.0</td><td>54.00</td><td>29400.00</td></tr><tr class=grey-bg><td>2016-02-10</td><td>2017-02-10</td><td>2016</td><td>O</td><td>1.0</td><td>5.00</td><td>3000.00</td></tr><tr class=grey-bg><td>2017-02-10</td><td>2018-02-10</td><td>2017</td><td>V</td><td>1.0</td><td>49.00</td><td>29400.00</td></tr><tr class=grey-bg><td>2018-02-10</td><td>2019-02-10</td><td>2018</td><td>V</td><td>1.0</td><td>49.00</td><td>29400.00</td></tr><tr class=grey-bg><td>2019-02-10</td><td>2020-02-10</td><td>2019</td><td>V</td><td>1.0</td><td>49.00</td><td>29400.00</td></tr><tr class=grey-bg><td>2020-02-10</td><td>2021-02-10</td><td>2020</td><td>V</td><td>1.0</td><td>46.00</td><td>27600.00</td></tr><tr class=grey-bg><td>2021-02-10</td><td>2022-02-10</td><td>2021</td><td>V</td><td>1.0</td><td>46.00</td><td>27600.00</td></tr><tr class=grey-bg><td>2022-02-10</td><td>2023-02-10</td><td>2022</td><td>V</td><td>1.0</td><td>46.00</td><td>27600.00</td></tr><tr class=grey-bg><td>2023-02-10</td><td>2024-02-10</td><td>2023</td><td>V</td><td>1.0</td><td>46.00</td><td>27600.00</td></tr><tr class=grey-bg><td>2024-02-10</td><td>2025-02-10</td><td>2024</td><td>V</td><td>1.0</td><td>46.00</td><td>27600.00</td></tr><tr class=grey-bg><td>2025-02-10</td><td>2026-02-10</td><td>2025</td><td>V</td><td>1.0</td><td>46.00</td><td>27600.00</td></tr><tr class=grey-bg><td>2026-02-10</td><td>2026-05-10</td><td>2025</td><td>I</td><td>0.25</td><td>46.00</td><td>6900.00</td></tr><tr class=grey-bg><td colspan=7>Total Rev Bonus : 315600.00   Total Interim Bonus : 6900.00</td></tr></table> ","calulationSheetText":"From        Upto        Year Type Factor  Rate     Bonus \r\n2015-02-10  2016-02-10  2015  V     1.0   49.00    29400.00\r\n2016-02-10  2017-02-10  2016  V     1.0   54.00    29400.00\r\n2016-02-10  2017-02-10  2016  O     1.0   5.00    3000.00\r\n2017-02-10  2018-02-10  2017  V     1.0   49.00    29400.00\r\n2018-02-10  2019-02-10  2018  V     1.0   49.00    29400.00\r\n2019-02-10  2020-02-10  2019  V     1.0   49.00    29400.00\r\n2020-02-10  2021-02-10  2020  V     1.0   46.00    27600.00\r\n2021-02-10  2022-02-10  2021  V     1.0   46.00    27600.00\r\n2022-02-10  2023-02-10  2022  V     1.0   46.00    27600.00\r\n2023-02-10  2024-02-10  2023  V     1.0   46.00    27600.00\r\n2024-02-10  2025-02-10  2024  V     1.0   46.00    27600.00\r\n2025-02-10  2026-02-10  2025  V     1.0   46.00    27600.00\r\n2026-02-10  2026-05-10  2025  I     0.25   46.00    6900.00\r\n   Total Rev Bonus : 315600.00   Total Interim Bonus : 6900.00\r\n "},"isSpotRevivalAllowed":false,"discountApplicable":false,"advancePaymetEligible":false,"maturitySumAssured":0,"gstInNumber":"null","transactionAllowed":true,"dateOfShowMaturity":"2036-02-10","panFlag":false,"neftFlag":false,"itPan":"","neftStatus":"N","titleCode":"1","premiumGapFlag":false,"dghPolicyFlag":false,"policyExitStatus":false,"serviceRequestFlag":false,"nriGstFlag":false,"fyEndDate":"2027-03-31"},"person":{"policyNo":709588306,"birthDate":"1977-05-10","fullName":"R.Alamelu","sex":"F","shortName":"Alamelu R","age":"38","profileMobileNo":null,"profileEmail":null,"profileUnMaskMobileNo":null,"profileUnMaskEmail":null},"address":{"policyNo":709588306,"address1":"W/O.K.Panneerselvam","address2":"11/52. Kumaragipet , Sanyasi Kundu","address3":"Salem .15","addressId":1,"pin":636015},"branch":{"branchCode":"76F ","address1":"LIC OF INDIA - 76F","address2":"NAMAKKAL ROAD","address3":"RASIPURAM","branchIp":"10.128.42.194","branchName":"LIC of India, Rasipuram Br Office","city":null,"dcCode":"X070","divCode":70,"eaiIndication":"Y","emailId":"BO_76F@LICINDIA.COM","man":null,"odsIndication":"N","pin":null,"state":"null"},"agent":{"agencyCode":"0090976F ","address1":"D/O.K.Jayaraman,Jai Ganesh Lorry","address2":"Service,T.P.Kadu,Moolapallipatty.Po","address3":"Rasipuram.Tk & Namakkal .Dt.","agentName":"J.Renukadevi","birthDate":"1976-03-10","category":2,"city":null,"disabilityCode":1,"enteredDate":"2026-05-12T01:13:13.000+00:00","itaxPanNo":"ANZPR4228B","occupationCode":12,"pin":637406,"qualificationCode":3,"sex":"F"},"nominees":[{"policyNo":709588306,"nomineeAge":41,"nomineeDob":null,"nomineeId":1,"nomineeName":"K PANNEERSELVAM","nomineeRegistrationDate":null,"nomineeRelation":"H","nomineeShare":100,"nomineeStatus":"B"}],"billingInfo":{"policyNumber":"709588306","nameOfAssured":"R.Alamelu","planName":"New Jeevan Anand","plan":815,"mode":"1","premium":2947,"sumAssured":600000,"status":null,"firstUnpaidPremiumDate":"2026-05-10","nextFup":null,"dueAmount":"2947.00","payedPolicy":false,"noOfDues":1,"eligible":false,"spotRevival":false},"policyContact":{"policyNo":709588306,"dataSource":"B","emailAddress":"null","enteredDate":"2026-04-18T20:00:07.814+00:00","mobileNo":"917806891678","countryCode":null,"telephoneNo":"null","panNo":null},"policyExtra":{"accumTerm":0},"policyAnnuity":null,"userRegistered":"N","assignmentDetails":[],"ulipExtra":{"giveCashAmount":null},"bonusErrorMessage":null,"qpayPolicy":{"policyNumber":"709588306","dob":"10/05/1977","emailId":null,"mobileNo":"7806891678","premium":"2947","key":"305343"}}



==== 12/05/2026 07:37:40 - OSTATTUS-RESPONSE-TOKEN ======

Fs9dTGbooThqrkqFbCZ3A58t3bc7opA4EpnZVgNgcR8HVj2zjSbrN5P0waN36b5vh0CMjbMYhYdqHOOkF130/6T5iQMWsaKKEM1XwSnwiK4gF2evF9I/7fhiT/I4BOAZmSfHzH1w9BlzKzFIvEZdg2hUwet9e+C+tG/65poeWAP+/etgeN0STnBahAQP3b5zlomdz97vb2keI0kTLGsJe34oGP8nJif7+gTTxCyZ3bjtAcaHz8gLQw4AmJe/t9hKwPqE9rIyGlUU0jN1r3mzpdB7OihFc0ZCYSIQNeQi5uN8LuzJZnAe4SBxO9grwVJ/j5DBB1QmgZMCzv6RnzKJyp3fuxYNUCSBl+m2CQE3F8mJxmL09BGEGy7vwt8xpIMEVpWRajxyXXqBdg7TkEeXPlsMQ4/7qCNQf/FiNoXDCrTxhprSDXWIVzT5HokbvlYdq1UNjIjxZovNqGphFnAtm3A1e24zUhd6L7FnYsglIJocZqCxkRw0ywTAbSbyUcMn25Of3tC5iimc8tRrVF1zONkw5iQJVhsbgxKyJrUUeU7ATCkdQif8Nu5ywd1p2dIl5kZO6ZE/Q52Xpq1apL4GPelOjf8MVXmfpJ50Bj7NwKervU4lDuQahIj0KsFBkb/PnN5LWQJ8ykhSS3pltNznmRdZ5fTaGfmF5i+cs1z5mkwUOEmsSonEhOtkYkkdEzQrI3mldPCmpnf5Orvxvyg8U75FHJxtP16nVfHxRMLxkA3oK2hCJAJt+n/jMhYdAaOJGRMnE9JNt4X/x4dMmAYXcs0hEKlRzkR38WfjBXpCQTES6JbvR8e0JvChPY/PamJAYJ1TLj1EhAyPsyG2ntNKRCeoVIKUYC554qhWrD1XwsCQtWn5gxy3bljDFM15FjIvT/6kW7ML9IL3ahwTwq3CHERhHFduODVTwRb6erLn51sxR0QzVtfb9Pafx1kfYYKYYLLV28JscdRVmwYZNwQCR/wxzh6kQIESw6Em6g/fUuDt5FTxa0oSp9CIXHnLZYEN6qBDFE2LbrmkWnbJtPZtZ3PwvP5JNaIkS08Kb0vedf+0fYCRo6XBBSUUwFdp4fcZXTxbg4CwrnAZEn1VujCyJI0mGQqyeAa6A6XORw6webC3nRLSKjlFg4Ybm1M8wkMEBCpjpdgvZnRHOf/Riqqc05HR7PP8EZhV0AGjSpTKJeEKKPM7iwZRX8IFxCeDgj07BbYs4J5RBjyGOSmnSqDs4GVgTKgpfLPDQXfTjE4rd8GTjagH3MrqyCuCfF/NEgYxBJNktKaikyO+YUa9e6oJfwX8e6RmI8ZFjtuGm9i2dfSABOTlE0JFewyww0fPukgnBxqVEKoIXCp/iDT0fVoZPohHfrwvejMAoeisZqngDisqHi0IwV8Fqu31I03Wb6+j9tAJIojS2NLH152MDEeCZVDHubp1HTnACMqBPsx2Ss1d4w29ZtbCj2u8qt0X48SZaoMsAZy60dYfSdUy2RY6R81LSbIRPuABdY3H39Z5sq+GO9puXhpzOjbWFeG7lJJvpn5ZqPHWfIcf8qfFGHju7ZwCqFKaTFGQZU8hDydsw/5MJidjrxJXuNIq6Z9AVbsuaJvI/uamx0p3WkjGVd2pskg6hkt/E9jLA3A4dKG7H98wXgx7cpyrsCVuk51GbN8BwfL0UpU4dgY+5aFQJMvH08D0AwXi5oBLuJ0xq9dkxJubMhuH7GzbkaF4G4dns0k7Ey3WMhEia17haOem5PhvLz3/mmv8MmQP8KTTRbItwQXDrJpwl4mzx4iiNJ+g5iLBpgDURtqO6VJuR2UOo/A+VG6kHxsQrl2nF6J6TLdvj/3fXhl4gW/cRGBlBLHbPB/qtx/NSoO39Y1Ro1YU4hvH771S0yGNX6K905kmUkiKQEV3RT2p2g5nXnXwROl54/gAnBiloa8Q2tHXtRzantrAuyteLFcwLM8UbZiitNFbJpdvwH8T+dJh80rjqjmuD8jNfLVy8WZS9bfO2uA=



==== 12/05/2026 07:37:40 - OSTATTUS-RESPONSE-TOKEN ======

eyJhbGciOiJIUzUxMiJ9.eyJzdWIiOiJJREFNMjQwMTIwMjQxMTEyMjg2MSIsImFnZW5jeV9jb2RlIjpudWxsLCJjcmVhdGVkIjoxNzc4NTUwNjE2ODY2LCJhY2Nlc3NfY29kZSI6ImV5SmhiR2NpT2lKU1V6STFOaUlzSW5SNWNDSTZJa3BYVkNKOS5leUp6ZFdJaU9pSkpSRUZOTWpRd01USXdNalF4TVRFeU1qZzJNU0lzSW1adVlXMWxJam9pVTFWQ1NFRlRJRk5CUzFKRlVGQkJJRk5CVGtkQlZFa2lMQ0oxYzJWeWMzUmhkSFZ6SWpvaU1TSXNJbVZ1ZEdsMGVXeHBjM1FpT2xzaVRFbERYME5WVTFSUFRVVlNYMUJQVWxSQlRDSmRMQ0p5YjJ4bGN5STZXeUpFVHlKZExDSnBjM01pT2lKQlVsZ2lMQ0p0YjJKcGJHVWlPaUk1T1RBeE5qSXpNRGsySWl3aVlYVmtJam9pWkdWbVlYVnNkQ0lzSW14dVlXMWxJam9pVTFWQ1NFRlRJRk5CUzFKRlVGQkJJRk5CVGtkQlZFa2lMQ0oxYzJWeVZIbHdaU0k2SWpFaUxDSmxlSEFpT2pFM056ZzFOemt6TkRZc0ltbGhkQ0k2TVRjM09EVTFNRFUwTml3aWFuUnBJam9pT1RKbFpHSmpNekF0WW1GaU9DMDBZbUU0TFRreVpEVXRPV0l6TVRZeE5ESXhOR1kySWl3aVpXNTBhWFI1SWpvaVRFbERYME5WVTFSUFRVVlNYMUJQVWxSQlRDSXNJbVZ0WVdsc0lqb2ljM056WVc1bllYUnBNakkxUUd4cFkybHVaR2xoTG1OdmJTSjkuR1oycnhnaE05MlhiQ3BHbVB3NFRDTWp4cXNCMFdjQkhYOVRxRnlDaUdXWVlwQ2V3c2JHWjFZQXEyaXhmLW8tZi1ybzk1VDJ0SkRMc0tsbFk1a3R0ellBUmlNcEdUV2MzSTgtTU9QejBfeG5WYlBxUjdVbnpTaXRMRm5LVEVRYmVfRG05cXI4eGxxaldkNk9YSmZsbUR3aEt3azctdG1qSUpfTUozdldFUkotREJlOUI4S3FwTktmM1RxWGVHSkh1ZVctWWlTN0ZOVmFtMHpyNDM1UmlObG1WdVIzSUh1VzRMZ2czZmZTVXJjSF9EV3pDLTJrXzFFanFUUFA3dGZ0djdnVTc0UGpDcS13Z014VldBb1ZmYWZqN0dVbnRtN3Z0LVNsQWJFNHBBT3F0dHlTazI0R2U1akh6cHNIYlpVZGpYbjNBaE1xMExjb1FLVlZ1a2V0NDdRIiwicm9sZXMiOlsiRE8iXSwiY2xpZW50SXAiOm51bGwsImVudGl0bGVtZW50IjpbXX0.6LLginw2EnoqMQft2oKSYT56zpy5HWV9qCnUbcRgLj6Y4zTFW42zsujtSAf3J7ICr1BTmXNMWZMny9VM1q_20A



==== 12/05/2026 07:37:40 - POST-URL ======

https://ebizapp01.licindia.in/BFFService/policy/policyInfo?_dc=1778551660233



==== 12/05/2026 07:37:42 - POST-URL ======

{"confirmationId":null,"status":"200","resultInfoList":null,"count":0,"policy":{"policyNumber":"327424295","planName":"LIC's New Jeevan Labh Plan","mode":"6","noOfDues":1,"premium":"5129.00","commenceDate":"2025-10-17","nameOfAssured":"R.M . Hidhesh","agencyCode":"0090976F ","developmentOfficerCode":"87070","plan":"736","policyTerm":"25","firstUnpaidPremiumDate":"2026-04-17","cdCharge":"0","serviceBranch":"76F ","sumAssured":"200000","policyStatus":"21","dob":"2007-10-04","ageAtEntry":18,"planDetails":{"plan":736,"planType":null,"planDesc":null,"premiumDueDuration":6,"premiumDueDurationType":"M","payPremiumAdvance":30,"payPremiumAdvanceType":"D","gracePeriod":30,"gracePeriodType":"D","serviceTaxRateFirstYr":4.5,"serviceTaxRateNextYrs":2.25,"serviceTaxRateEduCess":0.0,"topUpAllowed":null,"multiplyTopupAmt":null,"topupLimitCriteria":null,"topupNoPayBefMaturity":null,"planCategory":"NORM","freeCoverCond":null,"freeCoverFUP":null,"campaignStartDate":"2026-01-01","campaignEndDate":"2026-03-02","percentageofwaiver":30.0,"maxLimitofwaiver":3000.0,"waiversAllowedNum":1,"lateFeeWaiverInd":"Y","discountPercentFirstYr":null,"discountPercentSecondYr":null,"discountPercentThirdYr":null,"discountPercentSubYr":null,"discountFromDate":null,"discountToDate":null,"maxLimitWaiverFstYr":null,"maxLimitWaiverScndYr":null,"maxLimitWaiverThirdYr":null,"maxLimitWaiverSubYr":null,"discountParameter":null,"graceprdExtFlag":null,"graceprdExtFrmDate":null,"graceprdExtToDate":null,"graceprdPrcntWaiver":null,"maxWaiverLimitgraceprd":null,"gstCdCharge":0.0,"gstLateFeeRateFirstYr":18.0,"gstLateFeeRateNextYrs":18.0,"dateOfLaunch":"2/1/2020","beforeLaunch":"N","centralGSTPercentage":50,"discountPeriod":null,"discountPeriodType":null},"eligible":true,"lateFeeRequired":false,"recordId":"O","premiumPayingTerm":16,"policyBenefits":"200000","dueAmount":"5129.00","taxExemption":false,"age":"19","eserviceEligible":false,"policyUlip":false,"dateOfLastPayment":"2041-04-17","dateOfMaturity":"2050-10-17","statusShortDesc":"In Force","nav":"For NAV details please contact your Servicing Branch / Customer Zone","altChannelId":"0 ","riderPolicy":false,"minorChild":false,"accountingBookCode":1,"payedPolicy":false,"advancePayedPolicy":false,"lastAccountDate":"2025-10-17","noBonusYears":99,"bonusInfo":{"totalRevBonus":0,"totalInterimBonus":0,"totalFAB":0,"totalGuaranty":0,"totalLoyalty":0,"totalOneTimeBonus":0.00,"messageCode":null,"calulationSheetHTML":"<table width=100% ><tr class=grey-bg><td>Please Check Data As After Conversion Bonus Year Cannot Be Zero</td></tr></table>","calulationSheetText":"Please Check Data As After Conversion Bonus Year Cannot Be Zero  "},"isSpotRevivalAllowed":false,"discountApplicable":false,"advancePaymetEligible":false,"maturitySumAssured":0,"gstInNumber":"null","transactionAllowed":true,"dateOfShowMaturity":"2050-10-17","panFlag":false,"neftFlag":false,"itPan":"","neftStatus":"N","titleCode":"1","premiumGapFlag":false,"dghPolicyFlag":false,"policyExitStatus":false,"serviceRequestFlag":false,"nriGstFlag":false,"fyEndDate":"2027-03-31"},"person":{"policyNo":327424295,"birthDate":"2007-10-04","fullName":"R.M . Hidhesh","sex":"M","shortName":"Hidhesh R M","age":"18","profileMobileNo":null,"profileEmail":null,"profileUnMaskMobileNo":null,"profileUnMaskEmail":null},"address":{"policyNo":327424295,"address1":"S/O.N.Murali","address2":"3/914, Koneripatti Extn No-1","address3":"Rasipuram-Po , Tk, Namakkal-Dt","addressId":1,"pin":637408},"branch":{"branchCode":"76F ","address1":"LIC OF INDIA - 76F","address2":"NAMAKKAL ROAD","address3":"RASIPURAM","branchIp":"10.128.42.194","branchName":"LIC of India, Rasipuram Br Office","city":null,"dcCode":"X070","divCode":70,"eaiIndication":"Y","emailId":"BO_76F@LICINDIA.COM","man":null,"odsIndication":"N","pin":null,"state":"null"},"agent":{"agencyCode":"0090976F ","address1":"D/O.K.Jayaraman,Jai Ganesh Lorry","address2":"Service,T.P.Kadu,Moolapallipatty.Po","address3":"Rasipuram.Tk & Namakkal .Dt.","agentName":"J.Renukadevi","birthDate":"1976-03-10","category":2,"city":null,"disabilityCode":1,"enteredDate":"2026-05-12T01:13:13.000+00:00","itaxPanNo":"ANZPR4228B","occupationCode":12,"pin":637406,"qualificationCode":3,"sex":"F"},"nominees":[{"policyNo":327424295,"nomineeAge":51,"nomineeDob":null,"nomineeId":1,"nomineeName":"N  MURALI","nomineeRegistrationDate":null,"nomineeRelation":"F","nomineeShare":100,"nomineeStatus":"B"}],"billingInfo":{"policyNumber":"327424295","nameOfAssured":"R.M . Hidhesh","planName":"LIC's New Jeevan Labh Plan","plan":736,"mode":"6","premium":5129,"sumAssured":200000,"status":null,"firstUnpaidPremiumDate":"2026-04-17","nextFup":null,"dueAmount":"5129.00","payedPolicy":false,"noOfDues":1,"eligible":true,"spotRevival":false},"policyContact":{"policyNo":327424295,"dataSource":"B","emailAddress":"hidhesrm@mail.com                       ","enteredDate":"2026-03-27T20:00:16.714+00:00","mobileNo":"919445967927","countryCode":null,"telephoneNo":"null","panNo":null},"policyExtra":{"accumTerm":0},"policyAnnuity":null,"userRegistered":"N","assignmentDetails":[],"ulipExtra":{"giveCashAmount":0},"bonusErrorMessage":null,"qpayPolicy":{"policyNumber":"327424295","dob":"04/10/2007","emailId":"hidhesrm@mail.com","mobileNo":"9445967927","premium":"5129","key":"287423"}}



==== 12/05/2026 07:37:58 - OSTATTUS-RESPONSE-TOKEN ======

3LBaKbS3k9+5TqyHcJpDgaQd0MmSV4aXsxBIqqMTLB8PmBUU6XmzQX9qyrlfX3Y5jt/UYm6aVDNTAmPdfsFxIcGZtv8pAXvj4OotyNvzgZbmSDwM+Xp/6T/ozhjhRF7NXZO1AckTOEiQbeDzJtEcuYak8j0KNXu3vjjsmWV+rL1Smv4ubcHSHz3Zlj5PFG7ztrooToqviLxxBzz/kXaXwGBkpu0AmAE5qEhXlFfQq7bDxD4a9Pa6TVGJI1u1zgy8K6FLqJwiPFuJBjxnIyxxbFiHfK1UM+mSqQkl1KPfxBv59Atp0rK8vq4LIlHmhUj9ZssJuYYLh9+syM+TbtztZHiF/NV8c7sY9+OZq4PtyLz17GFgJKNiltmiecJq2RNmNOzRS7iBDBMotO5twMWSFDXfeBORtTEjcP+TXA3/T/2pL3HsL1qa8VJuMPzdL+pUhyo11/E5jmK9YL7lLzzVqdtWGuJosaq+oJJ4r1EMeMzRKcqnUILz7/vUcz2cq8JYuXk/fr/KXPyh2+qvCDk14h+hv4s+KXxV0mbbfpKOFueUTJrgs32DM+uOHxbzTFihRw7P8kyLGr/KWr9LOhfhI2WIPtVa/OowNbKscw8CK3VwJsstPALIj9r0R/zPEjg95wKKmeAxDYDV2lRnBXfbxcz5mwJa1nWNHrTH5ZJb4arfzSE50CtbjCuYCI8z5f56D3h3kxS/Eo0kWAocRtFvDdu+TzGmT6lxXnmEA7omBFTdbPrWputlRuObMInDzzEeTCq8NrQ+XRlCckx7Guk8PdfQwPA4N346iN/Up+a+FAKA2uQU4VU0LoWF36q53RhMMvVGoM78Y3REPkn/PAuJxyE334Feu8qh7NTGfoefQXsK01kEn+CHUKWw7SnvRxrfqlnpUF+Nm/I9aGFuV5L+pLV85wqYodxnJrqGzqH/dUas5ZmrJnS/7ixjWBd1enYSr+WDOCsuPLI+ZQmjy8OYgF+6P5+H2BPYkTp0C4RWcGL5PVUdXk14Tdy5ulxLPuP5NUDeLHfRkXPTdKaOfG1+wN5JuI/1IUd2xFFGE3AAoexfJRCRILjp1M5Fe43qmxHnsCdCvfbZo8AgRLiB8dBpizaV4t5ElzNzwE25ny0T5tG5VVms7sQKbEWA5Icx4GLR95jNp7QkPsT5UVZpFw8PBPma7+QqaJhhiGHg1tI4sQnJ0IudwffQo3hI8XDf2OMTcDXwn+546KYoOvchYDj/TcSzWgWU5ANjkBybvt+Z2rmoHOnRk/poD3/6CGjZTxuFd7JENcvi1jG08vvkydXIcJlub/nayOHnLPyOVifUUVQJY6fx5DQGRaWzFQyKrLnsb7JdmSvYiCga2JJBtpKiyZcWsRwmTNauCBuz7WiMb5VDY6edLOwcGD5oARj+Ux+UUEoggORtkv+dDcjJoX9GurH8YpMYoZ0g6EzXx++3isykSW5tr2hLqjYuERHlLT06Ijroq7LSyU6GS+oF52yfypiNcXvLkJFrOB6phtm6eHpxXI2rOwME/FJLDK1D4zD67oY3UyxxqmEBBTzF5rHSQHY9P4MpYnDJKtdvZN0E6KtLwo4cYqRltiEl4p8UKTFi23mDfflZ8/aqo65Iiw1ZhqJDXGtN4+AknB4tv8f69zXNQRgNpPCfGFwn4l0QkIxQlsE6xaWj+hbeG+NoYQl6AWIG9z8+5bldwMb0HOyu2/kQKK48Zj4SynJIdKuE30DoPY/LVtJO3EtoN0+ciTQmf7bjcti+LgIpvVlk5xgOyX4ILo+kZIF3y6K0D1LDx9FxRTLntj0R9Y7Gd2k0eDX1bOpzTPyi8qfYDuU/EkhVuDuNq/DHZpNHtlGahZYHkEOcgUi83W66AZA/8H/Z2270TLiyNYtNmLY7pkLS4ckorjk1lpVbamEBiYQTq0FmNpf3+E1/VyLu0JivrXjTBoUSgLYT5qfutHIltmRI4HXOyAtK4bdJ0PkryybCp5U2DiJi2lV1cW6e3c5T6to=



==== 12/05/2026 07:37:58 - OSTATTUS-RESPONSE-TOKEN ======

eyJhbGciOiJIUzUxMiJ9.eyJzdWIiOiJJREFNMjQwMTIwMjQxMTEyMjg2MSIsImFnZW5jeV9jb2RlIjpudWxsLCJjcmVhdGVkIjoxNzc4NTUwNjE2ODY2LCJhY2Nlc3NfY29kZSI6ImV5SmhiR2NpT2lKU1V6STFOaUlzSW5SNWNDSTZJa3BYVkNKOS5leUp6ZFdJaU9pSkpSRUZOTWpRd01USXdNalF4TVRFeU1qZzJNU0lzSW1adVlXMWxJam9pVTFWQ1NFRlRJRk5CUzFKRlVGQkJJRk5CVGtkQlZFa2lMQ0oxYzJWeWMzUmhkSFZ6SWpvaU1TSXNJbVZ1ZEdsMGVXeHBjM1FpT2xzaVRFbERYME5WVTFSUFRVVlNYMUJQVWxSQlRDSmRMQ0p5YjJ4bGN5STZXeUpFVHlKZExDSnBjM01pT2lKQlVsZ2lMQ0p0YjJKcGJHVWlPaUk1T1RBeE5qSXpNRGsySWl3aVlYVmtJam9pWkdWbVlYVnNkQ0lzSW14dVlXMWxJam9pVTFWQ1NFRlRJRk5CUzFKRlVGQkJJRk5CVGtkQlZFa2lMQ0oxYzJWeVZIbHdaU0k2SWpFaUxDSmxlSEFpT2pFM056ZzFOemt6TkRZc0ltbGhkQ0k2TVRjM09EVTFNRFUwTml3aWFuUnBJam9pT1RKbFpHSmpNekF0WW1GaU9DMDBZbUU0TFRreVpEVXRPV0l6TVRZeE5ESXhOR1kySWl3aVpXNTBhWFI1SWpvaVRFbERYME5WVTFSUFRVVlNYMUJQVWxSQlRDSXNJbVZ0WVdsc0lqb2ljM056WVc1bllYUnBNakkxUUd4cFkybHVaR2xoTG1OdmJTSjkuR1oycnhnaE05MlhiQ3BHbVB3NFRDTWp4cXNCMFdjQkhYOVRxRnlDaUdXWVlwQ2V3c2JHWjFZQXEyaXhmLW8tZi1ybzk1VDJ0SkRMc0tsbFk1a3R0ellBUmlNcEdUV2MzSTgtTU9QejBfeG5WYlBxUjdVbnpTaXRMRm5LVEVRYmVfRG05cXI4eGxxaldkNk9YSmZsbUR3aEt3azctdG1qSUpfTUozdldFUkotREJlOUI4S3FwTktmM1RxWGVHSkh1ZVctWWlTN0ZOVmFtMHpyNDM1UmlObG1WdVIzSUh1VzRMZ2czZmZTVXJjSF9EV3pDLTJrXzFFanFUUFA3dGZ0djdnVTc0UGpDcS13Z014VldBb1ZmYWZqN0dVbnRtN3Z0LVNsQWJFNHBBT3F0dHlTazI0R2U1akh6cHNIYlpVZGpYbjNBaE1xMExjb1FLVlZ1a2V0NDdRIiwicm9sZXMiOlsiRE8iXSwiY2xpZW50SXAiOm51bGwsImVudGl0bGVtZW50IjpbXX0.6LLginw2EnoqMQft2oKSYT56zpy5HWV9qCnUbcRgLj6Y4zTFW42zsujtSAf3J7ICr1BTmXNMWZMny9VM1q_20A



==== 12/05/2026 07:37:58 - POST-URL ======

https://ebizapp01.licindia.in/BFFService/policy/policyInfo?_dc=1778551678364



==== 12/05/2026 07:38:01 - POST-URL ======

{"confirmationId":null,"status":"200","resultInfoList":null,"count":0,"policy":{"policyNumber":"325233212","planName":"LIC's New Endowment Plan","mode":"6","noOfDues":1,"premium":"1440.00","commenceDate":"2023-05-05","nameOfAssured":"R.M.Hidhesh","agencyCode":"0090976F ","developmentOfficerCode":"87070","plan":"914","policyTerm":"35","firstUnpaidPremiumDate":"2026-05-05","cdCharge":"0","serviceBranch":"76F ","sumAssured":"100000","policyStatus":"21","dob":"2007-10-04","ageAtEntry":16,"planDetails":{"plan":914,"planType":null,"planDesc":null,"premiumDueDuration":6,"premiumDueDurationType":"M","payPremiumAdvance":30,"payPremiumAdvanceType":"D","gracePeriod":30,"gracePeriodType":"D","serviceTaxRateFirstYr":4.5,"serviceTaxRateNextYrs":2.25,"serviceTaxRateEduCess":0.0,"topUpAllowed":null,"multiplyTopupAmt":null,"topupLimitCriteria":null,"topupNoPayBefMaturity":null,"planCategory":"EN","freeCoverCond":null,"freeCoverFUP":null,"campaignStartDate":"2026-01-01","campaignEndDate":"2026-03-02","percentageofwaiver":30.0,"maxLimitofwaiver":3000.0,"waiversAllowedNum":1,"lateFeeWaiverInd":"Y","discountPercentFirstYr":null,"discountPercentSecondYr":null,"discountPercentThirdYr":null,"discountPercentSubYr":null,"discountFromDate":null,"discountToDate":null,"maxLimitWaiverFstYr":null,"maxLimitWaiverScndYr":null,"maxLimitWaiverThirdYr":null,"maxLimitWaiverSubYr":null,"discountParameter":null,"graceprdExtFlag":null,"graceprdExtFrmDate":null,"graceprdExtToDate":null,"graceprdPrcntWaiver":null,"maxWaiverLimitgraceprd":null,"gstCdCharge":0.0,"gstLateFeeRateFirstYr":18.0,"gstLateFeeRateNextYrs":18.0,"dateOfLaunch":"01/02/2020","beforeLaunch":"N","centralGSTPercentage":50,"discountPeriod":null,"discountPeriodType":null},"eligible":true,"lateFeeRequired":false,"recordId":"O","premiumPayingTerm":35,"policyBenefits":"100000","dueAmount":"1440.00","taxExemption":false,"age":"19","eserviceEligible":false,"policyUlip":false,"dateOfLastPayment":"2057-11-05","dateOfMaturity":"2058-05-05","statusShortDesc":"In Force","nav":"For NAV details please contact your Servicing Branch / Customer Zone","altChannelId":"0 ","riderPolicy":false,"minorChild":false,"accountingBookCode":1,"payedPolicy":false,"advancePayedPolicy":false,"lastAccountDate":"2026-02-27","noBonusYears":0,"bonusInfo":{"totalRevBonus":8800,"totalInterimBonus":4400,"totalFAB":0,"totalGuaranty":0,"totalLoyalty":0,"totalOneTimeBonus":0.00,"messageCode":null,"calulationSheetHTML":"<table border=1><tr class=grey-bg><td>From</td><td>Upto</td><td>Year</td><td>Type</td><td>Factor</td><td>Rate</td><td>Bonus </td></tr><tr class=grey-bg><td>2023-05-05</td><td>2024-05-05</td><td>2024</td><td>V</td><td>1.0</td><td>44.00</td><td>4400.00</td></tr><tr class=grey-bg><td>2024-05-05</td><td>2025-05-05</td><td>2025</td><td>V</td><td>1.0</td><td>44.00</td><td>4400.00</td></tr><tr class=grey-bg><td>2025-05-05</td><td>2026-05-05</td><td>2025</td><td>I</td><td>1.0</td><td>44.00</td><td>4400.00</td></tr><tr class=grey-bg><td colspan=7>Total Rev Bonus : 8800.00   Total Interim Bonus : 4400.00</td></tr></table> ","calulationSheetText":"From        Upto        Year Type Factor  Rate     Bonus \r\n2023-05-05  2024-05-05  2024  V     1.0   44.00    4400.00\r\n2024-05-05  2025-05-05  2025  V     1.0   44.00    4400.00\r\n2025-05-05  2026-05-05  2025  I     1.0   44.00    4400.00\r\n   Total Rev Bonus : 8800.00   Total Interim Bonus : 4400.00\r\n "},"isSpotRevivalAllowed":false,"discountApplicable":false,"advancePaymetEligible":false,"maturitySumAssured":0,"gstInNumber":"null","transactionAllowed":true,"dateOfShowMaturity":"2058-05-05","panFlag":false,"neftFlag":false,"itPan":"","neftStatus":"N","titleCode":"null","premiumGapFlag":false,"dghPolicyFlag":false,"policyExitStatus":false,"serviceRequestFlag":false,"nriGstFlag":false,"fyEndDate":"2027-03-31"},"person":{"policyNo":325233212,"birthDate":"2007-10-04","fullName":"R.M.Hidhesh","sex":"M","shortName":"Hidhesh R M","age":"16","profileMobileNo":null,"profileEmail":null,"profileUnMaskMobileNo":null,"profileUnMaskEmail":null},"address":{"policyNo":325233212,"address1":"S/O N.Murali,","address2":"3/914.Koneripatty,Extn 1,","address3":"Rasipuram.Po Tk,Namakkal Dt.","addressId":1,"pin":637408},"branch":{"branchCode":"76F ","address1":"LIC OF INDIA - 76F","address2":"NAMAKKAL ROAD","address3":"RASIPURAM","branchIp":"10.128.42.194","branchName":"LIC of India, Rasipuram Br Office","city":null,"dcCode":"X070","divCode":70,"eaiIndication":"Y","emailId":"BO_76F@LICINDIA.COM","man":null,"odsIndication":"N","pin":null,"state":"null"},"agent":{"agencyCode":"0090976F ","address1":"D/O.K.Jayaraman,Jai Ganesh Lorry","address2":"Service,T.P.Kadu,Moolapallipatty.Po","address3":"Rasipuram.Tk & Namakkal .Dt.","agentName":"J.Renukadevi","birthDate":"1976-03-10","category":2,"city":null,"disabilityCode":1,"enteredDate":"2026-05-12T01:13:13.000+00:00","itaxPanNo":"ANZPR4228B","occupationCode":12,"pin":637406,"qualificationCode":3,"sex":"F"},"nominees":[],"billingInfo":{"policyNumber":"325233212","nameOfAssured":"R.M.Hidhesh","planName":"LIC's New Endowment Plan","plan":914,"mode":"6","premium":1440,"sumAssured":100000,"status":null,"firstUnpaidPremiumDate":"2026-05-05","nextFup":null,"dueAmount":"1440.00","payedPolicy":false,"noOfDues":1,"eligible":true,"spotRevival":false},"policyContact":{"policyNo":325233212,"dataSource":"B","emailAddress":"priyahithesh@gmail.com                  ","enteredDate":"2026-02-28T20:00:17.924+00:00","mobileNo":"919865143555","countryCode":null,"telephoneNo":"null","panNo":null},"policyExtra":{"accumTerm":0},"policyAnnuity":null,"userRegistered":"N","assignmentDetails":[],"ulipExtra":{"giveCashAmount":0},"bonusErrorMessage":null,"qpayPolicy":{"policyNumber":"325233212","dob":"04/10/2007","emailId":"priyahithesh@gmail.com","mobileNo":"9865143555","premium":"1440","key":"324479"}}



==== 12/05/2026 07:38:18 - OSTATTUS-RESPONSE-TOKEN ======

lfsHuYO36j3Ce1fcfZTJ9V5VN2i2dfewO9y37hN1kmuMxCQiKeOTwZR5eR9MG1PO1inEZU6R3iFvNRp06irey2UX6vBPQJeLlbZInGjVe8iFGlWlSFZ+jlmrpp5VByvE2Gzo4eWT+Ba8VKdUB0bjKGRnyTh85LtV1Tmv54oJAGXJ80VKTSfWNSchbp9Czhh6Hhmb1xPgZBljKTBdQqXi9Plrw2sxBt+HWwUZJMPmo4lUneYCRlSrGK3nxzlGLcY148X/h7f93UqH/J4Sim8EGtVxYiayhuG7PGqtgCdAbQ5dU+rhsk99emtciuDsx6cDDN/hqG++D/YCk2k7cIgH8tadBCQkqhlM16JzJPbaVkajfKe0Q3Mr0zvLQiHH+HS6DUhr8454k1/MlTPxKaDMtgvNF2QQcttR7PHfunHS6keq/EsdbcH05HJ+RoY8J0VGpt/W77eYgGIeoPZjvdrJjc3iRmUT3j1D7TVROusT2V5DFuCfcP+0A59Hk2B05AoLapx8iJOxX+j+SENIbYymlpL7xEn/7kGpw05mtZFl2Joz2YYxerPpd9x7F+98a9hOuskZEOCHtnoVakzEK3rYIlz5aP2KTSYE9yHkGOvX9Q0/QPY915RW7CnDg+513v1w3nPiPzZQrd4sUsOhegjFTEH24jDe5mnMx8d4r+FGWrXs8+wgArQYwkhKC/hsWC7sT+38QGidLDlL58hsOCTSPCDZSYMKwub7Cd5uT2R2dcXpuAqb+vI0OgW2Xb8AN8gzIj2haWBH9+idFONJs5KUiWdObPxBHgh3VXv0Nyhn+nB+/oSiKVD0UgBZiOI97jzOwKKUwn7KJU0fVZ7PTiNslBMGV/8zP6PeCS6Bolti6kGRuNSykD0qNslPCtApkNW88zu0hphgOno67f7h3ylUlsm/bIlMAgZtJEnIQSAo0V+5AFZZ1n8qgFwNLW5ATJ42RHqPqAypNMPa4FQMiuWIrfmLXn6Gnzl2nOxgWLLJqGvmQ+cWauBQPnJyqf1gTj3fHO7bbEgtldp3l9JgJiVRB8sT6nEre8eoXlKU22TMZ0pNSVJPnZAhks65IoT1PxhKZiadyQMEeQFwfcpXntKJ2rlqtUwTCKrjqr+czTgdAi2JSvzn/j8YQsVOepNtRBlSOieni8LAG1jNNAnfOgeD0Il/QCJcqzM3kaDSGkgJrGwYpHYE8005cgBNCkpVoalkALIRzKr1yFt6bFCH6v9s0Ac2Taq1JI+4vk5s+PIEd1h4bYTUwjYaQXUO3QIiZsoN2KHBPDI2UnPAavbxpaEqdFjbkx4dnaOq/ZlEYIKXvg6Pii4QvueyJd/FXQawQn5/YO2umC+vPBhtmXyclh+d0s4h5aEZdpN+ySDWBx6jjpf8z/ClLEHUgtMKmvEWMNlrRcoyCvGZnljArRHEEO5gWoGGksOOpy8gkxrSEpm1SocILV/SVhJAyktTQ9YkaCTsWeI+uROSNSgw6DXL098MBAapqUxrVyybrTuTyvtmkPoK9MF8C+vIVfKRYoyhDWJA4n9KNyegs5MhSLAaRbs5Dp1wmAJMBXyEch5o1PupiqP6CAjEVfCryx+81yHuOgX7PsN941hJUpIcJSE7jmnjg9Rg5u+b3TUlS9K9Jqea0qK+jFzQ4F0N1JSrYYWUy5wQE0fyZHlEnI/5NP72SB8mmB3XAegoBEJgLIQdljNB0Hoh5AInUUX0/WTKDkvwKt7oAc+8DVjKE5VevxYPKYXRvk+dtpTKQozqXQac51EUhFwl5GRyyaIu9i6w7Z0aDwHPk1fogPkW8H3GK59ZxPHm4A4HmpPHo4ZPGCTA2HHAhFdpZrIacUtztJUSxfz3II7wHyZ5sxyNX4tBBczF7IKCGC9mznKI0V6rgqf7qGhXJuUY+1B6obk69w2VzyXIzbz4M/tOceAYD5B4DpMa1xka8BjAQJYphIUrJL6AX704ZiBvneOB+Olv81lLZvJA89EvSGO3tVAOD9P4cRc=



==== 12/05/2026 07:38:18 - OSTATTUS-RESPONSE-TOKEN ======

eyJhbGciOiJIUzUxMiJ9.eyJzdWIiOiJJREFNMjQwMTIwMjQxMTEyMjg2MSIsImFnZW5jeV9jb2RlIjpudWxsLCJjcmVhdGVkIjoxNzc4NTUwNjE2ODY2LCJhY2Nlc3NfY29kZSI6ImV5SmhiR2NpT2lKU1V6STFOaUlzSW5SNWNDSTZJa3BYVkNKOS5leUp6ZFdJaU9pSkpSRUZOTWpRd01USXdNalF4TVRFeU1qZzJNU0lzSW1adVlXMWxJam9pVTFWQ1NFRlRJRk5CUzFKRlVGQkJJRk5CVGtkQlZFa2lMQ0oxYzJWeWMzUmhkSFZ6SWpvaU1TSXNJbVZ1ZEdsMGVXeHBjM1FpT2xzaVRFbERYME5WVTFSUFRVVlNYMUJQVWxSQlRDSmRMQ0p5YjJ4bGN5STZXeUpFVHlKZExDSnBjM01pT2lKQlVsZ2lMQ0p0YjJKcGJHVWlPaUk1T1RBeE5qSXpNRGsySWl3aVlYVmtJam9pWkdWbVlYVnNkQ0lzSW14dVlXMWxJam9pVTFWQ1NFRlRJRk5CUzFKRlVGQkJJRk5CVGtkQlZFa2lMQ0oxYzJWeVZIbHdaU0k2SWpFaUxDSmxlSEFpT2pFM056ZzFOemt6TkRZc0ltbGhkQ0k2TVRjM09EVTFNRFUwTml3aWFuUnBJam9pT1RKbFpHSmpNekF0WW1GaU9DMDBZbUU0TFRreVpEVXRPV0l6TVRZeE5ESXhOR1kySWl3aVpXNTBhWFI1SWpvaVRFbERYME5WVTFSUFRVVlNYMUJQVWxSQlRDSXNJbVZ0WVdsc0lqb2ljM056WVc1bllYUnBNakkxUUd4cFkybHVaR2xoTG1OdmJTSjkuR1oycnhnaE05MlhiQ3BHbVB3NFRDTWp4cXNCMFdjQkhYOVRxRnlDaUdXWVlwQ2V3c2JHWjFZQXEyaXhmLW8tZi1ybzk1VDJ0SkRMc0tsbFk1a3R0ellBUmlNcEdUV2MzSTgtTU9QejBfeG5WYlBxUjdVbnpTaXRMRm5LVEVRYmVfRG05cXI4eGxxaldkNk9YSmZsbUR3aEt3azctdG1qSUpfTUozdldFUkotREJlOUI4S3FwTktmM1RxWGVHSkh1ZVctWWlTN0ZOVmFtMHpyNDM1UmlObG1WdVIzSUh1VzRMZ2czZmZTVXJjSF9EV3pDLTJrXzFFanFUUFA3dGZ0djdnVTc0UGpDcS13Z014VldBb1ZmYWZqN0dVbnRtN3Z0LVNsQWJFNHBBT3F0dHlTazI0R2U1akh6cHNIYlpVZGpYbjNBaE1xMExjb1FLVlZ1a2V0NDdRIiwicm9sZXMiOlsiRE8iXSwiY2xpZW50SXAiOm51bGwsImVudGl0bGVtZW50IjpbXX0.6LLginw2EnoqMQft2oKSYT56zpy5HWV9qCnUbcRgLj6Y4zTFW42zsujtSAf3J7ICr1BTmXNMWZMny9VM1q_20A



==== 12/05/2026 07:38:18 - POST-URL ======

https://ebizapp01.licindia.in/BFFService/policy/policyInfo?_dc=1778551698780



==== 12/05/2026 07:38:22 - POST-URL ======

{"confirmationId":null,"status":"200","resultInfoList":null,"count":0,"policy":{"policyNumber":"706215893","planName":"Jeevan Kishore","mode":"12","noOfDues":1,"premium":"9221.00","commenceDate":"2013-05-09","nameOfAssured":"S.Lohithraj","agencyCode":"0090976F ","developmentOfficerCode":"9999999","plan":"102","policyTerm":"21","firstUnpaidPremiumDate":"2026-05-09","cdCharge":"0","serviceBranch":"76F ","sumAssured":"200000","policyStatus":"21","dob":"2012-10-03","ageAtEntry":0,"planDetails":{"plan":102,"planType":null,"planDesc":null,"premiumDueDuration":6,"premiumDueDurationType":"M","payPremiumAdvance":30,"payPremiumAdvanceType":"D","gracePeriod":1,"gracePeriodType":"M","serviceTaxRateFirstYr":4.5,"serviceTaxRateNextYrs":2.25,"serviceTaxRateEduCess":null,"topUpAllowed":null,"multiplyTopupAmt":null,"topupLimitCriteria":null,"topupNoPayBefMaturity":null,"planCategory":"EN","freeCoverCond":null,"freeCoverFUP":null,"campaignStartDate":"2026-01-01","campaignEndDate":"2026-03-02","percentageofwaiver":30.0,"maxLimitofwaiver":3000.0,"waiversAllowedNum":1,"lateFeeWaiverInd":"Y","discountPercentFirstYr":null,"discountPercentSecondYr":null,"discountPercentThirdYr":null,"discountPercentSubYr":null,"discountFromDate":null,"discountToDate":null,"maxLimitWaiverFstYr":null,"maxLimitWaiverScndYr":null,"maxLimitWaiverThirdYr":null,"maxLimitWaiverSubYr":null,"discountParameter":null,"graceprdExtFlag":null,"graceprdExtFrmDate":null,"graceprdExtToDate":null,"graceprdPrcntWaiver":null,"maxWaiverLimitgraceprd":null,"gstCdCharge":0.0,"gstLateFeeRateFirstYr":18.0,"gstLateFeeRateNextYrs":18.0,"dateOfLaunch":"15/12/1990","beforeLaunch":"Y","centralGSTPercentage":50,"discountPeriod":null,"discountPeriodType":null},"eligible":true,"lateFeeRequired":false,"recordId":"O","premiumPayingTerm":21,"policyBenefits":"200000","dueAmount":"9221.00","taxExemption":false,"age":"14","eserviceEligible":false,"policyUlip":false,"dateOfLastPayment":"2033-05-09","dateOfMaturity":"2034-05-09","statusShortDesc":"In Force","nav":"For NAV details please contact your Servicing Branch / Customer Zone","altChannelId":"0 ","riderPolicy":false,"minorChild":false,"accountingBookCode":1,"payedPolicy":false,"advancePayedPolicy":false,"lastAccountDate":"2025-07-17","noBonusYears":0,"bonusInfo":{"totalRevBonus":111400,"totalInterimBonus":8800,"totalFAB":0,"totalGuaranty":0,"totalLoyalty":0,"totalOneTimeBonus":0.00,"messageCode":null,"calulationSheetHTML":"<table border=1><tr class=grey-bg><td>From</td><td>Upto</td><td>Year</td><td>Type</td><td>Factor</td><td>Rate</td><td>Bonus </td></tr><tr class=grey-bg><td>2013-05-09</td><td>2014-05-09</td><td>2014</td><td>V</td><td>1.0</td><td>48.00</td><td>9600.00</td></tr><tr class=grey-bg><td>2014-05-09</td><td>2015-05-09</td><td>2015</td><td>V</td><td>1.0</td><td>48.00</td><td>9600.00</td></tr><tr class=grey-bg><td>2015-05-09</td><td>2016-05-09</td><td>2016</td><td>V</td><td>1.0</td><td>53.00</td><td>9600.00</td></tr><tr class=grey-bg><td>2015-05-09</td><td>2016-05-09</td><td>2016</td><td>O</td><td>1.0</td><td>5.00</td><td>1000.00</td></tr><tr class=grey-bg><td>2016-05-09</td><td>2017-05-09</td><td>2017</td><td>V</td><td>1.0</td><td>48.00</td><td>9600.00</td></tr><tr class=grey-bg><td>2017-05-09</td><td>2018-05-09</td><td>2018</td><td>V</td><td>1.0</td><td>48.00</td><td>9600.00</td></tr><tr class=grey-bg><td>2018-05-09</td><td>2019-05-09</td><td>2019</td><td>V</td><td>1.0</td><td>48.00</td><td>9600.00</td></tr><tr class=grey-bg><td>2019-05-09</td><td>2020-05-09</td><td>2020</td><td>V</td><td>1.0</td><td>44.00</td><td>8800.00</td></tr><tr class=grey-bg><td>2020-05-09</td><td>2021-05-09</td><td>2021</td><td>V</td><td>1.0</td><td>44.00</td><td>8800.00</td></tr><tr class=grey-bg><td>2021-05-09</td><td>2022-05-09</td><td>2022</td><td>V</td><td>1.0</td><td>44.00</td><td>8800.00</td></tr><tr class=grey-bg><td>2022-05-09</td><td>2023-05-09</td><td>2023</td><td>V</td><td>1.0</td><td>44.00</td><td>8800.00</td></tr><tr class=grey-bg><td>2023-05-09</td><td>2024-05-09</td><td>2024</td><td>V</td><td>1.0</td><td>44.00</td><td>8800.00</td></tr><tr class=grey-bg><td>2024-05-09</td><td>2025-05-09</td><td>2025</td><td>V</td><td>1.0</td><td>44.00</td><td>8800.00</td></tr><tr class=grey-bg><td>2025-05-09</td><td>2026-05-09</td><td>2025</td><td>I</td><td>1.0</td><td>44.00</td><td>8800.00</td></tr><tr class=grey-bg><td colspan=7>Total Rev Bonus : 111400.00   Total Interim Bonus : 8800.00</td></tr></table> ","calulationSheetText":"From        Upto        Year Type Factor  Rate     Bonus \r\n2013-05-09  2014-05-09  2014  V     1.0   48.00    9600.00\r\n2014-05-09  2015-05-09  2015  V     1.0   48.00    9600.00\r\n2015-05-09  2016-05-09  2016  V     1.0   53.00    9600.00\r\n2015-05-09  2016-05-09  2016  O     1.0   5.00    1000.00\r\n2016-05-09  2017-05-09  2017  V     1.0   48.00    9600.00\r\n2017-05-09  2018-05-09  2018  V     1.0   48.00    9600.00\r\n2018-05-09  2019-05-09  2019  V     1.0   48.00    9600.00\r\n2019-05-09  2020-05-09  2020  V     1.0   44.00    8800.00\r\n2020-05-09  2021-05-09  2021  V     1.0   44.00    8800.00\r\n2021-05-09  2022-05-09  2022  V     1.0   44.00    8800.00\r\n2022-05-09  2023-05-09  2023  V     1.0   44.00    8800.00\r\n2023-05-09  2024-05-09  2024  V     1.0   44.00    8800.00\r\n2024-05-09  2025-05-09  2025  V     1.0   44.00    8800.00\r\n2025-05-09  2026-05-09  2025  I     1.0   44.00    8800.00\r\n   Total Rev Bonus : 111400.00   Total Interim Bonus : 8800.00\r\n "},"isSpotRevivalAllowed":false,"discountApplicable":false,"advancePaymetEligible":false,"maturitySumAssured":0,"gstInNumber":"null","transactionAllowed":true,"dateOfShowMaturity":"2034-05-09","panFlag":false,"neftFlag":false,"itPan":"","neftStatus":"N","titleCode":"null","premiumGapFlag":false,"dghPolicyFlag":false,"policyExitStatus":false,"serviceRequestFlag":false,"nriGstFlag":false,"fyEndDate":"2027-03-31"},"person":{"policyNo":706215893,"birthDate":"2012-10-03","fullName":"S.Lohithraj","sex":"M","shortName":"Lohithraj","age":"0","profileMobileNo":null,"profileEmail":null,"profileUnMaskMobileNo":null,"profileUnMaskEmail":null},"address":{"policyNo":706215893,"address1":"S/O S.Saravanan","address2":"116 21-D , Koneripatti Extn 2","address3":"Rasipuram Po, ,Namakkal Dt","addressId":1,"pin":637408},"branch":{"branchCode":"76F ","address1":"LIC OF INDIA - 76F","address2":"NAMAKKAL ROAD","address3":"RASIPURAM","branchIp":"10.128.42.194","branchName":"LIC of India, Rasipuram Br Office","city":null,"dcCode":"X070","divCode":70,"eaiIndication":"Y","emailId":"BO_76F@LICINDIA.COM","man":null,"odsIndication":"N","pin":null,"state":"null"},"agent":{"agencyCode":"0090976F ","address1":"D/O.K.Jayaraman,Jai Ganesh Lorry","address2":"Service,T.P.Kadu,Moolapallipatty.Po","address3":"Rasipuram.Tk & Namakkal .Dt.","agentName":"J.Renukadevi","birthDate":"1976-03-10","category":2,"city":null,"disabilityCode":1,"enteredDate":"2026-05-12T01:13:13.000+00:00","itaxPanNo":"ANZPR4228B","occupationCode":12,"pin":637406,"qualificationCode":3,"sex":"F"},"nominees":[],"billingInfo":{"policyNumber":"706215893","nameOfAssured":"S.Lohithraj","planName":"Jeevan Kishore","plan":102,"mode":"12","premium":9221,"sumAssured":200000,"status":null,"firstUnpaidPremiumDate":"2026-05-09","nextFup":null,"dueAmount":"9221.00","payedPolicy":false,"noOfDues":1,"eligible":true,"spotRevival":false},"policyContact":{"policyNo":706215893,"dataSource":"B","emailAddress":"null","enteredDate":"2025-07-18T20:00:12.973+00:00","mobileNo":"919994712276","countryCode":null,"telephoneNo":"null","panNo":null},"policyExtra":{"accumTerm":0},"policyAnnuity":null,"userRegistered":"N","assignmentDetails":[],"ulipExtra":{"giveCashAmount":null},"bonusErrorMessage":null,"qpayPolicy":{"policyNumber":"706215893","dob":"03/10/2012","emailId":null,"mobileNo":"9994712276","premium":"9221","key":"020159"}}



==== 12/05/2026 07:38:38 - OSTATTUS-RESPONSE-TOKEN ======

B/nzlrQdhywAmQhxLhk4NCFeT8OB2BVpcqfBk8eySS80/qwPb3+/AOsaQeBj1Hh5HH/TVshAmRAaj0zeQO8n6PWAscXMh/Jq7LgUBiIpH5HDyVx8UekGUvrg/XL/EZVDcYmqQn/5aKBnsYjc6CKIIQZElWGj0crN1YYNDI7KUlbCIFT0usy0+9Rbgk8SbSlLRZpw/qV0BmT6Xhsgyrr+d21rZ6l6RB2WXRuE7xccNb+CHACVqmRkvmIix37XoEmC6tLWg4lSu/e9buqfeKmdJuz/hWhr4AjCernvHWWca26tBUiMMsbSZdjHMLbf7o7gfj4PmDBB+nkL7JVPtNWsNbBjP1uJqi3oKD5lS3cv7s3u1vL4lkrjhSCleidBKUr4PGwNGLcB54SVAApcZeChQgJkn179fxLij7ezqQcFqQgkg0Ip2c+1SRKfdzqFqHM5oEp0aAwV5qIRwilU1VKomYNkK+Yx8/w2FzW9mHQ5ihytTAR3fRBYFVZzRpy0bCx2af/+LxqsXLm2tArHBp0Rut0Gc99WiHLRXh1ivqoyHADUMPbU1YUp2fK8NNJBiYwXtudYKfWLTFi8s/HTlFsl5HHDrTspof4nW+saNUlJctRVQnTAiXKzG2Lm+vTmLL06cV+qLW5tivQt0GFoc0IOE4cl28DpA296ayAz79za1mXET3HUpnIxVZNjcshmGvDtMoAm2duKZs996oRYPQgnqdELTz6gVbgB1F54ymUA5bmctsbZaz2WVeXcUKT3rBl42C/W1yAgLNR08OGeBpFh7j5/LA0PsnjzDXRAG9NkEA9c6YvHV5mPVqqJZzQUY9oIOrfNT72KzzYSP47Y5uaWHhiw9PcMqcXfD8qlzUSIj2ajbQJ1SV2nfkIjZXIhC0MJtWgyhu/WiqFmfSbSRS0Etyd14Gf1tmQXP6afdW0tYvwesuYfPtR5PGHD++hWIElfEosFbBbtAE8SIHbISQtRCO8rwz0fnKhn3edqKy7YHsCojCk5+UYiaSViAO80Q94bkbCUTnl7xRipJaTWXKOMXl6Nq+HZQcZjClBAe4PaqsfCBcB15JSStj4xglONeFn3e2b7WcIgGC58W3hDpUlTMXPMHAdlBu/5JoX3fCJPHTjZQdbQM6gbGKGz3ETvL+MXjw3B6IaqyS/0+L0AATeFzNH5+rAQnTCvphDxqmHdbQJNQ+8lQGChwjW63kyhoXK2PFVivvw0L9pcrxPQgpqaqxIGjYsmeOEMNm3qVKdWLe4noTv0VLL21TFFEG9BwKe4WQDSeigt7YBpGhnrWICLMe7LCXPyKoMYOEvcwUnajBA/Epz3wLczUfbqFIFXSxqdPQ4X/PISvYQLQLyjH3bLovjV594dzrGOzCgwLdwUlUgrsT96Xt2qA0Ow8GbqOpsK6Nwi9VLPsXYIW6+dxNAk9w/LJCRqnaZp/IojNjrraHA/pdkfXprzXawUsftFi7LrJhDGS+YciQY1URkmFqqDIBVQkxEVXUY29b7dApnZ8KWgNBbSFBZWwQTFTMY72Kra9Ut0o9fxxbby/31+KEsi+AEBSNOg71ao1mslZHALr8RSA3D6f/KJPlVoGvq6yE6JiLhenxHZErVRrXvIruDUhxTwhMYKymeePEJPs+EmAAjCiBq22nUjaCvCcXcdr2++oluX3qi2IwFAhgRysdJ7Y/DgZJv19PAVUUMczSpwBDHIsOXM61xJWwqO7fmuv0gzxE5weXa4A3cz/zhwSUUDdL1BJiXVv8yOpa64hXzJlnhj9WDwSpZ5p/deASFuvpA+bDFfToDGb7yGSM0W8WVYHuik1B9j7a0xF0X1pvDLT+/w2ShyzLP4HnMC0OcAtnMPTGqrEyWyCtePk2HKhgmSlHow2JILiBPClOl6PjAEGbCBXdeisHE9qJyFk+xouIIFJMRhWxgXZOhW9GzO67JqmCs0sF/+sfaCMxXHQfgLiM6mojj6ytoyjpeCokJeZyPb/sQ3usUvfnPU5C8=



==== 12/05/2026 07:38:38 - OSTATTUS-RESPONSE-TOKEN ======

eyJhbGciOiJIUzUxMiJ9.eyJzdWIiOiJJREFNMjQwMTIwMjQxMTEyMjg2MSIsImFnZW5jeV9jb2RlIjpudWxsLCJjcmVhdGVkIjoxNzc4NTUwNjE2ODY2LCJhY2Nlc3NfY29kZSI6ImV5SmhiR2NpT2lKU1V6STFOaUlzSW5SNWNDSTZJa3BYVkNKOS5leUp6ZFdJaU9pSkpSRUZOTWpRd01USXdNalF4TVRFeU1qZzJNU0lzSW1adVlXMWxJam9pVTFWQ1NFRlRJRk5CUzFKRlVGQkJJRk5CVGtkQlZFa2lMQ0oxYzJWeWMzUmhkSFZ6SWpvaU1TSXNJbVZ1ZEdsMGVXeHBjM1FpT2xzaVRFbERYME5WVTFSUFRVVlNYMUJQVWxSQlRDSmRMQ0p5YjJ4bGN5STZXeUpFVHlKZExDSnBjM01pT2lKQlVsZ2lMQ0p0YjJKcGJHVWlPaUk1T1RBeE5qSXpNRGsySWl3aVlYVmtJam9pWkdWbVlYVnNkQ0lzSW14dVlXMWxJam9pVTFWQ1NFRlRJRk5CUzFKRlVGQkJJRk5CVGtkQlZFa2lMQ0oxYzJWeVZIbHdaU0k2SWpFaUxDSmxlSEFpT2pFM056ZzFOemt6TkRZc0ltbGhkQ0k2TVRjM09EVTFNRFUwTml3aWFuUnBJam9pT1RKbFpHSmpNekF0WW1GaU9DMDBZbUU0TFRreVpEVXRPV0l6TVRZeE5ESXhOR1kySWl3aVpXNTBhWFI1SWpvaVRFbERYME5WVTFSUFRVVlNYMUJQVWxSQlRDSXNJbVZ0WVdsc0lqb2ljM056WVc1bllYUnBNakkxUUd4cFkybHVaR2xoTG1OdmJTSjkuR1oycnhnaE05MlhiQ3BHbVB3NFRDTWp4cXNCMFdjQkhYOVRxRnlDaUdXWVlwQ2V3c2JHWjFZQXEyaXhmLW8tZi1ybzk1VDJ0SkRMc0tsbFk1a3R0ellBUmlNcEdUV2MzSTgtTU9QejBfeG5WYlBxUjdVbnpTaXRMRm5LVEVRYmVfRG05cXI4eGxxaldkNk9YSmZsbUR3aEt3azctdG1qSUpfTUozdldFUkotREJlOUI4S3FwTktmM1RxWGVHSkh1ZVctWWlTN0ZOVmFtMHpyNDM1UmlObG1WdVIzSUh1VzRMZ2czZmZTVXJjSF9EV3pDLTJrXzFFanFUUFA3dGZ0djdnVTc0UGpDcS13Z014VldBb1ZmYWZqN0dVbnRtN3Z0LVNsQWJFNHBBT3F0dHlTazI0R2U1akh6cHNIYlpVZGpYbjNBaE1xMExjb1FLVlZ1a2V0NDdRIiwicm9sZXMiOlsiRE8iXSwiY2xpZW50SXAiOm51bGwsImVudGl0bGVtZW50IjpbXX0.6LLginw2EnoqMQft2oKSYT56zpy5HWV9qCnUbcRgLj6Y4zTFW42zsujtSAf3J7ICr1BTmXNMWZMny9VM1q_20A



==== 12/05/2026 07:38:38 - POST-URL ======

https://ebizapp01.licindia.in/BFFService/policy/policyInfo?_dc=1778551718483



==== 12/05/2026 07:38:40 - POST-URL ======

{"confirmationId":null,"status":"200","resultInfoList":null,"count":0,"policy":{"policyNumber":"308656081","planName":"LIC's Jeevan Labh","mode":"6","noOfDues":1,"premium":"22548.00","commenceDate":"2019-04-15","nameOfAssured":"S Thilageswaran","agencyCode":"0090976F ","developmentOfficerCode":"315076","plan":"836","policyTerm":"16","firstUnpaidPremiumDate":"2026-04-15","cdCharge":"0","serviceBranch":"76F ","sumAssured":"500000","policyStatus":"21","dob":"1969-02-15","ageAtEntry":50,"planDetails":{"plan":836,"planType":null,"planDesc":null,"premiumDueDuration":6,"premiumDueDurationType":"M","payPremiumAdvance":30,"payPremiumAdvanceType":"D","gracePeriod":1,"gracePeriodType":"M","serviceTaxRateFirstYr":4.5,"serviceTaxRateNextYrs":2.25,"serviceTaxRateEduCess":0.0,"topUpAllowed":null,"multiplyTopupAmt":null,"topupLimitCriteria":null,"topupNoPayBefMaturity":null,"planCategory":"NORM","freeCoverCond":null,"freeCoverFUP":null,"campaignStartDate":"2026-01-01","campaignEndDate":"2026-03-02","percentageofwaiver":30.0,"maxLimitofwaiver":3000.0,"waiversAllowedNum":1,"lateFeeWaiverInd":"Y","discountPercentFirstYr":null,"discountPercentSecondYr":null,"discountPercentThirdYr":null,"discountPercentSubYr":null,"discountFromDate":null,"discountToDate":null,"maxLimitWaiverFstYr":null,"maxLimitWaiverScndYr":null,"maxLimitWaiverThirdYr":null,"maxLimitWaiverSubYr":null,"discountParameter":null,"graceprdExtFlag":null,"graceprdExtFrmDate":null,"graceprdExtToDate":null,"graceprdPrcntWaiver":null,"maxWaiverLimitgraceprd":null,"gstCdCharge":0.0,"gstLateFeeRateFirstYr":18.0,"gstLateFeeRateNextYrs":18.0,"dateOfLaunch":"01/04/2016","beforeLaunch":"N","centralGSTPercentage":50,"discountPeriod":null,"discountPeriodType":null},"eligible":true,"lateFeeRequired":false,"recordId":"O","premiumPayingTerm":10,"policyBenefits":"500000","dueAmount":"22548.00","taxExemption":false,"age":"57","eserviceEligible":false,"policyUlip":false,"dateOfLastPayment":"2028-10-15","dateOfMaturity":"2035-04-15","statusShortDesc":"In Force","nav":"For NAV details please contact your Servicing Branch / Customer Zone","altChannelId":"0 ","riderPolicy":false,"minorChild":false,"accountingBookCode":1,"payedPolicy":false,"advancePayedPolicy":false,"lastAccountDate":"2026-01-21","noBonusYears":0,"bonusInfo":{"totalRevBonus":120000,"totalInterimBonus":20000,"totalFAB":0,"totalGuaranty":0,"totalLoyalty":0,"totalOneTimeBonus":0.00,"messageCode":null,"calulationSheetHTML":"<table border=1><tr class=grey-bg><td>From</td><td>Upto</td><td>Year</td><td>Type</td><td>Factor</td><td>Rate</td><td>Bonus </td></tr><tr class=grey-bg><td>2019-04-15</td><td>2020-04-15</td><td>2020</td><td>V</td><td>1.0</td><td>40.00</td><td>20000.00</td></tr><tr class=grey-bg><td>2020-04-15</td><td>2021-04-15</td><td>2021</td><td>V</td><td>1.0</td><td>40.00</td><td>20000.00</td></tr><tr class=grey-bg><td>2021-04-15</td><td>2022-04-15</td><td>2022</td><td>V</td><td>1.0</td><td>40.00</td><td>20000.00</td></tr><tr class=grey-bg><td>2022-04-15</td><td>2023-04-15</td><td>2023</td><td>V</td><td>1.0</td><td>40.00</td><td>20000.00</td></tr><tr class=grey-bg><td>2023-04-15</td><td>2024-04-15</td><td>2024</td><td>V</td><td>1.0</td><td>40.00</td><td>20000.00</td></tr><tr class=grey-bg><td>2024-04-15</td><td>2025-04-15</td><td>2025</td><td>V</td><td>1.0</td><td>40.00</td><td>20000.00</td></tr><tr class=grey-bg><td>2025-04-15</td><td>2026-04-15</td><td>2025</td><td>I</td><td>1.0</td><td>40.00</td><td>20000.00</td></tr><tr class=grey-bg><td colspan=7>Total Rev Bonus : 120000.00   Total Interim Bonus : 20000.00</td></tr></table> ","calulationSheetText":"From        Upto        Year Type Factor  Rate     Bonus \r\n2019-04-15  2020-04-15  2020  V     1.0   40.00    20000.00\r\n2020-04-15  2021-04-15  2021  V     1.0   40.00    20000.00\r\n2021-04-15  2022-04-15  2022  V     1.0   40.00    20000.00\r\n2022-04-15  2023-04-15  2023  V     1.0   40.00    20000.00\r\n2023-04-15  2024-04-15  2024  V     1.0   40.00    20000.00\r\n2024-04-15  2025-04-15  2025  V     1.0   40.00    20000.00\r\n2025-04-15  2026-04-15  2025  I     1.0   40.00    20000.00\r\n   Total Rev Bonus : 120000.00   Total Interim Bonus : 20000.00\r\n "},"isSpotRevivalAllowed":false,"discountApplicable":false,"advancePaymetEligible":false,"maturitySumAssured":0,"gstInNumber":"null","transactionAllowed":true,"dateOfShowMaturity":"2035-04-15","panFlag":true,"neftFlag":false,"itPan":"AA******4G","neftStatus":"N","titleCode":"1","premiumGapFlag":false,"dghPolicyFlag":false,"policyExitStatus":false,"serviceRequestFlag":false,"nriGstFlag":false,"fyEndDate":"2027-03-31"},"person":{"policyNo":308656081,"birthDate":"1969-02-15","fullName":"S Thilageswaran","sex":"M","shortName":"Thilageswaran S","age":"50","profileMobileNo":null,"profileEmail":null,"profileUnMaskMobileNo":null,"profileUnMaskEmail":null},"address":{"policyNo":308656081,"address1":"S/O Sellappan","address2":"2783 Veerappan St,","address3":"Ramapuram Pudur Namakkal Dt","addressId":1,"pin":637001},"branch":{"branchCode":"76F ","address1":"LIC OF INDIA - 76F","address2":"NAMAKKAL ROAD","address3":"RASIPURAM","branchIp":"10.128.42.194","branchName":"LIC of India, Rasipuram Br Office","city":null,"dcCode":"X070","divCode":70,"eaiIndication":"Y","emailId":"BO_76F@LICINDIA.COM","man":null,"odsIndication":"N","pin":null,"state":"null"},"agent":{"agencyCode":"0090976F ","address1":"D/O.K.Jayaraman,Jai Ganesh Lorry","address2":"Service,T.P.Kadu,Moolapallipatty.Po","address3":"Rasipuram.Tk & Namakkal .Dt.","agentName":"J.Renukadevi","birthDate":"1976-03-10","category":2,"city":null,"disabilityCode":1,"enteredDate":"2026-05-12T01:13:13.000+00:00","itaxPanNo":"ANZPR4228B","occupationCode":12,"pin":637406,"qualificationCode":3,"sex":"F"},"nominees":[{"policyNo":308656081,"nomineeAge":39,"nomineeDob":null,"nomineeId":1,"nomineeName":"T SELVI","nomineeRegistrationDate":null,"nomineeRelation":"W","nomineeShare":100,"nomineeStatus":"B"}],"billingInfo":{"policyNumber":"308656081","nameOfAssured":"S Thilageswaran","planName":"LIC's Jeevan Labh","plan":836,"mode":"6","premium":22548,"sumAssured":500000,"status":null,"firstUnpaidPremiumDate":"2026-04-15","nextFup":null,"dueAmount":"22548.00","payedPolicy":false,"noOfDues":1,"eligible":true,"spotRevival":false},"policyContact":{"policyNo":308656081,"dataSource":"B","emailAddress":"null","enteredDate":"2026-04-30T20:00:11.208+00:00","mobileNo":"919442647968","countryCode":null,"telephoneNo":"null","panNo":null},"policyExtra":{"accumTerm":0},"policyAnnuity":null,"userRegistered":"N","assignmentDetails":[],"ulipExtra":{"giveCashAmount":null},"bonusErrorMessage":null,"qpayPolicy":{"policyNumber":"308656081","dob":"15/02/1969","emailId":null,"mobileNo":"9442647968","premium":"22548","key":"668543"}}



==== 12/05/2026 07:38:57 - OSTATTUS-RESPONSE-TOKEN ======

TvQhS5R+vV44IIpKZOg6C3PcSM9sB4+2TmlCIItzJsiwtvYUvzDYX5POH4JPgtwDLlGx9/Fc65R34eJq+xYBQlqQlRr0igIokGTWK19QRYO1XsM+FwQEGr3q4SNQVIqkXiCuzKYnvqxTa8+U2E092gDkzfOFaN8meogNGlFBaxRU8reqcRaG+B+fyAoPjYGrDQmXKSZLRdlMi4t7aX7k7vcq2GkkvoC7Sff8TZpIasNJ8eTlzJeNxoOjtuwokBzxGR3SeWWY3ggyvioGxdubPML4qxurgRyrbVGtz+EZh7ncwhTYJl0mz11oM1oYN+N0oBiPju+H5hCYkr5pPRnQY79KpfLOZzJtMsGJOqznDAJoenqIMj4LN9MkfqJwIDEigT172IkUAQCGkhnBK5RFmPiuI4l6uake/Nhg3rEZJYR+UxZc6vIj/jvQGUm1XqXbkpgKI8NhCMc1dRDJAdt6xZpCtx6JjfYuJ/tJKvnK27fPfPiVi7DdcUGu07su+nXMJKwxViOCtWvAfrvuMZHMpmOWXmvJ6uPYroN8zWVoYX4uQpOX4QkW0Z7zkOsdtyMq7MdGTWjuLucaXN8yRGK3hO/eF3XWJt1+BvnqTTpNMmsZIqApg1zie38VoR2nn5eaJOw2i2EyeW0CkTVW0/Wx3JpMabC23K5FaMrtJOFFzhMzST3Ho86IvZYrmwnerPJ56EqikNNvLBzmA0V6fBHpDzMudxqadd9d15f4rTdJAnZucAnT6Bf4tYuL7EqbrMF9gMNmWTm2c/6xy5eybDR/Hwt5ofbPBXfyfliS0gjsA4yZf7W9cc+W/6HQTBMNV6oQQcXUg9zjT7fEtSc0/PeRseM+PxTLRhwE4Gn5ZgS9XF7ktlwjJM+1laQh1TLUPf2spO0DkdRLqGFrXkRc+OqZzUatSZHY0X9cgU2ZEgWiKQLzhEgh4BAUD0ySt04OyuXjNBjVsYjR9mNpyLZ7Tl3RdZ8kEGbXEJK912UFVOysGrWxAaFSEjnLU2X5TeI1+WeoAAfSf43ofbDwSC4lI0FtRl/Y0X1+UyUumyDH9VprqIDjCUkz+61RMCDaoUsT/VsVDz4CPjDWti71Uc2U1Q2ubzLDUbdSBa4x32fEyWaOlY3CBOschTkEGKesGAIoDssqYPJucUoS1DpFU51pz7poBAdko5v8D3Jj6f+BDPA+IrylmrVdhOOsPhvBLxMbPsmsdpydERSL0bxG1WmL/spDEGCx1xJE1MgzSrbV9iOzfQHXIt+lqUMJbaEbq59r7brRD4V2b9pe/5/e0zFtxycrCSrSHKIIKHxbzKoFex8g0DT7hBRG9Fh+syS+Cer7B/+rqSClu0/rC1Aa0M8lCA4AwYEX0Koj/w1ctPlsFJEm0PAuuFxoymvUplPJIxG7t1aGbsGpM2EnjhbdQUoSlxiI6F2xAx1jNURRfJQ5hdwsHMgMcd0LTqVA7W7KmMcNxhtkakbfWwcgoR2/uGe79pjmK/R1HpiVo3nK4e8V7soLNZsT2ntbh1s3g4y3lg8gKrhzJMB7RN00LuJjzul3J68GRthQACwj2EoesoukBFAcIAP4QzQUTMEjPz6OEYb0aSBI8eKcrEgucdtlyGHctbc/cmyliR34Pfg1fGQHfLAMM37WUKoc/gmcroAlYTyLeFki3G7r1JgkSdYNTw4gYIwRQgfaq06DPb1/VOIFHkEmX1dOqNsNZAVKILrGew0Dt7ivbitpxh0pruKspufrQCjmJBK+qwBI4te6c7dFrMVN6kAmg5F8t7b3ouuLozk7Gu6oRev7RTwoXZJAygwxuF0xMjCKOX/k8EwslTMnSgBdxCmeELV87cBwK02ts2ruilKGm4UrnUtHwv4DiFxXxLv+lOzl34pY+zYOpLE/Ximc2kizYhw17VcfYQs9dqcdbF70tL2YB2S28t2LfNK3CoM+Mm6lGav/KNrNlwLmbQJBIKX1zcwgsDm8qeWvARI5545SO4xlLuGMH4QSqUI=



==== 12/05/2026 07:38:57 - OSTATTUS-RESPONSE-TOKEN ======

eyJhbGciOiJIUzUxMiJ9.eyJzdWIiOiJJREFNMjQwMTIwMjQxMTEyMjg2MSIsImFnZW5jeV9jb2RlIjpudWxsLCJjcmVhdGVkIjoxNzc4NTUwNjE2ODY2LCJhY2Nlc3NfY29kZSI6ImV5SmhiR2NpT2lKU1V6STFOaUlzSW5SNWNDSTZJa3BYVkNKOS5leUp6ZFdJaU9pSkpSRUZOTWpRd01USXdNalF4TVRFeU1qZzJNU0lzSW1adVlXMWxJam9pVTFWQ1NFRlRJRk5CUzFKRlVGQkJJRk5CVGtkQlZFa2lMQ0oxYzJWeWMzUmhkSFZ6SWpvaU1TSXNJbVZ1ZEdsMGVXeHBjM1FpT2xzaVRFbERYME5WVTFSUFRVVlNYMUJQVWxSQlRDSmRMQ0p5YjJ4bGN5STZXeUpFVHlKZExDSnBjM01pT2lKQlVsZ2lMQ0p0YjJKcGJHVWlPaUk1T1RBeE5qSXpNRGsySWl3aVlYVmtJam9pWkdWbVlYVnNkQ0lzSW14dVlXMWxJam9pVTFWQ1NFRlRJRk5CUzFKRlVGQkJJRk5CVGtkQlZFa2lMQ0oxYzJWeVZIbHdaU0k2SWpFaUxDSmxlSEFpT2pFM056ZzFOemt6TkRZc0ltbGhkQ0k2TVRjM09EVTFNRFUwTml3aWFuUnBJam9pT1RKbFpHSmpNekF0WW1GaU9DMDBZbUU0TFRreVpEVXRPV0l6TVRZeE5ESXhOR1kySWl3aVpXNTBhWFI1SWpvaVRFbERYME5WVTFSUFRVVlNYMUJQVWxSQlRDSXNJbVZ0WVdsc0lqb2ljM056WVc1bllYUnBNakkxUUd4cFkybHVaR2xoTG1OdmJTSjkuR1oycnhnaE05MlhiQ3BHbVB3NFRDTWp4cXNCMFdjQkhYOVRxRnlDaUdXWVlwQ2V3c2JHWjFZQXEyaXhmLW8tZi1ybzk1VDJ0SkRMc0tsbFk1a3R0ellBUmlNcEdUV2MzSTgtTU9QejBfeG5WYlBxUjdVbnpTaXRMRm5LVEVRYmVfRG05cXI4eGxxaldkNk9YSmZsbUR3aEt3azctdG1qSUpfTUozdldFUkotREJlOUI4S3FwTktmM1RxWGVHSkh1ZVctWWlTN0ZOVmFtMHpyNDM1UmlObG1WdVIzSUh1VzRMZ2czZmZTVXJjSF9EV3pDLTJrXzFFanFUUFA3dGZ0djdnVTc0UGpDcS13Z014VldBb1ZmYWZqN0dVbnRtN3Z0LVNsQWJFNHBBT3F0dHlTazI0R2U1akh6cHNIYlpVZGpYbjNBaE1xMExjb1FLVlZ1a2V0NDdRIiwicm9sZXMiOlsiRE8iXSwiY2xpZW50SXAiOm51bGwsImVudGl0bGVtZW50IjpbXX0.6LLginw2EnoqMQft2oKSYT56zpy5HWV9qCnUbcRgLj6Y4zTFW42zsujtSAf3J7ICr1BTmXNMWZMny9VM1q_20A



==== 12/05/2026 07:38:57 - POST-URL ======

https://ebizapp01.licindia.in/BFFService/policy/policyInfo?_dc=1778551737349



==== 12/05/2026 07:39:02 - POST-URL ======

{"confirmationId":null,"status":"200","resultInfoList":null,"count":0,"policy":{"policyNumber":"309562988","planName":"LIC New Pension Plus","mode":"1","noOfDues":1,"premium":"3000.00","commenceDate":"2022-09-05","nameOfAssured":"S.Rajagopal","agencyCode":"0090976F ","developmentOfficerCode":"0","plan":"867","policyTerm":"10","firstUnpaidPremiumDate":"2026-06-05","cdCharge":"0","serviceBranch":"761 ","dataCentre":"UCS9","fundType":4,"sumAssured":"0","policyStatus":"21","dob":"1963-03-14","ageAtEntry":59,"planDetails":{"plan":867,"planType":null,"planDesc":null,"premiumDueDuration":15,"premiumDueDurationType":"D","payPremiumAdvance":30,"payPremiumAdvanceType":"D","gracePeriod":15,"gracePeriodType":"D","serviceTaxRateFirstYr":0.0,"serviceTaxRateNextYrs":0.0,"serviceTaxRateEduCess":null,"topUpAllowed":null,"multiplyTopupAmt":null,"topupLimitCriteria":null,"topupNoPayBefMaturity":null,"planCategory":"ULIP","freeCoverCond":null,"freeCoverFUP":null,"campaignStartDate":null,"campaignEndDate":null,"percentageofwaiver":null,"maxLimitofwaiver":null,"waiversAllowedNum":null,"lateFeeWaiverInd":null,"discountPercentFirstYr":null,"discountPercentSecondYr":null,"discountPercentThirdYr":null,"discountPercentSubYr":null,"discountFromDate":null,"discountToDate":null,"maxLimitWaiverFstYr":null,"maxLimitWaiverScndYr":null,"maxLimitWaiverThirdYr":null,"maxLimitWaiverSubYr":null,"discountParameter":null,"graceprdExtFlag":null,"graceprdExtFrmDate":null,"graceprdExtToDate":null,"graceprdPrcntWaiver":null,"maxWaiverLimitgraceprd":null,"gstCdCharge":0.0,"gstLateFeeRateFirstYr":0.0,"gstLateFeeRateNextYrs":0.0,"dateOfLaunch":"05/09/2022","beforeLaunch":"N","centralGSTPercentage":50,"discountPeriod":null,"discountPeriodType":null},"eligible":false,"lateFeeRequired":false,"recordId":"O","premiumPayingTerm":10,"policyBenefits":"0","dueAmount":"3000.00","taxExemption":false,"age":"63","eserviceEligible":false,"policyUlip":true,"noOfUnits":10087,"dateOfLastPayment":"2032-08-05","dateOfMaturity":"2032-09-05","statusShortDesc":"In Force","nav":"13.6398","altChannelId":"06","riderPolicy":false,"minorChild":false,"fundTypeDesc":"Growth","accountingBookCode":1,"payedPolicy":false,"advancePayedPolicy":false,"lastAccountDate":"2026-05-07","noBonusYears":99,"bonusInfo":{"totalRevBonus":0,"totalInterimBonus":0,"totalFAB":0,"totalGuaranty":0,"totalLoyalty":0,"totalOneTimeBonus":0.00,"messageCode":null,"calulationSheetHTML":"","calulationSheetText":""},"isSpotRevivalAllowed":false,"discountApplicable":false,"advancePaymetEligible":false,"maturitySumAssured":0,"fundValue":"137584.66","gstInNumber":"00000000","transactionAllowed":true,"dateOfShowMaturity":"2032-09-05","panFlag":true,"neftFlag":false,"itPan":"AC******1D","neftStatus":"N","titleCode":"1","premiumGapFlag":false,"dghPolicyFlag":false,"policyExitStatus":false,"serviceRequestFlag":false,"nriGstFlag":false,"fyEndDate":"2027-03-31"},"person":{"policyNo":309562988,"birthDate":"1963-03-14","fullName":"S.Rajagopal","sex":"M","shortName":"Rajagopal S","age":"59","profileMobileNo":null,"profileEmail":null,"profileUnMaskMobileNo":null,"profileUnMaskEmail":null},"address":{"policyNo":309562988,"address1":"M-85,Tnhb","address2":"Mullai Nagar","address3":"Theni","addressId":1,"pin":625531},"branch":{"branchCode":"761 ","address1":"I FLOOR,UNITED INDIA BUILDINGS","address2":"P B NO 3805, AVINASHI RD","address3":"COIMBATORE","branchIp":"10.128.42.194","branchName":"LIC of India, Avanashi Road Branch Office","city":null,"dcCode":"X076","divCode":76,"eaiIndication":"Y","emailId":"BO_761@LICINDIA.COM","man":null,"odsIndication":"N","pin":null,"state":"Tamil Nadu"},"agent":{"agencyCode":"0090976F ","address1":"D/O.K.Jayaraman,Jai Ganesh Lorry","address2":"Service,T.P.Kadu,Moolapallipatty.Po","address3":"Rasipuram.Tk & Namakkal .Dt.","agentName":"J.Renukadevi","birthDate":"1976-03-10","category":2,"city":null,"disabilityCode":1,"enteredDate":"2026-05-12T01:13:13.000+00:00","itaxPanNo":"ANZPR4228B","occupationCode":12,"pin":637406,"qualificationCode":3,"sex":"F"},"nominees":[{"policyNo":309562988,"nomineeAge":55,"nomineeDob":"1900-01-01","nomineeId":1,"nomineeName":"T YAMUNA","nomineeRegistrationDate":"1900-01-01","nomineeRelation":"W","nomineeShare":100,"nomineeStatus":"B"}],"billingInfo":{"policyNumber":"309562988","nameOfAssured":"S.Rajagopal","planName":"LIC New Pension Plus","plan":867,"mode":"1","premium":3000,"sumAssured":0,"status":null,"firstUnpaidPremiumDate":"2026-06-05","nextFup":null,"dueAmount":"3000.00","payedPolicy":false,"noOfDues":1,"eligible":false,"spotRevival":false},"policyContact":{"policyNo":309562988,"dataSource":"B","emailAddress":"rajagpal47@gmail.com                    ","enteredDate":"2026-05-09T20:00:07.262+00:00","mobileNo":"919443377307","countryCode":null,"telephoneNo":"null","panNo":null},"policyExtra":{"accumTerm":0},"policyAnnuity":null,"userRegistered":"N","assignmentDetails":[],"ulipExtra":{"giveCashAmount":null},"bonusErrorMessage":null,"qpayPolicy":{"policyNumber":"309562988","dob":"14/03/1963","emailId":"rajagpal47@gmail.com","mobileNo":"9443377307","premium":"3000","key":"268031"}}



==== 12/05/2026 07:39:22 - OSTATTUS-RESPONSE-TOKEN ======

QyIpxW/M9JD4O14HNrCUSLQlePgwwXrMyfulhDum2lG2Hw9KcqMf3t+5k0+NKrM3NxS5AywhqIJVt4XgFxqJj/LTK//+9iakpndB26RVv28lMaH9+9iivZSEP2uY9aI1qM8JgXTNvOxp168CaAERlHfm8WOv7+K43I3Aiwhkyotum9x0SPm3acJH9zzO7hUFdkPge6UAirB6sEEvoFw2AGVcWKFgIQ8QSiO57HS99Wqjf+TVV+2SDDJiEmk9L72Wcj5NOO/xy13qiKkFDe3zU0Pxr7bVmdHbJub95NkbMs2aHsqUVJbCWCKQS+GTjAduf2lAzxK3pnZ2S1Sm4GYG7yWLuzRbu6DuFQpp0iEaELt7YkBHedIxC287ZyyCojMYsowfJPpZrNNThV0jSDnszjjyh3XPGrrvVtI3nJw5mEtbKcHr4nzmLlAV1tfXS/RNIfIyXsPKkdmeX/ledQMYvDuVvPCSC9Oi2gABuUTYIoPTKbnQ39dWbRmOdi8IeNKZk+6ho9uMl9hs2kiuIlo9lmtB16GHMR6l9QhFAF41u/0KT5CVUuGeJq6DvHomwKr8SBulVVsr4/fgteICwn2wSY32Cj1CADR45CYlgiALhvyt4ba2G0oiox4njtx4tE19Mj85NwnueUkVrTMYCJlVvcQJmXhAO37rYw9O0jHD238c4Vr15s8NsHY43umXgePchEVAXlakXJUHmxud32F58//SiAJUjT8btYhVzLWcj9MKMaX0dFROalqlEapX6Z99SoP+hj4pyEAptv7osQy9u44S4MbAo44XXcCGT/hlbYVhicfTpBkDRYo0SScj0MW0xFJoPQV9OTU1LIh+FpUJsDPW8aGOJh5ipCUiexI83R2G/YhAqpLZZyzDyAmzPesOmk0S0Sd/NEiW8Cp/3Hi6IN7PNxCktLYeQ3CkyZ6OLSWd2I3e5XgyfT3wqcBvP5gPRlRsnwmv2xXPt5Xe+KjEbFVb0lowzetvhja3tSXqXlPYoHZwcpwYGR0I/KuEnLqiCWHEO27UVrzCJUX5Cp5g6FoTQ46Avx2h74BH0Hi4SnCoQLi8fM7TDRxwZWo9QQrGOFC7sEF5i+xtEwBQd7KmnDx42u9teGsb8qK0aHGRIDuqGe3r+zImoJ2+4ZXXr62W6/ryt+B20rMJKzbdxq9GaUwTKKviP/lBgZZz7NcVfpn20e4pqf5eKsRLk2ao0nbd7ZrB35Pr3HNSYvARFyvxy+SYq+8RcmJA5tzuGIaQNgRxkzDtgsAhSJNfmDB0hk5RrL7ZtXdgKFGSEpuxFpiSn6Vm9TF+3d82bJFjwKYyDK3ybIzSzz3tDCLondpUGKs1Q+yaOTQsboPYquKjcm9MSDenUBGNe+7l9a10RBvKly63pjKzsye5bkeTc3V9g+9MHsCOIOic6MUTJnCiM46P5Y+Fz9dUQeAd6B2Buwqr8esr0l+YdZ4Drhd3Y8TVOQS1TF5J74AOJ++fJ29X+8ST4/BTzvu6lZq4Bu7pF53TqU8PzSKffPI/H6d+fHWN/BUBM0gBjAQ8Qw8KUHUtwDFSiK20VZPk160o/KLRKOx+iVG1XY2qIb9st8kK0mvjS6b9TEgpQfEc9kXBpTm59TWp5gYMRRbO5NsmVrSMNlltI4p2zCX3rMvva6hEAM6iIu9yRoggQgC7+DblkrqHh+bEEVagppkNFyvWzhzNoHFaY0pkX/Frbg4KWkTDsrfEfhR6E38SHR/fvjqHiMqZJeMDneduheHZOa7JsnvmhEwGTcvozVFWsetAM+raYb3eVbSoI3wmBymJfDoPAasZbZOtcTijjhDwXVMBOFt3v+I6PMeQVlNVaQXDbIxquH30oEJkiOnoaQB/0MAh4yxyjEbUIdrqM6R+0teZ0wGO2nBh7px5UAlirY9tkKA2pIr11Z3SPhZsFd4xt1xtt0KpPuYrxJQI3ZvAbnhyb295H6vde+Cpf9TJhWV5PG5ohMAgginA85yXtzq2ONTPqpA=



==== 12/05/2026 07:39:22 - OSTATTUS-RESPONSE-TOKEN ======

eyJhbGciOiJIUzUxMiJ9.eyJzdWIiOiJJREFNMjQwMTIwMjQxMTEyMjg2MSIsImFnZW5jeV9jb2RlIjpudWxsLCJjcmVhdGVkIjoxNzc4NTUwNjE2ODY2LCJhY2Nlc3NfY29kZSI6ImV5SmhiR2NpT2lKU1V6STFOaUlzSW5SNWNDSTZJa3BYVkNKOS5leUp6ZFdJaU9pSkpSRUZOTWpRd01USXdNalF4TVRFeU1qZzJNU0lzSW1adVlXMWxJam9pVTFWQ1NFRlRJRk5CUzFKRlVGQkJJRk5CVGtkQlZFa2lMQ0oxYzJWeWMzUmhkSFZ6SWpvaU1TSXNJbVZ1ZEdsMGVXeHBjM1FpT2xzaVRFbERYME5WVTFSUFRVVlNYMUJQVWxSQlRDSmRMQ0p5YjJ4bGN5STZXeUpFVHlKZExDSnBjM01pT2lKQlVsZ2lMQ0p0YjJKcGJHVWlPaUk1T1RBeE5qSXpNRGsySWl3aVlYVmtJam9pWkdWbVlYVnNkQ0lzSW14dVlXMWxJam9pVTFWQ1NFRlRJRk5CUzFKRlVGQkJJRk5CVGtkQlZFa2lMQ0oxYzJWeVZIbHdaU0k2SWpFaUxDSmxlSEFpT2pFM056ZzFOemt6TkRZc0ltbGhkQ0k2TVRjM09EVTFNRFUwTml3aWFuUnBJam9pT1RKbFpHSmpNekF0WW1GaU9DMDBZbUU0TFRreVpEVXRPV0l6TVRZeE5ESXhOR1kySWl3aVpXNTBhWFI1SWpvaVRFbERYME5WVTFSUFRVVlNYMUJQVWxSQlRDSXNJbVZ0WVdsc0lqb2ljM056WVc1bllYUnBNakkxUUd4cFkybHVaR2xoTG1OdmJTSjkuR1oycnhnaE05MlhiQ3BHbVB3NFRDTWp4cXNCMFdjQkhYOVRxRnlDaUdXWVlwQ2V3c2JHWjFZQXEyaXhmLW8tZi1ybzk1VDJ0SkRMc0tsbFk1a3R0ellBUmlNcEdUV2MzSTgtTU9QejBfeG5WYlBxUjdVbnpTaXRMRm5LVEVRYmVfRG05cXI4eGxxaldkNk9YSmZsbUR3aEt3azctdG1qSUpfTUozdldFUkotREJlOUI4S3FwTktmM1RxWGVHSkh1ZVctWWlTN0ZOVmFtMHpyNDM1UmlObG1WdVIzSUh1VzRMZ2czZmZTVXJjSF9EV3pDLTJrXzFFanFUUFA3dGZ0djdnVTc0UGpDcS13Z014VldBb1ZmYWZqN0dVbnRtN3Z0LVNsQWJFNHBBT3F0dHlTazI0R2U1akh6cHNIYlpVZGpYbjNBaE1xMExjb1FLVlZ1a2V0NDdRIiwicm9sZXMiOlsiRE8iXSwiY2xpZW50SXAiOm51bGwsImVudGl0bGVtZW50IjpbXX0.6LLginw2EnoqMQft2oKSYT56zpy5HWV9qCnUbcRgLj6Y4zTFW42zsujtSAf3J7ICr1BTmXNMWZMny9VM1q_20A



==== 12/05/2026 07:39:22 - POST-URL ======

https://ebizapp01.licindia.in/BFFService/policy/policyInfo?_dc=1778551762932



==== 12/05/2026 07:39:25 - POST-URL ======

{"confirmationId":null,"status":"200","resultInfoList":null,"count":0,"policy":{"policyNumber":"704699132","relationType":"Spouse","planName":"The Endowment Assurance Policy","mode":"6","noOfDues":1,"premium":"2396.00","commenceDate":"2010-10-23","nameOfAssured":"T. Krishnakumar","agencyCode":"0090976F ","developmentOfficerCode":"312076","plan":"14","policyTerm":"21","firstUnpaidPremiumDate":"2026-04-23","cdCharge":"0","serviceBranch":"76F ","sumAssured":"100000","policyStatus":"21","dob":"1982-06-17","ageAtEntry":28,"planDetails":{"plan":14,"planType":null,"planDesc":null,"premiumDueDuration":6,"premiumDueDurationType":"M","payPremiumAdvance":30,"payPremiumAdvanceType":"D","gracePeriod":1,"gracePeriodType":"M","serviceTaxRateFirstYr":4.5,"serviceTaxRateNextYrs":2.25,"serviceTaxRateEduCess":null,"topUpAllowed":null,"multiplyTopupAmt":null,"topupLimitCriteria":null,"topupNoPayBefMaturity":null,"planCategory":"EN","freeCoverCond":null,"freeCoverFUP":null,"campaignStartDate":"2026-01-01","campaignEndDate":"2026-03-02","percentageofwaiver":30.0,"maxLimitofwaiver":3000.0,"waiversAllowedNum":1,"lateFeeWaiverInd":"Y","discountPercentFirstYr":null,"discountPercentSecondYr":null,"discountPercentThirdYr":null,"discountPercentSubYr":null,"discountFromDate":null,"discountToDate":null,"maxLimitWaiverFstYr":null,"maxLimitWaiverScndYr":null,"maxLimitWaiverThirdYr":null,"maxLimitWaiverSubYr":null,"discountParameter":null,"graceprdExtFlag":null,"graceprdExtFrmDate":null,"graceprdExtToDate":null,"graceprdPrcntWaiver":null,"maxWaiverLimitgraceprd":null,"gstCdCharge":0.0,"gstLateFeeRateFirstYr":18.0,"gstLateFeeRateNextYrs":18.0,"dateOfLaunch":"01/01/1956","beforeLaunch":"Y","centralGSTPercentage":50,"discountPeriod":null,"discountPeriodType":null},"eligible":true,"lateFeeRequired":false,"recordId":"O","premiumPayingTerm":21,"policyBenefits":"100000","dueAmount":"2396.00","taxExemption":false,"age":"44","eserviceEligible":false,"policyUlip":false,"dateOfLastPayment":"2031-04-23","dateOfMaturity":"2031-10-23","statusShortDesc":"In Force","nav":"For NAV details please contact your Servicing Branch / Customer Zone","altChannelId":"0 ","riderPolicy":false,"minorChild":false,"accountingBookCode":1,"payedPolicy":false,"advancePayedPolicy":false,"lastAccountDate":"2025-10-10","noBonusYears":0,"bonusInfo":{"totalRevBonus":70000,"totalInterimBonus":2150,"totalFAB":0,"totalGuaranty":0,"totalLoyalty":0,"totalOneTimeBonus":0.00,"messageCode":null,"calulationSheetHTML":"<table border=1><tr class=grey-bg><td>From</td><td>Upto</td><td>Year</td><td>Type</td><td>Factor</td><td>Rate</td><td>Bonus </td></tr><tr class=grey-bg><td>2010-10-23</td><td>2011-10-23</td><td>2011</td><td>V</td><td>1.0</td><td>48.00</td><td>4800.00</td></tr><tr class=grey-bg><td>2011-10-23</td><td>2012-10-23</td><td>2012</td><td>V</td><td>1.0</td><td>48.00</td><td>4800.00</td></tr><tr class=grey-bg><td>2012-10-23</td><td>2013-10-23</td><td>2013</td><td>V</td><td>1.0</td><td>48.00</td><td>4800.00</td></tr><tr class=grey-bg><td>2013-10-23</td><td>2014-10-23</td><td>2014</td><td>V</td><td>1.0</td><td>48.00</td><td>4800.00</td></tr><tr class=grey-bg><td>2014-10-23</td><td>2015-10-23</td><td>2015</td><td>V</td><td>1.0</td><td>48.00</td><td>4800.00</td></tr><tr class=grey-bg><td>2015-10-23</td><td>2016-10-23</td><td>2016</td><td>V</td><td>1.0</td><td>58.00</td><td>4800.00</td></tr><tr class=grey-bg><td>2015-10-23</td><td>2016-10-23</td><td>2016</td><td>O</td><td>1.0</td><td>10.00</td><td>1000.00</td></tr><tr class=grey-bg><td>2016-10-23</td><td>2017-10-23</td><td>2017</td><td>V</td><td>1.0</td><td>48.00</td><td>4800.00</td></tr><tr class=grey-bg><td>2017-10-23</td><td>2018-10-23</td><td>2018</td><td>V</td><td>1.0</td><td>48.00</td><td>4800.00</td></tr><tr class=grey-bg><td>2018-10-23</td><td>2019-10-23</td><td>2019</td><td>V</td><td>1.0</td><td>48.00</td><td>4800.00</td></tr><tr class=grey-bg><td>2019-10-23</td><td>2020-10-23</td><td>2020</td><td>V</td><td>1.0</td><td>43.00</td><td>4300.00</td></tr><tr class=grey-bg><td>2020-10-23</td><td>2021-10-23</td><td>2021</td><td>V</td><td>1.0</td><td>43.00</td><td>4300.00</td></tr><tr class=grey-bg><td>2021-10-23</td><td>2022-10-23</td><td>2022</td><td>V</td><td>1.0</td><td>43.00</td><td>4300.00</td></tr><tr class=grey-bg><td>2022-10-23</td><td>2023-10-23</td><td>2023</td><td>V</td><td>1.0</td><td>43.00</td><td>4300.00</td></tr><tr class=grey-bg><td>2023-10-23</td><td>2024-10-23</td><td>2024</td><td>V</td><td>1.0</td><td>43.00</td><td>4300.00</td></tr><tr class=grey-bg><td>2024-10-23</td><td>2025-10-23</td><td>2025</td><td>V</td><td>1.0</td><td>43.00</td><td>4300.00</td></tr><tr class=grey-bg><td>2025-10-23</td><td>2026-04-23</td><td>2025</td><td>I</td><td>0.5</td><td>43.00</td><td>2150.00</td></tr><tr class=grey-bg><td colspan=7>Total Rev Bonus : 70000.00   Total Interim Bonus : 2150.00</td></tr></table> ","calulationSheetText":"From        Upto        Year Type Factor  Rate     Bonus \r\n2010-10-23  2011-10-23  2011  V     1.0   48.00    4800.00\r\n2011-10-23  2012-10-23  2012  V     1.0   48.00    4800.00\r\n2012-10-23  2013-10-23  2013  V     1.0   48.00    4800.00\r\n2013-10-23  2014-10-23  2014  V     1.0   48.00    4800.00\r\n2014-10-23  2015-10-23  2015  V     1.0   48.00    4800.00\r\n2015-10-23  2016-10-23  2016  V     1.0   58.00    4800.00\r\n2015-10-23  2016-10-23  2016  O     1.0   10.00    1000.00\r\n2016-10-23  2017-10-23  2017  V     1.0   48.00    4800.00\r\n2017-10-23  2018-10-23  2018  V     1.0   48.00    4800.00\r\n2018-10-23  2019-10-23  2019  V     1.0   48.00    4800.00\r\n2019-10-23  2020-10-23  2020  V     1.0   43.00    4300.00\r\n2020-10-23  2021-10-23  2021  V     1.0   43.00    4300.00\r\n2021-10-23  2022-10-23  2022  V     1.0   43.00    4300.00\r\n2022-10-23  2023-10-23  2023  V     1.0   43.00    4300.00\r\n2023-10-23  2024-10-23  2024  V     1.0   43.00    4300.00\r\n2024-10-23  2025-10-23  2025  V     1.0   43.00    4300.00\r\n2025-10-23  2026-04-23  2025  I     0.5   43.00    2150.00\r\n   Total Rev Bonus : 70000.00   Total Interim Bonus : 2150.00\r\n "},"isSpotRevivalAllowed":false,"discountApplicable":false,"advancePaymetEligible":false,"maturitySumAssured":0,"gstInNumber":"null","lastTransactionDate":"2025-10-10T13:26:43.000+00:00","transactionNumber":"24542796","transactionAllowed":true,"dateOfShowMaturity":"2031-10-23","panFlag":false,"neftFlag":false,"itPan":"","neftStatus":"N","titleCode":"1","premiumGapFlag":false,"dghPolicyFlag":false,"policyExitStatus":false,"serviceRequestFlag":false,"nriGstFlag":false,"fyEndDate":"2027-03-31"},"person":{"policyNo":704699132,"birthDate":"1982-06-17","fullName":"T. Krishnakumar","sex":"M","shortName":"Krishnakumar T","age":"28","profileMobileNo":null,"profileEmail":null,"profileUnMaskMobileNo":null,"profileUnMaskEmail":null},"address":{"policyNo":704699132,"address1":"C/O R.Palanisamy, 18/70,","address2":"Koneripatti Extn. No.1,","address3":"Rasipuram Tk, Namakkal Dt","addressId":1,"pin":637408},"branch":{"branchCode":"76F ","address1":"LIC OF INDIA - 76F","address2":"NAMAKKAL ROAD","address3":"RASIPURAM","branchIp":"10.128.42.194","branchName":"LIC of India, Rasipuram Br Office","city":null,"dcCode":"X070","divCode":70,"eaiIndication":"Y","emailId":"BO_76F@LICINDIA.COM","man":null,"odsIndication":"N","pin":null,"state":"null"},"agent":{"agencyCode":"0090976F ","address1":"D/O.K.Jayaraman,Jai Ganesh Lorry","address2":"Service,T.P.Kadu,Moolapallipatty.Po","address3":"Rasipuram.Tk & Namakkal .Dt.","agentName":"J.Renukadevi","birthDate":"1976-03-10","category":2,"city":null,"disabilityCode":1,"enteredDate":"2026-05-12T01:13:13.000+00:00","itaxPanNo":"ANZPR4228B","occupationCode":12,"pin":637406,"qualificationCode":3,"sex":"F"},"nominees":[{"policyNo":704699132,"nomineeAge":26,"nomineeDob":null,"nomineeId":1,"nomineeName":"SARANYA","nomineeRegistrationDate":null,"nomineeRelation":"W","nomineeShare":100,"nomineeStatus":"B"}],"billingInfo":{"policyNumber":"704699132","nameOfAssured":"T. Krishnakumar","planName":"The Endowment Assurance Policy","plan":14,"mode":"6","premium":2396,"sumAssured":100000,"status":null,"firstUnpaidPremiumDate":"2026-04-23","nextFup":null,"dueAmount":"2396.00","payedPolicy":false,"noOfDues":1,"eligible":true,"spotRevival":false},"policyContact":{"policyNo":704699132,"dataSource":"P","emailAddress":"saran6it@gmail.com","enteredDate":"2018-10-19T20:00:03.631+00:00","mobileNo":"919003447210","countryCode":null,"telephoneNo":"null","panNo":null},"policyExtra":{"accumTerm":0},"policyAnnuity":null,"userRegistered":"Y","assignmentDetails":[],"ulipExtra":{"giveCashAmount":null},"bonusErrorMessage":null,"qpayPolicy":{"policyNumber":"704699132","dob":"17/06/1982","emailId":"saran6it@gmail.com","mobileNo":"9003447210","premium":"2396","key":"648255"}}



==== 12/05/2026 11:19:05 - OSTATTUS-RESPONSE-TOKEN ======

lk6bV8uD0SnaElPNcEFVmxNElcyOEkdvx1d2h2Ix6BHFSNvONVhOsAhMUqe1d5RlcSZxIjQgzA59SD46pLyhIg4EZGK+e5Jer7ZMxM0BI+qe89EYFL/NRrZC8tcLs3ZZ3P0FmK1umN7hkpoYrqbkQF3CnNb+yRsP6aF5vhOIAA3PbMRUb12vhQgCgd0X5mEbbIubOg3bl2YNaoZMDMEnueZjCf8V9NsfKJmTmszjt03lSU41+G3hg7mwGy1F0+6phUP1JIlB2VHmZWAkz5Hb/Z4Hoi34iuhxsBkelkv+udFpWM+Chws16S5eNGLCBKKumol/uJKzHzWUdv17rR92Oey/oXp7gCXFG4XxIXs6L8QidwVthVdulBSUJKM84wtt8Om2OsMaYVuAbUyHVN5ckRSideSPmyxb7AWq1MFCrCFX/g9G5bSDlexK991xoFRq/4974RI0Id4dE3uXYrOcZXwKACsHTV7HJsOopWcPgBZPJq/CVb162O3wKZaY5pDtiuT8gAV7ZtChGlmdA1FNnXWTF23KF0W0+Ktv1OeLWCffW8pyu0CcX222IwRSZw4QDSr7hE6CN3nKoLcJLxG0IvmEurocVQYhkyaNHjJCq0v5S/i+la14Y1mz++pJQ1TYbkTchLexgpzFLLA8dFoGN70YSpPmnsKTEB6aBrcmdH2NeYDuB5oFpjeaY5oZfiPVeytBL9ic6U44RxbRQGa4k5syopeB39D3vEmnazPD+wmGnbUanb2G7Q1wTbyxcjLD4Ch8l0gv/JnsUJCQMOQ4zSGolGMF7im7Tigb9NJ7X8uJtjcFlCJx2E/dSAD4fy+79/yjF0s3ZCkbR7/6/s3hmK8Uf7VAMhHjAX5bYEWwb8/JRFtsVyb43GisYvC3Ms6rjSDM7UE+MESSpkRzhoirfmYdxZm5G8rz0aCUhbgOfwHTufvkfzuTtBzJa2QcNcfkApa2jJxNu5UIloCn/qpsbUmDRoXDLsswCz+Bvy8zG+sblT9BTixg7jWF55n0DoNQpz4R/lqLOo6LGfdprGEwY5Et8WM/4pSgaFgY48guswL44lXQmwfrhsN7TcWZw64joXl2gNRi9rt1DUgdSaSqAMpp8RucQDgCAtWnrKEFgETmTM/UFX9QvKdMX2mWq2JFPH9dbZiFV7sxSHJ2hqrou78UroGbQx31kLMW5lo3zKHwxMywc2spW+D+1lbV59TdnaCFV7NtdxoFx0vmXwE/sp/pVzmMofTCqc6zF+8q/VlfLZ02q0FMGg0WjONCLXSzm+wrUx7KiEWatRe2VrCMSGQoCQ4DBIDyIvIx2JLNTk+OpjNS/Set1jjKqmTwRvo3QeSGF8nS3OQoyq3QDUE8KjjTObxkEZnkDUnVX6BeAkgQUGtmlodFzj3XBBCFM407yfY+OB2F6d4ECzN4pmBN+y4KWBkYh+aKe2+yAo2nXA/eeGcRRhF+QQ7IXTUMLGqhkMDPg44lVyvK1fmYGY0ATXZshBY0a3s0kOdghFsautz3GPVDXhsG+LMerlpJRYEVr8/KmQul6cV8hY0niKPLNrlTvPOx41sd/FcdG2WJCJZf2MhKMjcuUMELsR8mq1IWbN4GlEVM4PgznGpiWRZZcWs4BBYPihCF/I+AgRNylJQ9HJgBFtD8OC++gx6OQeOmz2ipB58Yle8fFtWtcexbg+5kI9aigunSGHRzgRoDqctnCLaxchAP+TG12DxZfxd5BbY0hQXr7T752KN4vNO+x8hqysp6qJR6xP7FXTjVCXj9sJDzpJ8Chb1B1Abb6FqW74rH/5Cx+hoYETIMxViHCip/WmUIUMWt2qsFH6Z8EaqKi+0NVLYf0QbbcLaCC51jqA+1qGUxXQn4raxFBtvAbIAe7ZYATH/RsxEQCo4Uubh4Bzy6UPWmM3gWt/GduLYhd6qVy6Ghmjz7GsP5YBnFDbll+2M=



==== 12/05/2026 11:19:05 - OSTATTUS-RESPONSE-TOKEN ======

eyJhbGciOiJIUzUxMiJ9.eyJzdWIiOiJJREFNMjkwNzIwMjIzMjEwMTI1IiwiYWdlbmN5X2NvZGUiOm51bGwsImNyZWF0ZWQiOjE3Nzg1NjMxNDIzODcsImFjY2Vzc19jb2RlIjoiZXlKaGJHY2lPaUpTVXpJMU5pSXNJblI1Y0NJNklrcFhWQ0o5LmV5SnpkV0lpT2lKSlJFRk5Namt3TnpJd01qSXpNakV3TVRJMUlpd2labTVoYldVaU9pSlRTQzRnUVU1SlRDQlRRVWRCVWlJc0luVnpaWEp6ZEdGMGRYTWlPaUl4SWl3aVpXNTBhWFI1YkdsemRDSTZXeUpNU1VOZlExVlRWRTlOUlZKZlVFOVNWRUZNSWwwc0luSnZiR1Z6SWpwYklrUlBJbDBzSW1semN5STZJa0ZTV0NJc0ltMXZZbWxzWlNJNklqazRNVEU1TlRZM05qZ2lMQ0poZFdRaU9pSmtaV1poZFd4MElpd2liRzVoYldVaU9pSlRTQzRnUVU1SlRDQlRRVWRCVWlJc0luVnpaWEpVZVhCbElqb2lNU0lzSW1WNGNDSTZNVGMzT0RVNU1Ua3hPQ3dpYVdGMElqb3hOemM0TlRZek1URTRMQ0pxZEdraU9pSmhPR1E0TURaaE1DMDNabVkzTFRSalpqQXRPVGRrWXkweE5EQTJNalU1TVRRMllqWWlMQ0psYm5ScGRIa2lPaUpNU1VOZlExVlRWRTlOUlZKZlVFOVNWRUZNSWl3aVpXMWhhV3dpT2lKaGJtbHNMbk5oWjJGeVFHeHBZMmx1WkdsaExtTnZiU0o5LmFpclBrbm8wbmIwUTdDUUJKdUUxaDdHc3hHeGttd3Vra0c1bkczd01iQk51OFRrb2NxdWw0clIzUzdMOXZfMWpqNUx4YWhGR0haV2JQQWpfYmNpZzlSdGh4QTlVMm1wUGV2Yi1LczNnVGllMmNScXhuRTdIZFpGVGxtLWFSR1dYSFRsM2FCVkZnVHN6eE91NWdCOFBFdFpjOEQzOGN6RWMyMUNFZ2RIZDhidkpFcGVucWJVU1Bta28zaDVGOGplanV3Tk5ySWloYlRPamFZalgwWjAyX1FvR3ZUWnppMmhpRDA3RmptUklLVWNhaXE1LTJZTlNzUUZqQTROSFpVaHlGaXkwcnk2TTlDRGFwNEVRNW5SZkJhdjFNcFU0VC0xWGVWbWNkdEdnR0lJak9ZaERLMWV5YWFoaE1GX0U4VnpHZVR5MlBUVC1sM21lOTNzOVRvUFV0USIsInJvbGVzIjpbIkRPIl0sImNsaWVudElwIjpudWxsLCJlbnRpdGxlbWVudCI6W119.sIkJMhYGWCBg-DX5kp41dsTqiPwSWXzvZbSac1vYaAOYzpee-BicafAJdEBOfkb8Q3BScpCYaGpuxMqFGBMN7w



==== 12/05/2026 11:19:05 - POST-URL ======

https://ebizapp01.licindia.in/BFFService/policy/policyInfo?_dc=1778564945719



==== 12/05/2026 11:19:06 - POST-URL ======

{"confirmationId":null,"status":"200","resultInfoList":null,"count":0,"policy":{"policyNumber":"709807139","planName":"Aadhaar Stambh","mode":"3","noOfDues":1,"premium":"1460.00","commenceDate":"2017-07-19","nameOfAssured":"A Subramani","agencyCode":"0090976F ","developmentOfficerCode":"315076","plan":"843","policyTerm":"16","firstUnpaidPremiumDate":"2026-04-19","cdCharge":"0","serviceBranch":"76F ","sumAssured":"100000","policyStatus":"21","dob":"1964-04-05","ageAtEntry":53,"planDetails":{"plan":843,"planType":null,"planDesc":null,"premiumDueDuration":6,"premiumDueDurationType":"M","payPremiumAdvance":30,"payPremiumAdvanceType":"D","gracePeriod":1,"gracePeriodType":"M","serviceTaxRateFirstYr":4.5,"serviceTaxRateNextYrs":2.25,"serviceTaxRateEduCess":null,"topUpAllowed":null,"multiplyTopupAmt":null,"topupLimitCriteria":null,"topupNoPayBefMaturity":null,"planCategory":null,"freeCoverCond":null,"freeCoverFUP":null,"campaignStartDate":"2026-01-01","campaignEndDate":"2026-03-02","percentageofwaiver":30.0,"maxLimitofwaiver":3000.0,"waiversAllowedNum":1,"lateFeeWaiverInd":"Y","discountPercentFirstYr":null,"discountPercentSecondYr":null,"discountPercentThirdYr":null,"discountPercentSubYr":null,"discountFromDate":null,"discountToDate":null,"maxLimitWaiverFstYr":null,"maxLimitWaiverScndYr":null,"maxLimitWaiverThirdYr":null,"maxLimitWaiverSubYr":null,"discountParameter":null,"graceprdExtFlag":null,"graceprdExtFrmDate":null,"graceprdExtToDate":null,"graceprdPrcntWaiver":null,"maxWaiverLimitgraceprd":null,"gstCdCharge":0.0,"gstLateFeeRateFirstYr":18.0,"gstLateFeeRateNextYrs":18.0,"dateOfLaunch":"24/04/2017","beforeLaunch":"N","centralGSTPercentage":50,"discountPeriod":null,"discountPeriodType":null},"eligible":true,"lateFeeRequired":false,"recordId":"O","premiumPayingTerm":16,"policyBenefits":"100000","dueAmount":"1460.00","taxExemption":false,"age":"62","eserviceEligible":false,"policyUlip":false,"dateOfLastPayment":"2033-04-19","dateOfMaturity":"2033-07-19","statusShortDesc":"In Force","nav":"For NAV details please contact your Servicing Branch / Customer Zone","altChannelId":"0 ","riderPolicy":false,"minorChild":false,"accountingBookCode":1,"payedPolicy":false,"advancePayedPolicy":false,"lastAccountDate":"2025-12-30","noBonusYears":99,"bonusInfo":{"totalRevBonus":0,"totalInterimBonus":0,"totalFAB":0,"totalGuaranty":0,"totalLoyalty":500,"totalOneTimeBonus":0.00,"messageCode":null,"calulationSheetHTML":"<tr class=grey-bg><td> Valuation Year   </td><td> 2025</td></tr><tr class=grey-bg><td> Sum Assured      </td><td> 100000</td></tr><tr class=grey-bg><td> Term             </td><td> 8</td></tr><tr class=grey-bg><td> Rate             </td><td> 5</td></tr><tr class=grey-bg><td> Loyalty Addition </td><td> 500</td></tr><tr class=grey-bg><td> ---------------------------------------------</td></tr><tr class=grey-bg><td>\r\n ----------------------\r\n</td></tr></table>","calulationSheetText":" Valuation Year   : 2025\r\n Sum Assured      : 100000\r\n Term             : 8\r\n Rate             : 5\r\n Loyalty Addition : 500\r\n---------------------------------------------\r\n\r\n ----------------------\r\n"},"isSpotRevivalAllowed":false,"discountApplicable":false,"advancePaymetEligible":false,"maturitySumAssured":0,"gstInNumber":"null","transactionAllowed":true,"dateOfShowMaturity":"2033-07-19","panFlag":false,"neftFlag":false,"itPan":"","neftStatus":"N","titleCode":"1","premiumGapFlag":false,"dghPolicyFlag":false,"policyExitStatus":false,"serviceRequestFlag":false,"nriGstFlag":false,"fyEndDate":"2027-03-31"},"person":{"policyNo":709807139,"birthDate":"1964-04-05","fullName":"A Subramani","sex":"M","shortName":"Subramani A","age":"53","profileMobileNo":null,"profileEmail":null,"profileUnMaskMobileNo":null,"profileUnMaskEmail":null},"address":{"policyNo":709807139,"address1":"S/O V Alagar","address2":"1/393 Vip Nagar","address3":"Muthukalipatty Po Rasipuram Tk","addressId":1,"pin":637401},"branch":{"branchCode":"76F ","address1":"LIC OF INDIA - 76F","address2":"NAMAKKAL ROAD","address3":"RASIPURAM","branchIp":"10.128.42.194","branchName":"LIC of India, Rasipuram Br Office","city":null,"dcCode":"X070","divCode":70,"eaiIndication":"Y","emailId":"BO_76F@LICINDIA.COM","man":null,"odsIndication":"N","pin":null,"state":"null"},"agent":{"agencyCode":"0090976F ","address1":"D/O.K.Jayaraman,Jai Ganesh Lorry","address2":"Service,T.P.Kadu,Moolapallipatty.Po","address3":"Rasipuram.Tk & Namakkal .Dt.","agentName":"J.Renukadevi","birthDate":"1976-03-10","category":2,"city":null,"disabilityCode":1,"enteredDate":"2026-05-12T01:13:13.000+00:00","itaxPanNo":"ANZPR4228B","occupationCode":12,"pin":637406,"qualificationCode":3,"sex":"F"},"nominees":[{"policyNo":709807139,"nomineeAge":50,"nomineeDob":null,"nomineeId":1,"nomineeName":"A KRISHNAVENI","nomineeRegistrationDate":null,"nomineeRelation":"W","nomineeShare":100,"nomineeStatus":"B"}],"billingInfo":{"policyNumber":"709807139","nameOfAssured":"A Subramani","planName":"Aadhaar Stambh","plan":843,"mode":"3","premium":1460,"sumAssured":100000,"status":null,"firstUnpaidPremiumDate":"2026-04-19","nextFup":null,"dueAmount":"1460.00","payedPolicy":false,"noOfDues":1,"eligible":true,"spotRevival":false},"policyContact":{"policyNo":709807139,"dataSource":"B","emailAddress":"jeyalingam123@yahoo.co.in               ","enteredDate":"2025-12-31T20:00:15.059+00:00","mobileNo":"919789770287","countryCode":null,"telephoneNo":"null","panNo":null},"policyExtra":{"accumTerm":0},"policyAnnuity":null,"userRegistered":"N","assignmentDetails":[],"ulipExtra":{"giveCashAmount":null},"bonusErrorMessage":null,"qpayPolicy":{"policyNumber":"709807139","dob":"05/04/1964","emailId":"jeyalingam123@yahoo.co.in","mobileNo":"9789770287","premium":"1460","key":"337023"}}



==== 12/05/2026 11:19:18 - GET-URL ======

https://ebizapp01.licindia.in/Landing/



==== 12/05/2026 11:20:22 - OSTATTUS-RESPONSE-TOKEN ======

7vmxzvg3ZT/Te55GP441NXiyn7pN6BDE9qn++yGH8pUBpynRME1nrdnr+5cNG+FU+9jQwTXYz/syHlvx2r4kQVDLnSj+NkQvG9smWgZWivXdxB+fen24jTxzE/9ecqOsgaAwmpkyjSJg8/XQfk88ku3Lin4veQX9h4vzKOCEVsdHoHgicX0ldmmuY4aJ6t9bCRZCV2VsibHhBgAe+gHGoV0uSMrrUHMG/Npr3NTm0r7cpVPv09lLVXrtZaRHdh0anUpLpIjcwF/dTPsRmZJewyl0oaoSxHDs3Zt7Xr5Nj5G3nR3jdNmeTCNPhxOLKiIDKGk6Vdh6T7OKt3ia9neFhhDAj8MPt68iNqOL1fetySidM+KhyL/A+7J1ZGMWe+i93Qiz5ZgVE46Z9PSgDSz8Eiin6s1I594rGqEqPuM1ruotamyq4hR/dK29M5FDLrO2NVGQ/52ZPjP1N7r0AOe7tr8E7wxUxHU1/E9WK3rtTYi6rao78RtLI18iUO9AFFBno29dBefUZ0v0XiNQYKlV5qiwcWZuZqLBg9LfkPFpPxIYI5/sJPZaSQaQggdhzZQIfrRVC9xchpGERD9M8up1Aznx5QW5K1RyCZQ18r7xUb0kq0OTUIp5dbckbYMmTi8EFrPF3ZWp7gMiNLKUWPIk8mNWFoFDo8Rk2dY/p6LHCOiV5t5TP3FzsAyIR/0np/YkHBLFZT2EywUIA77BsrVgwgOav18ByWBWJpVlWRwEXwcpZGbuNUjqZwzxNchKIouB7MOLxxv406GvZe/Ts/EY+J7r34v4RYLty5llVgySPA+o8MOM2C5UNDsUP7ny9PKMowzzkPZja6asoNSz6idmvIQsJub7ugrqYKoOfZLZkTJ0OuoT/j6QYSVPO07E+p5w0KO1jicign5Ha6a/r/LlSMdL+4YriCQE3sFqnPGuEAiSuUvFdD14yhWjZZhgTWchkDNH0c1aB4JZMZS23DoiK7SyUZDEFaLVJHqrip/L2Sm5Bi3jRTmB79NZTTDZqyr6/ADsOkJ9Hl6y1qP0bipAQX6cx01dvYMnM8Yjqs17Z8ps+YN/rrxfxrwD7xRUm9wZFyjQgUcNWUGN1pKmNJtjxRkEswNpUPCuU7HBcdCBYcai6nTUl+ynI3HluLu7ISN53Et8L9t7SE0W7/I/j0gKHAd6Li47bTDEidZFDgXsSopdwjqHm5joRVkjbsQwIbVKmYBXwmGz3kBxfxtbw91iXBWYpcDN2SmC6H4cXFzCXLewnv401Kq7pMaAXmO8ijzAtC8nZWRLvgF78vLW+yidWh2OHm+wx1H04AtGg11/mlmxXA7NjG0sZy52E1NvRcS206bQ5m08Xer9cre48pWtSFjWyh5485Nw0FX6iLH0YDatn9GdAAuf3ajZoczptK4pswDFnrXDSKoem5PNYDkmbS/emqOldxv6RkxGfNAm2RjfwRa8GTjPVydYRyYC5uqF2m6k7rQU0XfUkyY4Ivxop3ZzHTTyW2HQQxP+YYzDR18Uug5B8JXZEnVqI7nJ16oHouE+gu+86gmzNsnu1fe1z5+XIlJzoTpMr5+CWxPSB78hEa6G/YpXiRZv9UE62MOnxbml505z1Al2C1XdQVrfqG/dnjB73N1rPKCQPXW5hdpQ+s5oISPMBSeAdVjT11BoSnmbYrdKO3vTSeJb18CMg2VvbyrXKcrtH5s3YJNqRXc68rx2wFR/W4/pQJJYxwF1sMb+Y7s1yhwdDYFXwpQ2GolmoBBLPwOd3FVGEiOZvS6mlm1DBEbGJRMzHg8G97zZA6Y0n8K4rGYMcf53v0U2NBoZo6HdybZXwVUAMS6eVf7bkn0H20ytZVhf3XkM+1dWPhAQSt0fuYf5hovgvZn7OFlJ518vAESA4FQLM2EYV6G1eKueIqvrBbJQK0c9WFB9m2T1noBpXNi0wuodv/gATbY/SXM=



==== 12/05/2026 11:20:22 - OSTATTUS-RESPONSE-TOKEN ======

eyJhbGciOiJIUzUxMiJ9.eyJzdWIiOiJJREFNMjkwNzIwMjIzMjEwMTI1IiwiYWdlbmN5X2NvZGUiOm51bGwsImNyZWF0ZWQiOjE3Nzg1NjMxNDIzODcsImFjY2Vzc19jb2RlIjoiZXlKaGJHY2lPaUpTVXpJMU5pSXNJblI1Y0NJNklrcFhWQ0o5LmV5SnpkV0lpT2lKSlJFRk5Namt3TnpJd01qSXpNakV3TVRJMUlpd2labTVoYldVaU9pSlRTQzRnUVU1SlRDQlRRVWRCVWlJc0luVnpaWEp6ZEdGMGRYTWlPaUl4SWl3aVpXNTBhWFI1YkdsemRDSTZXeUpNU1VOZlExVlRWRTlOUlZKZlVFOVNWRUZNSWwwc0luSnZiR1Z6SWpwYklrUlBJbDBzSW1semN5STZJa0ZTV0NJc0ltMXZZbWxzWlNJNklqazRNVEU1TlRZM05qZ2lMQ0poZFdRaU9pSmtaV1poZFd4MElpd2liRzVoYldVaU9pSlRTQzRnUVU1SlRDQlRRVWRCVWlJc0luVnpaWEpVZVhCbElqb2lNU0lzSW1WNGNDSTZNVGMzT0RVNU1Ua3hPQ3dpYVdGMElqb3hOemM0TlRZek1URTRMQ0pxZEdraU9pSmhPR1E0TURaaE1DMDNabVkzTFRSalpqQXRPVGRrWXkweE5EQTJNalU1TVRRMllqWWlMQ0psYm5ScGRIa2lPaUpNU1VOZlExVlRWRTlOUlZKZlVFOVNWRUZNSWl3aVpXMWhhV3dpT2lKaGJtbHNMbk5oWjJGeVFHeHBZMmx1WkdsaExtTnZiU0o5LmFpclBrbm8wbmIwUTdDUUJKdUUxaDdHc3hHeGttd3Vra0c1bkczd01iQk51OFRrb2NxdWw0clIzUzdMOXZfMWpqNUx4YWhGR0haV2JQQWpfYmNpZzlSdGh4QTlVMm1wUGV2Yi1LczNnVGllMmNScXhuRTdIZFpGVGxtLWFSR1dYSFRsM2FCVkZnVHN6eE91NWdCOFBFdFpjOEQzOGN6RWMyMUNFZ2RIZDhidkpFcGVucWJVU1Bta28zaDVGOGplanV3Tk5ySWloYlRPamFZalgwWjAyX1FvR3ZUWnppMmhpRDA3RmptUklLVWNhaXE1LTJZTlNzUUZqQTROSFpVaHlGaXkwcnk2TTlDRGFwNEVRNW5SZkJhdjFNcFU0VC0xWGVWbWNkdEdnR0lJak9ZaERLMWV5YWFoaE1GX0U4VnpHZVR5MlBUVC1sM21lOTNzOVRvUFV0USIsInJvbGVzIjpbIkRPIl0sImNsaWVudElwIjpudWxsLCJlbnRpdGxlbWVudCI6W119.sIkJMhYGWCBg-DX5kp41dsTqiPwSWXzvZbSac1vYaAOYzpee-BicafAJdEBOfkb8Q3BScpCYaGpuxMqFGBMN7w



==== 12/05/2026 11:20:22 - POST-URL ======

https://ebizapp01.licindia.in/BFFService/policy/policyInfo?_dc=1778565022673



==== 12/05/2026 11:20:23 - POST-URL ======

{"confirmationId":null,"status":"200","resultInfoList":null,"count":0,"policy":{"policyNumber":"327421914","relationType":"Self","planName":"LIC's New Jeevan Labh Plan","mode":"1","noOfDues":2,"premium":"1012.00","commenceDate":"2025-03-07","nameOfAssured":"M Madhuvandhy","agencyCode":"0090976F ","developmentOfficerCode":"87070","plan":"736","policyTerm":"21","firstUnpaidPremiumDate":"2026-04-07","cdCharge":"125","serviceBranch":"76F ","sumAssured":"200000","policyStatus":"21","dob":"1998-07-26","ageAtEntry":27,"planDetails":{"plan":736,"planType":null,"planDesc":null,"premiumDueDuration":6,"premiumDueDurationType":"M","payPremiumAdvance":30,"payPremiumAdvanceType":"D","gracePeriod":15,"gracePeriodType":"D","serviceTaxRateFirstYr":4.5,"serviceTaxRateNextYrs":2.25,"serviceTaxRateEduCess":0.0,"topUpAllowed":null,"multiplyTopupAmt":null,"topupLimitCriteria":null,"topupNoPayBefMaturity":null,"planCategory":"NORM","freeCoverCond":null,"freeCoverFUP":null,"campaignStartDate":"2026-01-01","campaignEndDate":"2026-03-02","percentageofwaiver":30.0,"maxLimitofwaiver":3000.0,"waiversAllowedNum":1,"lateFeeWaiverInd":"Y","discountPercentFirstYr":null,"discountPercentSecondYr":null,"discountPercentThirdYr":null,"discountPercentSubYr":null,"discountFromDate":null,"discountToDate":null,"maxLimitWaiverFstYr":null,"maxLimitWaiverScndYr":null,"maxLimitWaiverThirdYr":null,"maxLimitWaiverSubYr":null,"discountParameter":null,"graceprdExtFlag":null,"graceprdExtFrmDate":null,"graceprdExtToDate":null,"graceprdPrcntWaiver":null,"maxWaiverLimitgraceprd":null,"gstCdCharge":0.0,"gstLateFeeRateFirstYr":18.0,"gstLateFeeRateNextYrs":18.0,"dateOfLaunch":"2/1/2020","beforeLaunch":"N","centralGSTPercentage":50,"discountPeriod":null,"discountPeriodType":null},"eligible":true,"lateFeeRequired":false,"recordId":"O","premiumPayingTerm":15,"policyBenefits":"200000","dueAmount":"2024.00","taxExemption":false,"age":"28","eserviceEligible":false,"policyUlip":false,"dateOfLastPayment":"2040-02-07","dateOfMaturity":"2046-03-07","statusShortDesc":"In Force","nav":"For NAV details please contact your Servicing Branch / Customer Zone","altChannelId":"02","riderPolicy":false,"minorChild":false,"accountingBookCode":9,"payedPolicy":false,"advancePayedPolicy":false,"lastAccountDate":"2026-03-04","noBonusYears":99,"bonusInfo":{"totalRevBonus":0,"totalInterimBonus":0,"totalFAB":0,"totalGuaranty":0,"totalLoyalty":0,"totalOneTimeBonus":0.00,"messageCode":null,"calulationSheetHTML":"<table width=100% ><tr class=grey-bg><td>Please Check Data As After Conversion Bonus Year Cannot Be Zero</td></tr></table>","calulationSheetText":"Please Check Data As After Conversion Bonus Year Cannot Be Zero  "},"isSpotRevivalAllowed":false,"discountApplicable":false,"advancePaymetEligible":false,"maturitySumAssured":0,"gstInNumber":"null","transactionAllowed":true,"dateOfShowMaturity":"2046-03-07","panFlag":true,"neftFlag":true,"itPan":"DE******2N","neftStatus":"Y","titleCode":"1","premiumGapFlag":false,"dghPolicyFlag":false,"policyExitStatus":false,"serviceRequestFlag":false,"nriGstFlag":false,"fyEndDate":"2027-03-31"},"person":{"policyNo":327421914,"birthDate":"1998-07-26","fullName":"M Madhuvandhy","sex":"F","shortName":"Madhuvandhy M","age":"27","profileMobileNo":null,"profileEmail":null,"profileUnMaskMobileNo":null,"profileUnMaskEmail":null},"address":{"policyNo":327421914,"address1":"D/O N Murali,","address2":"3/914, Extension No 1 Koneripatti","address3":"Rasipuram Po And Tk, Namakkal Dt","addressId":1,"pin":637408},"branch":{"branchCode":"76F ","address1":"LIC OF INDIA - 76F","address2":"NAMAKKAL ROAD","address3":"RASIPURAM","branchIp":"10.128.42.194","branchName":"LIC of India, Rasipuram Br Office","city":null,"dcCode":"X070","divCode":70,"eaiIndication":"Y","emailId":"BO_76F@LICINDIA.COM","man":null,"odsIndication":"N","pin":null,"state":"null"},"agent":{"agencyCode":"0090976F ","address1":"D/O.K.Jayaraman,Jai Ganesh Lorry","address2":"Service,T.P.Kadu,Moolapallipatty.Po","address3":"Rasipuram.Tk & Namakkal .Dt.","agentName":"J.Renukadevi","birthDate":"1976-03-10","category":2,"city":null,"disabilityCode":1,"enteredDate":"2026-05-12T01:13:13.000+00:00","itaxPanNo":"ANZPR4228B","occupationCode":12,"pin":637406,"qualificationCode":3,"sex":"F"},"nominees":[{"policyNo":327421914,"nomineeAge":50,"nomineeDob":null,"nomineeId":1,"nomineeName":"N MURALI","nomineeRegistrationDate":null,"nomineeRelation":"F","nomineeShare":100,"nomineeStatus":"B"}],"billingInfo":{"policyNumber":"327421914","nameOfAssured":"M Madhuvandhy","planName":"LIC's New Jeevan Labh Plan","plan":736,"mode":"1","premium":1012,"sumAssured":200000,"status":null,"firstUnpaidPremiumDate":"2026-04-07","nextFup":null,"dueAmount":"2024.00","payedPolicy":false,"noOfDues":2,"eligible":true,"spotRevival":false},"policyContact":{"policyNo":327421914,"dataSource":"B","emailAddress":"madhuvandhy.murali@gmail.com            ","enteredDate":"2026-05-03T20:00:05.684+00:00","mobileNo":"917010786064","countryCode":null,"telephoneNo":"null","panNo":null},"policyExtra":{"accumTerm":0},"policyAnnuity":null,"userRegistered":"Y","assignmentDetails":[],"ulipExtra":{"giveCashAmount":0},"bonusErrorMessage":null,"qpayPolicy":{"policyNumber":"327421914","dob":"26/07/1998","emailId":"madhuvandhy.murali@gmail.com","mobileNo":"7010786064","premium":"1012","key":"819263"}}



==== 12/05/2026 11:20:32 - GET-URL ======

https://ebizapp01.licindia.in/Landing/



==== 13/05/2026 16:18:46 - S3 Cloud Backup Upload Error (2) ======

Connection failure   at Xamarin.Android.Net.AndroidMessageHandler.<>c__DisplayClass137_0.<ConnectAsync>b__0()
   at System.Threading.Tasks.Task.InnerInvoke()
   at System.Threading.Tasks.Task.<>c.<.cctor>b__292_0(Object obj)
   at System.Threading.ExecutionContext.RunFromThreadPoolDispatchLoop(Thread , ExecutionContext , ContextCallback , Object )
--- End of stack trace from previous location ---
   at System.Threading.ExecutionContext.RunFromThreadPoolDispatchLoop(Thread , ExecutionContext , ContextCallback , Object )
   at System.Threading.Tasks.Task.ExecuteWithThreadLocal(Task& , Thread )
--- End of stack trace from previous location ---
   at Xamarin.Android.Net.AndroidMessageHandler.DoProcessRequest(HttpRequestMessage , URL , HttpURLConnection , CancellationToken , RequestRedirectionState )
   at Xamarin.Android.Net.AndroidMessageHandler.DoSendAsync(HttpRequestMessage , CancellationToken )
   at System.Net.Http.HttpClient.<SendAsync>g__Core|83_0(HttpRequestMessage , HttpCompletionOption , CancellationTokenSource , Boolean , CancellationTokenSource , CancellationToken )
   at Amazon.Runtime.HttpWebRequestMessage.GetResponseAsync(CancellationToken cancellationToken)
   at Amazon.Runtime.Internal.HttpHandler`1.<InvokeAsync>d__9`1[[System.Net.Http.HttpContent, System.Net.Http, Version=9.0.0.0, Culture=neutral, PublicKeyToken=b03f5f7f11d50a3a],[Amazon.S3.Model.PutObjectResponse, AWSSDK.S3, Version=3.3.0.0, Culture=neutral, PublicKeyToken=885c28607f98e604]].MoveNext()
   at Amazon.Runtime.Internal.RedirectHandler.<InvokeAsync>d__1`1[[Amazon.S3.Model.PutObjectResponse, AWSSDK.S3, Version=3.3.0.0, Culture=neutral, PublicKeyToken=885c28607f98e604]].MoveNext()
   at Amazon.Runtime.Internal.Unmarshaller.<InvokeAsync>d__3`1[[Amazon.S3.Model.PutObjectResponse, AWSSDK.S3, Version=3.3.0.0, Culture=neutral, PublicKeyToken=885c28607f98e604]].MoveNext()
   at Amazon.S3.Internal.AmazonS3ResponseHandler.<InvokeAsync>d__1`1[[Amazon.S3.Model.PutObjectResponse, AWSSDK.S3, Version=3.3.0.0, Culture=neutral, PublicKeyToken=885c28607f98e604]].MoveNext()
   at Amazon.Runtime.Internal.ErrorHandler.<InvokeAsync>d__5`1[[Amazon.S3.Model.PutObjectResponse, AWSSDK.S3, Version=3.3.0.0, Culture=neutral, PublicKeyToken=885c28607f98e604]].MoveNext()
   at Amazon.Runtime.Internal.ErrorHandler.<InvokeAsync>d__5`1[[Amazon.S3.Model.PutObjectResponse, AWSSDK.S3, Version=3.3.0.0, Culture=neutral, PublicKeyToken=885c28607f98e604]].MoveNext()
   at Amazon.Runtime.Internal.CallbackHandler.<InvokeAsync>d__9`1[[Amazon.S3.Model.PutObjectResponse, AWSSDK.S3, Version=3.3.0.0, Culture=neutral, PublicKeyToken=885c28607f98e604]].MoveNext()
   at Amazon.Runtime.Internal.Signer.<InvokeAsync>d__1`1[[Amazon.S3.Model.PutObjectResponse, AWSSDK.S3, Version=3.3.0.0, Culture=neutral, PublicKeyToken=885c28607f98e604]].MoveNext()
   at Amazon.S3.Internal.S3Express.S3ExpressPreSigner.<InvokeAsync>d__5`1[[Amazon.S3.Model.PutObjectResponse, AWSSDK.S3, Version=3.3.0.0, Culture=neutral, PublicKeyToken=885c28607f98e604]].MoveNext()
   at Amazon.Runtime.Internal.EndpointDiscoveryHandler.<InvokeAsync>d__2`1[[Amazon.S3.Model.PutObjectResponse, AWSSDK.S3, Version=3.3.0.0, Culture=neutral, PublicKeyToken=885c28607f98e604]].MoveNext()
   at Amazon.Runtime.Internal.EndpointDiscoveryHandler.<InvokeAsync>d__2`1[[Amazon.S3.Model.PutObjectResponse, AWSSDK.S3, Version=3.3.0.0, Culture=neutral, PublicKeyToken=885c28607f98e604]].MoveNext()
   at Amazon.Runtime.Internal.CredentialsRetriever.<InvokeAsync>d__7`1[[Amazon.S3.Model.PutObjectResponse, AWSSDK.S3, Version=3.3.0.0, Culture=neutral, PublicKeyToken=885c28607f98e604]].MoveNext()
   at Amazon.Runtime.Internal.RetryHandler.<InvokeAsync>d__10`1[[Amazon.S3.Model.PutObjectResponse, AWSSDK.S3, Version=3.3.0.0, Culture=neutral, PublicKeyToken=885c28607f98e604]].MoveNext()
   at Amazon.Runtime.Internal.RetryHandler.<InvokeAsync>d__10`1[[Amazon.S3.Model.PutObjectResponse, AWSSDK.S3, Version=3.3.0.0, Culture=neutral, PublicKeyToken=885c28607f98e604]].MoveNext()
   at Amazon.Runtime.Internal.CallbackHandler.<InvokeAsync>d__9`1[[Amazon.S3.Model.PutObjectResponse, AWSSDK.S3, Version=3.3.0.0, Culture=neutral, PublicKeyToken=885c28607f98e604]].MoveNext()
   at Amazon.Runtime.Internal.CallbackHandler.<InvokeAsync>d__9`1[[Amazon.S3.Model.PutObjectResponse, AWSSDK.S3, Version=3.3.0.0, Culture=neutral, PublicKeyToken=885c28607f98e604]].MoveNext()
   at Amazon.S3.Internal.AmazonS3ExceptionHandler.<InvokeAsync>d__1`1[[Amazon.S3.Model.PutObjectResponse, AWSSDK.S3, Version=3.3.0.0, Culture=neutral, PublicKeyToken=885c28607f98e604]].MoveNext()
   at Amazon.Runtime.Internal.ErrorCallbackHandler.<InvokeAsync>d__5`1[[Amazon.S3.Model.PutObjectResponse, AWSSDK.S3, Version=3.3.0.0, Culture=neutral, PublicKeyToken=885c28607f98e604]].MoveNext()
   at Amazon.Runtime.Internal.MetricsHandler.<InvokeAsync>d__1`1[[Amazon.S3.Model.PutObjectResponse, AWSSDK.S3, Version=3.3.0.0, Culture=neutral, PublicKeyToken=885c28607f98e604]].MoveNext()
   at bma.BackupClass.takeCloudBackup(Context c, Boolean auto, String _mobile)



==== 13/05/2026 19:04:18 - S3 Cloud Backup Upload Error (2) ======

Connection failure   at Xamarin.Android.Net.AndroidMessageHandler.<>c__DisplayClass137_0.<ConnectAsync>b__0()
   at System.Threading.Tasks.Task.InnerInvoke()
   at System.Threading.Tasks.Task.<>c.<.cctor>b__292_0(Object obj)
   at System.Threading.ExecutionContext.RunFromThreadPoolDispatchLoop(Thread , ExecutionContext , ContextCallback , Object )
--- End of stack trace from previous location ---
   at System.Threading.ExecutionContext.RunFromThreadPoolDispatchLoop(Thread , ExecutionContext , ContextCallback , Object )
   at System.Threading.Tasks.Task.ExecuteWithThreadLocal(Task& , Thread )
--- End of stack trace from previous location ---
   at Xamarin.Android.Net.AndroidMessageHandler.DoProcessRequest(HttpRequestMessage , URL , HttpURLConnection , CancellationToken , RequestRedirectionState )
   at Xamarin.Android.Net.AndroidMessageHandler.DoSendAsync(HttpRequestMessage , CancellationToken )
   at System.Net.Http.HttpClient.<SendAsync>g__Core|83_0(HttpRequestMessage , HttpCompletionOption , CancellationTokenSource , Boolean , CancellationTokenSource , CancellationToken )
   at Amazon.Runtime.HttpWebRequestMessage.GetResponseAsync(CancellationToken cancellationToken)
   at Amazon.Runtime.Internal.HttpHandler`1.<InvokeAsync>d__9`1[[System.Net.Http.HttpContent, System.Net.Http, Version=9.0.0.0, Culture=neutral, PublicKeyToken=b03f5f7f11d50a3a],[Amazon.S3.Model.PutObjectResponse, AWSSDK.S3, Version=3.3.0.0, Culture=neutral, PublicKeyToken=885c28607f98e604]].MoveNext()
   at Amazon.Runtime.Internal.RedirectHandler.<InvokeAsync>d__1`1[[Amazon.S3.Model.PutObjectResponse, AWSSDK.S3, Version=3.3.0.0, Culture=neutral, PublicKeyToken=885c28607f98e604]].MoveNext()
   at Amazon.Runtime.Internal.Unmarshaller.<InvokeAsync>d__3`1[[Amazon.S3.Model.PutObjectResponse, AWSSDK.S3, Version=3.3.0.0, Culture=neutral, PublicKeyToken=885c28607f98e604]].MoveNext()
   at Amazon.S3.Internal.AmazonS3ResponseHandler.<InvokeAsync>d__1`1[[Amazon.S3.Model.PutObjectResponse, AWSSDK.S3, Version=3.3.0.0, Culture=neutral, PublicKeyToken=885c28607f98e604]].MoveNext()
   at Amazon.Runtime.Internal.ErrorHandler.<InvokeAsync>d__5`1[[Amazon.S3.Model.PutObjectResponse, AWSSDK.S3, Version=3.3.0.0, Culture=neutral, PublicKeyToken=885c28607f98e604]].MoveNext()
   at Amazon.Runtime.Internal.ErrorHandler.<InvokeAsync>d__5`1[[Amazon.S3.Model.PutObjectResponse, AWSSDK.S3, Version=3.3.0.0, Culture=neutral, PublicKeyToken=885c28607f98e604]].MoveNext()
   at Amazon.Runtime.Internal.CallbackHandler.<InvokeAsync>d__9`1[[Amazon.S3.Model.PutObjectResponse, AWSSDK.S3, Version=3.3.0.0, Culture=neutral, PublicKeyToken=885c28607f98e604]].MoveNext()
   at Amazon.Runtime.Internal.Signer.<InvokeAsync>d__1`1[[Amazon.S3.Model.PutObjectResponse, AWSSDK.S3, Version=3.3.0.0, Culture=neutral, PublicKeyToken=885c28607f98e604]].MoveNext()
   at Amazon.S3.Internal.S3Express.S3ExpressPreSigner.<InvokeAsync>d__5`1[[Amazon.S3.Model.PutObjectResponse, AWSSDK.S3, Version=3.3.0.0, Culture=neutral, PublicKeyToken=885c28607f98e604]].MoveNext()
   at Amazon.Runtime.Internal.EndpointDiscoveryHandler.<InvokeAsync>d__2`1[[Amazon.S3.Model.PutObjectResponse, AWSSDK.S3, Version=3.3.0.0, Culture=neutral, PublicKeyToken=885c28607f98e604]].MoveNext()
   at Amazon.Runtime.Internal.EndpointDiscoveryHandler.<InvokeAsync>d__2`1[[Amazon.S3.Model.PutObjectResponse, AWSSDK.S3, Version=3.3.0.0, Culture=neutral, PublicKeyToken=885c28607f98e604]].MoveNext()
   at Amazon.Runtime.Internal.CredentialsRetriever.<InvokeAsync>d__7`1[[Amazon.S3.Model.PutObjectResponse, AWSSDK.S3, Version=3.3.0.0, Culture=neutral, PublicKeyToken=885c28607f98e604]].MoveNext()
   at Amazon.Runtime.Internal.RetryHandler.<InvokeAsync>d__10`1[[Amazon.S3.Model.PutObjectResponse, AWSSDK.S3, Version=3.3.0.0, Culture=neutral, PublicKeyToken=885c28607f98e604]].MoveNext()
   at Amazon.Runtime.Internal.RetryHandler.<InvokeAsync>d__10`1[[Amazon.S3.Model.PutObjectResponse, AWSSDK.S3, Version=3.3.0.0, Culture=neutral, PublicKeyToken=885c28607f98e604]].MoveNext()
   at Amazon.Runtime.Internal.CallbackHandler.<InvokeAsync>d__9`1[[Amazon.S3.Model.PutObjectResponse, AWSSDK.S3, Version=3.3.0.0, Culture=neutral, PublicKeyToken=885c28607f98e604]].MoveNext()
   at Amazon.Runtime.Internal.CallbackHandler.<InvokeAsync>d__9`1[[Amazon.S3.Model.PutObjectResponse, AWSSDK.S3, Version=3.3.0.0, Culture=neutral, PublicKeyToken=885c28607f98e604]].MoveNext()
   at Amazon.S3.Internal.AmazonS3ExceptionHandler.<InvokeAsync>d__1`1[[Amazon.S3.Model.PutObjectResponse, AWSSDK.S3, Version=3.3.0.0, Culture=neutral, PublicKeyToken=885c28607f98e604]].MoveNext()
   at Amazon.Runtime.Internal.ErrorCallbackHandler.<InvokeAsync>d__5`1[[Amazon.S3.Model.PutObjectResponse, AWSSDK.S3, Version=3.3.0.0, Culture=neutral, PublicKeyToken=885c28607f98e604]].MoveNext()
   at Amazon.Runtime.Internal.MetricsHandler.<InvokeAsync>d__1`1[[Amazon.S3.Model.PutObjectResponse, AWSSDK.S3, Version=3.3.0.0, Culture=neutral, PublicKeyToken=885c28607f98e604]].MoveNext()
   at bma.BackupClass.takeCloudBackup(Context c, Boolean auto, String _mobile)



==== 14/05/2026 11:33:01 - OSTATTUS-RESPONSE-TOKEN ======

FLFJq5O/UTvCLNxYy1yGxIXU5YHJWjLxVawUyv/p8kV+apo7xbYAwoClgkapZZrjXWJOmg2szOOE9MUju0OVqPnBbTvyRdi1PopubNeTND+SaD3NmT1w4tkMIJEHoy429XPLccnsewqZ/5zgUcpdXu9XBBRmr12LKz0Zdp60Jy+WTHWETdbusncP5a5HeVe/Wl7VuzHlPJ1VmoIB4bkShuxpEmmYOHeETGJrylH37DhQQrntVRNs2Z08Lbd5kVRE16W6gBZOAmb0TTOmbkvTfzyd/LkJV5A2LZcEcpDj2dg9fXH/W0CunxsL/SFUZJSOBG25afbEDn6jWVdNAg4wUmYOVEgy/dNIjxFwnyk1rKIjBw3P7oi32PFWUZ7NJgmkBJgwZ3be9vx51wFurhNN/31pQm0lhsEAJ40privxN9RL6i99bGeB2r+PO/199AHpwLWEIfaXuRnROfquyZ76FBGVFqp5Qtm/HKCtw3UZ3nZV3HqIzX3/C4i4CZ7nUr8pGQwhNLQpW5tL8WyU9vz9T4x08Jq95DYWituV6uGweyIwztHRpZ/o8xbQeQHwf3FHcKTF3UtoSEQK4SzsFFlCJ/WWbcunyl8WVmQA4rudNe6ZPEkoZYr3i6dJDqQBDIUJGa21/3ZQCU4yrsXS4WfttYkCPZJIkaqbagxRgaeDvGpqLGMnmvCbJPMCXtqLF0U0B/H2Y7sEwkwxCZG5AhvYwyPyQwz4Ual9SKxyaRVKfYesY9fbzr++JWj5tk2Z3C+uHyGvUMiouL+PvcOamWDyfIViOqORAPeazKGdYDmiR7Vx1BNZNFVRTtXuYiZZmhk89fYROZiXdVnIkZtIWkq2jD3e9GR0tpxv97rSpUxfNW/XOgeIqaxVOh0fiUKFI13Ac7ooog7bqbvEhkL0rAu1id8Lk3vKZpxQvmR4NTbAKNU7OMXXOMQYf5DoOWauB4tFCGJHAzEKpeYGi45yJ576VPe1TADfZsxitqsoanIqg/hjUU5M+OvkYiD4y8eM2y3Du2YXl6nz6NiJWYfI3Lyt4c3N3xq7Pppoj1a64svEKWykbxSlFXjwnvKGzKJV0C+vqX0iNq+n50O6bpsiy70aFXNCriFXkh/qjlWJGCyuJhD/GywFYENMGT/4YgpD7AkYVXP6uJyNJiTl1KSE3pbNiCrsy9ZpZsopJmFNlBaFy6doivpEzsGP87TU8zKfEvT5WlVrqkaIHQk8PEKwvskXTX2CFi8IXbx399m91IF5JYxXTR7W6jH4q5Y/u2KIB476yNY5oS2G2LdQ+zvQ7Ll0EbdXYersYDfksj5v7s5M5b34iO5EOIaEb0akGNGyQT/n5r3m0HSoq5VNx4TN4tCBP9jJ6Gi5SuzRhZ6ueunQVmo30nuJNp9oFbEhqvqQsyxiUURpxhZkJyYW8exV8e6gcX3inHxCQ/ZtZ7dKmz5R3Xf3AaslysL2FhiX99jNX0Th7cFNxFYoG3dBwNNgn+avRNCE9mhCIyjM6mEGPGtHwgRvdD00FeAEDMWb56la9GwE3otWZTbn/oqkkADRulLfX/zB2F0jFuA63StTUFPondOyF0EpgaN+OW4LoYV8b0P6IKMde36bvAWmrYaBar7Ciqk/wNvE+UhtzRSDBfy9Qy8Zu6tMLJp0kBcED+s9vU3o1guO5Xlb5pcJOSBwrkFWdRMdm2wogdSptjdmdTL2A2m+iPL5yCpw1BYTiWL5xOA+tgFkh/n6eKBlSED4kOppOGXADt8OiYVXBs7QPpMMjgpInyzF8+DjA4zscXPrY+iapTOaica+nS20rpREEj1egfZf9cx3GjarQgOSYHkxVZWMGJSWeW+sy5HTORvPSgN6RyU/gDyeWjoNJ2jv0RNCydCyTtisyJNUH4B9tOkdsv8pejEBYkwVZrIvPIMgD8FL94IyosaWTopMkIz2B/OfGVwcf+k+AxF5jEHUd1oSadYZUf3ROOMACVyroW9GNBTQYEYBOEqBnXPhtq8PYDmLd2SKb8ehqxOYMgdpzGlskEvee27qn+OdghIacg==



==== 14/05/2026 11:33:01 - OSTATTUS-RESPONSE-TOKEN ======

eyJhbGciOiJIUzUxMiJ9.eyJzdWIiOiJJREFNMjkwMTIwMjA0MTQ0ODYyIiwiYWdlbmN5X2NvZGUiOm51bGwsImNyZWF0ZWQiOjE3Nzg3MzUzODkwNDUsImFjY2Vzc19jb2RlIjoiZXlKaGJHY2lPaUpTVXpJMU5pSXNJblI1Y0NJNklrcFhWQ0o5LmV5SnpkV0lpT2lKSlJFRk5Namt3TVRJd01qQTBNVFEwT0RZeUlpd2labTVoYldVaU9pSlRjbWtnVDI1cllYSWdVR1F1Vm1WeWJXRWlMQ0oxYzJWeWMzUmhkSFZ6SWpvaU1TSXNJbVZ1ZEdsMGVXeHBjM1FpT2xzaVRFbERYME5WVTFSUFRVVlNYMUJQVWxSQlRDSmRMQ0p5YjJ4bGN5STZXeUpCUjBWT1ZDQkVTVk5CUWt4RklsMHNJbWx6Y3lJNklrRlNXQ0lzSW0xdlltbHNaU0k2SWprNU56Y3hNVFV3TVRZaUxDSmhkV1FpT2lKa1pXWmhkV3gwSWl3aWJHNWhiV1VpT2lKVGNta2dUMjVyWVhJZ1VHUXVWbVZ5YldFaUxDSjFjMlZ5Vkhsd1pTSTZJakVpTENKbGVIQWlPakUzTnpnM05qUXhOVFlzSW1saGRDSTZNVGMzT0Rjek5UTTFOaXdpYW5ScElqb2laR1V4Tm1Sa1lqVXRNR1JrTXkwME1ESm1MV0UwTWpNdFpqVXpabUppWVRZNVpUbGtJaXdpWlc1MGFYUjVJam9pVEVsRFgwTlZVMVJQVFVWU1gxQlBVbFJCVENJc0ltVnRZV2xzSWpvaWIyNXJZWEoyWlhKdFlUWTNOVGN6T0RKQVoyMWhhV3d1WTI5dEluMC5wV1FYRThQUHJaSVRYWWdnOVQzZlZ4V0RqT09KSVJZUTFzWEZpV3VSWWhCWS1pakUxRjdUQzZmRkx2NjZ5S2llcFNCSURXOVl0Qk9rQWw5ZVNtNDRmU0tGY1ZXT1pURktaNWVaYjB6U2Z0ZDZKcU1lVjNWZTFlMUJPTHljX0NwNzRXQ1VXTHlpWlMxOU5XNktJT0lpY1ZCejVkenA2Z1RKVmZLblhsdjZzR01kYWU2aTQ5VUl5ZjVWcVFoYk1mZ2dEMG5JN3MtWFdnVG4wazM4LVI2cDI3TVpqcVpRSXVoYnc0SUZzTmdkbFR4X1A4WVlibEpBUjNVcG12eVJFX3ExTjgyUDc3RGUzZlhVZ2xPY1NrdVRlS2FmWlRfVjJuUmhfWGZIMlV0Tm5aVG5HMFhBSmh6UG0wTkthcUI1SU95LUJuSnFDelRXeTQ2b1NSWFZaUkpMRFEiLCJyb2xlcyI6WyJBR0VOVCBESVNBQkxFIl0sImNsaWVudElwIjoiMTEyLjExMC4xMjcuOSIsImVudGl0bGVtZW50IjpbXX0.0Sm_CEKbaSRSWEFzfDXmvyByBOdMfe3IZQjpvOCq4Ow4_Gb8VIth6yMeHyUB7Km-jOjTcaiVdxHHzd3-50B_lA



==== 14/05/2026 11:33:01 - POST-URL ======

https://ebizapp01.licindia.in/BFFService/policy/policyInfo?_dc=1778738581276



==== 14/05/2026 11:33:03 - POST-URL ======

<!DOCTYPE html>
<!--[if lt IE 7]> <html class="no-js ie6 oldie" lang="en-US"> <![endif]-->
<!--[if IE 7]>    <html class="no-js ie7 oldie" lang="en-US"> <![endif]-->
<!--[if IE 8]>    <html class="no-js ie8 oldie" lang="en-US"> <![endif]-->
<!--[if gt IE 8]><!--> <html class="no-js" lang="en-US"> <!--<![endif]-->
<head>
<title>Attention Required! | Cloudflare</title>
<meta charset="UTF-8" />
<meta http-equiv="Content-Type" content="text/html; charset=UTF-8" />
<meta http-equiv="X-UA-Compatible" content="IE=Edge" />
<meta name="robots" content="noindex, nofollow" />
<meta name="viewport" content="width=device-width,initial-scale=1" />
<link rel="stylesheet" id="cf_styles-css" href="/cdn-cgi/styles/cf.errors.css" />
<!--[if lt IE 9]><link rel="stylesheet" id='cf_styles-ie-css' href="/cdn-cgi/styles/cf.errors.ie.css" /><![endif]-->
<style>body{margin:0;padding:0}</style>


<!--[if gte IE 10]><!-->
<script>
  if (!navigator.cookieEnabled) {
    window.addEventListener('DOMContentLoaded', function () {
      var cookieEl = document.getElementById('cookie-alert');
      cookieEl.style.display = 'block';
    })
  }
</script>
<!--<![endif]-->

</head>
<body>
  <div id="cf-wrapper">
    <div class="cf-alert cf-alert-error cf-cookie-error" id="cookie-alert" data-translate="enable_cookies">Please enable cookies.</div>
    <div id="cf-error-details" class="cf-error-details-wrapper">
      <div class="cf-wrapper cf-header cf-error-overview">
        <h1 data-translate="block_headline">Sorry, you have been blocked</h1>
        <h2 class="cf-subheadline"><span data-translate="unable_to_access">You are unable to access</span> licindia.in</h2>
      </div><!-- /.header -->

      <div class="cf-section cf-highlight">
        <div class="cf-wrapper">
          <div class="cf-screenshot-container cf-screenshot-full">
            
              <span class="cf-no-screenshot error"></span>
            
          </div>
        </div>
      </div><!-- /.captcha-container -->

      <div class="cf-section cf-wrapper">
        <div class="cf-columns two">
          <div class="cf-column">
            <h2 data-translate="blocked_why_headline">Why have I been blocked?</h2>

            <p data-translate="blocked_why_detail">This website is using a security service to protect itself from online attacks. The action you just performed triggered the security solution. There are several actions that could trigger this block including submitting a certain word or phrase, a SQL command or malformed data.</p>
          </div>

          <div class="cf-column">
            <h2 data-translate="blocked_resolve_headline">What can I do to resolve this?</h2>

            <p data-translate="blocked_resolve_detail">You can email the site owner to let them know you were blocked. Please include what you were doing when this page came up and the Cloudflare Ray ID found at the bottom of this page.</p>
          </div>
        </div>
      </div><!-- /.section -->

      <div class="cf-error-footer cf-wrapper w-240 lg:w-full py-10 sm:py-4 sm:px-8 mx-auto text-center sm:text-left border-solid border-0 border-t border-gray-300">
    <p class="text-13">
      <span class="cf-footer-item sm:block sm:mb-1">Cloudflare Ray ID: <strong class="font-semibold">9fb7b292daed9d73</strong></span>
      <span class="cf-footer-separator sm:hidden">&bull;</span>
      <span id="cf-footer-item-ip" class="cf-footer-item hidden sm:block sm:mb-1">
        Your IP:
        <button type="button" id="cf-footer-ip-reveal" class="cf-footer-ip-reveal-btn">Click to reveal</button>
        <span class="hidden" id="cf-footer-ip">157.51.138.36</span>
        <span class="cf-footer-separator sm:hidden">&bull;</span>
      </span>
      <span class="cf-footer-item sm:block sm:mb-1"><span>Performance &amp; security by</span> <a rel="noopener noreferrer" href="https://www.cloudflare.com/5xx-error-landing" id="brand_link" target="_blank">Cloudflare</a></span>
      
    </p>
    <script>(function(){function d(){var b=a.getElementById("cf-footer-item-ip"),c=a.getElementById("cf-footer-ip-reveal");b&&"classList"in b&&(b.classList.remove("hidden"),c.addEventListener("click",function(){c.classList.add("hidden");a.getElementById("cf-footer-ip").classList.remove("hidden")}))}var a=document;document.addEventListener&&a.addEventListener("DOMContentLoaded",d)})();</script>
  </div><!-- /.error-footer -->

    </div><!-- /#cf-error-details -->
  </div><!-- /#cf-wrapper -->

  <script>
    window._cf_translation = {};
    
    
  </script>
</body>
</html>



==== 14/05/2026 11:33:13 - GET-URL ======

https://ebizapp01.licindia.in/Landing/



==== 14/05/2026 11:33:14 - POST-URL ======

https://ebizapp01.licindia.in/BFFService/policy/policyPremiumInfo?_dc=1778738594729



==== 14/05/2026 11:33:16 - POST-URL ======

{"confirmationId":null,"status":"200","resultInfoList":null,"count":0,"policy":{"policyNumber":"308655542","planName":"New Jeevan Anand","paymentEligDuration":6,"mode":"3","noOfDues":4,"premium":"2050.00","discountablePremium":"2050.00","roi":"194.75","commenceDate":"2019-03-28","nameOfAssured":"U Sumathi Sarlatha","dueDates":[{"dueFrom":"2026-06-28","dueTo":"2026-09-27","premium":"2050.00","lateFee":"0.00","tax":"0.00","gstPremiumType":"SYP","discount":"0.00","discountablePremium":"2050.00"},{"dueFrom":"2026-09-28","dueTo":"2026-12-27","premium":"2050.00","lateFee":"0.00","tax":"0.00","gstPremiumType":"SYP","discount":"0.00","discountablePremium":"2050.00"},{"dueFrom":"2026-12-28","dueTo":"2027-03-27","premium":"2050.00","lateFee":"0.00","tax":"0.00","gstPremiumType":"SYP","discount":"0.00","discountablePremium":"2050.00"},{"dueFrom":"2027-03-28","dueTo":"2027-06-27","premium":"2050.00","lateFee":"0.00","tax":"0.00","gstPremiumType":"SYP","discount":"0.00","discountablePremium":"2050.00"}],"agencyCode":"0090976F ","developmentOfficerCode":"315076","plan":"815","policyTerm":"16","firstUnpaidPremiumDate":"2026-06-28","fyrPremium":0,"subPremium":8200.00,"serviceTax":"0.00","cdCharge":"0","nextFup":"2027-06-28","serviceBranch":"76F ","sumAssured":"100000","policyStatus":"21","dob":"1981-05-03","ageAtEntry":38,"planDetails":{"plan":815,"planType":null,"planDesc":null,"premiumDueDuration":6,"premiumDueDurationType":"M","payPremiumAdvance":30,"payPremiumAdvanceType":"D","gracePeriod":1,"gracePeriodType":"M","serviceTaxRateFirstYr":4.5,"serviceTaxRateNextYrs":2.25,"serviceTaxRateEduCess":0.0,"topUpAllowed":null,"multiplyTopupAmt":null,"topupLimitCriteria":null,"topupNoPayBefMaturity":null,"planCategory":"EN","freeCoverCond":null,"freeCoverFUP":null,"campaignStartDate":"2026-01-01","campaignEndDate":"2026-03-02","percentageofwaiver":30.0,"maxLimitofwaiver":3000.0,"waiversAllowedNum":1,"lateFeeWaiverInd":"Y","discountPercentFirstYr":null,"discountPercentSecondYr":null,"discountPercentThirdYr":null,"discountPercentSubYr":null,"discountFromDate":null,"discountToDate":null,"maxLimitWaiverFstYr":null,"maxLimitWaiverScndYr":null,"maxLimitWaiverThirdYr":null,"maxLimitWaiverSubYr":null,"discountParameter":null,"graceprdExtFlag":null,"graceprdExtFrmDate":null,"graceprdExtToDate":null,"graceprdPrcntWaiver":null,"maxWaiverLimitgraceprd":null,"gstCdCharge":0.0,"gstLateFeeRateFirstYr":18.0,"gstLateFeeRateNextYrs":18.0,"dateOfLaunch":"01/08/2014","beforeLaunch":"N","centralGSTPercentage":50,"discountPeriod":null,"discountPeriodType":null},"totalAmt":8200.00,"eligible":true,"lateFeeRequired":false,"dueTo":"2027-03-28","dueFrom":"2026-06-28","recordId":"O","lateFee":"0.00","premiumPayingTerm":16,"lateFeeWaiver":"0.00","discount":"0.00","gracePeriodExtension":"0.00","taxExemption":false,"age":"45","eserviceEligible":false,"policyUlip":false,"dateOfMaturity":"2035-03-28","statusShortDesc":"In Force","nav":"For NAV details please contact your Servicing Branch / Customer Zone","altChannelId":"0 ","riderPolicy":false,"minorChild":false,"accountingBookCode":1,"payedPolicy":false,"advancePayedPolicy":false,"paymentMethod":"ADV","lastAccountDate":"2026-05-14","noBonusYears":0,"gstPolicyInfo":{"policyNo":"308655542","plan":"815","planLaunchDate":null,"planBeforeLaunch":false,"fypGst":0,"sypGst":0,"lateFeeGst":0,"cdChargeGst":0,"totalGst":0,"centralGSTPercentage":50},"isSpotRevivalAllowed":false,"discountApplicable":false,"advancePaymetEligible":true,"premiumDueList":[1,2,3,4],"signatureData":"sfLJZQ3ahaFfKFScGlv753d36bjd889/rrjfbmK+mZtGcZkLbRjVZSBDJ3fv58YwgY2OLYIKV18uAk0ZR/fSN0X+oUcT30wWo143wgqPw17hL+0xfEY2IaCWp7TCouItI1pRp5hsba6xZJr7NiRIFeVzoVnrIdjqH+zrxausvinQpDfjYHZmczLcpjUEZ0WEabjMQJ9jPYrhCPg+SlIHjYOpjdkImdJvpoGRaEj97erZqNfigDVCZkN2A1hC7vmqEztwHHGgfgqEmYBrFJK0ewJXnka8vuqYoVWO17YUMb9Q8ghgp3XeX6gBnLvziNEz3Coc07T6tpVacxiwTgJhw6u2ZZYPlSeQGZY4vEVYLq2kFprWluAcxRc7UvIgZpAXc569/qqwPPZKgenMZlt+5lOY0tilhtaf67rUv4Pn9AoMnk+47/0LVBfMdRZAdDVQmTL8mkEBv5Pm/lB2Fzhwko0AmLJNotNY2Xp+xi0qKlRci3gVrlaaYOdZjqcUUMr8Usb1ux/zqhFaX7supQZ7Hr2r/KzUJSxaI0VoMT8mXh6PJEn6IlUE6XnjpANRkC69Ox5tM5XNulCuP3YZ9WjEhSVmS/NayRYYnVycEpRYfEmLBZLTXmJDIektOzcR8oOlScJddLMTCbcZOVJexML1TZrJge9MvUGq5zI/IK3Y3aEjByAKCKXI61zfw9al8t9pmMoVV8AvaKs62pEYrk1+NaIn+eM1OAvGWY8KEtEESbJCNoMaNPK39vNnQ5aWenmj3pY1BGB41o5V+7iULmjYzQKz7/b3e7+4RAXhDCwBHWAotrq0PTHQQh6vCSzMfmvKXFuMa7LuMEzV0NLKvURsw2X+jmqVNla8ssCaVmAGMD2MD2AU4spa2odQoIOYx5RM8/27FunXn4zDPCLmFQu1Z9set2BrB7SkCCycLIH+ocd0BBWkJYSJxNjMRz3zsJ08IPTIa0mqvxUyYPIiPBl/Opac7RBu93ug+YE7dU3sP3MXDXfSW4+cimg3UjIx8ent62MoXv+3V4TK6sekBBDKbUfQdvYYxLQaSJMlvulW0A6ImcvqzZdAUhF2TPtXfVT2EL/WM4Ng7fBP1s9UM00/9TGVdMCYKphlYKwwZ6EUvRk31ieQM/0KAzwoarXrs9njjCKosYqbRjlboZnFX4eXzWEk0HTx0ARL90Tq+lSuZCsbwqWsvpbChkVnqOcu7GvukPdLhOpLtalz9ljFyrMKu2CAJbQ2ADiI11swnDBaFHczDjHD8WO+y2hz7OrmY7RasN4sVkUce6a8zqE+Qmq2kMAEW2GX1RcGUsfouSuyW9M0VkHPgUGw5CDT9k982ybYLm4Yp9jg+I7aMmzbiwwTIVKrxlFdINMWwNyFmOOJ2n0RXcJsfmneZ/tOYiwxUwRM0Jje2wo5t8VkI+iHEqOXdDuwz6Hh5UT43DGzjJnQ1VaHPTmMB3UIv6cjlECIw9eCGnAN3kXtGHM60MY6LCN3AtuGSO4OdUvhqctfIABNBnaiLqfdYp3bVfZXddKgPMejNT/bRVR1HvmtEU8oNY/HFcO8BHdl/oqwqzqu8C9FIIPY82etqpxtPH5kHNB7t1tQeXaLug+72ic1+92t1AxoRXKyEMZaHerxvlrKLMdQZw1tPNFZ2cbFL4HEpcAZdZvzSElLpklHBAAq1lJiQFqckkJVrVem+qaZv1MuXXhWfRBxHqYC+xMouFCiWpDA0UQP/fVcfqnjadz/G5XabkfqIW61BViW0SB+h90IGGLzsAWCKaXM1QUUjDbyBYChZRj8XrBCTsuzrZt5IjlFxzwUMfee+cHgL5DSasAlOMcAtMfPwdCXmdBZNiSRVRCgZcQhUlEFzjPmGdvbIXrwgsDqwBI7ZF120xP9UTq1XiFDkB79oE1QoC1y1iK1E75U8QttOru78k+6LtjnO7YrpXBAO0DK6hx82swuW7Ex7XuUZzawvd40ScEgHzVmJ//+FKEw5HuCwvPe6/6X6Nen2aMEwgsx+FTif9S7+c+zA2Vu8zyX9tlblLzYDqXukyHz57IDsUMJ7zufVNdZUv6MX6I1VJN/EQ6UQ/+XcriTxOBwz5DrKZJ7KasjVKUCUOAooa4Dks10Xb5MqmA00WEVHIiZ+2imgBODKL2ToRE5Is3/JuIWkcQUq9kTnHRa/m0Vd0CiHt3CJh2yJ961Y4LDQM9sgNHXuzlbD2N2X4gJNvOi4TG5IeohJo0n+tYz5ZWZTaEsL6/Zb7gRLH73L2LpdcegWBm0TnKQFkOo6SnIPR0D8JvtTGqsu4sUleJ/AMwv+cZxXkMsRcHF9BsJdBkjt1fnwEY/SPT0zC4pK8jpGD5Cr2mhdJFqSnBYDOW9zfMGfKeuVvzDyEIs88ByuOF3OK5KRQ+hzaU9Xq/08TeY2LJACAx0VhjKCC275DsJbDtqGjafIZYSvmpRgx2KW/pJvd+PKMIbRIYQNmAHB5wFqsVMGcvB5GWwZ1T1Y3MU5rZq7wERhvotR4jl+/J4oeNfor4o1aH63+uPndFXqrva79AvmOQ4cUquvYPm8gm7pzrAgtbQEV3CbH5p3mf7TmIsMVMETG/oxmyT8iJXgrtl3b5X97kYCbcR923OlMhRRvNrRvj2EFraZ5J052auS0+BZnao6FnC1khZPhcC6tR4xlkkTC20ov17db+iqWO90gZP43Ke0n0ZeXgOrIS0Vnhmrx87zWiv5TdSKMS935BEvx+9q/U6xxk0IURGs3p7VmuMBeHuhs3aq3PbsexyjK0rnpavaiJVOJzx9UOQp6p/D2zduKJMPuNpkT7b55c8UUbAF03B3uNq+qUla5IDGG5fYngfVEQWu1MKXcm4VlGROyEdUrF1yvlXl+6K4zk2f4NKaqcS5pHeCpzTYh5uzrkA+exXEwbgEhKUdumCPhvPrUm+7lqv8LuOEP9oBWLnlcDdqq4XnZyTRUW6BZkbwfP75oLWWgp6AnbPZB18DdA7I9SI49QgMs8qmD1OBPYk+dmvo4f/PaEVNUMlu3IJgT70yTbqeAH6cPVNULR3SAU9lqZCnOM2IGs11AP+vO5c7iUaAZQ4eQZV8vKtPbPdTGH8qv5CJIjnpzZdU3Q24BjkFkiKRiwP/tMRtLFXQ9jJX2FXDT2ot0sA66VxqG3fGI4iXO+qMUB1n8F3Jh41OsDo/sj4PtBGqTlx2wIioFgPA6qKabNeIxEmjtZWuPqNpRhKMgHxPMYjyHZTEKBezAE4Z1vgRHPhxAoxFvcA8pJ5d78fNU9Kky2a8mWOLMEFEsSqE7YfUatInbwqoHqhXIXIM1lDO/i4nX7/wWoCd8xpp13SUuFSkhR2bbAKY6FVVkQRjpM5/UAnPXAOwWThhjhWVjZ9qYJkeEG94hx66vVzYvQ8bUBmADRoAhM4hLLzfxsb/lIfIllFKUGTIu40GGh7vjtSeRWKn69eqVK3GJbASwWJGoa2GcnSgE5zSDmRUk4q75MOUt4dUriXzNJjj/ojT7OeH5OCMchYeqgcZQcyAN0oJx7suFHE/mtlOaDBg2EKC4xOauI73T43LkvDnyQG+CWUEeRpYbitWu71Pv/Ei20cc/VSzetm0QQ/KDD4ABbGx5TYQN4CC/apGlxequwymxsKT6jdaaprAxNmbH61ZOdnfUVmliQrvQqMCdrMQ19g/AZkUDoHw0UY6TJ+V84mtVOobbr8CwbbG6lzRud81O0YSlYhpeq46VtGOh4OivyOW1qFOex6MxUiW4O1OJF5wZtvqED5Mn9ZaQPbiet4HrH8AVgZMw+M18L8Bs6VWetJbCGQlbKS3dawl+3dgu4dDxlGZ2fsahhyYGbM1oUktyxc7asp17WXWDZ5sOxNqO8mgvv1w+5KiVzRkOUk5PB59pAgK304iHuBSKJv5NWNR4tXkon8RcHcU5UkkNNxHSsxLOL+A2y7MJZYqvMGEs48fP+gQXgyRgFSD8QwoAvdWNJ22H2USwxH8VZtxoPjzFdqioiNjN9K3MTfhjNyJkoQOyaIO9gI8ik+xZUDyc/P7j/o+gSJiWMSsT4kt4U1ue2yvnfPLcX1GLkSh4omEdVZKCFbCGuWQISz+CfxLgtvnoIFciNC","gstInNumber":"null","percentageofwaiver":30.0,"transactionAllowed":true,"dateOfShowMaturity":"2035-03-28","panFlag":false,"neftFlag":false,"premiumGapFlag":false,"dghPolicyFlag":false,"policyExitStatus":false,"serviceRequestFlag":false,"nriGstFlag":false,"fyEndDate":"2027-03-31","maxLimitofwaiver":3000.0},"userRegistered":null}



==== 17/05/2026 08:58:51 - OSTATTUS-RESPONSE-TOKEN ======

aHxykwHfiJ7ArXMbvpLBrozQLhZAoA8/cQKXXjGboDKRUPuARUGZUQAhOUVS7d/CXTP0Lmozy0XufJyVTOJ/T3uzjHPjS9C51t8AeIWFqgZAVj+rI1Sos7KUYrR94l33cuoK+W60YaHm9Aj7PZGGIa6eg7oTCB90kkqqOjbyCLbIh0mtP8DrrobJ56gx/EDulRtD3DPvNGZa9Zbf/nX8FG29ohtqVabRN4POVE9a07sGkYb44bCUtxjg/wn3LNQFFDnGNWrj3rTdIL2le/MPvgk0UiUZNnV33RaMxKxZyhbjy1aE5TPsdm+TX8yMoPX3M2iTBzP8GaBzcZA+pmr39F8RP9OId3ynbq4y2iRouypjkHbz5GSSuwuwdBoCIxf501tkI8MDJCPdK1G03PDFH3vOgLH6+Tuviw8HejN1FnPsB2GtHEAale1biPQwT3Mu4bK3RzxRkovMUT8+2MdcMwVHB37801hTnnGskBCTWUwva+LhK7DB+QibeH4G0W5Bn4Hxmt5wkQ/zIhi6XW1stOoHoWyZq0UXvVd8K+Z+IwzENQFkmy43SoRSYNVEaWJ29ch24mlhyGO9N0V1k2UvXPWiX1vbTB2f3RMq3OlGBzIAXec9jepLLeJOT+RJElaU7sXvlzesWhgZ1WJMi5WmlzW5NWirVW4RBXUxEq2IS4OYzqBgbpPxEvgd/cTxr9nbCC7GHXEVLOITwAhHmUH/8+MJa9Nye2l6T9l0fI4xqqtJDYDlozvBz/JT2ZrzHrbtBSnjWvc66xJzHaL4flra/Ui/rilCtJd04bqCnMxVjChFiCeYW4ZMf8l3GiSOyTJOXdPu9PhA/79Iidf/Y9Kuphu6wVTdCyyRQWW4IK5Zt99lYt0AP5LIGnXXlaJvV6zuzsAK4Z7aPjr7q/qJRYsb8uHWIMJO7HcC8jSckl7rShBqgd2MKvVSiqZuWW9nn4d1iCvNBCZ6lvZoM9Vr1CyNV19s83xu3/Beps8BAC8UgvGtUJ4sJnA6KTJVmJKdTk73dx04cR/xa/TUUklZJXAHq9BKMaYVTWQ97lQD14aqsoxtS+rLmIiKFl3BRfjD35wihyqfRBOnfQQV2YRa3znktMtkww+LrQ8FyasMXBWvSgT2UdB5tFJl69Y2DBKCQ7Ut2AHFkSup5Yc7CfCX4FEGNURF2W3ikCpXS6O+ErLwotV5LQcWjo38zzKlYjZRVWymEFBT0yx4BWWtsRIBjaViPDf/b/skIJxQXlqmhPGdbZR67PUXj3urlf7EPsNrQLBK1eS4tetp1usPFL5rG193sNZfkok+RGzqGTcC7PxFNO/HIUmDgVRqZOfdGiBR5U4ix5BfG65SZXzHbBD1s68wuozHidxIWH8k9zBYi8/XYsAwDym6l7L7CRoRYM9NOhNNwmj3493QGEiUB1gEtniE0PfmYd8Hl+FmN/OI4nP6dOPD2lCrMSwb+OaqzmYnAiqB0/1MdpMNkr7ypEN1XfGgfKzgLqS0iLU9kF8ZfsLB4VYiSvNdo1blUgMe23yWZiFybG6iX0MxsZigwshZfjlZEUwGIHOoMVcRDPzjifCAzlNlJcNa2IKPa1LMVEwtjBSp94eKOFMJjWDcpevW1OJc822p9wx1h9PSAkI6OgkMgJNs7WEi2Ume0FX3XTyNbPqFs934wiBqMany6vuALVgOSEd7wOci8/C85WDUnjC8WJY1y0/79dYS9AaEQc/J6aJsWWCmgGiXgF3uLT1eTMIEjNwqDHZMcpHRU9pm7Z0UQaM1IHb8mLu4Ajtnpt3DKHU5A/EiXge+goe29zSrmkLVIxwhz4/B68+Ssq9vOXPmdLJUqDy1J6/C2mWSVZrint8wT2g0PQs+vyLIqSKS/xTRLTQ+H4vPZKHMXglAWDL/065FfikPjPMcXJVHtyuaEBhDT/cknTPNY/lLE3CJszVplMz+h6ki/lBmExlGBnvVBD1+fDED/U8bGBpOSb7mDnHDkx7zL0+jNGeKk1GkbWMe/UDYMGVt65o+oa2Wkj1necVoFCD6O7xeAnhC3EvLong9pHyGBk9D+KHkoxor7TGpZ+MFbBSe+XKwWxbNwqCSaDuD34/9TqWJNB+R2UlOrQ==



==== 17/05/2026 08:58:51 - OSTATTUS-RESPONSE-TOKEN ======

eyJhbGciOiJIUzUxMiJ9.eyJzdWIiOiJJREFNMDkwODIwMTgyOTEwMjkiLCJhZ2VuY3lfY29kZSI6bnVsbCwiY3JlYXRlZCI6MTc3ODk4NzM4MDA0MiwiYWNjZXNzX2NvZGUiOiJleUpoYkdjaU9pSlNVekkxTmlJc0luUjVjQ0k2SWtwWFZDSjkuZXlKemRXSWlPaUpKUkVGTk1Ea3dPREl3TVRneU9URXdNamtpTENKbWJtRnRaU0k2SWxOaGRHbHphQ0JMZFcxaGNpQWdJRTFwYzJoeVlTSXNJblZ6WlhKemRHRjBkWE1pT2lJeElpd2laVzUwYVhSNWJHbHpkQ0k2V3lKTVNVTmZRMVZUVkU5TlJWSmZVRTlTVkVGTUlsMHNJbkp2YkdWeklqcGJJa0ZIUlU1VUlFUkpVMEZDVEVVaUxDSkRURWxCSUVSSlUwRkNURVVpWFN3aWFYTnpJam9pUVZKWUlpd2liVzlpYVd4bElqb2lPVFF4TlRjeE1UYzFNeUlzSW1GMVpDSTZJbVJsWm1GMWJIUWlMQ0pzYm1GdFpTSTZJbE5oZEdsemFDQkxkVzFoY2lBZ0lFMXBjMmh5WVNJc0luVnpaWEpVZVhCbElqb2lNU0lzSW1WNGNDSTZNVGMzT1RBeE5qRXdNeXdpYVdGMElqb3hOemM0T1RnM016QXpMQ0pxZEdraU9pSTBNV0psTTJOaE9DMDFaR1l4TFRRME9XRXRPV1kxT1MxbVpERTNOV0V5WTJKak1Ua2lMQ0psYm5ScGRIa2lPaUpNU1VOZlExVlRWRTlOUlZKZlVFOVNWRUZNSWl3aVpXMWhhV3dpT2lKellYUnBjMmh0YVhOeVlUY3lORFJBWjIxaGFXd3VZMjl0SW4wLkRBNFVLSnh0azczVVlhS3RUelJCcFJ5OXpMZDdSZEF0M083U1hEcHFjaV8tWkhHbUZDb1JBRHlDaTdleUJURmhlY1BjWlBJcllSYm9GMVA2RWtUdUpTeGdlRG1Sb3BnNHVHa3ktc2dHLTJzR2J6Zk5tOTZSdzBiVDROeTFlaFlzX0RrbmNJdUJDaHZ6WW9ObHBUTGpPUm5iNFJEODRfeVRiOGpZVnpqZ1Ftbi14NkFVbjdkN0lCUjN6dzVGZmpULXhLZHJVUnpnU19RRUNhcXZaZ1BrNEI5cWJSS2hsVWx3bmZXYmdJdDRuSGVqV3RQdDFzN0hCNVU3ejJRM1BkVy1XbEZjVTBTY2hNaUp0ZkxoZk05eFlPVnVzbmE1cG0taldCZmtHTjFsa24zLVZpY2JqQlZRbm5idDE3QV9RZ1FnRzg0R0tDRGw0cmstMkd4bHBuZmlQQSIsInJvbGVzIjpbIkFHRU5UIERJU0FCTEUiLCJDTElBIERJU0FCTEUiXSwiY2xpZW50SXAiOiI0OS40My4xMTYuMjQ0IiwiZW50aXRsZW1lbnQiOltdfQ.5dSRl7f3W8pVDcmHhi0G1hAsC6rjq53wULF4omABmyOdhCZfH9Dzf_Q7vXEIjo-KALslcJsjMbjmz5aiCRQtfg



==== 17/05/2026 08:58:54 - GET-URL ======

https://ebiz.licindia.in/Landing/



==== 17/05/2026 09:00:34 - POST-URL ======

https://ebizapp01.licindia.in/BFFService/policy/policyPremiumInfo?_dc=1778988634652



==== 17/05/2026 09:00:34 - POST-URL_TRYCATCH ======

Unable to resolve host "ebizapp01.licindia.in": No address associated with hostname   at Java.Interop.JniEnvironment.InstanceMethods.CallObjectMethod(JniObjectReference , JniMethodInfo )
   at Android.Runtime.JNIEnv.CallObjectMethod(IntPtr , IntPtr )
   at Square.OkHttp3.ICallInvoker.Execute()
   at bma.pt.NewClass.<>c__DisplayClass26_0.<postURL>b__0()
  --- End of managed Java.IO.IOException stack trace ---
java.net.UnknownHostException: Unable to resolve host "ebizapp01.licindia.in": No address associated with hostname
	at java.net.Inet6AddressImpl.lookupHostByName(Inet6AddressImpl.java:156)
	at java.net.Inet6AddressImpl.lookupAllHostAddr(Inet6AddressImpl.java:103)
	at java.net.InetAddress.getAllByName(InetAddress.java:1152)
	at okhttp3.Dns$Companion$DnsSystem.lookup(Dns.kt:50)
	at okhttp3.internal.connection.RouteSelector.resetNextInetSocketAddress(RouteSelector.kt:170)
	at okhttp3.internal.connection.RouteSelector.nextProxy(RouteSelector.kt:132)
	at okhttp3.internal.connection.RouteSelector.next(RouteSelector.kt:70)
	at okhttp3.internal.connection.RealRoutePlanner.planConnect$okhttp(RealRoutePlanner.kt:164)
	at okhttp3.internal.connection.RealRoutePlanner.plan(RealRoutePlanner.kt:75)
	at okhttp3.internal.connection.FastFallbackExchangeFinder.launchTcpConnect(FastFallbackExchangeFinder.kt:119)
	at okhttp3.internal.connection.FastFallbackExchangeFinder.find(FastFallbackExchangeFinder.kt:62)
	at okhttp3.internal.connection.RealCall.initExchange$okhttp(RealCall.kt:298)
	at okhttp3.internal.connection.ConnectInterceptor.intercept(ConnectInterceptor.kt:32)
	at okhttp3.internal.http.RealInterceptorChain.proceed(RealInterceptorChain.kt:126)
	at okhttp3.internal.cache.CacheInterceptor.intercept(CacheInterceptor.kt:101)
	at okhttp3.internal.http.RealInterceptorChain.proceed(RealInterceptorChain.kt:126)
	at okhttp3.internal.http.BridgeInterceptor.intercept(BridgeInterceptor.kt:85)
	at okhttp3.internal.http.RealInterceptorChain.proceed(RealInterceptorChain.kt:126)
	at okhttp3.internal.http.RetryAndFollowUpInterceptor.intercept(RetryAndFollowUpInterceptor.kt:74)
	at okhttp3.internal.http.RealInterceptorChain.proceed(RealInterceptorChain.kt:126)
	at okhttp3.logging.HttpLoggingInterceptor.intercept(HttpLoggingInterceptor.kt:152)
	at okhttp3.internal.http.RealInterceptorChain.proceed(RealInterceptorChain.kt:126)
	at okhttp3.internal.connection.RealCall.getResponseWithInterceptorChain$okhttp(RealCall.kt:226)
	at okhttp3.internal.connection.RealCall.execute(RealCall.kt:178)
Caused by: android.system.GaiException: android_getaddrinfo failed: EAI_NODATA (No address associated with hostname)
	at libcore.io.Linux.android_getaddrinfo(Native Method)
	at libcore.io.ForwardingOs.android_getaddrinfo(ForwardingOs.java:134)
	at libcore.io.BlockGuardOs.android_getaddrinfo(BlockGuardOs.java:222)
	at libcore.io.ForwardingOs.android_getaddrinfo(ForwardingOs.java:134)
	at java.net.Inet6AddressImpl.lookupHostByName(Inet6AddressImpl.java:135)
	... 23 more




==== 17/05/2026 09:00:34 - POST-URL ======

https://ebizapp01.licindia.in/BFFService/policy/billingInfo?policyNumber=703332599&_dc=1778988634941



==== 17/05/2026 09:00:34 - POST-URL_TRYCATCH ======

Unable to resolve host "ebizapp01.licindia.in": No address associated with hostname   at Java.Interop.JniEnvironment.InstanceMethods.CallObjectMethod(JniObjectReference , JniMethodInfo )
   at Android.Runtime.JNIEnv.CallObjectMethod(IntPtr , IntPtr )
   at Square.OkHttp3.ICallInvoker.Execute()
   at bma.pt.NewClass.<>c__DisplayClass26_0.<postURL>b__0()
  --- End of managed Java.IO.IOException stack trace ---
java.net.UnknownHostException: Unable to resolve host "ebizapp01.licindia.in": No address associated with hostname
	at java.net.Inet6AddressImpl.lookupHostByName(Inet6AddressImpl.java:124)
	at java.net.Inet6AddressImpl.lookupAllHostAddr(Inet6AddressImpl.java:103)
	at java.net.InetAddress.getAllByName(InetAddress.java:1152)
	at okhttp3.Dns$Companion$DnsSystem.lookup(Dns.kt:50)
	at okhttp3.internal.connection.RouteSelector.resetNextInetSocketAddress(RouteSelector.kt:170)
	at okhttp3.internal.connection.RouteSelector.nextProxy(RouteSelector.kt:132)
	at okhttp3.internal.connection.RouteSelector.next(RouteSelector.kt:70)
	at okhttp3.internal.connection.RealRoutePlanner.planConnect$okhttp(RealRoutePlanner.kt:164)
	at okhttp3.internal.connection.RealRoutePlanner.plan(RealRoutePlanner.kt:75)
	at okhttp3.internal.connection.FastFallbackExchangeFinder.launchTcpConnect(FastFallbackExchangeFinder.kt:119)
	at okhttp3.internal.connection.FastFallbackExchangeFinder.find(FastFallbackExchangeFinder.kt:62)
	at okhttp3.internal.connection.RealCall.initExchange$okhttp(RealCall.kt:298)
	at okhttp3.internal.connection.ConnectInterceptor.intercept(ConnectInterceptor.kt:32)
	at okhttp3.internal.http.RealInterceptorChain.proceed(RealInterceptorChain.kt:126)
	at okhttp3.internal.cache.CacheInterceptor.intercept(CacheInterceptor.kt:101)
	at okhttp3.internal.http.RealInterceptorChain.proceed(RealInterceptorChain.kt:126)
	at okhttp3.internal.http.BridgeInterceptor.intercept(BridgeInterceptor.kt:85)
	at okhttp3.internal.http.RealInterceptorChain.proceed(RealInterceptorChain.kt:126)
	at okhttp3.internal.http.RetryAndFollowUpInterceptor.intercept(RetryAndFollowUpInterceptor.kt:74)
	at okhttp3.internal.http.RealInterceptorChain.proceed(RealInterceptorChain.kt:126)
	at okhttp3.logging.HttpLoggingInterceptor.intercept(HttpLoggingInterceptor.kt:152)
	at okhttp3.internal.http.RealInterceptorChain.proceed(RealInterceptorChain.kt:126)
	at okhttp3.internal.connection.RealCall.getResponseWithInterceptorChain$okhttp(RealCall.kt:226)
	at okhttp3.internal.connection.RealCall.execute(RealCall.kt:178)




==== 17/05/2026 09:00:39 - OSTATTUS-RESPONSE-TOKEN ======





==== 17/05/2026 09:00:39 - OSTATTUS-RESPONSE-TOKEN ======





==== 17/05/2026 09:00:40 - OSTATTUS-RESPONSE-TOKEN ======





==== 17/05/2026 09:00:40 - OSTATTUS-RESPONSE-TOKEN ======





==== 17/05/2026 09:00:40 - OSTATTUS-RESPONSE-TOKEN ======





==== 17/05/2026 09:00:40 - OSTATTUS-RESPONSE-TOKEN ======





==== 17/05/2026 09:00:40 - OSTATTUS-RESPONSE-TOKEN ======





==== 17/05/2026 09:00:40 - OSTATTUS-RESPONSE-TOKEN ======





==== 17/05/2026 09:00:40 - OSTATTUS-RESPONSE-TOKEN ======





==== 17/05/2026 09:00:40 - OSTATTUS-RESPONSE-TOKEN ======





==== 17/05/2026 09:00:41 - OSTATTUS-RESPONSE-TOKEN ======





==== 17/05/2026 09:00:41 - OSTATTUS-RESPONSE-TOKEN ======





==== 17/05/2026 09:00:41 - OSTATTUS-RESPONSE-TOKEN ======





==== 17/05/2026 09:00:41 - OSTATTUS-RESPONSE-TOKEN ======





==== 17/05/2026 09:00:41 - OSTATTUS-RESPONSE-TOKEN ======





==== 17/05/2026 09:00:41 - OSTATTUS-RESPONSE-TOKEN ======





==== 17/05/2026 09:00:41 - OSTATTUS-RESPONSE-TOKEN ======





==== 17/05/2026 09:00:41 - OSTATTUS-RESPONSE-TOKEN ======





==== 17/05/2026 09:00:41 - OSTATTUS-RESPONSE-TOKEN ======





==== 17/05/2026 09:00:41 - OSTATTUS-RESPONSE-TOKEN ======





==== 17/05/2026 09:00:41 - OSTATTUS-RESPONSE-TOKEN ======





==== 17/05/2026 09:00:41 - OSTATTUS-RESPONSE-TOKEN ======





==== 17/05/2026 09:00:41 - OSTATTUS-RESPONSE-TOKEN ======





==== 17/05/2026 09:00:41 - OSTATTUS-RESPONSE-TOKEN ======





==== 17/05/2026 09:00:41 - OSTATTUS-RESPONSE-TOKEN ======





==== 17/05/2026 09:00:41 - OSTATTUS-RESPONSE-TOKEN ======





==== 17/05/2026 09:00:41 - OSTATTUS-RESPONSE-TOKEN ======





==== 17/05/2026 09:00:41 - OSTATTUS-RESPONSE-TOKEN ======





==== 17/05/2026 09:00:41 - OSTATTUS-RESPONSE-TOKEN ======





==== 17/05/2026 09:00:41 - OSTATTUS-RESPONSE-TOKEN ======





==== 17/05/2026 09:00:41 - OSTATTUS-RESPONSE-TOKEN ======





==== 17/05/2026 09:00:41 - OSTATTUS-RESPONSE-TOKEN ======





==== 17/05/2026 09:00:41 - OSTATTUS-RESPONSE-TOKEN ======





==== 17/05/2026 09:00:41 - OSTATTUS-RESPONSE-TOKEN ======





==== 17/05/2026 09:00:41 - OSTATTUS-RESPONSE-TOKEN ======





==== 17/05/2026 09:00:41 - OSTATTUS-RESPONSE-TOKEN ======





==== 17/05/2026 09:00:41 - OSTATTUS-RESPONSE-TOKEN ======





==== 17/05/2026 09:00:41 - OSTATTUS-RESPONSE-TOKEN ======





==== 17/05/2026 09:00:41 - OSTATTUS-RESPONSE-TOKEN ======





==== 17/05/2026 09:00:41 - OSTATTUS-RESPONSE-TOKEN ======





==== 17/05/2026 09:00:41 - OSTATTUS-RESPONSE-TOKEN ======





==== 17/05/2026 09:00:41 - OSTATTUS-RESPONSE-TOKEN ======





==== 17/05/2026 09:00:41 - OSTATTUS-RESPONSE-TOKEN ======





==== 17/05/2026 09:00:41 - OSTATTUS-RESPONSE-TOKEN ======





==== 17/05/2026 09:00:41 - OSTATTUS-RESPONSE-TOKEN ======





==== 17/05/2026 09:00:41 - OSTATTUS-RESPONSE-TOKEN ======





==== 17/05/2026 09:00:41 - OSTATTUS-RESPONSE-TOKEN ======





==== 17/05/2026 09:00:41 - OSTATTUS-RESPONSE-TOKEN ======





==== 17/05/2026 09:00:41 - OSTATTUS-RESPONSE-TOKEN ======





==== 17/05/2026 09:00:41 - OSTATTUS-RESPONSE-TOKEN ======





==== 17/05/2026 09:00:41 - OSTATTUS-RESPONSE-TOKEN ======





==== 17/05/2026 09:00:41 - OSTATTUS-RESPONSE-TOKEN ======





==== 22/05/2026 17:58:41 - S3 Cloud Backup Upload Error (2) ======

Connection failure   at Xamarin.Android.Net.AndroidMessageHandler.<>c__DisplayClass137_0.<ConnectAsync>b__0()
   at System.Threading.Tasks.Task.InnerInvoke()
   at System.Threading.Tasks.Task.<>c.<.cctor>b__292_0(Object obj)
   at System.Threading.ExecutionContext.RunFromThreadPoolDispatchLoop(Thread , ExecutionContext , ContextCallback , Object )
--- End of stack trace from previous location ---
   at System.Threading.ExecutionContext.RunFromThreadPoolDispatchLoop(Thread , ExecutionContext , ContextCallback , Object )
   at System.Threading.Tasks.Task.ExecuteWithThreadLocal(Task& , Thread )
--- End of stack trace from previous location ---
   at Xamarin.Android.Net.AndroidMessageHandler.DoProcessRequest(HttpRequestMessage , URL , HttpURLConnection , CancellationToken , RequestRedirectionState )
   at Xamarin.Android.Net.AndroidMessageHandler.DoSendAsync(HttpRequestMessage , CancellationToken )
   at System.Net.Http.HttpClient.<SendAsync>g__Core|83_0(HttpRequestMessage , HttpCompletionOption , CancellationTokenSource , Boolean , CancellationTokenSource , CancellationToken )
   at Amazon.Runtime.HttpWebRequestMessage.GetResponseAsync(CancellationToken cancellationToken)
   at Amazon.Runtime.Internal.HttpHandler`1.<InvokeAsync>d__9`1[[System.Net.Http.HttpContent, System.Net.Http, Version=9.0.0.0, Culture=neutral, PublicKeyToken=b03f5f7f11d50a3a],[Amazon.S3.Model.PutObjectResponse, AWSSDK.S3, Version=3.3.0.0, Culture=neutral, PublicKeyToken=885c28607f98e604]].MoveNext()
   at Amazon.Runtime.Internal.RedirectHandler.<InvokeAsync>d__1`1[[Amazon.S3.Model.PutObjectResponse, AWSSDK.S3, Version=3.3.0.0, Culture=neutral, PublicKeyToken=885c28607f98e604]].MoveNext()
   at Amazon.Runtime.Internal.Unmarshaller.<InvokeAsync>d__3`1[[Amazon.S3.Model.PutObjectResponse, AWSSDK.S3, Version=3.3.0.0, Culture=neutral, PublicKeyToken=885c28607f98e604]].MoveNext()
   at Amazon.S3.Internal.AmazonS3ResponseHandler.<InvokeAsync>d__1`1[[Amazon.S3.Model.PutObjectResponse, AWSSDK.S3, Version=3.3.0.0, Culture=neutral, PublicKeyToken=885c28607f98e604]].MoveNext()
   at Amazon.Runtime.Internal.ErrorHandler.<InvokeAsync>d__5`1[[Amazon.S3.Model.PutObjectResponse, AWSSDK.S3, Version=3.3.0.0, Culture=neutral, PublicKeyToken=885c28607f98e604]].MoveNext()
   at Amazon.Runtime.Internal.ErrorHandler.<InvokeAsync>d__5`1[[Amazon.S3.Model.PutObjectResponse, AWSSDK.S3, Version=3.3.0.0, Culture=neutral, PublicKeyToken=885c28607f98e604]].MoveNext()
   at Amazon.Runtime.Internal.CallbackHandler.<InvokeAsync>d__9`1[[Amazon.S3.Model.PutObjectResponse, AWSSDK.S3, Version=3.3.0.0, Culture=neutral, PublicKeyToken=885c28607f98e604]].MoveNext()
   at Amazon.Runtime.Internal.Signer.<InvokeAsync>d__1`1[[Amazon.S3.Model.PutObjectResponse, AWSSDK.S3, Version=3.3.0.0, Culture=neutral, PublicKeyToken=885c28607f98e604]].MoveNext()
   at Amazon.S3.Internal.S3Express.S3ExpressPreSigner.<InvokeAsync>d__5`1[[Amazon.S3.Model.PutObjectResponse, AWSSDK.S3, Version=3.3.0.0, Culture=neutral, PublicKeyToken=885c28607f98e604]].MoveNext()
   at Amazon.Runtime.Internal.EndpointDiscoveryHandler.<InvokeAsync>d__2`1[[Amazon.S3.Model.PutObjectResponse, AWSSDK.S3, Version=3.3.0.0, Culture=neutral, PublicKeyToken=885c28607f98e604]].MoveNext()
   at Amazon.Runtime.Internal.EndpointDiscoveryHandler.<InvokeAsync>d__2`1[[Amazon.S3.Model.PutObjectResponse, AWSSDK.S3, Version=3.3.0.0, Culture=neutral, PublicKeyToken=885c28607f98e604]].MoveNext()
   at Amazon.Runtime.Internal.CredentialsRetriever.<InvokeAsync>d__7`1[[Amazon.S3.Model.PutObjectResponse, AWSSDK.S3, Version=3.3.0.0, Culture=neutral, PublicKeyToken=885c28607f98e604]].MoveNext()
   at Amazon.Runtime.Internal.RetryHandler.<InvokeAsync>d__10`1[[Amazon.S3.Model.PutObjectResponse, AWSSDK.S3, Version=3.3.0.0, Culture=neutral, PublicKeyToken=885c28607f98e604]].MoveNext()
   at Amazon.Runtime.Internal.RetryHandler.<InvokeAsync>d__10`1[[Amazon.S3.Model.PutObjectResponse, AWSSDK.S3, Version=3.3.0.0, Culture=neutral, PublicKeyToken=885c28607f98e604]].MoveNext()
   at Amazon.Runtime.Internal.CallbackHandler.<InvokeAsync>d__9`1[[Amazon.S3.Model.PutObjectResponse, AWSSDK.S3, Version=3.3.0.0, Culture=neutral, PublicKeyToken=885c28607f98e604]].MoveNext()
   at Amazon.Runtime.Internal.CallbackHandler.<InvokeAsync>d__9`1[[Amazon.S3.Model.PutObjectResponse, AWSSDK.S3, Version=3.3.0.0, Culture=neutral, PublicKeyToken=885c28607f98e604]].MoveNext()
   at Amazon.S3.Internal.AmazonS3ExceptionHandler.<InvokeAsync>d__1`1[[Amazon.S3.Model.PutObjectResponse, AWSSDK.S3, Version=3.3.0.0, Culture=neutral, PublicKeyToken=885c28607f98e604]].MoveNext()
   at Amazon.Runtime.Internal.ErrorCallbackHandler.<InvokeAsync>d__5`1[[Amazon.S3.Model.PutObjectResponse, AWSSDK.S3, Version=3.3.0.0, Culture=neutral, PublicKeyToken=885c28607f98e604]].MoveNext()
   at Amazon.Runtime.Internal.MetricsHandler.<InvokeAsync>d__1`1[[Amazon.S3.Model.PutObjectResponse, AWSSDK.S3, Version=3.3.0.0, Culture=neutral, PublicKeyToken=885c28607f98e604]].MoveNext()
   at bma.BackupClass.takeCloudBackup(Context c, Boolean auto, String _mobile)



==== 30/05/2026 12:10:14 - S3 Cloud Backup Upload Error (2) ======

unexpected end of stream on com.android.okhttp.Address@f46a05bc   at Xamarin.Android.Net.AndroidMessageHandler.DoSendAsync(HttpRequestMessage , CancellationToken )
   at System.Net.Http.HttpClient.<SendAsync>g__Core|83_0(HttpRequestMessage , HttpCompletionOption , CancellationTokenSource , Boolean , CancellationTokenSource , CancellationToken )
   at Amazon.Runtime.HttpWebRequestMessage.GetResponseAsync(CancellationToken cancellationToken)
   at Amazon.Runtime.Internal.HttpHandler`1.<InvokeAsync>d__9`1[[System.Net.Http.HttpContent, System.Net.Http, Version=9.0.0.0, Culture=neutral, PublicKeyToken=b03f5f7f11d50a3a],[Amazon.S3.Model.PutObjectResponse, AWSSDK.S3, Version=3.3.0.0, Culture=neutral, PublicKeyToken=885c28607f98e604]].MoveNext()
   at Amazon.Runtime.Internal.RedirectHandler.<InvokeAsync>d__1`1[[Amazon.S3.Model.PutObjectResponse, AWSSDK.S3, Version=3.3.0.0, Culture=neutral, PublicKeyToken=885c28607f98e604]].MoveNext()
   at Amazon.Runtime.Internal.Unmarshaller.<InvokeAsync>d__3`1[[Amazon.S3.Model.PutObjectResponse, AWSSDK.S3, Version=3.3.0.0, Culture=neutral, PublicKeyToken=885c28607f98e604]].MoveNext()
   at Amazon.S3.Internal.AmazonS3ResponseHandler.<InvokeAsync>d__1`1[[Amazon.S3.Model.PutObjectResponse, AWSSDK.S3, Version=3.3.0.0, Culture=neutral, PublicKeyToken=885c28607f98e604]].MoveNext()
   at Amazon.Runtime.Internal.ErrorHandler.<InvokeAsync>d__5`1[[Amazon.S3.Model.PutObjectResponse, AWSSDK.S3, Version=3.3.0.0, Culture=neutral, PublicKeyToken=885c28607f98e604]].MoveNext()
   at Amazon.Runtime.Internal.ErrorHandler.<InvokeAsync>d__5`1[[Amazon.S3.Model.PutObjectResponse, AWSSDK.S3, Version=3.3.0.0, Culture=neutral, PublicKeyToken=885c28607f98e604]].MoveNext()
   at Amazon.Runtime.Internal.CallbackHandler.<InvokeAsync>d__9`1[[Amazon.S3.Model.PutObjectResponse, AWSSDK.S3, Version=3.3.0.0, Culture=neutral, PublicKeyToken=885c28607f98e604]].MoveNext()
   at Amazon.Runtime.Internal.Signer.<InvokeAsync>d__1`1[[Amazon.S3.Model.PutObjectResponse, AWSSDK.S3, Version=3.3.0.0, Culture=neutral, PublicKeyToken=885c28607f98e604]].MoveNext()
   at Amazon.S3.Internal.S3Express.S3ExpressPreSigner.<InvokeAsync>d__5`1[[Amazon.S3.Model.PutObjectResponse, AWSSDK.S3, Version=3.3.0.0, Culture=neutral, PublicKeyToken=885c28607f98e604]].MoveNext()
   at Amazon.Runtime.Internal.EndpointDiscoveryHandler.<InvokeAsync>d__2`1[[Amazon.S3.Model.PutObjectResponse, AWSSDK.S3, Version=3.3.0.0, Culture=neutral, PublicKeyToken=885c28607f98e604]].MoveNext()
   at Amazon.Runtime.Internal.EndpointDiscoveryHandler.<InvokeAsync>d__2`1[[Amazon.S3.Model.PutObjectResponse, AWSSDK.S3, Version=3.3.0.0, Culture=neutral, PublicKeyToken=885c28607f98e604]].MoveNext()
   at Amazon.Runtime.Internal.CredentialsRetriever.<InvokeAsync>d__7`1[[Amazon.S3.Model.PutObjectResponse, AWSSDK.S3, Version=3.3.0.0, Culture=neutral, PublicKeyToken=885c28607f98e604]].MoveNext()
   at Amazon.Runtime.Internal.RetryHandler.<InvokeAsync>d__10`1[[Amazon.S3.Model.PutObjectResponse, AWSSDK.S3, Version=3.3.0.0, Culture=neutral, PublicKeyToken=885c28607f98e604]].MoveNext()
   at Amazon.Runtime.Internal.RetryHandler.<InvokeAsync>d__10`1[[Amazon.S3.Model.PutObjectResponse, AWSSDK.S3, Version=3.3.0.0, Culture=neutral, PublicKeyToken=885c28607f98e604]].MoveNext()
   at Amazon.Runtime.Internal.CallbackHandler.<InvokeAsync>d__9`1[[Amazon.S3.Model.PutObjectResponse, AWSSDK.S3, Version=3.3.0.0, Culture=neutral, PublicKeyToken=885c28607f98e604]].MoveNext()
   at Amazon.Runtime.Internal.CallbackHandler.<InvokeAsync>d__9`1[[Amazon.S3.Model.PutObjectResponse, AWSSDK.S3, Version=3.3.0.0, Culture=neutral, PublicKeyToken=885c28607f98e604]].MoveNext()
   at Amazon.S3.Internal.AmazonS3ExceptionHandler.<InvokeAsync>d__1`1[[Amazon.S3.Model.PutObjectResponse, AWSSDK.S3, Version=3.3.0.0, Culture=neutral, PublicKeyToken=885c28607f98e604]].MoveNext()
   at Amazon.Runtime.Internal.ErrorCallbackHandler.<InvokeAsync>d__5`1[[Amazon.S3.Model.PutObjectResponse, AWSSDK.S3, Version=3.3.0.0, Culture=neutral, PublicKeyToken=885c28607f98e604]].MoveNext()
   at Amazon.Runtime.Internal.MetricsHandler.<InvokeAsync>d__1`1[[Amazon.S3.Model.PutObjectResponse, AWSSDK.S3, Version=3.3.0.0, Culture=neutral, PublicKeyToken=885c28607f98e604]].MoveNext()
   at bma.BackupClass.takeCloudBackup(Context c, Boolean auto, String _mobile)



==== 01/06/2026 10:11:19 - S3 Cloud Backup Upload Error (2) ======

Connection failure   at Xamarin.Android.Net.AndroidMessageHandler.<>c__DisplayClass137_0.<ConnectAsync>b__0()
   at System.Threading.Tasks.Task.InnerInvoke()
   at System.Threading.Tasks.Task.<>c.<.cctor>b__292_0(Object obj)
   at System.Threading.ExecutionContext.RunFromThreadPoolDispatchLoop(Thread , ExecutionContext , ContextCallback , Object )
--- End of stack trace from previous location ---
   at System.Threading.ExecutionContext.RunFromThreadPoolDispatchLoop(Thread , ExecutionContext , ContextCallback , Object )
   at System.Threading.Tasks.Task.ExecuteWithThreadLocal(Task& , Thread )
--- End of stack trace from previous location ---
   at Xamarin.Android.Net.AndroidMessageHandler.DoProcessRequest(HttpRequestMessage , URL , HttpURLConnection , CancellationToken , RequestRedirectionState )
   at Xamarin.Android.Net.AndroidMessageHandler.DoSendAsync(HttpRequestMessage , CancellationToken )
   at System.Net.Http.HttpClient.<SendAsync>g__Core|83_0(HttpRequestMessage , HttpCompletionOption , CancellationTokenSource , Boolean , CancellationTokenSource , CancellationToken )
   at Amazon.Runtime.HttpWebRequestMessage.GetResponseAsync(CancellationToken cancellationToken)
   at Amazon.Runtime.Internal.HttpHandler`1.<InvokeAsync>d__9`1[[System.Net.Http.HttpContent, System.Net.Http, Version=9.0.0.0, Culture=neutral, PublicKeyToken=b03f5f7f11d50a3a],[Amazon.S3.Model.PutObjectResponse, AWSSDK.S3, Version=3.3.0.0, Culture=neutral, PublicKeyToken=885c28607f98e604]].MoveNext()
   at Amazon.Runtime.Internal.RedirectHandler.<InvokeAsync>d__1`1[[Amazon.S3.Model.PutObjectResponse, AWSSDK.S3, Version=3.3.0.0, Culture=neutral, PublicKeyToken=885c28607f98e604]].MoveNext()
   at Amazon.Runtime.Internal.Unmarshaller.<InvokeAsync>d__3`1[[Amazon.S3.Model.PutObjectResponse, AWSSDK.S3, Version=3.3.0.0, Culture=neutral, PublicKeyToken=885c28607f98e604]].MoveNext()
   at Amazon.S3.Internal.AmazonS3ResponseHandler.<InvokeAsync>d__1`1[[Amazon.S3.Model.PutObjectResponse, AWSSDK.S3, Version=3.3.0.0, Culture=neutral, PublicKeyToken=885c28607f98e604]].MoveNext()
   at Amazon.Runtime.Internal.ErrorHandler.<InvokeAsync>d__5`1[[Amazon.S3.Model.PutObjectResponse, AWSSDK.S3, Version=3.3.0.0, Culture=neutral, PublicKeyToken=885c28607f98e604]].MoveNext()
   at Amazon.Runtime.Internal.ErrorHandler.<InvokeAsync>d__5`1[[Amazon.S3.Model.PutObjectResponse, AWSSDK.S3, Version=3.3.0.0, Culture=neutral, PublicKeyToken=885c28607f98e604]].MoveNext()
   at Amazon.Runtime.Internal.CallbackHandler.<InvokeAsync>d__9`1[[Amazon.S3.Model.PutObjectResponse, AWSSDK.S3, Version=3.3.0.0, Culture=neutral, PublicKeyToken=885c28607f98e604]].MoveNext()
   at Amazon.Runtime.Internal.Signer.<InvokeAsync>d__1`1[[Amazon.S3.Model.PutObjectResponse, AWSSDK.S3, Version=3.3.0.0, Culture=neutral, PublicKeyToken=885c28607f98e604]].MoveNext()
   at Amazon.S3.Internal.S3Express.S3ExpressPreSigner.<InvokeAsync>d__5`1[[Amazon.S3.Model.PutObjectResponse, AWSSDK.S3, Version=3.3.0.0, Culture=neutral, PublicKeyToken=885c28607f98e604]].MoveNext()
   at Amazon.Runtime.Internal.EndpointDiscoveryHandler.<InvokeAsync>d__2`1[[Amazon.S3.Model.PutObjectResponse, AWSSDK.S3, Version=3.3.0.0, Culture=neutral, PublicKeyToken=885c28607f98e604]].MoveNext()
   at Amazon.Runtime.Internal.EndpointDiscoveryHandler.<InvokeAsync>d__2`1[[Amazon.S3.Model.PutObjectResponse, AWSSDK.S3, Version=3.3.0.0, Culture=neutral, PublicKeyToken=885c28607f98e604]].MoveNext()
   at Amazon.Runtime.Internal.CredentialsRetriever.<InvokeAsync>d__7`1[[Amazon.S3.Model.PutObjectResponse, AWSSDK.S3, Version=3.3.0.0, Culture=neutral, PublicKeyToken=885c28607f98e604]].MoveNext()
   at Amazon.Runtime.Internal.RetryHandler.<InvokeAsync>d__10`1[[Amazon.S3.Model.PutObjectResponse, AWSSDK.S3, Version=3.3.0.0, Culture=neutral, PublicKeyToken=885c28607f98e604]].MoveNext()
   at Amazon.Runtime.Internal.RetryHandler.<InvokeAsync>d__10`1[[Amazon.S3.Model.PutObjectResponse, AWSSDK.S3, Version=3.3.0.0, Culture=neutral, PublicKeyToken=885c28607f98e604]].MoveNext()
   at Amazon.Runtime.Internal.CallbackHandler.<InvokeAsync>d__9`1[[Amazon.S3.Model.PutObjectResponse, AWSSDK.S3, Version=3.3.0.0, Culture=neutral, PublicKeyToken=885c28607f98e604]].MoveNext()
   at Amazon.Runtime.Internal.CallbackHandler.<InvokeAsync>d__9`1[[Amazon.S3.Model.PutObjectResponse, AWSSDK.S3, Version=3.3.0.0, Culture=neutral, PublicKeyToken=885c28607f98e604]].MoveNext()
   at Amazon.S3.Internal.AmazonS3ExceptionHandler.<InvokeAsync>d__1`1[[Amazon.S3.Model.PutObjectResponse, AWSSDK.S3, Version=3.3.0.0, Culture=neutral, PublicKeyToken=885c28607f98e604]].MoveNext()
   at Amazon.Runtime.Internal.ErrorCallbackHandler.<InvokeAsync>d__5`1[[Amazon.S3.Model.PutObjectResponse, AWSSDK.S3, Version=3.3.0.0, Culture=neutral, PublicKeyToken=885c28607f98e604]].MoveNext()
   at Amazon.Runtime.Internal.MetricsHandler.<InvokeAsync>d__1`1[[Amazon.S3.Model.PutObjectResponse, AWSSDK.S3, Version=3.3.0.0, Culture=neutral, PublicKeyToken=885c28607f98e604]].MoveNext()
   at bma.BackupClass.takeCloudBackup(Context c, Boolean auto, String _mobile)



==== 01/06/2026 10:41:00 - UPLOAD-AUTH-RESPONSE ======

{"access_token":"UpE9X8xI0XcWEKeZj_EqCrAUAVi_IXO1pRdM2U7s1d36eS3X4rPl1LlXRcaTNLcpcTYerH6e7UvuiH8b67nwh-OFzJUnasA4jAP84fHlI7yhQJoCgglgCtHApBB_W85-6jZh-ZqZii3zYckI-_tqbfgIL3Z00PBCUH6tA4urOCBUdg3LtDlQlNDBsEA-5bwhaPsh49-HBEZi_fdOgKhhpkOwV2SAZ1dWBj054EUJguY","token_type":"bearer","expires_in":3599}



==== 01/06/2026 10:41:04 - UPLOAD-REQUESTOTP-RESPONSE ======

{"request_id":null,"messages":{"code":"F","description":"Failed!!"}}



==== 01/06/2026 10:49:23 - PHONE DETAILS ======

Brand: samsung, Manufacturer: samsung, Model: SM-E426B, Android Version: 13, SDK: Tiramisu



==== 01/06/2026 10:50:14 - PHONE DETAILS ======

Brand: samsung, Manufacturer: samsung, Model: SM-E426B, Android Version: 13, SDK: Tiramisu